******************************************************************************
            TI ARM Clang Linker PC v4.0.2                      
******************************************************************************
>> Linked Sat May 24 20:41:36 2025

OUTPUT FILE NAME:   <Action.out>
ENTRY POINT SYMBOL: "_c_int00_noargs"  address: 000009c9


MEMORY CONFIGURATION

         name            origin    length      used     unused   attr    fill
----------------------  --------  ---------  --------  --------  ----  --------
  FLASH                 00000000   00020000  00000b50  0001f4b0  R  X
  SRAM                  20200000   00008000  000002a1  00007d5f  RW X
  BCR_CONFIG            41c00000   000000ff  00000000  000000ff  R   
  BSL_CONFIG            41c00100   00000080  00000000  00000080  R   


SEGMENT ALLOCATION MAP

run origin  load origin   length   init length attrs members
----------  ----------- ---------- ----------- ----- -------
00000000    00000000    00000b50   00000b50    r-x
  00000000    00000000    000000c0   000000c0    r-- .intvecs
  000000c0    000000c0    00000a48   00000a48    r-x .text
  00000b08    00000b08    00000030   00000030    r-- .rodata
  00000b38    00000b38    00000018   00000018    r-- .cinit
20200000    20200000    000000a1   00000000    rw-
  20200000    20200000    000000a1   00000000    rw- .bss
20207e00    20207e00    00000200   00000000    rw-
  20207e00    20207e00    00000200   00000000    rw- .stack


SECTION ALLOCATION MAP

 output                                  attributes/
section   page    origin      length       input sections
--------  ----  ----------  ----------   ----------------
.intvecs   0    00000000    000000c0     
                  00000000    000000c0     startup_mspm0g350x_ticlang.o (.intvecs)

.text      0    000000c0    00000a48     
                  000000c0    00000240     PWM.o (.text.PWM_Test)
                  00000300    00000158     Delay.o (.text.Delay_ms)
                  00000458    00000104     driverlib.a : dl_timer.o (.text.DL_Timer_initFourCCPWMMode)
                  0000055c    000000e8                 : dl_timer.o (.text.DL_Timer_initTimerMode)
                  00000644    00000090     ti_msp_dl_config.o (.text.SYSCFG_DL_PWM_0_init)
                  000006d4    00000070     ti_msp_dl_config.o (.text.SYSCFG_DL_UART_0_init)
                  00000744    00000054     ti_msp_dl_config.o (.text.SYSCFG_DL_GPIO_init)
                  00000798    00000048     driverlib.a : dl_uart.o (.text.DL_UART_init)
                  000007e0    00000048     ti_msp_dl_config.o (.text.SYSCFG_DL_initPower)
                  00000828    00000048     main.o (.text.main)
                  00000870    0000003c     libc.a : autoinit.c.obj (.text:__TI_auto_init_nobinit_nopinit)
                  000008ac    00000038     ti_msp_dl_config.o (.text.SYSCFG_DL_TIMER_0_init)
                  000008e4    00000034     Key.o (.text.KeyScan)
                  00000918    00000030     ti_msp_dl_config.o (.text.SYSCFG_DL_SYSCTL_init)
                  00000948    0000002c     ti_msp_dl_config.o (.text.SYSCFG_DL_SYSTICK_init)
                  00000974    0000002c     ti_msp_dl_config.o (.text.SYSCFG_DL_init)
                  000009a0    00000028     function.o (.text.All_Interrupt)
                  000009c8    00000028     libc.a : boot_cortex_m.c.obj (.text:_c_int00_noargs)
                  000009f0    00000024     main.o (.text.UART0_IRQHandler)
                  00000a14    0000001c     driverlib.a : dl_timer.o (.text.DL_Timer_setCaptCompUpdateMethod)
                  00000a30    0000001c                 : dl_timer.o (.text.DL_Timer_setClockConfig)
                  00000a4c    0000001c     Key.o (.text.LED_TIG)
                  00000a68    0000001c     Timer.o (.text.TIMG0_IRQHandler)
                  00000a84    00000018     driverlib.a : dl_timer.o (.text.DL_Timer_setCaptureCompareOutCtl)
                  00000a9c    00000016     libc.a : copy_zero_init.c.obj (.text:decompress:ZI:__TI_zero_init_nomemset)
                  00000ab2    00000002     startup_mspm0g350x_ticlang.o (.text.Default_Handler)
                  00000ab4    00000014     PWM.o (.text.PWM_Duty)
                  00000ac8    00000012     driverlib.a : dl_uart.o (.text.DL_UART_setClockConfig)
                  00000ada    00000002     --HOLE-- [fill = 0]
                  00000adc    00000010                 : dl_timer.o (.text.DL_Timer_setCaptureCompareValue)
                  00000aec    0000000a                 : dl_common.o (.text.DL_Common_delayCycles)
                  00000af6    00000006     libc.a : exit.c.obj (.text:abort)
                  00000afc    00000004     libsysbm.a : hostexit.c.obj (.text.HOSTexit)
                  00000b00    00000004     startup_mspm0g350x_ticlang.o (.text.Reset_Handler)
                  00000b04    00000004     libc.a : pre_init.c.obj (.text._system_pre_init)

.cinit     0    00000b38    00000018     
                  00000b38    00000008     (.cinit..bss.load) [load image, compression = zero_init]
                  00000b40    00000004     (__TI_handler_table)
                  00000b44    00000008     (__TI_cinit_table)
                  00000b4c    00000004     --HOLE-- [fill = 0]

.rodata    0    00000b08    00000030     
                  00000b08    00000014     ti_msp_dl_config.o (.rodata.gTIMER_0TimerConfig)
                  00000b1c    0000000a     ti_msp_dl_config.o (.rodata.gUART_0Config)
                  00000b26    00000002     ti_msp_dl_config.o (.rodata.gUART_0ClockConfig)
                  00000b28    00000008     ti_msp_dl_config.o (.rodata.gPWM_0Config)
                  00000b30    00000003     ti_msp_dl_config.o (.rodata.gPWM_0ClockConfig)
                  00000b33    00000003     ti_msp_dl_config.o (.rodata.gTIMER_0ClockConfig)
                  00000b36    00000002     --HOLE-- [fill = 0]

.init_array 
*          0    00000000    00000000     UNINITIALIZED

.binit     0    00000000    00000000     

.bss       0    20200000    000000a1     UNINITIALIZED
                  20200000    000000a0     (.common:gPWM_0Backup)
                  202000a0    00000001     (.common:RX_Data)

.stack     0    20207e00    00000200     UNINITIALIZED
                  20207e00    00000004     libc.a : boot_cortex_m.c.obj (.stack)
                  20207e04    000001fc     --HOLE--

__llvm_prf_cnts 
*          0    20200000    00000000     UNINITIALIZED

__llvm_prf_bits 
*          0    20200000    00000000     UNINITIALIZED

MODULE SUMMARY

       Module                         code   ro data   rw data
       ------                         ----   -------   -------
    .\
       ti_msp_dl_config.o             604    46        160    
       startup_mspm0g350x_ticlang.o   6      192       0      
       main.o                         108    0         1      
       function.o                     40     0         0      
    +--+------------------------------+------+---------+---------+
       Total:                         758    238       161    
                                                              
    .\Hardware\Key\
       Key.o                          80     0         0      
    +--+------------------------------+------+---------+---------+
       Total:                         80     0         0      
                                                              
    .\Hardware\PWM\
       PWM.o                          596    0         0      
    +--+------------------------------+------+---------+---------+
       Total:                         596    0         0      
                                                              
    .\Hardware\Timer\
       Timer.o                        28     0         0      
    +--+------------------------------+------+---------+---------+
       Total:                         28     0         0      
                                                              
    .\System\
       Delay.o                        344    0         0      
    +--+------------------------------+------+---------+---------+
       Total:                         344    0         0      
                                                              
    C:/TI/mspm0_sdk_2_04_00_06/source/ti/driverlib/lib/ticlang/m0p/mspm0g1x0x_g3x0x/driverlib.a
       dl_timer.o                     588    0         0      
       dl_uart.o                      90     0         0      
       dl_common.o                    10     0         0      
    +--+------------------------------+------+---------+---------+
       Total:                         688    0         0      
                                                              
    D:\install\ccs_install\ccs\tools\compiler\ti-cgt-armllvm_4.0.2.LTS\lib\armv6m-ti-none-eabi/c/libc.a
       autoinit.c.obj                 60     0         0      
       boot_cortex_m.c.obj            40     0         0      
       copy_zero_init.c.obj           22     0         0      
       exit.c.obj                     6      0         0      
       pre_init.c.obj                 4      0         0      
    +--+------------------------------+------+---------+---------+
       Total:                         132    0         0      
                                                              
    D:\install\ccs_install\ccs\tools\compiler\ti-cgt-armllvm_4.0.2.LTS\lib\armv6m-ti-none-eabi/c/libsysbm.a
       hostexit.c.obj                 4      0         0      
    +--+------------------------------+------+---------+---------+
       Total:                         4      0         0      
                                                              
       Stack:                         0      0         512    
       Linker Generated:              0      20        0      
    +--+------------------------------+------+---------+---------+
       Grand Total:                   2630   258       673    


LINKER GENERATED COPY TABLES

__TI_cinit_table @ 00000b44 records: 1, size/record: 8, table size: 8
	.bss: load addr=00000b38, load size=00000008 bytes, run addr=20200000, run size=000000a1 bytes, compression=zero_init


LINKER GENERATED HANDLER TABLE

__TI_handler_table @ 00000b40 records: 1, size/record: 4, table size: 4
	index: 0, handler: __TI_zero_init


GLOBAL SYMBOLS: SORTED ALPHABETICALLY BY Name 

address   name                            
-------   ----                            
00000ab3  ADC0_IRQHandler                 
00000ab3  ADC1_IRQHandler                 
00000ab3  AES_IRQHandler                  
000009a1  All_Interrupt                   
00000afc  C$$EXIT                         
00000ab3  CANFD0_IRQHandler               
00000ab3  DAC0_IRQHandler                 
00000aed  DL_Common_delayCycles           
00000459  DL_Timer_initFourCCPWMMode      
0000055d  DL_Timer_initTimerMode          
00000a15  DL_Timer_setCaptCompUpdateMethod
00000a85  DL_Timer_setCaptureCompareOutCtl
00000add  DL_Timer_setCaptureCompareValue 
00000a31  DL_Timer_setClockConfig         
00000799  DL_UART_init                    
00000ac9  DL_UART_setClockConfig          
00000ab3  DMA_IRQHandler                  
00000ab3  Default_Handler                 
00000301  Delay_ms                        
00000ab3  GROUP0_IRQHandler               
00000ab3  GROUP1_IRQHandler               
00000afd  HOSTexit                        
00000ab3  HardFault_Handler               
00000ab3  I2C0_IRQHandler                 
00000ab3  I2C1_IRQHandler                 
000008e5  KeyScan                         
00000a4d  LED_TIG                         
00000ab3  NMI_Handler                     
00000ab5  PWM_Duty                        
000000c1  PWM_Test                        
00000ab3  PendSV_Handler                  
00000ab3  RTC_IRQHandler                  
202000a0  RX_Data                         
00000b01  Reset_Handler                   
00000ab3  SPI0_IRQHandler                 
00000ab3  SPI1_IRQHandler                 
00000ab3  SVC_Handler                     
00000745  SYSCFG_DL_GPIO_init             
00000645  SYSCFG_DL_PWM_0_init            
00000919  SYSCFG_DL_SYSCTL_init           
00000949  SYSCFG_DL_SYSTICK_init          
000008ad  SYSCFG_DL_TIMER_0_init          
000006d5  SYSCFG_DL_UART_0_init           
00000975  SYSCFG_DL_init                  
000007e1  SYSCFG_DL_initPower             
00000ab3  SysTick_Handler                 
00000ab3  TIMA0_IRQHandler                
00000ab3  TIMA1_IRQHandler                
00000a69  TIMG0_IRQHandler                
00000ab3  TIMG12_IRQHandler               
00000ab3  TIMG6_IRQHandler                
00000ab3  TIMG7_IRQHandler                
00000ab3  TIMG8_IRQHandler                
000009f1  UART0_IRQHandler                
00000ab3  UART1_IRQHandler                
00000ab3  UART2_IRQHandler                
00000ab3  UART3_IRQHandler                
20208000  __STACK_END                     
00000200  __STACK_SIZE                    
00000000  __TI_ATRegion0_region_sz        
00000000  __TI_ATRegion0_src_addr         
00000000  __TI_ATRegion0_trg_addr         
00000000  __TI_ATRegion1_region_sz        
00000000  __TI_ATRegion1_src_addr         
00000000  __TI_ATRegion1_trg_addr         
00000000  __TI_ATRegion2_region_sz        
00000000  __TI_ATRegion2_src_addr         
00000000  __TI_ATRegion2_trg_addr         
00000b44  __TI_CINIT_Base                 
00000b4c  __TI_CINIT_Limit                
00000b4c  __TI_CINIT_Warm                 
00000b40  __TI_Handler_Table_Base         
00000b44  __TI_Handler_Table_Limit        
00000871  __TI_auto_init_nobinit_nopinit  
ffffffff  __TI_pprof_out_hndl             
ffffffff  __TI_prof_data_size             
ffffffff  __TI_prof_data_start            
00000000  __TI_static_base__              
00000a9d  __TI_zero_init_nomemset         
ffffffff  __binit__                       
UNDEFED   __mpu_init                      
20207e00  __stack                         
20200000  __start___llvm_prf_bits         
20200000  __start___llvm_prf_cnts         
20200000  __stop___llvm_prf_bits          
20200000  __stop___llvm_prf_cnts          
000009c9  _c_int00_noargs                 
UNDEFED   _system_post_cinit              
00000b05  _system_pre_init                
00000af7  abort                           
ffffffff  binit                           
20200000  gPWM_0Backup                    
00000000  interruptVectors                
00000829  main                            


GLOBAL SYMBOLS: SORTED BY Symbol Address 

address   name                            
-------   ----                            
00000000  __TI_ATRegion0_region_sz        
00000000  __TI_ATRegion0_src_addr         
00000000  __TI_ATRegion0_trg_addr         
00000000  __TI_ATRegion1_region_sz        
00000000  __TI_ATRegion1_src_addr         
00000000  __TI_ATRegion1_trg_addr         
00000000  __TI_ATRegion2_region_sz        
00000000  __TI_ATRegion2_src_addr         
00000000  __TI_ATRegion2_trg_addr         
00000000  __TI_static_base__              
00000000  interruptVectors                
000000c1  PWM_Test                        
00000200  __STACK_SIZE                    
00000301  Delay_ms                        
00000459  DL_Timer_initFourCCPWMMode      
0000055d  DL_Timer_initTimerMode          
00000645  SYSCFG_DL_PWM_0_init            
000006d5  SYSCFG_DL_UART_0_init           
00000745  SYSCFG_DL_GPIO_init             
00000799  DL_UART_init                    
000007e1  SYSCFG_DL_initPower             
00000829  main                            
00000871  __TI_auto_init_nobinit_nopinit  
000008ad  SYSCFG_DL_TIMER_0_init          
000008e5  KeyScan                         
00000919  SYSCFG_DL_SYSCTL_init           
00000949  SYSCFG_DL_SYSTICK_init          
00000975  SYSCFG_DL_init                  
000009a1  All_Interrupt                   
000009c9  _c_int00_noargs                 
000009f1  UART0_IRQHandler                
00000a15  DL_Timer_setCaptCompUpdateMethod
00000a31  DL_Timer_setClockConfig         
00000a4d  LED_TIG                         
00000a69  TIMG0_IRQHandler                
00000a85  DL_Timer_setCaptureCompareOutCtl
00000a9d  __TI_zero_init_nomemset         
00000ab3  ADC0_IRQHandler                 
00000ab3  ADC1_IRQHandler                 
00000ab3  AES_IRQHandler                  
00000ab3  CANFD0_IRQHandler               
00000ab3  DAC0_IRQHandler                 
00000ab3  DMA_IRQHandler                  
00000ab3  Default_Handler                 
00000ab3  GROUP0_IRQHandler               
00000ab3  GROUP1_IRQHandler               
00000ab3  HardFault_Handler               
00000ab3  I2C0_IRQHandler                 
00000ab3  I2C1_IRQHandler                 
00000ab3  NMI_Handler                     
00000ab3  PendSV_Handler                  
00000ab3  RTC_IRQHandler                  
00000ab3  SPI0_IRQHandler                 
00000ab3  SPI1_IRQHandler                 
00000ab3  SVC_Handler                     
00000ab3  SysTick_Handler                 
00000ab3  TIMA0_IRQHandler                
00000ab3  TIMA1_IRQHandler                
00000ab3  TIMG12_IRQHandler               
00000ab3  TIMG6_IRQHandler                
00000ab3  TIMG7_IRQHandler                
00000ab3  TIMG8_IRQHandler                
00000ab3  UART1_IRQHandler                
00000ab3  UART2_IRQHandler                
00000ab3  UART3_IRQHandler                
00000ab5  PWM_Duty                        
00000ac9  DL_UART_setClockConfig          
00000add  DL_Timer_setCaptureCompareValue 
00000aed  DL_Common_delayCycles           
00000af7  abort                           
00000afc  C$$EXIT                         
00000afd  HOSTexit                        
00000b01  Reset_Handler                   
00000b05  _system_pre_init                
00000b40  __TI_Handler_Table_Base         
00000b44  __TI_CINIT_Base                 
00000b44  __TI_Handler_Table_Limit        
00000b4c  __TI_CINIT_Limit                
00000b4c  __TI_CINIT_Warm                 
20200000  __start___llvm_prf_bits         
20200000  __start___llvm_prf_cnts         
20200000  __stop___llvm_prf_bits          
20200000  __stop___llvm_prf_cnts          
20200000  gPWM_0Backup                    
202000a0  RX_Data                         
20207e00  __stack                         
20208000  __STACK_END                     
ffffffff  __TI_pprof_out_hndl             
ffffffff  __TI_prof_data_size             
ffffffff  __TI_prof_data_start            
ffffffff  __binit__                       
ffffffff  binit                           
UNDEFED   __mpu_init                      
UNDEFED   _system_post_cinit              

[94 symbols]
