******************************************************************************
            TI ARM Clang Linker PC v4.0.2                      
******************************************************************************
>> Linked Wed May 28 11:32:48 2025

OUTPUT FILE NAME:   <06_Encoder_HSR04_count.out>
ENTRY POINT SYMBOL: "_c_int00_noargs"  address: 00001ac1


MEMORY CONFIGURATION

         name            origin    length      used     unused   attr    fill
----------------------  --------  ---------  --------  --------  ----  --------
  FLASH                 00000000   00020000  00002ab8  0001d548  R  X
  SRAM                  20200000   00008000  00000317  00007ce9  RW X
  BCR_CONFIG            41c00000   000000ff  00000000  000000ff  R   
  BSL_CONFIG            41c00100   00000080  00000000  00000080  R   


SEGMENT ALLOCATION MAP

run origin  load origin   length   init length attrs members
----------  ----------- ---------- ----------- ----- -------
00000000    00000000    000020f8   000020f8    r-x
  00000000    00000000    000000c0   000000c0    r-- .intvecs
  000000c0    000000c0    00002038   00002038    r-x .text
00002100    00002100    000009c0   000009c0    r--
  00002100    00002100    00000990   00000990    r-- .rodata
  00002a90    00002a90    00000030   00000030    r-- .cinit
20200000    20200000    0000011a   00000000    rw-
  20200000    20200000    00000105   00000000    rw- .bss
  20200108    20200108    00000012   00000000    rw- .data
20207e00    20207e00    00000200   00000000    rw-
  20207e00    20207e00    00000200   00000000    rw- .stack


SECTION ALLOCATION MAP

 output                                  attributes/
section   page    origin      length       input sections
--------  ----  ----------  ----------   ----------------
.intvecs   0    00000000    000000c0     
                  00000000    000000c0     startup_mspm0g350x_ticlang.o (.intvecs)

.text      0    000000c0    00002038     
                  000000c0    00000868     libc.a : _printfi.c.obj (.text:__TI_printfi_nofloat)
                  00000928    00000118     oled.o (.text.OLED_ShowChar)
                  00000a40    00000104     driverlib.a : dl_timer.o (.text.DL_Timer_initFourCCPWMMode)
                  00000b44    000000fa     oled.o (.text.OLED_Init)
                  00000c3e    00000002     libclang_rt.builtins.a : aeabi_div0.c.obj (.text.__aeabi_idiv0)
                  00000c40    000000f4     ti_msp_dl_config.o (.text.SYSCFG_DL_GPIO_init)
                  00000d34    000000e8     driverlib.a : dl_timer.o (.text.DL_Timer_initTimerMode)
                  00000e1c    000000e8     EXTI.o (.text.GROUP1_IRQHandler)
                  00000f04    000000a4     UART.o (.text.UART0_IRQHandler)
                  00000fa8    000000a2     libclang_rt.builtins.a : udivmoddi4.S.obj (.text)
                  0000104a    00000002                            : aeabi_div0.c.obj (.text.__aeabi_ldiv0)
                  0000104c    0000009c     main.o (.text.main)
                  000010e8    00000090     ti_msp_dl_config.o (.text.SYSCFG_DL_PWM_0_init)
                  00001178    00000084     ti_msp_dl_config.o (.text.__NVIC_SetPriority)
                  000011fc    0000007c     oled.o (.text.Send_Byte)
                  00001278    0000007c     libc.a : copy_decompress_lzss.c.obj (.text:decompress:lzss)
                  000012f4    00000070     oled.o (.text.OLED_ShowString)
                  00001364    0000006a     oled.o (.text.OLED_Clear)
                  000013ce    00000002     --HOLE-- [fill = 0]
                  000013d0    00000068     ti_msp_dl_config.o (.text.SYSCFG_DL_initPower)
                  00001438    00000050     ti_msp_dl_config.o (.text.SysTick_Config)
                  00001488    0000004e     oled.o (.text.OLED_WR_Byte)
                  000014d6    00000002     --HOLE-- [fill = 0]
                  000014d8    0000004c     ti_msp_dl_config.o (.text.DL_UART_setBaudRateDivisor)
                  00001524    00000048     driverlib.a : dl_uart.o (.text.DL_UART_init)
                  0000156c    00000048     ti_msp_dl_config.o (.text.SYSCFG_DL_UART_0_init)
                  000015b4    00000044     Key.o (.text.KeyScan)
                  000015f8    00000040     libclang_rt.builtins.a : aeabi_uidivmod.S.obj (.text.__aeabi_uidivmod)
                  00001638    00000040     libc.a : atoi.c.obj (.text.atoi)
                  00001678    0000003c     ti_msp_dl_config.o (.text.DL_Timer_setCounterControl)
                  000016b4    0000003c     oled.o (.text.OLED_Set_Pos)
                  000016f0    0000003c     UART.o (.text.UART0_SendString)
                  0000172c    0000003c     libc.a : autoinit.c.obj (.text:__TI_auto_init_nobinit_nopinit)
                  00001768    0000003a     libclang_rt.builtins.a : muldsi3.S.obj (.text.__muldsi3)
                  000017a2    00000002     --HOLE-- [fill = 0]
                  000017a4    00000038     oled.o (.text.I2C_Start)
                  000017dc    00000038     libc.a : sprintf.c.obj (.text.sprintf)
                  00001814    00000034     ti_msp_dl_config.o (.text.DL_GPIO_initDigitalInputFeatures)
                  00001848    00000034     ti_msp_dl_config.o (.text.SYSCFG_DL_TIMER_0_init)
                  0000187c    00000030     ti_msp_dl_config.o (.text.DL_GPIO_initDigitalOutputFeatures)
                  000018ac    00000030     oled.o (.text.I2C_Stop)
                  000018dc    00000030     oled.o (.text.I2C_WaitAck)
                  0000190c    00000030     UART.o (.text.UART0_GetFlag)
                  0000193c    0000002c     function.o (.text.All_Interrupt)
                  00001968    0000002c     Key.o (.text.LED_TIG)
                  00001994    0000002c     ti_msp_dl_config.o (.text.SYSCFG_DL_init)
                  000019c0    0000002c     Timer.o (.text.TIMG0_IRQHandler)
                  000019ec    0000002c     UART.o (.text.UART0_SendByte)
                  00001a18    0000002c     function.o (.text.__NVIC_ClearPendingIRQ)
                  00001a44    0000002c     function.o (.text.__NVIC_EnableIRQ)
                  00001a70    00000028     ti_msp_dl_config.o (.text.DL_Common_updateReg)
                  00001a98    00000028     HSR04.o (.text.Trig_HL)
                  00001ac0    00000028     libc.a : boot_cortex_m.c.obj (.text:_c_int00_noargs)
                  00001ae8    00000024     libclang_rt.builtins.a : muldi3.S.obj (.text.__muldi3)
                  00001b0c    00000022     Delay.o (.text.Delay_ms)
                  00001b2e    00000022     oled.o (.text.delay_ms)
                  00001b50    00000022     libc.a : memccpy.c.obj (.text.memccpy)
                  00001b72    00000002     --HOLE-- [fill = 0]
                  00001b74    00000020     ti_msp_dl_config.o (.text.DL_GPIO_initPeripheralInputFunction)
                  00001b94    00000020     Delay.o (.text.Delay_us)
                  00001bb4    0000001e     ti_msp_dl_config.o (.text.DL_UART_setOversampling)
                  00001bd2    0000001e     ti_msp_dl_config.o (.text.SYSCFG_DL_SYSCTL_init)
                  00001bf0    0000001e     libclang_rt.builtins.a : ashldi3.S.obj (.text.__ashldi3)
                  00001c0e    00000002     --HOLE-- [fill = 0]
                  00001c10    0000001c     EXTI.o (.text.DL_GPIO_clearInterruptStatus)
                  00001c2c    0000001c     ti_msp_dl_config.o (.text.DL_GPIO_clearInterruptStatus)
                  00001c48    0000001c     ti_msp_dl_config.o (.text.DL_GPIO_enableInterrupt)
                  00001c64    0000001c     ti_msp_dl_config.o (.text.DL_GPIO_initPeripheralOutputFunction)
                  00001c80    0000001c     ti_msp_dl_config.o (.text.DL_SYSCTL_setSYSOSCFreq)
                  00001c9c    0000001c     ti_msp_dl_config.o (.text.DL_Timer_enableInterrupt)
                  00001cb8    0000001c     driverlib.a : dl_timer.o (.text.DL_Timer_setCaptCompUpdateMethod)
                  00001cd4    0000001c                 : dl_timer.o (.text.DL_Timer_setClockConfig)
                  00001cf0    0000001c     ti_msp_dl_config.o (.text.DL_UART_enableInterrupt)
                  00001d0c    00000018     ti_msp_dl_config.o (.text.DL_GPIO_enableOutput)
                  00001d24    00000018     ti_msp_dl_config.o (.text.DL_GPIO_enablePower)
                  00001d3c    00000018     EXTI.o (.text.DL_GPIO_getEnabledInterruptStatus)
                  00001d54    00000018     ti_msp_dl_config.o (.text.DL_GPIO_initDigitalOutput)
                  00001d6c    00000018     ti_msp_dl_config.o (.text.DL_GPIO_reset)
                  00001d84    00000018     HSR04.o (.text.DL_GPIO_setPins)
                  00001d9c    00000018     Key.o (.text.DL_GPIO_setPins)
                  00001db4    00000018     oled.o (.text.DL_GPIO_setPins)
                  00001dcc    00000018     ti_msp_dl_config.o (.text.DL_GPIO_setUpperPinsPolarity)
                  00001de4    00000018     ti_msp_dl_config.o (.text.DL_SYSCTL_setBORThreshold)
                  00001dfc    00000018     ti_msp_dl_config.o (.text.DL_Timer_enablePower)
                  00001e14    00000018     ti_msp_dl_config.o (.text.DL_Timer_reset)
                  00001e2c    00000018     driverlib.a : dl_timer.o (.text.DL_Timer_setCaptureCompareOutCtl)
                  00001e44    00000018     function.o (.text.DL_Timer_startCounter)
                  00001e5c    00000018     UART.o (.text.DL_UART_clearInterruptStatus)
                  00001e74    00000018     ti_msp_dl_config.o (.text.DL_UART_enablePower)
                  00001e8c    00000018     UART.o (.text.DL_UART_isBusy)
                  00001ea4    00000018     ti_msp_dl_config.o (.text.DL_UART_reset)
                  00001ebc    00000018     libc.a : sprintf.c.obj (.text._outs)
                  00001ed4    00000016     EXTI.o (.text.DL_GPIO_readPins)
                  00001eea    00000016     Key.o (.text.DL_GPIO_readPins)
                  00001f00    00000016     ti_msp_dl_config.o (.text.DL_UART_enable)
                  00001f16    00000016     UART.o (.text.DL_UART_transmitData)
                  00001f2c    00000016     libc.a : copy_zero_init.c.obj (.text:decompress:ZI:__TI_zero_init_nomemset)
                  00001f42    00000014     HSR04.o (.text.DL_GPIO_clearPins)
                  00001f56    00000014     Key.o (.text.DL_GPIO_clearPins)
                  00001f6a    00000014     oled.o (.text.DL_GPIO_clearPins)
                  00001f7e    00000014     ti_msp_dl_config.o (.text.DL_GPIO_clearPins)
                  00001f92    00000002     --HOLE-- [fill = 0]
                  00001f94    00000014     ti_msp_dl_config.o (.text.DL_SYSCTL_disableSYSPLL)
                  00001fa8    00000014     ti_msp_dl_config.o (.text.DL_Timer_enableClock)
                  00001fbc    00000014     ti_msp_dl_config.o (.text.DL_Timer_setCCPDirection)
                  00001fd0    00000014     UART.o (.text.DL_UART_receiveData)
                  00001fe4    00000014     libclang_rt.builtins.a : aeabi_uldivmod.S.obj (.text.__aeabi_uldivmod)
                  00001ff8    00000012     Timer.o (.text.DL_Timer_getPendingInterrupt)
                  0000200a    00000012     UART.o (.text.DL_UART_getPendingInterrupt)
                  0000201c    00000012     driverlib.a : dl_uart.o (.text.DL_UART_setClockConfig)
                  0000202e    00000012     libc.a : memcpy16.S.obj (.text:TI_memcpy_small)
                  00002040    00000012            : copy_decompress_none.c.obj (.text:decompress:none)
                  00002052    00000002     --HOLE-- [fill = 0]
                  00002054    00000010     ti_msp_dl_config.o (.text.DL_SYSCTL_disableHFXT)
                  00002064    00000010     driverlib.a : dl_timer.o (.text.DL_Timer_setCaptureCompareValue)
                  00002074    00000010     libc.a : wcslen.c.obj (.text.wcslen)
                  00002084    0000000e     libclang_rt.builtins.a : aeabi_memset.S.obj (.text.__aeabi_memset)
                  00002092    0000000e     libc.a : _printfi.c.obj (.text.strlen)
                  000020a0    0000000e            : memset16.S.obj (.text:TI_memset_small)
                  000020ae    0000000a     driverlib.a : dl_common.o (.text.DL_Common_delayCycles)
                  000020b8    0000000a     ti_msp_dl_config.o (.text.SYSCFG_DL_SYSTICK_init)
                  000020c2    0000000a     libc.a : sprintf.c.obj (.text._outc)
                  000020cc    00000008            : aeabi_portable.c.obj (.text.__aeabi_errno_addr)
                  000020d4    00000008     libclang_rt.builtins.a : aeabi_memcpy.S.obj (.text.__aeabi_memcpy)
                  000020dc    00000006     libc.a : exit.c.obj (.text:abort)
                  000020e2    00000004     startup_mspm0g350x_ticlang.o (.text.Default_Handler)
                  000020e6    00000004     libsysbm.a : hostexit.c.obj (.text.HOSTexit)
                  000020ea    00000004     startup_mspm0g350x_ticlang.o (.text.Reset_Handler)
                  000020ee    00000004     libc.a : pre_init.c.obj (.text._system_pre_init)
                  000020f2    00000006     --HOLE-- [fill = 0]

.cinit     0    00002a90    00000030     
                  00002a90    0000000c     (__TI_handler_table)
                  00002a9c    00000008     (.cinit..bss.load) [load image, compression = zero_init]
                  00002aa4    00000007     (.cinit..data.load) [load image, compression = lzss]
                  00002aab    00000001     --HOLE-- [fill = 0]
                  00002aac    00000010     (__TI_cinit_table)
                  00002abc    00000004     --HOLE-- [fill = 0]

.rodata    0    00002100    00000990     
                  00002100    000005f0     oled.o (.rodata.asc2_1608)
                  000026f0    00000228     oled.o (.rodata.asc2_0806)
                  00002918    00000008     ti_msp_dl_config.o (.rodata.gPWM_0Config)
                  00002920    00000101     libc.a : aeabi_ctype.S.obj (.rodata:__aeabi_ctype_table_)
                  00002a21    00000003     ti_msp_dl_config.o (.rodata.gPWM_0ClockConfig)
                  00002a24    00000014     ti_msp_dl_config.o (.rodata.gTIMER_0TimerConfig)
                  00002a38    00000011     libc.a : _printfi.c.obj (.rodata.str1.10348868589481759720.1)
                  00002a49    00000011            : _printfi.c.obj (.rodata.str1.15363888844622738466.1)
                  00002a5a    00000010     main.o (.rodata.str1.15159059442110792349.1)
                  00002a6a    0000000a     ti_msp_dl_config.o (.rodata.gUART_0Config)
                  00002a74    0000000a     main.o (.rodata.str1.8154729771448623357.1)
                  00002a7e    00000003     ti_msp_dl_config.o (.rodata.gTIMER_0ClockConfig)
                  00002a81    00000002     ti_msp_dl_config.o (.rodata.gUART_0ClockConfig)
                  00002a83    0000000d     --HOLE-- [fill = 0]

.init_array 
*          0    00000000    00000000     UNINITIALIZED

.binit     0    00000000    00000000     

.bss       0    20200000    00000105     UNINITIALIZED
                  20200000    000000a0     (.common:gPWM_0Backup)
                  202000a0    00000064     (.common:UART0_RxPacket)
                  20200104    00000001     (.common:UART0_RxFlag)

.data      0    20200108    00000012     UNINITIALIZED
                  20200108    00000004     main.o (.data.HSR04_Count)
                  2020010c    00000004     libc.a : aeabi_portable.c.obj (.data.__aeabi_errno)
                  20200110    00000004     main.o (.data.number)
                  20200114    00000004     main.o (.data.timer_flag)
                  20200118    00000001     UART.o (.data.UART0_IRQHandler.RxState)
                  20200119    00000001     UART.o (.data.UART0_IRQHandler.pRxPacket)

.stack     0    20207e00    00000200     UNINITIALIZED
                  20207e00    00000004     libc.a : boot_cortex_m.c.obj (.stack)
                  20207e04    000001fc     --HOLE--

__llvm_prf_cnts 
*          0    20200000    00000000     UNINITIALIZED

__llvm_prf_bits 
*          0    20200000    00000000     UNINITIALIZED

MODULE SUMMARY

       Module                         code   ro data   rw data
       ------                         ----   -------   -------
    .\
       ti_msp_dl_config.o             1776   46        160    
       startup_mspm0g350x_ticlang.o   8      192       0      
       main.o                         156    26        12     
       function.o                     156    0         0      
    +--+------------------------------+------+---------+---------+
       Total:                         2096   264       172    
                                                              
    .\Hardware\EXTI\
       EXTI.o                         306    0         0      
    +--+------------------------------+------+---------+---------+
       Total:                         306    0         0      
                                                              
    .\Hardware\HSR04\
       HSR04.o                        84     0         0      
    +--+------------------------------+------+---------+---------+
       Total:                         84     0         0      
                                                              
    .\Hardware\Key\
       Key.o                          178    0         0      
    +--+------------------------------+------+---------+---------+
       Total:                         178    0         0      
                                                              
    .\Hardware\OLED\
       oled.o                         1240   2072      0      
    +--+------------------------------+------+---------+---------+
       Total:                         1240   2072      0      
                                                              
    .\Hardware\Timer\
       Timer.o                        62     0         0      
    +--+------------------------------+------+---------+---------+
       Total:                         62     0         0      
                                                              
    .\Hardware\UART\
       UART.o                         424    0         103    
    +--+------------------------------+------+---------+---------+
       Total:                         424    0         103    
                                                              
    .\System\
       Delay.o                        66     0         0      
    +--+------------------------------+------+---------+---------+
       Total:                         66     0         0      
                                                              
    C:/TI/mspm0_sdk_2_04_00_06/source/ti/driverlib/lib/ticlang/m0p/mspm0g1x0x_g3x0x/driverlib.a
       dl_timer.o                     588    0         0      
       dl_uart.o                      90     0         0      
       dl_common.o                    10     0         0      
    +--+------------------------------+------+---------+---------+
       Total:                         688    0         0      
                                                              
    D:\install\ccs_install\ccs\tools\compiler\ti-cgt-armllvm_4.0.2.LTS\lib\armv6m-ti-none-eabi/c/libc.a
       _printfi.c.obj                 2166   34        0      
       aeabi_ctype.S.obj              0      257       0      
       copy_decompress_lzss.c.obj     124    0         0      
       sprintf.c.obj                  90     0         0      
       atoi.c.obj                     64     0         0      
       autoinit.c.obj                 60     0         0      
       boot_cortex_m.c.obj            40     0         0      
       memccpy.c.obj                  34     0         0      
       copy_zero_init.c.obj           22     0         0      
       copy_decompress_none.c.obj     18     0         0      
       memcpy16.S.obj                 18     0         0      
       wcslen.c.obj                   16     0         0      
       memset16.S.obj                 14     0         0      
       aeabi_portable.c.obj           8      0         4      
       exit.c.obj                     6      0         0      
       pre_init.c.obj                 4      0         0      
    +--+------------------------------+------+---------+---------+
       Total:                         2684   291       4      
                                                              
    D:\install\ccs_install\ccs\tools\compiler\ti-cgt-armllvm_4.0.2.LTS\lib\armv6m-ti-none-eabi/c/libsysbm.a
       hostexit.c.obj                 4      0         0      
    +--+------------------------------+------+---------+---------+
       Total:                         4      0         0      
                                                              
    D:\install\ccs_install\ccs\tools\compiler\ti-cgt-armllvm_4.0.2.LTS\lib\armv6m-ti-none-eabi/libclang_rt.builtins.a
       udivmoddi4.S.obj               162    0         0      
       aeabi_uidivmod.S.obj           64     0         0      
       muldsi3.S.obj                  58     0         0      
       muldi3.S.obj                   36     0         0      
       ashldi3.S.obj                  30     0         0      
       aeabi_uldivmod.S.obj           20     0         0      
       aeabi_memset.S.obj             14     0         0      
       aeabi_memcpy.S.obj             8      0         0      
       aeabi_div0.c.obj               4      0         0      
    +--+------------------------------+------+---------+---------+
       Total:                         396    0         0      
                                                              
       Stack:                         0      0         512    
       Linker Generated:              0      43        0      
    +--+------------------------------+------+---------+---------+
       Grand Total:                   8228   2670      791    


LINKER GENERATED COPY TABLES

__TI_cinit_table @ 00002aac records: 2, size/record: 8, table size: 16
	.bss: load addr=00002a9c, load size=00000008 bytes, run addr=20200000, run size=00000105 bytes, compression=zero_init
	.data: load addr=00002aa4, load size=00000007 bytes, run addr=20200108, run size=00000012 bytes, compression=lzss


LINKER GENERATED HANDLER TABLE

__TI_handler_table @ 00002a90 records: 3, size/record: 4, table size: 12
	index: 0, handler: __TI_decompress_lzss
	index: 1, handler: __TI_decompress_none
	index: 2, handler: __TI_zero_init


GLOBAL SYMBOLS: SORTED ALPHABETICALLY BY Name 

address   name                            
-------   ----                            
000020e3  ADC0_IRQHandler                 
000020e3  ADC1_IRQHandler                 
000020e3  AES_IRQHandler                  
0000193d  All_Interrupt                   
000020e6  C$$EXIT                         
000020e3  CANFD0_IRQHandler               
000020e3  DAC0_IRQHandler                 
000020af  DL_Common_delayCycles           
00000a41  DL_Timer_initFourCCPWMMode      
00000d35  DL_Timer_initTimerMode          
00001cb9  DL_Timer_setCaptCompUpdateMethod
00001e2d  DL_Timer_setCaptureCompareOutCtl
00002065  DL_Timer_setCaptureCompareValue 
00001cd5  DL_Timer_setClockConfig         
00001525  DL_UART_init                    
0000201d  DL_UART_setClockConfig          
000020e3  DMA_IRQHandler                  
000020e3  Default_Handler                 
00001b0d  Delay_ms                        
00001b95  Delay_us                        
000020e3  GROUP0_IRQHandler               
00000e1d  GROUP1_IRQHandler               
000020e7  HOSTexit                        
20200108  HSR04_Count                     
000020e3  HardFault_Handler               
000020e3  I2C0_IRQHandler                 
000020e3  I2C1_IRQHandler                 
000017a5  I2C_Start                       
000018ad  I2C_Stop                        
000018dd  I2C_WaitAck                     
000015b5  KeyScan                         
00001969  LED_TIG                         
000020e3  NMI_Handler                     
00001365  OLED_Clear                      
00000b45  OLED_Init                       
000016b5  OLED_Set_Pos                    
00000929  OLED_ShowChar                   
000012f5  OLED_ShowString                 
00001489  OLED_WR_Byte                    
000020e3  PendSV_Handler                  
000020e3  RTC_IRQHandler                  
000020eb  Reset_Handler                   
000020e3  SPI0_IRQHandler                 
000020e3  SPI1_IRQHandler                 
000020e3  SVC_Handler                     
00000c41  SYSCFG_DL_GPIO_init             
000010e9  SYSCFG_DL_PWM_0_init            
00001bd3  SYSCFG_DL_SYSCTL_init           
000020b9  SYSCFG_DL_SYSTICK_init          
00001849  SYSCFG_DL_TIMER_0_init          
0000156d  SYSCFG_DL_UART_0_init           
00001995  SYSCFG_DL_init                  
000013d1  SYSCFG_DL_initPower             
000011fd  Send_Byte                       
000020e3  SysTick_Handler                 
000020e3  TIMA0_IRQHandler                
000020e3  TIMA1_IRQHandler                
000019c1  TIMG0_IRQHandler                
000020e3  TIMG12_IRQHandler               
000020e3  TIMG6_IRQHandler                
000020e3  TIMG7_IRQHandler                
000020e3  TIMG8_IRQHandler                
0000202f  TI_memcpy_small                 
000020a1  TI_memset_small                 
00001a99  Trig_HL                         
0000190d  UART0_GetFlag                   
00000f05  UART0_IRQHandler                
20200104  UART0_RxFlag                    
202000a0  UART0_RxPacket                  
000019ed  UART0_SendByte                  
000016f1  UART0_SendString                
000020e3  UART1_IRQHandler                
000020e3  UART2_IRQHandler                
000020e3  UART3_IRQHandler                
20208000  __STACK_END                     
00000200  __STACK_SIZE                    
00000000  __TI_ATRegion0_region_sz        
00000000  __TI_ATRegion0_src_addr         
00000000  __TI_ATRegion0_trg_addr         
00000000  __TI_ATRegion1_region_sz        
00000000  __TI_ATRegion1_src_addr         
00000000  __TI_ATRegion1_trg_addr         
00000000  __TI_ATRegion2_region_sz        
00000000  __TI_ATRegion2_src_addr         
00000000  __TI_ATRegion2_trg_addr         
00002aac  __TI_CINIT_Base                 
00002abc  __TI_CINIT_Limit                
00002abc  __TI_CINIT_Warm                 
00002a90  __TI_Handler_Table_Base         
00002a9c  __TI_Handler_Table_Limit        
0000172d  __TI_auto_init_nobinit_nopinit  
00001279  __TI_decompress_lzss            
00002041  __TI_decompress_none            
ffffffff  __TI_pprof_out_hndl             
000000c1  __TI_printfi_nofloat            
ffffffff  __TI_prof_data_size             
ffffffff  __TI_prof_data_start            
00000000  __TI_static_base__              
00001f2d  __TI_zero_init_nomemset         
00002920  __aeabi_ctype_table_            
00002920  __aeabi_ctype_table_C           
2020010c  __aeabi_errno                   
000020cd  __aeabi_errno_addr              
00000c3f  __aeabi_idiv0                   
0000104b  __aeabi_ldiv0                   
00001bf1  __aeabi_llsl                    
00001ae9  __aeabi_lmul                    
000020d5  __aeabi_memcpy                  
000020d5  __aeabi_memcpy4                 
000020d5  __aeabi_memcpy8                 
00002085  __aeabi_memset                  
00002085  __aeabi_memset4                 
00002085  __aeabi_memset8                 
000015f9  __aeabi_uidiv                   
000015f9  __aeabi_uidivmod                
00001fe5  __aeabi_uldivmod                
00001bf1  __ashldi3                       
ffffffff  __binit__                       
UNDEFED   __mpu_init                      
00001ae9  __muldi3                        
00001769  __muldsi3                       
20207e00  __stack                         
20200000  __start___llvm_prf_bits         
20200000  __start___llvm_prf_cnts         
20200000  __stop___llvm_prf_bits          
20200000  __stop___llvm_prf_cnts          
00000fa9  __udivmoddi4                    
00001ac1  _c_int00_noargs                 
UNDEFED   _system_post_cinit              
000020ef  _system_pre_init                
000020dd  abort                           
000026f0  asc2_0806                       
00002100  asc2_1608                       
00001639  atoi                            
ffffffff  binit                           
00001b2f  delay_ms                        
20200000  gPWM_0Backup                    
00000000  interruptVectors                
0000104d  main                            
00001b51  memccpy                         
20200110  number                          
000017dd  sprintf                         
20200114  timer_flag                      
00002075  wcslen                          


GLOBAL SYMBOLS: SORTED BY Symbol Address 

address   name                            
-------   ----                            
00000000  __TI_ATRegion0_region_sz        
00000000  __TI_ATRegion0_src_addr         
00000000  __TI_ATRegion0_trg_addr         
00000000  __TI_ATRegion1_region_sz        
00000000  __TI_ATRegion1_src_addr         
00000000  __TI_ATRegion1_trg_addr         
00000000  __TI_ATRegion2_region_sz        
00000000  __TI_ATRegion2_src_addr         
00000000  __TI_ATRegion2_trg_addr         
00000000  __TI_static_base__              
00000000  interruptVectors                
000000c1  __TI_printfi_nofloat            
00000200  __STACK_SIZE                    
00000929  OLED_ShowChar                   
00000a41  DL_Timer_initFourCCPWMMode      
00000b45  OLED_Init                       
00000c3f  __aeabi_idiv0                   
00000c41  SYSCFG_DL_GPIO_init             
00000d35  DL_Timer_initTimerMode          
00000e1d  GROUP1_IRQHandler               
00000f05  UART0_IRQHandler                
00000fa9  __udivmoddi4                    
0000104b  __aeabi_ldiv0                   
0000104d  main                            
000010e9  SYSCFG_DL_PWM_0_init            
000011fd  Send_Byte                       
00001279  __TI_decompress_lzss            
000012f5  OLED_ShowString                 
00001365  OLED_Clear                      
000013d1  SYSCFG_DL_initPower             
00001489  OLED_WR_Byte                    
00001525  DL_UART_init                    
0000156d  SYSCFG_DL_UART_0_init           
000015b5  KeyScan                         
000015f9  __aeabi_uidiv                   
000015f9  __aeabi_uidivmod                
00001639  atoi                            
000016b5  OLED_Set_Pos                    
000016f1  UART0_SendString                
0000172d  __TI_auto_init_nobinit_nopinit  
00001769  __muldsi3                       
000017a5  I2C_Start                       
000017dd  sprintf                         
00001849  SYSCFG_DL_TIMER_0_init          
000018ad  I2C_Stop                        
000018dd  I2C_WaitAck                     
0000190d  UART0_GetFlag                   
0000193d  All_Interrupt                   
00001969  LED_TIG                         
00001995  SYSCFG_DL_init                  
000019c1  TIMG0_IRQHandler                
000019ed  UART0_SendByte                  
00001a99  Trig_HL                         
00001ac1  _c_int00_noargs                 
00001ae9  __aeabi_lmul                    
00001ae9  __muldi3                        
00001b0d  Delay_ms                        
00001b2f  delay_ms                        
00001b51  memccpy                         
00001b95  Delay_us                        
00001bd3  SYSCFG_DL_SYSCTL_init           
00001bf1  __aeabi_llsl                    
00001bf1  __ashldi3                       
00001cb9  DL_Timer_setCaptCompUpdateMethod
00001cd5  DL_Timer_setClockConfig         
00001e2d  DL_Timer_setCaptureCompareOutCtl
00001f2d  __TI_zero_init_nomemset         
00001fe5  __aeabi_uldivmod                
0000201d  DL_UART_setClockConfig          
0000202f  TI_memcpy_small                 
00002041  __TI_decompress_none            
00002065  DL_Timer_setCaptureCompareValue 
00002075  wcslen                          
00002085  __aeabi_memset                  
00002085  __aeabi_memset4                 
00002085  __aeabi_memset8                 
000020a1  TI_memset_small                 
000020af  DL_Common_delayCycles           
000020b9  SYSCFG_DL_SYSTICK_init          
000020cd  __aeabi_errno_addr              
000020d5  __aeabi_memcpy                  
000020d5  __aeabi_memcpy4                 
000020d5  __aeabi_memcpy8                 
000020dd  abort                           
000020e3  ADC0_IRQHandler                 
000020e3  ADC1_IRQHandler                 
000020e3  AES_IRQHandler                  
000020e3  CANFD0_IRQHandler               
000020e3  DAC0_IRQHandler                 
000020e3  DMA_IRQHandler                  
000020e3  Default_Handler                 
000020e3  GROUP0_IRQHandler               
000020e3  HardFault_Handler               
000020e3  I2C0_IRQHandler                 
000020e3  I2C1_IRQHandler                 
000020e3  NMI_Handler                     
000020e3  PendSV_Handler                  
000020e3  RTC_IRQHandler                  
000020e3  SPI0_IRQHandler                 
000020e3  SPI1_IRQHandler                 
000020e3  SVC_Handler                     
000020e3  SysTick_Handler                 
000020e3  TIMA0_IRQHandler                
000020e3  TIMA1_IRQHandler                
000020e3  TIMG12_IRQHandler               
000020e3  TIMG6_IRQHandler                
000020e3  TIMG7_IRQHandler                
000020e3  TIMG8_IRQHandler                
000020e3  UART1_IRQHandler                
000020e3  UART2_IRQHandler                
000020e3  UART3_IRQHandler                
000020e6  C$$EXIT                         
000020e7  HOSTexit                        
000020eb  Reset_Handler                   
000020ef  _system_pre_init                
00002100  asc2_1608                       
000026f0  asc2_0806                       
00002920  __aeabi_ctype_table_            
00002920  __aeabi_ctype_table_C           
00002a90  __TI_Handler_Table_Base         
00002a9c  __TI_Handler_Table_Limit        
00002aac  __TI_CINIT_Base                 
00002abc  __TI_CINIT_Limit                
00002abc  __TI_CINIT_Warm                 
20200000  __start___llvm_prf_bits         
20200000  __start___llvm_prf_cnts         
20200000  __stop___llvm_prf_bits          
20200000  __stop___llvm_prf_cnts          
20200000  gPWM_0Backup                    
202000a0  UART0_RxPacket                  
20200104  UART0_RxFlag                    
20200108  HSR04_Count                     
2020010c  __aeabi_errno                   
20200110  number                          
20200114  timer_flag                      
20207e00  __stack                         
20208000  __STACK_END                     
ffffffff  __TI_pprof_out_hndl             
ffffffff  __TI_prof_data_size             
ffffffff  __TI_prof_data_start            
ffffffff  __binit__                       
ffffffff  binit                           
UNDEFED   __mpu_init                      
UNDEFED   _system_post_cinit              

[144 symbols]
