******************************************************************************
            TI ARM Clang Linker PC v4.0.2                      
******************************************************************************
>> Linked Wed Jun  4 14:48:29 2025

OUTPUT FILE NAME:   <04_UART_back.out>
ENTRY POINT SYMBOL: "_c_int00_noargs"  address: 00000efd


MEMORY CONFIGURATION

         name            origin    length      used     unused   attr    fill
----------------------  --------  ---------  --------  --------  ----  --------
  FLASH                 00000000   00020000  00001148  0001eeb8  R  X
  SRAM                  20200000   00008000  00000307  00007cf9  RW X
  BCR_CONFIG            41c00000   000000ff  00000000  000000ff  R   
  BSL_CONFIG            41c00100   00000080  00000000  00000080  R   


SEGMENT ALLOCATION MAP

run origin  load origin   length   init length attrs members
----------  ----------- ---------- ----------- ----- -------
00000000    00000000    00001148   00001148    r-x
  00000000    00000000    000000c0   000000c0    r-- .intvecs
  000000c0    000000c0    00001008   00001008    r-x .text
  000010c8    000010c8    00000050   00000050    r-- .rodata
  00001118    00001118    00000030   00000030    r-- .cinit
20200000    20200000    00000107   00000000    rw-
  20200000    20200000    00000105   00000000    rw- .bss
  20200105    20200105    00000002   00000000    rw- .data
20207e00    20207e00    00000200   00000000    rw-
  20207e00    20207e00    00000200   00000000    rw- .stack


SECTION ALLOCATION MAP

 output                                  attributes/
section   page    origin      length       input sections
--------  ----  ----------  ----------   ----------------
.intvecs   0    00000000    000000c0     
                  00000000    000000c0     startup_mspm0g350x_ticlang.o (.intvecs)

.text      0    000000c0    00001008     
                  000000c0    00000284     libc.a : _printfi.c.obj (.text:__TI_printfi_minimal)
                  00000344    00000240     PWM.o (.text.PWM_Test)
                  00000584    00000154     Delay.o (.text.Delay_ms)
                  000006d8    00000104     driverlib.a : dl_timer.o (.text.DL_Timer_initFourCCPWMMode)
                  000007dc    000000e8                 : dl_timer.o (.text.DL_Timer_initTimerMode)
                  000008c4    0000009a     libc.a : memcpy16.S.obj (.text:memcpy)
                  0000095e    00000002     startup_mspm0g350x_ticlang.o (.text.Default_Handler)
                  00000960    00000090     ti_msp_dl_config.o (.text.SYSCFG_DL_PWM_0_init)
                  000009f0    0000007c     libc.a : copy_decompress_lzss.c.obj (.text:decompress:lzss)
                  00000a6c    00000070     ti_msp_dl_config.o (.text.SYSCFG_DL_UART_0_init)
                  00000adc    00000070     main.o (.text.main)
                  00000b4c    00000064     UART.o (.text.UART0_IRQHandler)
                  00000bb0    00000062     libc.a : memset16.S.obj (.text:memset)
                  00000c12    00000002     libclang_rt.builtins.a : aeabi_div0.c.obj (.text.__aeabi_idiv0)
                  00000c14    00000054     ti_msp_dl_config.o (.text.SYSCFG_DL_GPIO_init)
                  00000c68    00000048     driverlib.a : dl_uart.o (.text.DL_UART_init)
                  00000cb0    00000048     ti_msp_dl_config.o (.text.SYSCFG_DL_initPower)
                  00000cf8    00000040     libclang_rt.builtins.a : aeabi_uidivmod.S.obj (.text.__aeabi_uidivmod)
                  00000d38    0000003c     libc.a : autoinit.c.obj (.text:__TI_auto_init_nobinit_nopinit)
                  00000d74    00000038     ti_msp_dl_config.o (.text.SYSCFG_DL_TIMER_0_init)
                  00000dac    00000038     libc.a : sprintf.c.obj (.text.sprintf)
                  00000de4    00000034     Key.o (.text.KeyScan)
                  00000e18    00000034     UART.o (.text.UART0_SendString)
                  00000e4c    00000030     ti_msp_dl_config.o (.text.SYSCFG_DL_SYSCTL_init)
                  00000e7c    0000002c     ti_msp_dl_config.o (.text.SYSCFG_DL_SYSTICK_init)
                  00000ea8    0000002c     ti_msp_dl_config.o (.text.SYSCFG_DL_init)
                  00000ed4    00000028     function.o (.text.All_Interrupt)
                  00000efc    00000028     libc.a : boot_cortex_m.c.obj (.text:_c_int00_noargs)
                  00000f24    00000022            : memccpy.c.obj (.text.memccpy)
                  00000f46    00000002     --HOLE-- [fill = 0]
                  00000f48    0000001c     driverlib.a : dl_timer.o (.text.DL_Timer_setCaptCompUpdateMethod)
                  00000f64    0000001c                 : dl_timer.o (.text.DL_Timer_setClockConfig)
                  00000f80    0000001c     Key.o (.text.LED_TIG)
                  00000f9c    0000001c     Timer.o (.text.TIMG0_IRQHandler)
                  00000fb8    0000001c     UART.o (.text.UART0_SendByte)
                  00000fd4    00000018     driverlib.a : dl_timer.o (.text.DL_Timer_setCaptureCompareOutCtl)
                  00000fec    00000018     UART.o (.text.UART0_GetFlag)
                  00001004    00000018     libc.a : sprintf.c.obj (.text._outs)
                  0000101c    00000016            : copy_zero_init.c.obj (.text:decompress:ZI:__TI_zero_init_nomemset)
                  00001032    00000002     --HOLE-- [fill = 0]
                  00001034    00000014     PWM.o (.text.PWM_Duty)
                  00001048    00000012     driverlib.a : dl_uart.o (.text.DL_UART_setClockConfig)
                  0000105a    00000012     libc.a : copy_decompress_none.c.obj (.text:decompress:none)
                  0000106c    00000010     driverlib.a : dl_timer.o (.text.DL_Timer_setCaptureCompareValue)
                  0000107c    0000000e     libclang_rt.builtins.a : aeabi_memset.S.obj (.text.__aeabi_memset)
                  0000108a    0000000e     libc.a : _printfi.c.obj (.text.strlen)
                  00001098    0000000a     driverlib.a : dl_common.o (.text.DL_Common_delayCycles)
                  000010a2    0000000a     libc.a : sprintf.c.obj (.text._outc)
                  000010ac    00000008     libclang_rt.builtins.a : aeabi_memcpy.S.obj (.text.__aeabi_memcpy)
                  000010b4    00000006     libc.a : exit.c.obj (.text:abort)
                  000010ba    00000004     libsysbm.a : hostexit.c.obj (.text.HOSTexit)
                  000010be    00000004     startup_mspm0g350x_ticlang.o (.text.Reset_Handler)
                  000010c2    00000004     libc.a : pre_init.c.obj (.text._system_pre_init)
                  000010c6    00000002     --HOLE-- [fill = 0]

.cinit     0    00001118    00000030     
                  00001118    0000000c     (__TI_handler_table)
                  00001124    00000008     (.cinit..bss.load) [load image, compression = zero_init]
                  0000112c    00000006     (.cinit..data.load) [load image, compression = lzss]
                  00001132    00000002     --HOLE-- [fill = 0]
                  00001134    00000010     (__TI_cinit_table)
                  00001144    00000004     --HOLE-- [fill = 0]

.rodata    0    000010c8    00000050     
                  000010c8    00000014     ti_msp_dl_config.o (.rodata.gTIMER_0TimerConfig)
                  000010dc    00000011     libc.a : _printfi.c.obj (.rodata.str1.15363888844622738466.1)
                  000010ed    00000001     --HOLE-- [fill = 0]
                  000010ee    0000000a     ti_msp_dl_config.o (.rodata.gUART_0Config)
                  000010f8    0000000a     main.o (.rodata.str1.15159059442110792349.1)
                  00001102    00000002     ti_msp_dl_config.o (.rodata.gUART_0ClockConfig)
                  00001104    00000008     ti_msp_dl_config.o (.rodata.gPWM_0Config)
                  0000110c    00000003     ti_msp_dl_config.o (.rodata.gPWM_0ClockConfig)
                  0000110f    00000003     ti_msp_dl_config.o (.rodata.gTIMER_0ClockConfig)
                  00001112    00000006     --HOLE-- [fill = 0]

.init_array 
*          0    00000000    00000000     UNINITIALIZED

.binit     0    00000000    00000000     

.bss       0    20200000    00000105     UNINITIALIZED
                  20200000    000000a0     (.common:gPWM_0Backup)
                  202000a0    00000064     (.common:UART0_RxPacket)
                  20200104    00000001     (.common:UART0_RxFlag)

.data      0    20200105    00000002     UNINITIALIZED
                  20200105    00000001     UART.o (.data.UART0_IRQHandler.RxState)
                  20200106    00000001     UART.o (.data.UART0_IRQHandler.pRxPacket)

.stack     0    20207e00    00000200     UNINITIALIZED
                  20207e00    00000004     libc.a : boot_cortex_m.c.obj (.stack)
                  20207e04    000001fc     --HOLE--

__llvm_prf_cnts 
*          0    20200000    00000000     UNINITIALIZED

__llvm_prf_bits 
*          0    20200000    00000000     UNINITIALIZED

MODULE SUMMARY

       Module                         code   ro data   rw data
       ------                         ----   -------   -------
    .\
       ti_msp_dl_config.o             604    46        160    
       startup_mspm0g350x_ticlang.o   6      192       0      
       main.o                         112    10        0      
       function.o                     40     0         0      
    +--+------------------------------+------+---------+---------+
       Total:                         762    248       160    
                                                              
    .\Hardware\Key\
       Key.o                          80     0         0      
    +--+------------------------------+------+---------+---------+
       Total:                         80     0         0      
                                                              
    .\Hardware\PWM\
       PWM.o                          596    0         0      
    +--+------------------------------+------+---------+---------+
       Total:                         596    0         0      
                                                              
    .\Hardware\Timer\
       Timer.o                        28     0         0      
    +--+------------------------------+------+---------+---------+
       Total:                         28     0         0      
                                                              
    .\Hardware\UART\
       UART.o                         204    0         103    
    +--+------------------------------+------+---------+---------+
       Total:                         204    0         103    
                                                              
    .\System\
       Delay.o                        340    0         0      
    +--+------------------------------+------+---------+---------+
       Total:                         340    0         0      
                                                              
    C:/TI/mspm0_sdk_2_04_00_06/source/ti/driverlib/lib/ticlang/m0p/mspm0g1x0x_g3x0x/driverlib.a
       dl_timer.o                     588    0         0      
       dl_uart.o                      90     0         0      
       dl_common.o                    10     0         0      
    +--+------------------------------+------+---------+---------+
       Total:                         688    0         0      
                                                              
    D:\install\ccs_install\ccs\tools\compiler\ti-cgt-armllvm_4.0.2.LTS\lib\armv6m-ti-none-eabi/c/libc.a
       _printfi.c.obj                 658    17        0      
       memcpy16.S.obj                 154    0         0      
       copy_decompress_lzss.c.obj     124    0         0      
       memset16.S.obj                 98     0         0      
       sprintf.c.obj                  90     0         0      
       autoinit.c.obj                 60     0         0      
       boot_cortex_m.c.obj            40     0         0      
       memccpy.c.obj                  34     0         0      
       copy_zero_init.c.obj           22     0         0      
       copy_decompress_none.c.obj     18     0         0      
       exit.c.obj                     6      0         0      
       pre_init.c.obj                 4      0         0      
    +--+------------------------------+------+---------+---------+
       Total:                         1308   17        0      
                                                              
    D:\install\ccs_install\ccs\tools\compiler\ti-cgt-armllvm_4.0.2.LTS\lib\armv6m-ti-none-eabi/c/libsysbm.a
       hostexit.c.obj                 4      0         0      
    +--+------------------------------+------+---------+---------+
       Total:                         4      0         0      
                                                              
    D:\install\ccs_install\ccs\tools\compiler\ti-cgt-armllvm_4.0.2.LTS\lib\armv6m-ti-none-eabi/libclang_rt.builtins.a
       aeabi_uidivmod.S.obj           64     0         0      
       aeabi_memset.S.obj             14     0         0      
       aeabi_memcpy.S.obj             8      0         0      
       aeabi_div0.c.obj               2      0         0      
    +--+------------------------------+------+---------+---------+
       Total:                         88     0         0      
                                                              
       Stack:                         0      0         512    
       Linker Generated:              0      42        0      
    +--+------------------------------+------+---------+---------+
       Grand Total:                   4098   307       775    


LINKER GENERATED COPY TABLES

__TI_cinit_table @ 00001134 records: 2, size/record: 8, table size: 16
	.bss: load addr=00001124, load size=00000008 bytes, run addr=20200000, run size=00000105 bytes, compression=zero_init
	.data: load addr=0000112c, load size=00000006 bytes, run addr=20200105, run size=00000002 bytes, compression=lzss


LINKER GENERATED HANDLER TABLE

__TI_handler_table @ 00001118 records: 3, size/record: 4, table size: 12
	index: 0, handler: __TI_decompress_lzss
	index: 1, handler: __TI_decompress_none
	index: 2, handler: __TI_zero_init


GLOBAL SYMBOLS: SORTED ALPHABETICALLY BY Name 

address   name                            
-------   ----                            
0000095f  ADC0_IRQHandler                 
0000095f  ADC1_IRQHandler                 
0000095f  AES_IRQHandler                  
00000ed5  All_Interrupt                   
000010ba  C$$EXIT                         
0000095f  CANFD0_IRQHandler               
0000095f  DAC0_IRQHandler                 
00001099  DL_Common_delayCycles           
000006d9  DL_Timer_initFourCCPWMMode      
000007dd  DL_Timer_initTimerMode          
00000f49  DL_Timer_setCaptCompUpdateMethod
00000fd5  DL_Timer_setCaptureCompareOutCtl
0000106d  DL_Timer_setCaptureCompareValue 
00000f65  DL_Timer_setClockConfig         
00000c69  DL_UART_init                    
00001049  DL_UART_setClockConfig          
0000095f  DMA_IRQHandler                  
0000095f  Default_Handler                 
00000585  Delay_ms                        
0000095f  GROUP0_IRQHandler               
0000095f  GROUP1_IRQHandler               
000010bb  HOSTexit                        
0000095f  HardFault_Handler               
0000095f  I2C0_IRQHandler                 
0000095f  I2C1_IRQHandler                 
00000de5  KeyScan                         
00000f81  LED_TIG                         
0000095f  NMI_Handler                     
00001035  PWM_Duty                        
00000345  PWM_Test                        
0000095f  PendSV_Handler                  
0000095f  RTC_IRQHandler                  
000010bf  Reset_Handler                   
0000095f  SPI0_IRQHandler                 
0000095f  SPI1_IRQHandler                 
0000095f  SVC_Handler                     
00000c15  SYSCFG_DL_GPIO_init             
00000961  SYSCFG_DL_PWM_0_init            
00000e4d  SYSCFG_DL_SYSCTL_init           
00000e7d  SYSCFG_DL_SYSTICK_init          
00000d75  SYSCFG_DL_TIMER_0_init          
00000a6d  SYSCFG_DL_UART_0_init           
00000ea9  SYSCFG_DL_init                  
00000cb1  SYSCFG_DL_initPower             
0000095f  SysTick_Handler                 
0000095f  TIMA0_IRQHandler                
0000095f  TIMA1_IRQHandler                
00000f9d  TIMG0_IRQHandler                
0000095f  TIMG12_IRQHandler               
0000095f  TIMG6_IRQHandler                
0000095f  TIMG7_IRQHandler                
0000095f  TIMG8_IRQHandler                
00000fed  UART0_GetFlag                   
00000b4d  UART0_IRQHandler                
20200104  UART0_RxFlag                    
202000a0  UART0_RxPacket                  
00000fb9  UART0_SendByte                  
00000e19  UART0_SendString                
0000095f  UART1_IRQHandler                
0000095f  UART2_IRQHandler                
0000095f  UART3_IRQHandler                
20208000  __STACK_END                     
00000200  __STACK_SIZE                    
00000000  __TI_ATRegion0_region_sz        
00000000  __TI_ATRegion0_src_addr         
00000000  __TI_ATRegion0_trg_addr         
00000000  __TI_ATRegion1_region_sz        
00000000  __TI_ATRegion1_src_addr         
00000000  __TI_ATRegion1_trg_addr         
00000000  __TI_ATRegion2_region_sz        
00000000  __TI_ATRegion2_src_addr         
00000000  __TI_ATRegion2_trg_addr         
00001134  __TI_CINIT_Base                 
00001144  __TI_CINIT_Limit                
00001144  __TI_CINIT_Warm                 
00001118  __TI_Handler_Table_Base         
00001124  __TI_Handler_Table_Limit        
00000d39  __TI_auto_init_nobinit_nopinit  
000009f1  __TI_decompress_lzss            
0000105b  __TI_decompress_none            
ffffffff  __TI_pprof_out_hndl             
000000c1  __TI_printfi_minimal            
ffffffff  __TI_prof_data_size             
ffffffff  __TI_prof_data_start            
00000000  __TI_static_base__              
0000101d  __TI_zero_init_nomemset         
00000c13  __aeabi_idiv0                   
000010ad  __aeabi_memcpy                  
000010ad  __aeabi_memcpy4                 
000010ad  __aeabi_memcpy8                 
0000107d  __aeabi_memset                  
0000107d  __aeabi_memset4                 
0000107d  __aeabi_memset8                 
00000cf9  __aeabi_uidiv                   
00000cf9  __aeabi_uidivmod                
ffffffff  __binit__                       
UNDEFED   __mpu_init                      
20207e00  __stack                         
20200000  __start___llvm_prf_bits         
20200000  __start___llvm_prf_cnts         
20200000  __stop___llvm_prf_bits          
20200000  __stop___llvm_prf_cnts          
00000efd  _c_int00_noargs                 
UNDEFED   _system_post_cinit              
000010c3  _system_pre_init                
000010b5  abort                           
ffffffff  binit                           
20200000  gPWM_0Backup                    
00000000  interruptVectors                
00000add  main                            
00000f25  memccpy                         
000008c5  memcpy                          
00000bb1  memset                          
00000dad  sprintf                         


GLOBAL SYMBOLS: SORTED BY Symbol Address 

address   name                            
-------   ----                            
00000000  __TI_ATRegion0_region_sz        
00000000  __TI_ATRegion0_src_addr         
00000000  __TI_ATRegion0_trg_addr         
00000000  __TI_ATRegion1_region_sz        
00000000  __TI_ATRegion1_src_addr         
00000000  __TI_ATRegion1_trg_addr         
00000000  __TI_ATRegion2_region_sz        
00000000  __TI_ATRegion2_src_addr         
00000000  __TI_ATRegion2_trg_addr         
00000000  __TI_static_base__              
00000000  interruptVectors                
000000c1  __TI_printfi_minimal            
00000200  __STACK_SIZE                    
00000345  PWM_Test                        
00000585  Delay_ms                        
000006d9  DL_Timer_initFourCCPWMMode      
000007dd  DL_Timer_initTimerMode          
000008c5  memcpy                          
0000095f  ADC0_IRQHandler                 
0000095f  ADC1_IRQHandler                 
0000095f  AES_IRQHandler                  
0000095f  CANFD0_IRQHandler               
0000095f  DAC0_IRQHandler                 
0000095f  DMA_IRQHandler                  
0000095f  Default_Handler                 
0000095f  GROUP0_IRQHandler               
0000095f  GROUP1_IRQHandler               
0000095f  HardFault_Handler               
0000095f  I2C0_IRQHandler                 
0000095f  I2C1_IRQHandler                 
0000095f  NMI_Handler                     
0000095f  PendSV_Handler                  
0000095f  RTC_IRQHandler                  
0000095f  SPI0_IRQHandler                 
0000095f  SPI1_IRQHandler                 
0000095f  SVC_Handler                     
0000095f  SysTick_Handler                 
0000095f  TIMA0_IRQHandler                
0000095f  TIMA1_IRQHandler                
0000095f  TIMG12_IRQHandler               
0000095f  TIMG6_IRQHandler                
0000095f  TIMG7_IRQHandler                
0000095f  TIMG8_IRQHandler                
0000095f  UART1_IRQHandler                
0000095f  UART2_IRQHandler                
0000095f  UART3_IRQHandler                
00000961  SYSCFG_DL_PWM_0_init            
000009f1  __TI_decompress_lzss            
00000a6d  SYSCFG_DL_UART_0_init           
00000add  main                            
00000b4d  UART0_IRQHandler                
00000bb1  memset                          
00000c13  __aeabi_idiv0                   
00000c15  SYSCFG_DL_GPIO_init             
00000c69  DL_UART_init                    
00000cb1  SYSCFG_DL_initPower             
00000cf9  __aeabi_uidiv                   
00000cf9  __aeabi_uidivmod                
00000d39  __TI_auto_init_nobinit_nopinit  
00000d75  SYSCFG_DL_TIMER_0_init          
00000dad  sprintf                         
00000de5  KeyScan                         
00000e19  UART0_SendString                
00000e4d  SYSCFG_DL_SYSCTL_init           
00000e7d  SYSCFG_DL_SYSTICK_init          
00000ea9  SYSCFG_DL_init                  
00000ed5  All_Interrupt                   
00000efd  _c_int00_noargs                 
00000f25  memccpy                         
00000f49  DL_Timer_setCaptCompUpdateMethod
00000f65  DL_Timer_setClockConfig         
00000f81  LED_TIG                         
00000f9d  TIMG0_IRQHandler                
00000fb9  UART0_SendByte                  
00000fd5  DL_Timer_setCaptureCompareOutCtl
00000fed  UART0_GetFlag                   
0000101d  __TI_zero_init_nomemset         
00001035  PWM_Duty                        
00001049  DL_UART_setClockConfig          
0000105b  __TI_decompress_none            
0000106d  DL_Timer_setCaptureCompareValue 
0000107d  __aeabi_memset                  
0000107d  __aeabi_memset4                 
0000107d  __aeabi_memset8                 
00001099  DL_Common_delayCycles           
000010ad  __aeabi_memcpy                  
000010ad  __aeabi_memcpy4                 
000010ad  __aeabi_memcpy8                 
000010b5  abort                           
000010ba  C$$EXIT                         
000010bb  HOSTexit                        
000010bf  Reset_Handler                   
000010c3  _system_pre_init                
00001118  __TI_Handler_Table_Base         
00001124  __TI_Handler_Table_Limit        
00001134  __TI_CINIT_Base                 
00001144  __TI_CINIT_Limit                
00001144  __TI_CINIT_Warm                 
20200000  __start___llvm_prf_bits         
20200000  __start___llvm_prf_cnts         
20200000  __stop___llvm_prf_bits          
20200000  __stop___llvm_prf_cnts          
20200000  gPWM_0Backup                    
202000a0  UART0_RxPacket                  
20200104  UART0_RxFlag                    
20207e00  __stack                         
20208000  __STACK_END                     
ffffffff  __TI_pprof_out_hndl             
ffffffff  __TI_prof_data_size             
ffffffff  __TI_prof_data_start            
ffffffff  __binit__                       
ffffffff  binit                           
UNDEFED   __mpu_init                      
UNDEFED   _system_post_cinit              

[114 symbols]
