******************************************************************************
            TI ARM Clang Linker PC v4.0.2                      
******************************************************************************
>> Linked Wed May 28 11:33:10 2025

OUTPUT FILE NAME:   <Action.out>
ENTRY POINT SYMBOL: "_c_int00_noargs"  address: 00002c55


MEMORY CONFIGURATION

         name            origin    length      used     unused   attr    fill
----------------------  --------  ---------  --------  --------  ----  --------
  FLASH                 00000000   00020000  00003d30  0001c2d0  R  X
  SRAM                  20200000   00008000  000003db  00007c25  RW X
  BCR_CONFIG            41c00000   000000ff  00000000  000000ff  R   
  BSL_CONFIG            41c00100   00000080  00000000  00000080  R   


SEGMENT ALLOCATION MAP

run origin  load origin   length   init length attrs members
----------  ----------- ---------- ----------- ----- -------
00000000    00000000    00003d30   00003d30    r-x
  00000000    00000000    000000c0   000000c0    r-- .intvecs
  000000c0    000000c0    000032a0   000032a0    r-x .text
  00003360    00003360    000009a0   000009a0    r-- .rodata
  00003d00    00003d00    00000030   00000030    r-- .cinit
20200000    20200000    000001de   00000000    rw-
  20200000    20200000    000001c1   00000000    rw- .bss
  202001c4    202001c4    0000001a   00000000    rw- .data
20207e00    20207e00    00000200   00000000    rw-
  20207e00    20207e00    00000200   00000000    rw- .stack


SECTION ALLOCATION MAP

 output                                  attributes/
section   page    origin      length       input sections
--------  ----  ----------  ----------   ----------------
.intvecs   0    00000000    000000c0     
                  00000000    000000c0     startup_mspm0g350x_ticlang.o (.intvecs)

.text      0    000000c0    000032a0     
                  000000c0    000009d0     libc.a : _printfi.c.obj (.text:__TI_printfi)
                  00000a90    00000220            : _printfi.c.obj (.text._pconv_a)
                  00000cb0    000001dc            : _printfi.c.obj (.text._pconv_g)
                  00000e8c    00000192     libclang_rt.builtins.a : adddf3.S.obj (.text.adddf3_subdf3)
                  0000101e    00000002                            : aeabi_div0.c.obj (.text.__aeabi_idiv0)
                  00001020    0000013c     EXTI.o (.text.GROUP1_IRQHandler)
                  0000115c    0000013c     libc.a : _printfi.c.obj (.text.fcvt)
                  00001298    00000120            : _printfi.c.obj (.text._pconv_e)
                  000013b8    00000118     oled.o (.text.OLED_ShowChar)
                  000014d0    0000010c     libclang_rt.builtins.a : divdf3.S.obj (.text.__divdf3)
                  000015dc    00000104     driverlib.a : dl_timer.o (.text.DL_Timer_initFourCCPWMMode)
                  000016e0    000000fa     oled.o (.text.OLED_Init)
                  000017da    00000002     libclang_rt.builtins.a : aeabi_div0.c.obj (.text.__aeabi_ldiv0)
                  000017dc    000000f4     ti_msp_dl_config.o (.text.SYSCFG_DL_GPIO_init)
                  000018d0    000000e8     driverlib.a : dl_timer.o (.text.DL_Timer_initTimerMode)
                  000019b8    000000e4     libclang_rt.builtins.a : muldf3.S.obj (.text.__muldf3)
                  00001a9c    000000d8     libc.a : s_scalbn.c.obj (.text.scalbn)
                  00001b74    000000a8     main.o (.text.main)
                  00001c1c    000000a4     UART.o (.text.UART0_IRQHandler)
                  00001cc0    000000a2     libclang_rt.builtins.a : udivmoddi4.S.obj (.text)
                  00001d62    00000002     --HOLE-- [fill = 0]
                  00001d64    00000090     ti_msp_dl_config.o (.text.SYSCFG_DL_PWM_0_init)
                  00001df4    00000084     ti_msp_dl_config.o (.text.__NVIC_SetPriority)
                  00001e78    0000007c     ti_msp_dl_config.o (.text.SYSCFG_DL_initPower)
                  00001ef4    0000007c     oled.o (.text.Send_Byte)
                  00001f70    0000007c     libc.a : copy_decompress_lzss.c.obj (.text:decompress:lzss)
                  00001fec    00000074     libclang_rt.builtins.a : comparedf2.c.obj (.text.__gedf2)
                  00002060    00000074                            : truncdfsf2.S.obj (.text.__truncdfsf2)
                  000020d4    00000070     oled.o (.text.OLED_ShowString)
                  00002144    0000006a     oled.o (.text.OLED_Clear)
                  000021ae    00000002     --HOLE-- [fill = 0]
                  000021b0    00000068     libclang_rt.builtins.a : comparedf2.c.obj (.text.__ledf2)
                  00002218    00000066     libc.a : _printfi.c.obj (.text._mcpy)
                  0000227e    00000002     --HOLE-- [fill = 0]
                  00002280    00000062     libclang_rt.builtins.a : aeabi_dcmp.S.obj (.text.__aeabi_dcmp)
                  000022e2    00000002     --HOLE-- [fill = 0]
                  000022e4    0000005c     libc.a : s_frexp.c.obj (.text.frexp)
                  00002340    00000058            : _ltoa.c.obj (.text.__TI_ltoa)
                  00002398    00000058            : _printfi.c.obj (.text._pconv_f)
                  000023f0    00000056     libclang_rt.builtins.a : aeabi_idivmod.S.obj (.text.__aeabi_idivmod)
                  00002446    00000052     libc.a : _printfi.c.obj (.text._ecpy)
                  00002498    00000050     ti_msp_dl_config.o (.text.SysTick_Config)
                  000024e8    0000004e     oled.o (.text.OLED_WR_Byte)
                  00002536    00000002     --HOLE-- [fill = 0]
                  00002538    0000004c     ti_msp_dl_config.o (.text.DL_UART_setBaudRateDivisor)
                  00002584    0000004a     libclang_rt.builtins.a : fixdfsi.S.obj (.text.__fixdfsi)
                  000025ce    00000002     --HOLE-- [fill = 0]
                  000025d0    00000048     driverlib.a : dl_uart.o (.text.DL_UART_init)
                  00002618    00000048     ti_msp_dl_config.o (.text.SYSCFG_DL_UART_0_init)
                  00002660    00000044     Key.o (.text.KeyScan)
                  000026a4    00000040     libclang_rt.builtins.a : aeabi_uidivmod.S.obj (.text.__aeabi_uidivmod)
                  000026e4    00000040                            : extendsfdf2.S.obj (.text.__extendsfdf2)
                  00002724    00000040     libc.a : atoi.c.obj (.text.atoi)
                  00002764    0000003c     ti_msp_dl_config.o (.text.DL_Timer_setCounterControl)
                  000027a0    0000003c     oled.o (.text.OLED_Set_Pos)
                  000027dc    0000003c     ti_msp_dl_config.o (.text.SYSCFG_DL_init)
                  00002818    0000003c     UART.o (.text.UART0_SendString)
                  00002854    0000003c     libc.a : autoinit.c.obj (.text:__TI_auto_init_nobinit_nopinit)
                  00002890    0000003a     libclang_rt.builtins.a : muldsi3.S.obj (.text.__muldsi3)
                  000028ca    00000002     --HOLE-- [fill = 0]
                  000028cc    00000038     oled.o (.text.I2C_Start)
                  00002904    00000038     libc.a : sprintf.c.obj (.text.sprintf)
                  0000293c    00000034     function.o (.text.All_Interrupt)
                  00002970    00000034     ti_msp_dl_config.o (.text.DL_GPIO_initDigitalInputFeatures)
                  000029a4    00000034     ti_msp_dl_config.o (.text.SYSCFG_DL_TIMER_0_init)
                  000029d8    00000034     ti_msp_dl_config.o (.text.SYSCFG_DL_TIMER_HSR04_init)
                  00002a0c    00000030     ti_msp_dl_config.o (.text.DL_GPIO_initDigitalOutputFeatures)
                  00002a3c    00000030     oled.o (.text.I2C_Stop)
                  00002a6c    00000030     oled.o (.text.I2C_WaitAck)
                  00002a9c    00000030     UART.o (.text.UART0_GetFlag)
                  00002acc    00000030     libc.a : _printfi.c.obj (.text._fcpy)
                  00002afc    0000002c     Key.o (.text.LED_TIG)
                  00002b28    0000002c     Timer.o (.text.TIMG0_IRQHandler)
                  00002b54    0000002c     UART.o (.text.UART0_SendByte)
                  00002b80    0000002c     function.o (.text.__NVIC_ClearPendingIRQ)
                  00002bac    0000002c     function.o (.text.__NVIC_EnableIRQ)
                  00002bd8    0000002c     libclang_rt.builtins.a : floatsidf.S.obj (.text.__floatsidf)
                  00002c04    00000028     ti_msp_dl_config.o (.text.DL_Common_updateReg)
                  00002c2c    00000028     HSR04.o (.text.Trig_HL)
                  00002c54    00000028     libc.a : boot_cortex_m.c.obj (.text:_c_int00_noargs)
                  00002c7c    00000024     libclang_rt.builtins.a : muldi3.S.obj (.text.__muldi3)
                  00002ca0    00000022     Delay.o (.text.Delay_ms)
                  00002cc2    00000022     oled.o (.text.delay_ms)
                  00002ce4    00000022     libc.a : memccpy.c.obj (.text.memccpy)
                  00002d06    00000002     --HOLE-- [fill = 0]
                  00002d08    00000020     ti_msp_dl_config.o (.text.DL_GPIO_initPeripheralInputFunction)
                  00002d28    00000020     Delay.o (.text.Delay_us)
                  00002d48    00000020     EXTI.o (.text.TIMA0_IRQHandler)
                  00002d68    0000001e     ti_msp_dl_config.o (.text.DL_UART_setOversampling)
                  00002d86    0000001e     ti_msp_dl_config.o (.text.SYSCFG_DL_SYSCTL_init)
                  00002da4    0000001e     libclang_rt.builtins.a : ashldi3.S.obj (.text.__ashldi3)
                  00002dc2    00000002     --HOLE-- [fill = 0]
                  00002dc4    0000001c     EXTI.o (.text.DL_GPIO_clearInterruptStatus)
                  00002de0    0000001c     ti_msp_dl_config.o (.text.DL_GPIO_clearInterruptStatus)
                  00002dfc    0000001c     ti_msp_dl_config.o (.text.DL_GPIO_enableInterrupt)
                  00002e18    0000001c     ti_msp_dl_config.o (.text.DL_GPIO_initPeripheralOutputFunction)
                  00002e34    0000001c     ti_msp_dl_config.o (.text.DL_SYSCTL_setSYSOSCFreq)
                  00002e50    0000001c     ti_msp_dl_config.o (.text.DL_Timer_enableInterrupt)
                  00002e6c    0000001c     driverlib.a : dl_timer.o (.text.DL_Timer_setCaptCompUpdateMethod)
                  00002e88    0000001c                 : dl_timer.o (.text.DL_Timer_setClockConfig)
                  00002ea4    0000001c     ti_msp_dl_config.o (.text.DL_UART_enableInterrupt)
                  00002ec0    00000018     ti_msp_dl_config.o (.text.DL_GPIO_enableOutput)
                  00002ed8    00000018     ti_msp_dl_config.o (.text.DL_GPIO_enablePower)
                  00002ef0    00000018     EXTI.o (.text.DL_GPIO_getEnabledInterruptStatus)
                  00002f08    00000018     ti_msp_dl_config.o (.text.DL_GPIO_initDigitalOutput)
                  00002f20    00000018     ti_msp_dl_config.o (.text.DL_GPIO_reset)
                  00002f38    00000018     HSR04.o (.text.DL_GPIO_setPins)
                  00002f50    00000018     Key.o (.text.DL_GPIO_setPins)
                  00002f68    00000018     oled.o (.text.DL_GPIO_setPins)
                  00002f80    00000018     ti_msp_dl_config.o (.text.DL_GPIO_setUpperPinsPolarity)
                  00002f98    00000018     ti_msp_dl_config.o (.text.DL_SYSCTL_setBORThreshold)
                  00002fb0    00000018     ti_msp_dl_config.o (.text.DL_Timer_enablePower)
                  00002fc8    00000018     ti_msp_dl_config.o (.text.DL_Timer_reset)
                  00002fe0    00000018     driverlib.a : dl_timer.o (.text.DL_Timer_setCaptureCompareOutCtl)
                  00002ff8    00000018     EXTI.o (.text.DL_Timer_startCounter)
                  00003010    00000018     function.o (.text.DL_Timer_startCounter)
                  00003028    00000018     EXTI.o (.text.DL_Timer_stopCounter)
                  00003040    00000018     UART.o (.text.DL_UART_clearInterruptStatus)
                  00003058    00000018     ti_msp_dl_config.o (.text.DL_UART_enablePower)
                  00003070    00000018     UART.o (.text.DL_UART_isBusy)
                  00003088    00000018     ti_msp_dl_config.o (.text.DL_UART_reset)
                  000030a0    00000018     libc.a : sprintf.c.obj (.text._outs)
                  000030b8    00000016     EXTI.o (.text.DL_GPIO_readPins)
                  000030ce    00000016     Key.o (.text.DL_GPIO_readPins)
                  000030e4    00000016     ti_msp_dl_config.o (.text.DL_UART_enable)
                  000030fa    00000016     UART.o (.text.DL_UART_transmitData)
                  00003110    00000016     libc.a : copy_zero_init.c.obj (.text:decompress:ZI:__TI_zero_init_nomemset)
                  00003126    00000014     HSR04.o (.text.DL_GPIO_clearPins)
                  0000313a    00000014     Key.o (.text.DL_GPIO_clearPins)
                  0000314e    00000014     oled.o (.text.DL_GPIO_clearPins)
                  00003162    00000014     ti_msp_dl_config.o (.text.DL_GPIO_clearPins)
                  00003176    00000002     --HOLE-- [fill = 0]
                  00003178    00000014     ti_msp_dl_config.o (.text.DL_SYSCTL_disableSYSPLL)
                  0000318c    00000014     ti_msp_dl_config.o (.text.DL_Timer_enableClock)
                  000031a0    00000014     ti_msp_dl_config.o (.text.DL_Timer_setCCPDirection)
                  000031b4    00000014     EXTI.o (.text.DL_Timer_setTimerCount)
                  000031c8    00000014     UART.o (.text.DL_UART_receiveData)
                  000031dc    00000014     libclang_rt.builtins.a : aeabi_uldivmod.S.obj (.text.__aeabi_uldivmod)
                  000031f0    00000014     libc.a : _printfi.c.obj (.text.strchr)
                  00003204    00000012     EXTI.o (.text.DL_Timer_getPendingInterrupt)
                  00003216    00000012     Timer.o (.text.DL_Timer_getPendingInterrupt)
                  00003228    00000012     UART.o (.text.DL_UART_getPendingInterrupt)
                  0000323a    00000012     driverlib.a : dl_uart.o (.text.DL_UART_setClockConfig)
                  0000324c    00000012     libc.a : memcpy16.S.obj (.text:TI_memcpy_small)
                  0000325e    00000012            : copy_decompress_none.c.obj (.text:decompress:none)
                  00003270    00000010     ti_msp_dl_config.o (.text.DL_SYSCTL_disableHFXT)
                  00003280    00000010     EXTI.o (.text.DL_Timer_getTimerCount)
                  00003290    00000010     driverlib.a : dl_timer.o (.text.DL_Timer_setCaptureCompareValue)
                  000032a0    00000010     libc.a : wcslen.c.obj (.text.wcslen)
                  000032b0    0000000e     libclang_rt.builtins.a : aeabi_memset.S.obj (.text.__aeabi_memset)
                  000032be    0000000e     libc.a : _printfi.c.obj (.text.strlen)
                  000032cc    0000000e            : memset16.S.obj (.text:TI_memset_small)
                  000032da    00000002     --HOLE-- [fill = 0]
                  000032dc    0000000c     EXTI.o (.text.Get_Juli)
                  000032e8    0000000a     driverlib.a : dl_common.o (.text.DL_Common_delayCycles)
                  000032f2    0000000a     libc.a : _printfi.c.obj (.text.OUTLINED_FUNCTION_0)
                  000032fc    00000010     libclang_rt.builtins.a : adddf3.S.obj (.tramp.__aeabi_dsub.1)
                  0000330c    0000000a     libc.a : _printfi.c.obj (.text.OUTLINED_FUNCTION_1)
                  00003316    0000000a     ti_msp_dl_config.o (.text.SYSCFG_DL_SYSTICK_init)
                  00003320    0000000a     libc.a : sprintf.c.obj (.text._outc)
                  0000332a    00000002     --HOLE-- [fill = 0]
                  0000332c    00000008            : aeabi_portable.c.obj (.text.__aeabi_errno_addr)
                  00003334    00000008     libclang_rt.builtins.a : aeabi_memcpy.S.obj (.text.__aeabi_memcpy)
                  0000333c    00000006     libc.a : exit.c.obj (.text:abort)
                  00003342    00000004     startup_mspm0g350x_ticlang.o (.text.Default_Handler)
                  00003346    00000004     libsysbm.a : hostexit.c.obj (.text.HOSTexit)
                  0000334a    00000004     startup_mspm0g350x_ticlang.o (.text.Reset_Handler)
                  0000334e    00000004     libc.a : pre_init.c.obj (.text._system_pre_init)
                  00003352    0000000e     --HOLE-- [fill = 0]

.cinit     0    00003d00    00000030     
                  00003d00    0000000c     (__TI_handler_table)
                  00003d0c    00000008     (.cinit..bss.load) [load image, compression = zero_init]
                  00003d14    00000008     (.cinit..data.load) [load image, compression = lzss]
                  00003d1c    00000010     (__TI_cinit_table)
                  00003d2c    00000004     --HOLE-- [fill = 0]

.rodata    0    00003360    000009a0     
                  00003360    000005f0     oled.o (.rodata.asc2_1608)
                  00003950    00000228     oled.o (.rodata.asc2_0806)
                  00003b78    00000008     ti_msp_dl_config.o (.rodata.gPWM_0Config)
                  00003b80    00000101     libc.a : aeabi_ctype.S.obj (.rodata:__aeabi_ctype_table_)
                  00003c81    00000003     ti_msp_dl_config.o (.rodata.gPWM_0ClockConfig)
                  00003c84    00000014     ti_msp_dl_config.o (.rodata.gTIMER_0TimerConfig)
                  00003c98    00000014     ti_msp_dl_config.o (.rodata.gTIMER_HSR04TimerConfig)
                  00003cac    00000011     libc.a : _printfi.c.obj (.rodata.str1.10348868589481759720.1)
                  00003cbd    00000011            : _printfi.c.obj (.rodata.str1.15363888844622738466.1)
                  00003cce    00000010     main.o (.rodata.str1.15159059442110792349.1)
                  00003cde    0000000a     ti_msp_dl_config.o (.rodata.gUART_0Config)
                  00003ce8    0000000a     main.o (.rodata.str1.8154729771448623357.1)
                  00003cf2    00000003     ti_msp_dl_config.o (.rodata.gTIMER_0ClockConfig)
                  00003cf5    00000003     ti_msp_dl_config.o (.rodata.gTIMER_HSR04ClockConfig)
                  00003cf8    00000002     ti_msp_dl_config.o (.rodata.gUART_0ClockConfig)
                  00003cfa    00000006     --HOLE-- [fill = 0]

.init_array 
*          0    00000000    00000000     UNINITIALIZED

.binit     0    00000000    00000000     

.bss       0    20200000    000001c1     UNINITIALIZED
                  20200000    000000bc     (.common:gTIMER_HSR04Backup)
                  202000bc    000000a0     (.common:gPWM_0Backup)
                  2020015c    00000064     (.common:UART0_RxPacket)
                  202001c0    00000001     (.common:UART0_RxFlag)

.data      0    202001c4    0000001a     UNINITIALIZED
                  202001c4    00000004     libc.a : aeabi_portable.c.obj (.data.__aeabi_errno)
                  202001c8    00000004     EXTI.o (.data.cnt)
                  202001cc    00000004     EXTI.o (.data.dist)
                  202001d0    00000004     main.o (.data.number)
                  202001d4    00000004     EXTI.o (.data.overflowFlag)
                  202001d8    00000004     main.o (.data.timer_flag)
                  202001dc    00000001     UART.o (.data.UART0_IRQHandler.RxState)
                  202001dd    00000001     UART.o (.data.UART0_IRQHandler.pRxPacket)

.stack     0    20207e00    00000200     UNINITIALIZED
                  20207e00    00000004     libc.a : boot_cortex_m.c.obj (.stack)
                  20207e04    000001fc     --HOLE--

__llvm_prf_cnts 
*          0    20200000    00000000     UNINITIALIZED

__llvm_prf_bits 
*          0    20200000    00000000     UNINITIALIZED

MODULE SUMMARY

       Module                         code    ro data   rw data
       ------                         ----    -------   -------
    .\
       ti_msp_dl_config.o             1864    69        348    
       main.o                         168     26        8      
       startup_mspm0g350x_ticlang.o   8       192       0      
       function.o                     164     0         0      
    +--+------------------------------+-------+---------+---------+
       Total:                         2204    287       356    
                                                               
    .\Hardware\EXTI\
       EXTI.o                         536     0         12     
    +--+------------------------------+-------+---------+---------+
       Total:                         536     0         12     
                                                               
    .\Hardware\HSR04\
       HSR04.o                        84      0         0      
    +--+------------------------------+-------+---------+---------+
       Total:                         84      0         0      
                                                               
    .\Hardware\Key\
       Key.o                          178     0         0      
    +--+------------------------------+-------+---------+---------+
       Total:                         178     0         0      
                                                               
    .\Hardware\OLED\
       oled.o                         1240    2072      0      
    +--+------------------------------+-------+---------+---------+
       Total:                         1240    2072      0      
                                                               
    .\Hardware\Timer\
       Timer.o                        62      0         0      
    +--+------------------------------+-------+---------+---------+
       Total:                         62      0         0      
                                                               
    .\Hardware\UART\
       UART.o                         424     0         103    
    +--+------------------------------+-------+---------+---------+
       Total:                         424     0         103    
                                                               
    .\System\
       Delay.o                        66      0         0      
    +--+------------------------------+-------+---------+---------+
       Total:                         66      0         0      
                                                               
    C:/TI/mspm0_sdk_2_04_00_06/source/ti/driverlib/lib/ticlang/m0p/mspm0g1x0x_g3x0x/driverlib.a
       dl_timer.o                     588     0         0      
       dl_uart.o                      90      0         0      
       dl_common.o                    10      0         0      
    +--+------------------------------+-------+---------+---------+
       Total:                         688     0         0      
                                                               
    D:\install\ccs_install\ccs\tools\compiler\ti-cgt-armllvm_4.0.2.LTS\lib\armv6m-ti-none-eabi/c/libc.a
       _printfi.c.obj                 4510    34        0      
       aeabi_ctype.S.obj              0       257       0      
       s_scalbn.c.obj                 216     0         0      
       copy_decompress_lzss.c.obj     124     0         0      
       s_frexp.c.obj                  92      0         0      
       sprintf.c.obj                  90      0         0      
       _ltoa.c.obj                    88      0         0      
       atoi.c.obj                     64      0         0      
       autoinit.c.obj                 60      0         0      
       boot_cortex_m.c.obj            40      0         0      
       memccpy.c.obj                  34      0         0      
       copy_zero_init.c.obj           22      0         0      
       copy_decompress_none.c.obj     18      0         0      
       memcpy16.S.obj                 18      0         0      
       wcslen.c.obj                   16      0         0      
       memset16.S.obj                 14      0         0      
       aeabi_portable.c.obj           8       0         4      
       exit.c.obj                     6       0         0      
       pre_init.c.obj                 4       0         0      
    +--+------------------------------+-------+---------+---------+
       Total:                         5424    291       4      
                                                               
    D:\install\ccs_install\ccs\tools\compiler\ti-cgt-armllvm_4.0.2.LTS\lib\armv6m-ti-none-eabi/c/libsysbm.a
       hostexit.c.obj                 4       0         0      
    +--+------------------------------+-------+---------+---------+
       Total:                         4       0         0      
                                                               
    D:\install\ccs_install\ccs\tools\compiler\ti-cgt-armllvm_4.0.2.LTS\lib\armv6m-ti-none-eabi/libclang_rt.builtins.a
       adddf3.S.obj                   418     0         0      
       divdf3.S.obj                   268     0         0      
       muldf3.S.obj                   228     0         0      
       comparedf2.c.obj               220     0         0      
       udivmoddi4.S.obj               162     0         0      
       truncdfsf2.S.obj               116     0         0      
       aeabi_dcmp.S.obj               98      0         0      
       aeabi_idivmod.S.obj            86      0         0      
       fixdfsi.S.obj                  74      0         0      
       aeabi_uidivmod.S.obj           64      0         0      
       extendsfdf2.S.obj              64      0         0      
       muldsi3.S.obj                  58      0         0      
       floatsidf.S.obj                44      0         0      
       muldi3.S.obj                   36      0         0      
       ashldi3.S.obj                  30      0         0      
       aeabi_uldivmod.S.obj           20      0         0      
       aeabi_memset.S.obj             14      0         0      
       aeabi_memcpy.S.obj             8       0         0      
       aeabi_div0.c.obj               4       0         0      
    +--+------------------------------+-------+---------+---------+
       Total:                         2012    0         0      
                                                               
       Stack:                         0       0         512    
       Linker Generated:              0       44        0      
    +--+------------------------------+-------+---------+---------+
       Grand Total:                   12922   2694      987    


LINKER GENERATED COPY TABLES

__TI_cinit_table @ 00003d1c records: 2, size/record: 8, table size: 16
	.bss: load addr=00003d0c, load size=00000008 bytes, run addr=20200000, run size=000001c1 bytes, compression=zero_init
	.data: load addr=00003d14, load size=00000008 bytes, run addr=202001c4, run size=0000001a bytes, compression=lzss


LINKER GENERATED HANDLER TABLE

__TI_handler_table @ 00003d00 records: 3, size/record: 4, table size: 12
	index: 0, handler: __TI_decompress_lzss
	index: 1, handler: __TI_decompress_none
	index: 2, handler: __TI_zero_init


FAR CALL TRAMPOLINES

callee name               trampoline name
   callee addr  tramp addr   call addr  call info
--------------  -----------  ---------  ----------------
__aeabi_dsub              $Tramp$TT$L$PI$$__aeabi_dsub
   00000e8d     000032fc     000032fa   libc.a : _printfi.c.obj (.text.OUTLINED_FUNCTION_0)

[1 trampolines]
[1 trampoline calls]


GLOBAL SYMBOLS: SORTED ALPHABETICALLY BY Name 

address   name                            
-------   ----                            
00003343  ADC0_IRQHandler                 
00003343  ADC1_IRQHandler                 
00003343  AES_IRQHandler                  
0000293d  All_Interrupt                   
00003346  C$$EXIT                         
00003343  CANFD0_IRQHandler               
00003343  DAC0_IRQHandler                 
000032e9  DL_Common_delayCycles           
000015dd  DL_Timer_initFourCCPWMMode      
000018d1  DL_Timer_initTimerMode          
00002e6d  DL_Timer_setCaptCompUpdateMethod
00002fe1  DL_Timer_setCaptureCompareOutCtl
00003291  DL_Timer_setCaptureCompareValue 
00002e89  DL_Timer_setClockConfig         
000025d1  DL_UART_init                    
0000323b  DL_UART_setClockConfig          
00003343  DMA_IRQHandler                  
00003343  Default_Handler                 
00002ca1  Delay_ms                        
00002d29  Delay_us                        
00003343  GROUP0_IRQHandler               
00001021  GROUP1_IRQHandler               
000032dd  Get_Juli                        
00003347  HOSTexit                        
00003343  HardFault_Handler               
00003343  I2C0_IRQHandler                 
00003343  I2C1_IRQHandler                 
000028cd  I2C_Start                       
00002a3d  I2C_Stop                        
00002a6d  I2C_WaitAck                     
00002661  KeyScan                         
00002afd  LED_TIG                         
00003343  NMI_Handler                     
00002145  OLED_Clear                      
000016e1  OLED_Init                       
000027a1  OLED_Set_Pos                    
000013b9  OLED_ShowChar                   
000020d5  OLED_ShowString                 
000024e9  OLED_WR_Byte                    
00003343  PendSV_Handler                  
00003343  RTC_IRQHandler                  
0000334b  Reset_Handler                   
00003343  SPI0_IRQHandler                 
00003343  SPI1_IRQHandler                 
00003343  SVC_Handler                     
000017dd  SYSCFG_DL_GPIO_init             
00001d65  SYSCFG_DL_PWM_0_init            
00002d87  SYSCFG_DL_SYSCTL_init           
00003317  SYSCFG_DL_SYSTICK_init          
000029a5  SYSCFG_DL_TIMER_0_init          
000029d9  SYSCFG_DL_TIMER_HSR04_init      
00002619  SYSCFG_DL_UART_0_init           
000027dd  SYSCFG_DL_init                  
00001e79  SYSCFG_DL_initPower             
00001ef5  Send_Byte                       
00003343  SysTick_Handler                 
00002d49  TIMA0_IRQHandler                
00003343  TIMA1_IRQHandler                
00002b29  TIMG0_IRQHandler                
00003343  TIMG12_IRQHandler               
00003343  TIMG6_IRQHandler                
00003343  TIMG7_IRQHandler                
00003343  TIMG8_IRQHandler                
0000324d  TI_memcpy_small                 
000032cd  TI_memset_small                 
00002c2d  Trig_HL                         
00002a9d  UART0_GetFlag                   
00001c1d  UART0_IRQHandler                
202001c0  UART0_RxFlag                    
2020015c  UART0_RxPacket                  
00002b55  UART0_SendByte                  
00002819  UART0_SendString                
00003343  UART1_IRQHandler                
00003343  UART2_IRQHandler                
00003343  UART3_IRQHandler                
20208000  __STACK_END                     
00000200  __STACK_SIZE                    
00000000  __TI_ATRegion0_region_sz        
00000000  __TI_ATRegion0_src_addr         
00000000  __TI_ATRegion0_trg_addr         
00000000  __TI_ATRegion1_region_sz        
00000000  __TI_ATRegion1_src_addr         
00000000  __TI_ATRegion1_trg_addr         
00000000  __TI_ATRegion2_region_sz        
00000000  __TI_ATRegion2_src_addr         
00000000  __TI_ATRegion2_trg_addr         
00003d1c  __TI_CINIT_Base                 
00003d2c  __TI_CINIT_Limit                
00003d2c  __TI_CINIT_Warm                 
00003d00  __TI_Handler_Table_Base         
00003d0c  __TI_Handler_Table_Limit        
00002855  __TI_auto_init_nobinit_nopinit  
00001f71  __TI_decompress_lzss            
0000325f  __TI_decompress_none            
00002341  __TI_ltoa                       
ffffffff  __TI_pprof_out_hndl             
000000c1  __TI_printfi                    
ffffffff  __TI_prof_data_size             
ffffffff  __TI_prof_data_start            
00000000  __TI_static_base__              
00003111  __TI_zero_init_nomemset         
00000e97  __adddf3                        
00003b80  __aeabi_ctype_table_            
00003b80  __aeabi_ctype_table_C           
00002061  __aeabi_d2f                     
00002585  __aeabi_d2iz                    
00000e97  __aeabi_dadd                    
00002281  __aeabi_dcmpeq                  
000022bd  __aeabi_dcmpge                  
000022d1  __aeabi_dcmpgt                  
000022a9  __aeabi_dcmple                  
00002295  __aeabi_dcmplt                  
000014d1  __aeabi_ddiv                    
000019b9  __aeabi_dmul                    
00000e8d  __aeabi_dsub                    
202001c4  __aeabi_errno                   
0000332d  __aeabi_errno_addr              
000026e5  __aeabi_f2d                     
00002bd9  __aeabi_i2d                     
000023f1  __aeabi_idiv                    
0000101f  __aeabi_idiv0                   
000023f1  __aeabi_idivmod                 
000017db  __aeabi_ldiv0                   
00002da5  __aeabi_llsl                    
00002c7d  __aeabi_lmul                    
00003335  __aeabi_memcpy                  
00003335  __aeabi_memcpy4                 
00003335  __aeabi_memcpy8                 
000032b1  __aeabi_memset                  
000032b1  __aeabi_memset4                 
000032b1  __aeabi_memset8                 
000026a5  __aeabi_uidiv                   
000026a5  __aeabi_uidivmod                
000031dd  __aeabi_uldivmod                
00002da5  __ashldi3                       
ffffffff  __binit__                       
000021b1  __cmpdf2                        
000014d1  __divdf3                        
000021b1  __eqdf2                         
000026e5  __extendsfdf2                   
00002585  __fixdfsi                       
00002bd9  __floatsidf                     
00001fed  __gedf2                         
00001fed  __gtdf2                         
000021b1  __ledf2                         
000021b1  __ltdf2                         
UNDEFED   __mpu_init                      
000019b9  __muldf3                        
00002c7d  __muldi3                        
00002891  __muldsi3                       
000021b1  __nedf2                         
20207e00  __stack                         
20200000  __start___llvm_prf_bits         
20200000  __start___llvm_prf_cnts         
20200000  __stop___llvm_prf_bits          
20200000  __stop___llvm_prf_cnts          
00000e8d  __subdf3                        
00002061  __truncdfsf2                    
00001cc1  __udivmoddi4                    
00002c55  _c_int00_noargs                 
UNDEFED   _system_post_cinit              
0000334f  _system_pre_init                
0000333d  abort                           
00003950  asc2_0806                       
00003360  asc2_1608                       
00002725  atoi                            
ffffffff  binit                           
202001c8  cnt                             
00002cc3  delay_ms                        
202001cc  dist                            
000022e5  frexp                           
000022e5  frexpl                          
202000bc  gPWM_0Backup                    
20200000  gTIMER_HSR04Backup              
00000000  interruptVectors                
00001a9d  ldexp                           
00001a9d  ldexpl                          
00001b75  main                            
00002ce5  memccpy                         
202001d0  number                          
202001d4  overflowFlag                    
00001a9d  scalbn                          
00001a9d  scalbnl                         
00002905  sprintf                         
202001d8  timer_flag                      
000032a1  wcslen                          


GLOBAL SYMBOLS: SORTED BY Symbol Address 

address   name                            
-------   ----                            
00000000  __TI_ATRegion0_region_sz        
00000000  __TI_ATRegion0_src_addr         
00000000  __TI_ATRegion0_trg_addr         
00000000  __TI_ATRegion1_region_sz        
00000000  __TI_ATRegion1_src_addr         
00000000  __TI_ATRegion1_trg_addr         
00000000  __TI_ATRegion2_region_sz        
00000000  __TI_ATRegion2_src_addr         
00000000  __TI_ATRegion2_trg_addr         
00000000  __TI_static_base__              
00000000  interruptVectors                
000000c1  __TI_printfi                    
00000200  __STACK_SIZE                    
00000e8d  __aeabi_dsub                    
00000e8d  __subdf3                        
00000e97  __adddf3                        
00000e97  __aeabi_dadd                    
0000101f  __aeabi_idiv0                   
00001021  GROUP1_IRQHandler               
000013b9  OLED_ShowChar                   
000014d1  __aeabi_ddiv                    
000014d1  __divdf3                        
000015dd  DL_Timer_initFourCCPWMMode      
000016e1  OLED_Init                       
000017db  __aeabi_ldiv0                   
000017dd  SYSCFG_DL_GPIO_init             
000018d1  DL_Timer_initTimerMode          
000019b9  __aeabi_dmul                    
000019b9  __muldf3                        
00001a9d  ldexp                           
00001a9d  ldexpl                          
00001a9d  scalbn                          
00001a9d  scalbnl                         
00001b75  main                            
00001c1d  UART0_IRQHandler                
00001cc1  __udivmoddi4                    
00001d65  SYSCFG_DL_PWM_0_init            
00001e79  SYSCFG_DL_initPower             
00001ef5  Send_Byte                       
00001f71  __TI_decompress_lzss            
00001fed  __gedf2                         
00001fed  __gtdf2                         
00002061  __aeabi_d2f                     
00002061  __truncdfsf2                    
000020d5  OLED_ShowString                 
00002145  OLED_Clear                      
000021b1  __cmpdf2                        
000021b1  __eqdf2                         
000021b1  __ledf2                         
000021b1  __ltdf2                         
000021b1  __nedf2                         
00002281  __aeabi_dcmpeq                  
00002295  __aeabi_dcmplt                  
000022a9  __aeabi_dcmple                  
000022bd  __aeabi_dcmpge                  
000022d1  __aeabi_dcmpgt                  
000022e5  frexp                           
000022e5  frexpl                          
00002341  __TI_ltoa                       
000023f1  __aeabi_idiv                    
000023f1  __aeabi_idivmod                 
000024e9  OLED_WR_Byte                    
00002585  __aeabi_d2iz                    
00002585  __fixdfsi                       
000025d1  DL_UART_init                    
00002619  SYSCFG_DL_UART_0_init           
00002661  KeyScan                         
000026a5  __aeabi_uidiv                   
000026a5  __aeabi_uidivmod                
000026e5  __aeabi_f2d                     
000026e5  __extendsfdf2                   
00002725  atoi                            
000027a1  OLED_Set_Pos                    
000027dd  SYSCFG_DL_init                  
00002819  UART0_SendString                
00002855  __TI_auto_init_nobinit_nopinit  
00002891  __muldsi3                       
000028cd  I2C_Start                       
00002905  sprintf                         
0000293d  All_Interrupt                   
000029a5  SYSCFG_DL_TIMER_0_init          
000029d9  SYSCFG_DL_TIMER_HSR04_init      
00002a3d  I2C_Stop                        
00002a6d  I2C_WaitAck                     
00002a9d  UART0_GetFlag                   
00002afd  LED_TIG                         
00002b29  TIMG0_IRQHandler                
00002b55  UART0_SendByte                  
00002bd9  __aeabi_i2d                     
00002bd9  __floatsidf                     
00002c2d  Trig_HL                         
00002c55  _c_int00_noargs                 
00002c7d  __aeabi_lmul                    
00002c7d  __muldi3                        
00002ca1  Delay_ms                        
00002cc3  delay_ms                        
00002ce5  memccpy                         
00002d29  Delay_us                        
00002d49  TIMA0_IRQHandler                
00002d87  SYSCFG_DL_SYSCTL_init           
00002da5  __aeabi_llsl                    
00002da5  __ashldi3                       
00002e6d  DL_Timer_setCaptCompUpdateMethod
00002e89  DL_Timer_setClockConfig         
00002fe1  DL_Timer_setCaptureCompareOutCtl
00003111  __TI_zero_init_nomemset         
000031dd  __aeabi_uldivmod                
0000323b  DL_UART_setClockConfig          
0000324d  TI_memcpy_small                 
0000325f  __TI_decompress_none            
00003291  DL_Timer_setCaptureCompareValue 
000032a1  wcslen                          
000032b1  __aeabi_memset                  
000032b1  __aeabi_memset4                 
000032b1  __aeabi_memset8                 
000032cd  TI_memset_small                 
000032dd  Get_Juli                        
000032e9  DL_Common_delayCycles           
00003317  SYSCFG_DL_SYSTICK_init          
0000332d  __aeabi_errno_addr              
00003335  __aeabi_memcpy                  
00003335  __aeabi_memcpy4                 
00003335  __aeabi_memcpy8                 
0000333d  abort                           
00003343  ADC0_IRQHandler                 
00003343  ADC1_IRQHandler                 
00003343  AES_IRQHandler                  
00003343  CANFD0_IRQHandler               
00003343  DAC0_IRQHandler                 
00003343  DMA_IRQHandler                  
00003343  Default_Handler                 
00003343  GROUP0_IRQHandler               
00003343  HardFault_Handler               
00003343  I2C0_IRQHandler                 
00003343  I2C1_IRQHandler                 
00003343  NMI_Handler                     
00003343  PendSV_Handler                  
00003343  RTC_IRQHandler                  
00003343  SPI0_IRQHandler                 
00003343  SPI1_IRQHandler                 
00003343  SVC_Handler                     
00003343  SysTick_Handler                 
00003343  TIMA1_IRQHandler                
00003343  TIMG12_IRQHandler               
00003343  TIMG6_IRQHandler                
00003343  TIMG7_IRQHandler                
00003343  TIMG8_IRQHandler                
00003343  UART1_IRQHandler                
00003343  UART2_IRQHandler                
00003343  UART3_IRQHandler                
00003346  C$$EXIT                         
00003347  HOSTexit                        
0000334b  Reset_Handler                   
0000334f  _system_pre_init                
00003360  asc2_1608                       
00003950  asc2_0806                       
00003b80  __aeabi_ctype_table_            
00003b80  __aeabi_ctype_table_C           
00003d00  __TI_Handler_Table_Base         
00003d0c  __TI_Handler_Table_Limit        
00003d1c  __TI_CINIT_Base                 
00003d2c  __TI_CINIT_Limit                
00003d2c  __TI_CINIT_Warm                 
20200000  __start___llvm_prf_bits         
20200000  __start___llvm_prf_cnts         
20200000  __stop___llvm_prf_bits          
20200000  __stop___llvm_prf_cnts          
20200000  gTIMER_HSR04Backup              
202000bc  gPWM_0Backup                    
2020015c  UART0_RxPacket                  
202001c0  UART0_RxFlag                    
202001c4  __aeabi_errno                   
202001c8  cnt                             
202001cc  dist                            
202001d0  number                          
202001d4  overflowFlag                    
202001d8  timer_flag                      
20207e00  __stack                         
20208000  __STACK_END                     
ffffffff  __TI_pprof_out_hndl             
ffffffff  __TI_prof_data_size             
ffffffff  __TI_prof_data_start            
ffffffff  __binit__                       
ffffffff  binit                           
UNDEFED   __mpu_init                      
UNDEFED   _system_post_cinit              

[186 symbols]
