******************************************************************************
            TI ARM Clang Linker PC v4.0.2                      
******************************************************************************
>> Linked Wed May 28 17:04:03 2025

OUTPUT FILE NAME:   <Action.out>
ENTRY POINT SYMBOL: "_c_int00_noargs"  address: 000060d1


MEMORY CONFIGURATION

         name            origin    length      used     unused   attr    fill
----------------------  --------  ---------  --------  --------  ----  --------
  FLASH                 00000000   00020000  00008130  00017ed0  R  X
  SRAM                  20200000   00008000  0000047a  00007b86  RW X
  BCR_CONFIG            41c00000   000000ff  00000000  000000ff  R   
  BSL_CONFIG            41c00100   00000080  00000000  00000080  R   


SEGMENT ALLOCATION MAP

run origin  load origin   length   init length attrs members
----------  ----------- ---------- ----------- ----- -------
00000000    00000000    00008130   00008130    r-x
  00000000    00000000    000000c0   000000c0    r-- .intvecs
  000000c0    000000c0    000069e0   000069e0    r-x .text
  00006aa0    00006aa0    00001650   00001650    r-- .rodata
  000080f0    000080f0    00000040   00000040    r-- .cinit
20200000    20200000    0000027a   00000000    rw-
  20200000    20200000    00000208   00000000    rw- .bss
  20200208    20200208    00000072   00000000    rw- .data
20207e00    20207e00    00000200   00000000    rw-
  20207e00    20207e00    00000200   00000000    rw- .stack


SECTION ALLOCATION MAP

 output                                  attributes/
section   page    origin      length       input sections
--------  ----  ----------  ----------   ----------------
.intvecs   0    00000000    000000c0     
                  00000000    000000c0     startup_mspm0g350x_ticlang.o (.intvecs)

.text      0    000000c0    000069e0     
                  000000c0    000009d0     libc.a : _printfi.c.obj (.text:__TI_printfi)
                  00000a90    00000364            : e_asin.c.obj (.text.asin)
                  00000df4    000002f8            : s_atan.c.obj (.text.atan)
                  000010ec    00000278     inv_mpu_dmp_motion_driver.o (.text.dmp_enable_feature)
                  00001364    00000238     mpu6050.o (.text.Read_Quad)
                  0000159c    00000238     inv_mpu_dmp_motion_driver.o (.text.dmp_set_tap_thresh)
                  000017d4    0000022c     inv_mpu.o (.text.mpu_reset_fifo)
                  00001a00    00000220     libc.a : _printfi.c.obj (.text._pconv_a)
                  00001c20    00000200     inv_mpu.o (.text.mpu_init)
                  00001e20    000001f4     inv_mpu_dmp_motion_driver.o (.text.dmp_read_fifo)
                  00002014    000001dc     libc.a : _printfi.c.obj (.text._pconv_g)
                  000021f0    000001b8     main.o (.text.main)
                  000023a8    000001a0     inv_mpu.o (.text.mpu_set_bypass)
                  00002548    00000192     libclang_rt.builtins.a : adddf3.S.obj (.text.adddf3_subdf3)
                  000026da    00000002                            : aeabi_div0.c.obj (.text.__aeabi_idiv0)
                  000026dc    00000188     libc.a : e_atan2.c.obj (.text.atan2)
                  00002864    00000178     inv_mpu_dmp_motion_driver.o (.text.dmp_set_orientation)
                  000029dc    00000170     libc.a : e_sqrt.c.obj (.text.sqrt)
                  00002b4c    0000016c     EXTI.o (.text.GROUP1_IRQHandler)
                  00002cb8    00000144     ti_msp_dl_config.o (.text.SYSCFG_DL_GPIO_init)
                  00002dfc    0000013c     libc.a : _printfi.c.obj (.text.fcvt)
                  00002f38    00000130     inv_mpu.o (.text.mpu_set_sensors)
                  00003068    00000130     mspm0_i2c.o (.text.mspm0_i2c_read)
                  00003198    00000124     inv_mpu.o (.text.mpu_load_firmware)
                  000032bc    00000120     libc.a : _printfi.c.obj (.text._pconv_e)
                  000033dc    00000118     oled.o (.text.OLED_ShowChar)
                  000034f4    00000110     inv_mpu.o (.text.mpu_lp_accel_mode)
                  00003604    0000010c     libclang_rt.builtins.a : divdf3.S.obj (.text.__divdf3)
                  00003710    00000108     inv_mpu.o (.text.mpu_read_fifo_stream)
                  00003818    00000104     driverlib.a : dl_timer.o (.text.DL_Timer_initFourCCPWMMode)
                  0000391c    000000fa     oled.o (.text.OLED_Init)
                  00003a16    00000002     libclang_rt.builtins.a : aeabi_div0.c.obj (.text.__aeabi_ldiv0)
                  00003a18    000000ec     inv_mpu.o (.text.mpu_set_sample_rate)
                  00003b04    000000e8     driverlib.a : dl_timer.o (.text.DL_Timer_initTimerMode)
                  00003bec    000000e4     libclang_rt.builtins.a : muldf3.S.obj (.text.__muldf3)
                  00003cd0    000000e4     inv_mpu.o (.text.mpu_set_accel_fsr)
                  00003db4    000000d8     libc.a : s_scalbn.c.obj (.text.scalbn)
                  00003e8c    000000d8     libclang_rt.builtins.a : addsf3.S.obj (.text)
                  00003f64    000000d4     inv_mpu.o (.text.set_int_enable)
                  00004038    000000d0     inv_mpu.o (.text.mpu_set_lpf)
                  00004108    000000c4     inv_mpu.o (.text.mpu_set_gyro_fsr)
                  000041cc    000000c0     mspm0_i2c.o (.text.mspm0_i2c_write)
                  0000428c    000000bc     inv_mpu.o (.text.mpu_configure_fifo)
                  00004348    000000b8     inv_mpu.o (.text.mpu_set_dmp_state)
                  00004400    000000ac     mpu6050.o (.text.mpu6050_init)
                  000044ac    000000ac     inv_mpu.o (.text.mpu_read_mem)
                  00004558    000000ac     inv_mpu.o (.text.mpu_write_mem)
                  00004604    000000a4     UART.o (.text.UART0_IRQHandler)
                  000046a8    000000a2     libclang_rt.builtins.a : udivmoddi4.S.obj (.text)
                  0000474a    00000002     --HOLE-- [fill = 0]
                  0000474c    0000009c     inv_mpu.o (.text.mpu_set_int_latched)
                  000047e8    00000098     inv_mpu_dmp_motion_driver.o (.text.dmp_set_fifo_rate)
                  00004880    00000096     mpu6050.o (.text.inv_row_2_scale)
                  00004916    00000002     --HOLE-- [fill = 0]
                  00004918    00000090     ti_msp_dl_config.o (.text.SYSCFG_DL_PWM_0_init)
                  000049a8    0000008c     ti_msp_dl_config.o (.text.SYSCFG_DL_initPower)
                  00004a34    0000008c     libclang_rt.builtins.a : mulsf3.S.obj (.text.__mulsf3)
                  00004ac0    0000008c     inv_mpu_dmp_motion_driver.o (.text.decode_gesture)
                  00004b4c    00000084     ti_msp_dl_config.o (.text.__NVIC_SetPriority)
                  00004bd0    00000082     libclang_rt.builtins.a : divsf3.S.obj (.text.__divsf3)
                  00004c52    00000002     --HOLE-- [fill = 0]
                  00004c54    0000007c     oled.o (.text.Send_Byte)
                  00004cd0    0000007c     libc.a : copy_decompress_lzss.c.obj (.text:decompress:lzss)
                  00004d4c    00000074     libclang_rt.builtins.a : comparedf2.c.obj (.text.__gedf2)
                  00004dc0    00000074                            : truncdfsf2.S.obj (.text.__truncdfsf2)
                  00004e34    00000074     inv_mpu.o (.text.mpu_get_accel_fsr)
                  00004ea8    00000070     oled.o (.text.OLED_ShowString)
                  00004f18    0000006c     EXTI.o (.text.TIMG0_IRQHandler)
                  00004f84    0000006a     oled.o (.text.OLED_Clear)
                  00004fee    00000002     --HOLE-- [fill = 0]
                  00004ff0    00000068     libclang_rt.builtins.a : comparedf2.c.obj (.text.__ledf2)
                  00005058    00000066     libc.a : _printfi.c.obj (.text._mcpy)
                  000050be    00000066     inv_mpu_dmp_motion_driver.o (.text.dmp_set_tap_axes)
                  00005124    00000062     libclang_rt.builtins.a : aeabi_dcmp.S.obj (.text.__aeabi_dcmp)
                  00005186    00000002     --HOLE-- [fill = 0]
                  00005188    00000060     inv_mpu_dmp_motion_driver.o (.text.dmp_enable_gyro_cal)
                  000051e8    00000060     inv_mpu.o (.text.mpu_get_gyro_fsr)
                  00005248    0000005e     driverlib.a : dl_i2c.o (.text.DL_I2C_fillControllerTXFIFO)
                  000052a6    00000002     --HOLE-- [fill = 0]
                  000052a8    0000005c     libc.a : s_frexp.c.obj (.text.frexp)
                  00005304    00000058     ti_msp_dl_config.o (.text.SYSCFG_DL_I2C_MPU6050_init)
                  0000535c    00000058     libc.a : _ltoa.c.obj (.text.__TI_ltoa)
                  000053b4    00000058            : _printfi.c.obj (.text._pconv_f)
                  0000540c    00000056     libclang_rt.builtins.a : aeabi_idivmod.S.obj (.text.__aeabi_idivmod)
                  00005462    00000052     libc.a : _printfi.c.obj (.text._ecpy)
                  000054b4    00000050     mspm0_i2c.o (.text.DL_I2C_startControllerTransfer)
                  00005504    00000050     ti_msp_dl_config.o (.text.SysTick_Config)
                  00005554    0000004e     oled.o (.text.OLED_WR_Byte)
                  000055a2    00000002     --HOLE-- [fill = 0]
                  000055a4    0000004c     ti_msp_dl_config.o (.text.DL_UART_setBaudRateDivisor)
                  000055f0    0000004a     libclang_rt.builtins.a : fixdfsi.S.obj (.text.__fixdfsi)
                  0000563a    00000002     --HOLE-- [fill = 0]
                  0000563c    00000048     driverlib.a : dl_uart.o (.text.DL_UART_init)
                  00005684    00000048     ti_msp_dl_config.o (.text.SYSCFG_DL_UART_0_init)
                  000056cc    00000048     inv_mpu_dmp_motion_driver.o (.text.dmp_enable_6x_lp_quat)
                  00005714    00000048     inv_mpu_dmp_motion_driver.o (.text.dmp_enable_lp_quat)
                  0000575c    00000044     Key.o (.text.KeyScan)
                  000057a0    00000044     inv_mpu_dmp_motion_driver.o (.text.dmp_set_shake_reject_thresh)
                  000057e4    00000044     inv_mpu_dmp_motion_driver.o (.text.dmp_set_tap_count)
                  00005828    00000040     ti_msp_dl_config.o (.text.SYSCFG_DL_init)
                  00005868    00000040     libclang_rt.builtins.a : aeabi_uidivmod.S.obj (.text.__aeabi_uidivmod)
                  000058a8    00000040                            : extendsfdf2.S.obj (.text.__extendsfdf2)
                  000058e8    00000040     libc.a : atoi.c.obj (.text.atoi)
                  00005928    0000003e     mpu6050.o (.text.inv_orientation_matrix_to_scalar)
                  00005966    00000002     --HOLE-- [fill = 0]
                  00005968    0000003c     ti_msp_dl_config.o (.text.DL_GPIO_initPeripheralInputFunctionFeatures)
                  000059a4    0000003c     driverlib.a : dl_i2c.o (.text.DL_I2C_flushControllerTXFIFO)
                  000059e0    0000003c     ti_msp_dl_config.o (.text.DL_Timer_setCounterControl)
                  00005a1c    0000003c     oled.o (.text.OLED_Set_Pos)
                  00005a58    0000003c     UART.o (.text.UART0_SendString)
                  00005a94    0000003c     libclang_rt.builtins.a : floatsisf.S.obj (.text.__floatsisf)
                  00005ad0    0000003c     libc.a : autoinit.c.obj (.text:__TI_auto_init_nobinit_nopinit)
                  00005b0c    0000003a     libclang_rt.builtins.a : muldsi3.S.obj (.text.__muldsi3)
                  00005b46    00000002     --HOLE-- [fill = 0]
                  00005b48    00000038     oled.o (.text.I2C_Start)
                  00005b80    00000038     libclang_rt.builtins.a : fixsfsi.S.obj (.text.__fixsfsi)
                  00005bb8    00000038     libc.a : sprintf.c.obj (.text.sprintf)
                  00005bf0    00000034     function.o (.text.All_Interrupt)
                  00005c24    00000034     ti_msp_dl_config.o (.text.DL_GPIO_initDigitalInputFeatures)
                  00005c58    00000034     ti_msp_dl_config.o (.text.SYSCFG_DL_TIMER_0_init)
                  00005c8c    00000034     ti_msp_dl_config.o (.text.SYSCFG_DL_TIMER_HSR04_init)
                  00005cc0    00000034     inv_mpu.o (.text.mpu_get_sample_rate)
                  00005cf4    00000032     inv_mpu_dmp_motion_driver.o (.text.dmp_set_shake_reject_time)
                  00005d26    00000032     inv_mpu_dmp_motion_driver.o (.text.dmp_set_shake_reject_timeout)
                  00005d58    00000030     ti_msp_dl_config.o (.text.DL_GPIO_initDigitalOutputFeatures)
                  00005d88    00000030     oled.o (.text.I2C_Stop)
                  00005db8    00000030     oled.o (.text.I2C_WaitAck)
                  00005de8    00000030     UART.o (.text.UART0_GetFlag)
                  00005e18    00000030     libc.a : _printfi.c.obj (.text._fcpy)
                  00005e48    00000030     inv_mpu_dmp_motion_driver.o (.text.dmp_set_tap_time)
                  00005e78    00000030     inv_mpu_dmp_motion_driver.o (.text.dmp_set_tap_time_multi)
                  00005ea8    00000030     mspm0_clock.o (.text.mspm0_delay_ms)
                  00005ed8    0000002c     Key.o (.text.LED_TIG)
                  00005f04    0000002c     UART.o (.text.UART0_SendByte)
                  00005f30    0000002c     function.o (.text.__NVIC_ClearPendingIRQ)
                  00005f5c    0000002c     function.o (.text.__NVIC_EnableIRQ)
                  00005f88    0000002c     libclang_rt.builtins.a : floatsidf.S.obj (.text.__floatsidf)
                  00005fb4    0000002c     mspm0_clock.o (.text.mspm0_get_clock_ms)
                  00005fe0    00000028     mspm0_i2c.o (.text.DL_Common_updateReg)
                  00006008    00000028     ti_msp_dl_config.o (.text.DL_Common_updateReg)
                  00006030    00000028     ti_msp_dl_config.o (.text.DL_I2C_setControllerRXFIFOThreshold)
                  00006058    00000028     ti_msp_dl_config.o (.text.DL_I2C_setControllerTXFIFOThreshold)
                  00006080    00000028     HSR04.o (.text.Trig_HL)
                  000060a8    00000028     libclang_rt.builtins.a : floatunsisf.S.obj (.text.__floatunsisf)
                  000060d0    00000028     libc.a : boot_cortex_m.c.obj (.text:_c_int00_noargs)
                  000060f8    00000026     ti_msp_dl_config.o (.text.DL_I2C_setAnalogGlitchFilterPulseWidth)
                  0000611e    00000026     driverlib.a : dl_i2c.o (.text.DL_I2C_setClockConfig)
                  00006144    00000024     libclang_rt.builtins.a : muldi3.S.obj (.text.__muldi3)
                  00006168    00000022     Delay.o (.text.Delay_ms)
                  0000618a    00000022     oled.o (.text.delay_ms)
                  000061ac    00000022     libc.a : memccpy.c.obj (.text.memccpy)
                  000061ce    00000002     --HOLE-- [fill = 0]
                  000061d0    00000020     ti_msp_dl_config.o (.text.DL_GPIO_initPeripheralInputFunction)
                  000061f0    00000020     Delay.o (.text.Delay_us)
                  00006210    00000020     EXTI.o (.text.TIMA0_IRQHandler)
                  00006230    00000020     libc.a : memcmp.c.obj (.text.memcmp)
                  00006250    0000001e     ti_msp_dl_config.o (.text.DL_UART_setOversampling)
                  0000626e    0000001e     ti_msp_dl_config.o (.text.SYSCFG_DL_SYSCTL_init)
                  0000628c    0000001e     libclang_rt.builtins.a : ashldi3.S.obj (.text.__ashldi3)
                  000062aa    00000002     --HOLE-- [fill = 0]
                  000062ac    0000001c     EXTI.o (.text.DL_GPIO_clearInterruptStatus)
                  000062c8    0000001c     ti_msp_dl_config.o (.text.DL_GPIO_clearInterruptStatus)
                  000062e4    0000001c     ti_msp_dl_config.o (.text.DL_GPIO_enableHiZ)
                  00006300    0000001c     ti_msp_dl_config.o (.text.DL_GPIO_enableInterrupt)
                  0000631c    0000001c     ti_msp_dl_config.o (.text.DL_GPIO_initPeripheralOutputFunction)
                  00006338    0000001c     ti_msp_dl_config.o (.text.DL_GPIO_setLowerPinsPolarity)
                  00006354    0000001c     mspm0_i2c.o (.text.DL_I2C_isControllerRXFIFOEmpty)
                  00006370    0000001c     ti_msp_dl_config.o (.text.DL_SYSCTL_setSYSOSCFreq)
                  0000638c    0000001c     ti_msp_dl_config.o (.text.DL_Timer_enableInterrupt)
                  000063a8    0000001c     driverlib.a : dl_timer.o (.text.DL_Timer_setCaptCompUpdateMethod)
                  000063c4    0000001c                 : dl_timer.o (.text.DL_Timer_setClockConfig)
                  000063e0    0000001c     ti_msp_dl_config.o (.text.DL_UART_enableInterrupt)
                  000063fc    0000001c     inv_mpu_dmp_motion_driver.o (.text.dmp_load_motion_driver_firmware)
                  00006418    00000018     ti_msp_dl_config.o (.text.DL_GPIO_enableOutput)
                  00006430    00000018     ti_msp_dl_config.o (.text.DL_GPIO_enablePower)
                  00006448    00000018     EXTI.o (.text.DL_GPIO_getEnabledInterruptStatus)
                  00006460    00000018     ti_msp_dl_config.o (.text.DL_GPIO_initDigitalOutput)
                  00006478    00000018     ti_msp_dl_config.o (.text.DL_GPIO_reset)
                  00006490    00000018     HSR04.o (.text.DL_GPIO_setPins)
                  000064a8    00000018     Key.o (.text.DL_GPIO_setPins)
                  000064c0    00000018     oled.o (.text.DL_GPIO_setPins)
                  000064d8    00000018     ti_msp_dl_config.o (.text.DL_GPIO_setUpperPinsPolarity)
                  000064f0    00000018     mspm0_i2c.o (.text.DL_I2C_clearInterruptStatus)
                  00006508    00000018     ti_msp_dl_config.o (.text.DL_I2C_enableAnalogGlitchFilter)
                  00006520    00000018     ti_msp_dl_config.o (.text.DL_I2C_enableController)
                  00006538    00000018     ti_msp_dl_config.o (.text.DL_I2C_enableControllerClockStretching)
                  00006550    00000018     mspm0_i2c.o (.text.DL_I2C_enablePower)
                  00006568    00000018     ti_msp_dl_config.o (.text.DL_I2C_enablePower)
                  00006580    00000018     mspm0_i2c.o (.text.DL_I2C_getRawInterruptStatus)
                  00006598    00000018     mspm0_i2c.o (.text.DL_I2C_reset)
                  000065b0    00000018     ti_msp_dl_config.o (.text.DL_I2C_reset)
                  000065c8    00000018     ti_msp_dl_config.o (.text.DL_I2C_setTimerPeriod)
                  000065e0    00000018     ti_msp_dl_config.o (.text.DL_SYSCTL_setBORThreshold)
                  000065f8    00000018     ti_msp_dl_config.o (.text.DL_Timer_enablePower)
                  00006610    00000018     ti_msp_dl_config.o (.text.DL_Timer_reset)
                  00006628    00000018     driverlib.a : dl_timer.o (.text.DL_Timer_setCaptureCompareOutCtl)
                  00006640    00000018     EXTI.o (.text.DL_Timer_startCounter)
                  00006658    00000018     function.o (.text.DL_Timer_startCounter)
                  00006670    00000018     EXTI.o (.text.DL_Timer_stopCounter)
                  00006688    00000018     UART.o (.text.DL_UART_clearInterruptStatus)
                  000066a0    00000018     ti_msp_dl_config.o (.text.DL_UART_enablePower)
                  000066b8    00000018     UART.o (.text.DL_UART_isBusy)
                  000066d0    00000018     ti_msp_dl_config.o (.text.DL_UART_reset)
                  000066e8    00000018     libc.a : sprintf.c.obj (.text._outs)
                  00006700    00000016     EXTI.o (.text.DL_GPIO_readPins)
                  00006716    00000016     Key.o (.text.DL_GPIO_readPins)
                  0000672c    00000016     mspm0_i2c.o (.text.DL_I2C_transmitControllerData)
                  00006742    00000016     ti_msp_dl_config.o (.text.DL_UART_enable)
                  00006758    00000016     UART.o (.text.DL_UART_transmitData)
                  0000676e    00000016     libc.a : copy_zero_init.c.obj (.text:decompress:ZI:__TI_zero_init_nomemset)
                  00006784    00000014     HSR04.o (.text.DL_GPIO_clearPins)
                  00006798    00000014     Key.o (.text.DL_GPIO_clearPins)
                  000067ac    00000014     oled.o (.text.DL_GPIO_clearPins)
                  000067c0    00000014     ti_msp_dl_config.o (.text.DL_GPIO_clearPins)
                  000067d4    00000014     mspm0_i2c.o (.text.DL_I2C_receiveControllerData)
                  000067e8    00000014     ti_msp_dl_config.o (.text.DL_I2C_resetControllerTransfer)
                  000067fc    00000014     ti_msp_dl_config.o (.text.DL_SYSCTL_disableSYSPLL)
                  00006810    00000014     ti_msp_dl_config.o (.text.DL_Timer_enableClock)
                  00006824    00000014     ti_msp_dl_config.o (.text.DL_Timer_setCCPDirection)
                  00006838    00000014     EXTI.o (.text.DL_Timer_setTimerCount)
                  0000684c    00000014     UART.o (.text.DL_UART_receiveData)
                  00006860    00000014     libclang_rt.builtins.a : aeabi_uldivmod.S.obj (.text.__aeabi_uldivmod)
                  00006874    00000014     inv_mpu_dmp_motion_driver.o (.text.dmp_register_android_orient_cb)
                  00006888    00000014     inv_mpu_dmp_motion_driver.o (.text.dmp_register_tap_cb)
                  0000689c    00000014     libc.a : _printfi.c.obj (.text.strchr)
                  000068b0    00000012     EXTI.o (.text.DL_Timer_getPendingInterrupt)
                  000068c2    00000012     UART.o (.text.DL_UART_getPendingInterrupt)
                  000068d4    00000012     driverlib.a : dl_uart.o (.text.DL_UART_setClockConfig)
                  000068e6    00000012     libc.a : memcpy16.S.obj (.text:TI_memcpy_small)
                  000068f8    00000012            : copy_decompress_none.c.obj (.text:decompress:none)
                  0000690a    00000002     --HOLE-- [fill = 0]
                  0000690c    00000010     ti_msp_dl_config.o (.text.DL_SYSCTL_disableHFXT)
                  0000691c    00000010     EXTI.o (.text.DL_Timer_getTimerCount)
                  0000692c    00000010     driverlib.a : dl_timer.o (.text.DL_Timer_setCaptureCompareValue)
                  0000693c    00000010     mspm0_clock.o (.text.SysTick_Handler)
                  0000694c    00000010     libc.a : wcslen.c.obj (.text.wcslen)
                  0000695c    0000000e     libclang_rt.builtins.a : aeabi_memset.S.obj (.text.__aeabi_memset)
                  0000696a    0000000e     libc.a : _printfi.c.obj (.text.strlen)
                  00006978    0000000e     mpu6050.o (.text.tap_cb)
                  00006986    0000000e     libc.a : memset16.S.obj (.text:TI_memset_small)
                  00006994    0000000c     EXTI.o (.text.Get_Juli)
                  000069a0    0000000c     ti_msp_dl_config.o (.text.SYSCFG_DL_SYSTICK_init)
                  000069ac    0000000a     driverlib.a : dl_common.o (.text.DL_Common_delayCycles)
                  000069b6    0000000a     libc.a : _printfi.c.obj (.text.OUTLINED_FUNCTION_0)
                  000069c0    00000010     libclang_rt.builtins.a : adddf3.S.obj (.tramp.__aeabi_dsub.1)
                  000069d0    0000000a     libc.a : e_asin.c.obj (.text.OUTLINED_FUNCTION_0)
                  000069da    00000002     --HOLE-- [fill = 0]
                  000069dc    00000010     libclang_rt.builtins.a : muldf3.S.obj (.tramp.__aeabi_dmul.1)
                  000069ec    0000000a     libc.a : s_atan.c.obj (.text.OUTLINED_FUNCTION_0)
                  000069f6    0000000a            : _printfi.c.obj (.text.OUTLINED_FUNCTION_1)
                  00006a00    0000000a            : e_asin.c.obj (.text.OUTLINED_FUNCTION_1)
                  00006a0a    0000000a            : e_asin.c.obj (.text.OUTLINED_FUNCTION_3)
                  00006a14    00000010     libclang_rt.builtins.a : divdf3.S.obj (.tramp.__aeabi_ddiv.1)
                  00006a24    0000000a     libc.a : sprintf.c.obj (.text._outc)
                  00006a2e    0000000a     mpu6050.o (.text.android_orient_cb)
                  00006a38    00000008     libc.a : s_atan.c.obj (.text.OUTLINED_FUNCTION_2)
                  00006a40    00000008            : aeabi_portable.c.obj (.text.__aeabi_errno_addr)
                  00006a48    00000008     libclang_rt.builtins.a : aeabi_memcpy.S.obj (.text.__aeabi_memcpy)
                  00006a50    00000006     libc.a : s_atan.c.obj (.text.OUTLINED_FUNCTION_1)
                  00006a56    00000002     --HOLE-- [fill = 0]
                  00006a58    00000010     libclang_rt.builtins.a : adddf3.S.obj (.tramp.__aeabi_dadd.1)
                  00006a68    00000006     libc.a : e_asin.c.obj (.text.OUTLINED_FUNCTION_2)
                  00006a6e    00000006            : exit.c.obj (.text:abort)
                  00006a74    00000004     startup_mspm0g350x_ticlang.o (.text.Default_Handler)
                  00006a78    00000004     libsysbm.a : hostexit.c.obj (.text.HOSTexit)
                  00006a7c    00000004     libc.a : e_asin.c.obj (.text.OUTLINED_FUNCTION_4)
                  00006a80    00000004     startup_mspm0g350x_ticlang.o (.text.Reset_Handler)
                  00006a84    00000010     libc.a : boot_cortex_m.c.obj (.tramp._c_int00_noargs.1)
                  00006a94    00000004            : pre_init.c.obj (.text._system_pre_init)
                  00006a98    00000008     --HOLE-- [fill = 0]

.cinit     0    000080f0    00000040     
                  000080f0    0000001b     (.cinit..data.load) [load image, compression = lzss]
                  0000810b    00000001     --HOLE-- [fill = 0]
                  0000810c    0000000c     (__TI_handler_table)
                  00008118    00000008     (.cinit..bss.load) [load image, compression = zero_init]
                  00008120    00000010     (__TI_cinit_table)

.rodata    0    00006aa0    00001650     
                  00006aa0    00000bf6     inv_mpu_dmp_motion_driver.o (.rodata.dmp_memory)
                  00007696    000005f0     oled.o (.rodata.asc2_1608)
                  00007c86    00000228     oled.o (.rodata.asc2_0806)
                  00007eae    00000002     ti_msp_dl_config.o (.rodata.gI2C_MPU6050ClockConfig)
                  00007eb0    00000101     libc.a : aeabi_ctype.S.obj (.rodata:__aeabi_ctype_table_)
                  00007fb1    00000007     main.o (.rodata.str1.12180500075719773345.1)
                  00007fb8    00000040     libc.a : s_atan.c.obj (.rodata.cst32)
                  00007ff8    00000028     inv_mpu.o (.rodata.test)
                  00008020    0000001e     inv_mpu.o (.rodata.reg)
                  0000803e    00000002     ti_msp_dl_config.o (.rodata.gUART_0ClockConfig)
                  00008040    00000014     ti_msp_dl_config.o (.rodata.gTIMER_0TimerConfig)
                  00008054    00000014     ti_msp_dl_config.o (.rodata.gTIMER_HSR04TimerConfig)
                  00008068    00000011     libc.a : _printfi.c.obj (.rodata.str1.10348868589481759720.1)
                  00008079    00000011            : _printfi.c.obj (.rodata.str1.15363888844622738466.1)
                  0000808a    00000010     main.o (.rodata.str1.2846389346932560359.1)
                  0000809a    0000000c     inv_mpu.o (.rodata.hw)
                  000080a6    0000000a     ti_msp_dl_config.o (.rodata.gUART_0Config)
                  000080b0    0000000a     main.o (.rodata.str1.288608917962107522.1)
                  000080ba    00000002     --HOLE-- [fill = 0]
                  000080bc    00000008     ti_msp_dl_config.o (.rodata.gPWM_0Config)
                  000080c4    00000007     main.o (.rodata.str1.15159059442110792349.1)
                  000080cb    00000007     main.o (.rodata.str1.17100691992556644108.1)
                  000080d2    00000007     main.o (.rodata.str1.8154729771448623357.1)
                  000080d9    00000006     main.o (.rodata.str1.18227636981041470289.1)
                  000080df    00000003     ti_msp_dl_config.o (.rodata.gPWM_0ClockConfig)
                  000080e2    00000003     ti_msp_dl_config.o (.rodata.gTIMER_0ClockConfig)
                  000080e5    00000003     ti_msp_dl_config.o (.rodata.gTIMER_HSR04ClockConfig)
                  000080e8    00000008     --HOLE-- [fill = 0]

.init_array 
*          0    00000000    00000000     UNINITIALIZED

.binit     0    00000000    00000000     

.bss       0    20200000    00000208     UNINITIALIZED
                  20200000    000000bc     (.common:gTIMER_HSR04Backup)
                  202000bc    000000a0     (.common:gPWM_0Backup)
                  2020015c    00000064     (.common:UART0_RxPacket)
                  202001c0    00000010     (.common:oled_buffer)
                  202001d0    00000010     (.common:quat)
                  202001e0    00000006     (.common:accel)
                  202001e6    00000006     (.common:gyro)
                  202001ec    00000004     (.common:pitch)
                  202001f0    00000004     (.common:roll)
                  202001f4    00000004     (.common:sensor_timestamp)
                  202001f8    00000004     (.common:start_time)
                  202001fc    00000004     (.common:tick_ms)
                  20200200    00000004     (.common:yaw)
                  20200204    00000002     (.common:sensors)
                  20200206    00000001     (.common:UART0_RxFlag)
                  20200207    00000001     (.common:more)

.data      0    20200208    00000072     UNINITIALIZED
                  20200208    0000002c     inv_mpu.o (.data.st)
                  20200234    00000010     inv_mpu_dmp_motion_driver.o (.data.dmp)
                  20200244    0000000e     mpu6050.o (.data.hal)
                  20200252    00000009     mpu6050.o (.data.gyro_orientation)
                  2020025b    00000001     UART.o (.data.UART0_IRQHandler.RxState)
                  2020025c    00000004     main.o (.data.Encoder_V)
                  20200260    00000004     main.o (.data.Encoder_count)
                  20200264    00000004     libc.a : aeabi_portable.c.obj (.data.__aeabi_errno)
                  20200268    00000004     EXTI.o (.data.cnt)
                  2020026c    00000004     EXTI.o (.data.dist)
                  20200270    00000004     EXTI.o (.data.overflowFlag)
                  20200274    00000004     main.o (.data.timer_flag)
                  20200278    00000001     UART.o (.data.UART0_IRQHandler.pRxPacket)
                  20200279    00000001     main.o (.data.mpu6050_int_flag)

.stack     0    20207e00    00000200     UNINITIALIZED
                  20207e00    00000004     libc.a : boot_cortex_m.c.obj (.stack)
                  20207e04    000001fc     --HOLE--

__llvm_prf_cnts 
*          0    20200000    00000000     UNINITIALIZED

__llvm_prf_bits 
*          0    20200000    00000000     UNINITIALIZED

MODULE SUMMARY

       Module                         code    ro data   rw data
       ------                         ----    -------   -------
    .\
       ti_msp_dl_config.o             2452    71        348    
       main.o                         440     60        29     
       startup_mspm0g350x_ticlang.o   8       192       0      
       function.o                     164     0         0      
    +--+------------------------------+-------+---------+---------+
       Total:                         3064    323       377    
                                                               
    .\Hardware\EXTI\
       EXTI.o                         692     0         12     
    +--+------------------------------+-------+---------+---------+
       Total:                         692     0         12     
                                                               
    .\Hardware\HSR04\
       HSR04.o                        84      0         0      
    +--+------------------------------+-------+---------+---------+
       Total:                         84      0         0      
                                                               
    .\Hardware\Key\
       Key.o                          178     0         0      
    +--+------------------------------+-------+---------+---------+
       Total:                         178     0         0      
                                                               
    .\Hardware\MPU6050\
       inv_mpu_dmp_motion_driver.o    3110    3062      16     
       inv_mpu.o                      4832    82        44     
       mpu6050.o                      976     0         70     
       mspm0_i2c.o                    782     0         0      
       mspm0_clock.o                  108     0         8      
    +--+------------------------------+-------+---------+---------+
       Total:                         9808    3144      138    
                                                               
    .\Hardware\OLED\
       oled.o                         1240    2072      0      
    +--+------------------------------+-------+---------+---------+
       Total:                         1240    2072      0      
                                                               
    .\Hardware\UART\
       UART.o                         424     0         103    
    +--+------------------------------+-------+---------+---------+
       Total:                         424     0         103    
                                                               
    .\System\
       Delay.o                        66      0         0      
    +--+------------------------------+-------+---------+---------+
       Total:                         66      0         0      
                                                               
    C:/TI/mspm0_sdk_2_04_00_06/source/ti/driverlib/lib/ticlang/m0p/mspm0g1x0x_g3x0x/driverlib.a
       dl_timer.o                     588     0         0      
       dl_i2c.o                       192     0         0      
       dl_uart.o                      90      0         0      
       dl_common.o                    10      0         0      
    +--+------------------------------+-------+---------+---------+
       Total:                         880     0         0      
                                                               
    D:\install\ccs_install\ccs\tools\compiler\ti-cgt-armllvm_4.0.2.LTS\lib\armv6m-ti-none-eabi/c/libc.a
       _printfi.c.obj                 4510    34        0      
       e_asin.c.obj                   908     0         0      
       s_atan.c.obj                   784     64        0      
       e_atan2.c.obj                  392     0         0      
       e_sqrt.c.obj                   368     0         0      
       aeabi_ctype.S.obj              0       257       0      
       s_scalbn.c.obj                 216     0         0      
       copy_decompress_lzss.c.obj     124     0         0      
       s_frexp.c.obj                  92      0         0      
       sprintf.c.obj                  90      0         0      
       _ltoa.c.obj                    88      0         0      
       atoi.c.obj                     64      0         0      
       autoinit.c.obj                 60      0         0      
       boot_cortex_m.c.obj            56      0         0      
       memccpy.c.obj                  34      0         0      
       memcmp.c.obj                   32      0         0      
       copy_zero_init.c.obj           22      0         0      
       copy_decompress_none.c.obj     18      0         0      
       memcpy16.S.obj                 18      0         0      
       wcslen.c.obj                   16      0         0      
       memset16.S.obj                 14      0         0      
       aeabi_portable.c.obj           8       0         4      
       exit.c.obj                     6       0         0      
       pre_init.c.obj                 4       0         0      
    +--+------------------------------+-------+---------+---------+
       Total:                         7924    355       4      
                                                               
    D:\install\ccs_install\ccs\tools\compiler\ti-cgt-armllvm_4.0.2.LTS\lib\armv6m-ti-none-eabi/c/libsysbm.a
       hostexit.c.obj                 4       0         0      
    +--+------------------------------+-------+---------+---------+
       Total:                         4       0         0      
                                                               
    D:\install\ccs_install\ccs\tools\compiler\ti-cgt-armllvm_4.0.2.LTS\lib\armv6m-ti-none-eabi/libclang_rt.builtins.a
       adddf3.S.obj                   434     0         0      
       divdf3.S.obj                   284     0         0      
       muldf3.S.obj                   244     0         0      
       comparedf2.c.obj               220     0         0      
       addsf3.S.obj                   216     0         0      
       udivmoddi4.S.obj               162     0         0      
       mulsf3.S.obj                   140     0         0      
       divsf3.S.obj                   130     0         0      
       truncdfsf2.S.obj               116     0         0      
       aeabi_dcmp.S.obj               98      0         0      
       aeabi_idivmod.S.obj            86      0         0      
       fixdfsi.S.obj                  74      0         0      
       aeabi_uidivmod.S.obj           64      0         0      
       extendsfdf2.S.obj              64      0         0      
       floatsisf.S.obj                60      0         0      
       muldsi3.S.obj                  58      0         0      
       fixsfsi.S.obj                  56      0         0      
       floatsidf.S.obj                44      0         0      
       floatunsisf.S.obj              40      0         0      
       muldi3.S.obj                   36      0         0      
       ashldi3.S.obj                  30      0         0      
       aeabi_uldivmod.S.obj           20      0         0      
       aeabi_memset.S.obj             14      0         0      
       aeabi_memcpy.S.obj             8       0         0      
       aeabi_div0.c.obj               4       0         0      
    +--+------------------------------+-------+---------+---------+
       Total:                         2702    0         0      
                                                               
       Stack:                         0       0         512    
       Linker Generated:              0       63        0      
    +--+------------------------------+-------+---------+---------+
       Grand Total:                   27066   5957      1146   


LINKER GENERATED COPY TABLES

__TI_cinit_table @ 00008120 records: 2, size/record: 8, table size: 16
	.data: load addr=000080f0, load size=0000001b bytes, run addr=20200208, run size=00000072 bytes, compression=lzss
	.bss: load addr=00008118, load size=00000008 bytes, run addr=20200000, run size=00000208 bytes, compression=zero_init


LINKER GENERATED HANDLER TABLE

__TI_handler_table @ 0000810c records: 3, size/record: 4, table size: 12
	index: 0, handler: __TI_decompress_lzss
	index: 1, handler: __TI_decompress_none
	index: 2, handler: __TI_zero_init


FAR CALL TRAMPOLINES

callee name               trampoline name
   callee addr  tramp addr   call addr  call info
--------------  -----------  ---------  ----------------
__aeabi_dsub              $Tramp$TT$L$PI$$__aeabi_dsub
   00002549     000069c0     000069be   libc.a : _printfi.c.obj (.text.OUTLINED_FUNCTION_0)
__aeabi_dmul              $Tramp$TT$L$PI$$__aeabi_dmul
   00003bed     000069dc     000069d8   libc.a : e_asin.c.obj (.text.OUTLINED_FUNCTION_0)
                             000069f4          : s_atan.c.obj (.text.OUTLINED_FUNCTION_0)
                             00006a08          : e_asin.c.obj (.text.OUTLINED_FUNCTION_1)
                             00006a3e          : s_atan.c.obj (.text.OUTLINED_FUNCTION_2)
                             00006a6c          : e_asin.c.obj (.text.OUTLINED_FUNCTION_2)
__aeabi_ddiv              $Tramp$TT$L$PI$$__aeabi_ddiv
   00003605     00006a14     00006a12   libc.a : e_asin.c.obj (.text.OUTLINED_FUNCTION_3)
__aeabi_dadd              $Tramp$TT$L$PI$$__aeabi_dadd
   00002553     00006a58     00006a54   libc.a : s_atan.c.obj (.text.OUTLINED_FUNCTION_1)
                             00006a7e          : e_asin.c.obj (.text.OUTLINED_FUNCTION_4)
_c_int00_noargs           $Tramp$TT$L$PI$$_c_int00_noargs
   000060d1     00006a84     00006a80   startup_mspm0g350x_ticlang.o (.text.Reset_Handler)

[5 trampolines]
[10 trampoline calls]


GLOBAL SYMBOLS: SORTED ALPHABETICALLY BY Name 

address   name                            
-------   ----                            
00006a75  ADC0_IRQHandler                 
00006a75  ADC1_IRQHandler                 
00006a75  AES_IRQHandler                  
00005bf1  All_Interrupt                   
00006a78  C$$EXIT                         
00006a75  CANFD0_IRQHandler               
00006a75  DAC0_IRQHandler                 
000069ad  DL_Common_delayCycles           
00005249  DL_I2C_fillControllerTXFIFO     
000059a5  DL_I2C_flushControllerTXFIFO    
0000611f  DL_I2C_setClockConfig           
00003819  DL_Timer_initFourCCPWMMode      
00003b05  DL_Timer_initTimerMode          
000063a9  DL_Timer_setCaptCompUpdateMethod
00006629  DL_Timer_setCaptureCompareOutCtl
0000692d  DL_Timer_setCaptureCompareValue 
000063c5  DL_Timer_setClockConfig         
0000563d  DL_UART_init                    
000068d5  DL_UART_setClockConfig          
00006a75  DMA_IRQHandler                  
00006a75  Default_Handler                 
00006169  Delay_ms                        
000061f1  Delay_us                        
2020025c  Encoder_V                       
20200260  Encoder_count                   
00006a75  GROUP0_IRQHandler               
00002b4d  GROUP1_IRQHandler               
00006995  Get_Juli                        
00006a79  HOSTexit                        
00006a75  HardFault_Handler               
00006a75  I2C0_IRQHandler                 
00006a75  I2C1_IRQHandler                 
00005b49  I2C_Start                       
00005d89  I2C_Stop                        
00005db9  I2C_WaitAck                     
0000575d  KeyScan                         
00005ed9  LED_TIG                         
00006a75  NMI_Handler                     
00004f85  OLED_Clear                      
0000391d  OLED_Init                       
00005a1d  OLED_Set_Pos                    
000033dd  OLED_ShowChar                   
00004ea9  OLED_ShowString                 
00005555  OLED_WR_Byte                    
00006a75  PendSV_Handler                  
00006a75  RTC_IRQHandler                  
00001365  Read_Quad                       
00006a81  Reset_Handler                   
00006a75  SPI0_IRQHandler                 
00006a75  SPI1_IRQHandler                 
00006a75  SVC_Handler                     
00002cb9  SYSCFG_DL_GPIO_init             
00005305  SYSCFG_DL_I2C_MPU6050_init      
00004919  SYSCFG_DL_PWM_0_init            
0000626f  SYSCFG_DL_SYSCTL_init           
000069a1  SYSCFG_DL_SYSTICK_init          
00005c59  SYSCFG_DL_TIMER_0_init          
00005c8d  SYSCFG_DL_TIMER_HSR04_init      
00005685  SYSCFG_DL_UART_0_init           
00005829  SYSCFG_DL_init                  
000049a9  SYSCFG_DL_initPower             
00004c55  Send_Byte                       
0000693d  SysTick_Handler                 
00006211  TIMA0_IRQHandler                
00006a75  TIMA1_IRQHandler                
00004f19  TIMG0_IRQHandler                
00006a75  TIMG12_IRQHandler               
00006a75  TIMG6_IRQHandler                
00006a75  TIMG7_IRQHandler                
00006a75  TIMG8_IRQHandler                
000068e7  TI_memcpy_small                 
00006987  TI_memset_small                 
00006081  Trig_HL                         
00005de9  UART0_GetFlag                   
00004605  UART0_IRQHandler                
20200206  UART0_RxFlag                    
2020015c  UART0_RxPacket                  
00005f05  UART0_SendByte                  
00005a59  UART0_SendString                
00006a75  UART1_IRQHandler                
00006a75  UART2_IRQHandler                
00006a75  UART3_IRQHandler                
20208000  __STACK_END                     
00000200  __STACK_SIZE                    
00000000  __TI_ATRegion0_region_sz        
00000000  __TI_ATRegion0_src_addr         
00000000  __TI_ATRegion0_trg_addr         
00000000  __TI_ATRegion1_region_sz        
00000000  __TI_ATRegion1_src_addr         
00000000  __TI_ATRegion1_trg_addr         
00000000  __TI_ATRegion2_region_sz        
00000000  __TI_ATRegion2_src_addr         
00000000  __TI_ATRegion2_trg_addr         
00008120  __TI_CINIT_Base                 
00008130  __TI_CINIT_Limit                
00008130  __TI_CINIT_Warm                 
0000810c  __TI_Handler_Table_Base         
00008118  __TI_Handler_Table_Limit        
00005ad1  __TI_auto_init_nobinit_nopinit  
00004cd1  __TI_decompress_lzss            
000068f9  __TI_decompress_none            
0000535d  __TI_ltoa                       
ffffffff  __TI_pprof_out_hndl             
000000c1  __TI_printfi                    
ffffffff  __TI_prof_data_size             
ffffffff  __TI_prof_data_start            
00000000  __TI_static_base__              
0000676f  __TI_zero_init_nomemset         
00002553  __adddf3                        
00003e97  __addsf3                        
00007eb0  __aeabi_ctype_table_            
00007eb0  __aeabi_ctype_table_C           
00004dc1  __aeabi_d2f                     
000055f1  __aeabi_d2iz                    
00002553  __aeabi_dadd                    
00005125  __aeabi_dcmpeq                  
00005161  __aeabi_dcmpge                  
00005175  __aeabi_dcmpgt                  
0000514d  __aeabi_dcmple                  
00005139  __aeabi_dcmplt                  
00003605  __aeabi_ddiv                    
00003bed  __aeabi_dmul                    
00002549  __aeabi_dsub                    
20200264  __aeabi_errno                   
00006a41  __aeabi_errno_addr              
000058a9  __aeabi_f2d                     
00005b81  __aeabi_f2iz                    
00003e97  __aeabi_fadd                    
00004bd1  __aeabi_fdiv                    
00004a35  __aeabi_fmul                    
00003e8d  __aeabi_fsub                    
00005f89  __aeabi_i2d                     
00005a95  __aeabi_i2f                     
0000540d  __aeabi_idiv                    
000026db  __aeabi_idiv0                   
0000540d  __aeabi_idivmod                 
00003a17  __aeabi_ldiv0                   
0000628d  __aeabi_llsl                    
00006145  __aeabi_lmul                    
00006a49  __aeabi_memcpy                  
00006a49  __aeabi_memcpy4                 
00006a49  __aeabi_memcpy8                 
0000695d  __aeabi_memset                  
0000695d  __aeabi_memset4                 
0000695d  __aeabi_memset8                 
000060a9  __aeabi_ui2f                    
00005869  __aeabi_uidiv                   
00005869  __aeabi_uidivmod                
00006861  __aeabi_uldivmod                
0000628d  __ashldi3                       
ffffffff  __binit__                       
00004ff1  __cmpdf2                        
00003605  __divdf3                        
00004bd1  __divsf3                        
00004ff1  __eqdf2                         
000058a9  __extendsfdf2                   
000055f1  __fixdfsi                       
00005b81  __fixsfsi                       
00005f89  __floatsidf                     
00005a95  __floatsisf                     
000060a9  __floatunsisf                   
00004d4d  __gedf2                         
00004d4d  __gtdf2                         
00004ff1  __ledf2                         
00004ff1  __ltdf2                         
UNDEFED   __mpu_init                      
00003bed  __muldf3                        
00006145  __muldi3                        
00005b0d  __muldsi3                       
00004a35  __mulsf3                        
00004ff1  __nedf2                         
20207e00  __stack                         
20200000  __start___llvm_prf_bits         
20200000  __start___llvm_prf_cnts         
20200000  __stop___llvm_prf_bits          
20200000  __stop___llvm_prf_cnts          
00002549  __subdf3                        
00003e8d  __subsf3                        
00004dc1  __truncdfsf2                    
000046a9  __udivmoddi4                    
000060d1  _c_int00_noargs                 
UNDEFED   _system_post_cinit              
00006a95  _system_pre_init                
00006a6f  abort                           
202001e0  accel                           
00007c86  asc2_0806                       
00007696  asc2_1608                       
00000a91  asin                            
00000a91  asinl                           
00000df5  atan                            
000026dd  atan2                           
000026dd  atan2l                          
00000df5  atanl                           
000058e9  atoi                            
ffffffff  binit                           
20200268  cnt                             
0000618b  delay_ms                        
2020026c  dist                            
000056cd  dmp_enable_6x_lp_quat           
000010ed  dmp_enable_feature              
00005189  dmp_enable_gyro_cal             
00005715  dmp_enable_lp_quat              
000063fd  dmp_load_motion_driver_firmware 
00001e21  dmp_read_fifo                   
00006875  dmp_register_android_orient_cb  
00006889  dmp_register_tap_cb             
000047e9  dmp_set_fifo_rate               
00002865  dmp_set_orientation             
000057a1  dmp_set_shake_reject_thresh     
00005cf5  dmp_set_shake_reject_time       
00005d27  dmp_set_shake_reject_timeout    
000050bf  dmp_set_tap_axes                
000057e5  dmp_set_tap_count               
0000159d  dmp_set_tap_thresh              
00005e49  dmp_set_tap_time                
00005e79  dmp_set_tap_time_multi          
000052a9  frexp                           
000052a9  frexpl                          
202000bc  gPWM_0Backup                    
20200000  gTIMER_HSR04Backup              
202001e6  gyro                            
0000809a  hw                              
00000000  interruptVectors                
00003db5  ldexp                           
00003db5  ldexpl                          
000021f1  main                            
000061ad  memccpy                         
00006231  memcmp                          
20200207  more                            
00004401  mpu6050_init                    
20200279  mpu6050_int_flag                
0000428d  mpu_configure_fifo              
00004e35  mpu_get_accel_fsr               
000051e9  mpu_get_gyro_fsr                
00005cc1  mpu_get_sample_rate             
00001c21  mpu_init                        
00003199  mpu_load_firmware               
000034f5  mpu_lp_accel_mode               
00003711  mpu_read_fifo_stream            
000044ad  mpu_read_mem                    
000017d5  mpu_reset_fifo                  
00003cd1  mpu_set_accel_fsr               
000023a9  mpu_set_bypass                  
00004349  mpu_set_dmp_state               
00004109  mpu_set_gyro_fsr                
0000474d  mpu_set_int_latched             
00004039  mpu_set_lpf                     
00003a19  mpu_set_sample_rate             
00002f39  mpu_set_sensors                 
00004559  mpu_write_mem                   
00005ea9  mspm0_delay_ms                  
00005fb5  mspm0_get_clock_ms              
00003069  mspm0_i2c_read                  
000041cd  mspm0_i2c_write                 
202001c0  oled_buffer                     
20200270  overflowFlag                    
202001ec  pitch                           
202001d0  quat                            
00008020  reg                             
202001f0  roll                            
00003db5  scalbn                          
00003db5  scalbnl                         
202001f4  sensor_timestamp                
20200204  sensors                         
00005bb9  sprintf                         
000029dd  sqrt                            
000029dd  sqrtl                           
202001f8  start_time                      
00007ff8  test                            
202001fc  tick_ms                         
20200274  timer_flag                      
0000694d  wcslen                          
20200200  yaw                             


GLOBAL SYMBOLS: SORTED BY Symbol Address 

address   name                            
-------   ----                            
00000000  __TI_ATRegion0_region_sz        
00000000  __TI_ATRegion0_src_addr         
00000000  __TI_ATRegion0_trg_addr         
00000000  __TI_ATRegion1_region_sz        
00000000  __TI_ATRegion1_src_addr         
00000000  __TI_ATRegion1_trg_addr         
00000000  __TI_ATRegion2_region_sz        
00000000  __TI_ATRegion2_src_addr         
00000000  __TI_ATRegion2_trg_addr         
00000000  __TI_static_base__              
00000000  interruptVectors                
000000c1  __TI_printfi                    
00000200  __STACK_SIZE                    
00000a91  asin                            
00000a91  asinl                           
00000df5  atan                            
00000df5  atanl                           
000010ed  dmp_enable_feature              
00001365  Read_Quad                       
0000159d  dmp_set_tap_thresh              
000017d5  mpu_reset_fifo                  
00001c21  mpu_init                        
00001e21  dmp_read_fifo                   
000021f1  main                            
000023a9  mpu_set_bypass                  
00002549  __aeabi_dsub                    
00002549  __subdf3                        
00002553  __adddf3                        
00002553  __aeabi_dadd                    
000026db  __aeabi_idiv0                   
000026dd  atan2                           
000026dd  atan2l                          
00002865  dmp_set_orientation             
000029dd  sqrt                            
000029dd  sqrtl                           
00002b4d  GROUP1_IRQHandler               
00002cb9  SYSCFG_DL_GPIO_init             
00002f39  mpu_set_sensors                 
00003069  mspm0_i2c_read                  
00003199  mpu_load_firmware               
000033dd  OLED_ShowChar                   
000034f5  mpu_lp_accel_mode               
00003605  __aeabi_ddiv                    
00003605  __divdf3                        
00003711  mpu_read_fifo_stream            
00003819  DL_Timer_initFourCCPWMMode      
0000391d  OLED_Init                       
00003a17  __aeabi_ldiv0                   
00003a19  mpu_set_sample_rate             
00003b05  DL_Timer_initTimerMode          
00003bed  __aeabi_dmul                    
00003bed  __muldf3                        
00003cd1  mpu_set_accel_fsr               
00003db5  ldexp                           
00003db5  ldexpl                          
00003db5  scalbn                          
00003db5  scalbnl                         
00003e8d  __aeabi_fsub                    
00003e8d  __subsf3                        
00003e97  __addsf3                        
00003e97  __aeabi_fadd                    
00004039  mpu_set_lpf                     
00004109  mpu_set_gyro_fsr                
000041cd  mspm0_i2c_write                 
0000428d  mpu_configure_fifo              
00004349  mpu_set_dmp_state               
00004401  mpu6050_init                    
000044ad  mpu_read_mem                    
00004559  mpu_write_mem                   
00004605  UART0_IRQHandler                
000046a9  __udivmoddi4                    
0000474d  mpu_set_int_latched             
000047e9  dmp_set_fifo_rate               
00004919  SYSCFG_DL_PWM_0_init            
000049a9  SYSCFG_DL_initPower             
00004a35  __aeabi_fmul                    
00004a35  __mulsf3                        
00004bd1  __aeabi_fdiv                    
00004bd1  __divsf3                        
00004c55  Send_Byte                       
00004cd1  __TI_decompress_lzss            
00004d4d  __gedf2                         
00004d4d  __gtdf2                         
00004dc1  __aeabi_d2f                     
00004dc1  __truncdfsf2                    
00004e35  mpu_get_accel_fsr               
00004ea9  OLED_ShowString                 
00004f19  TIMG0_IRQHandler                
00004f85  OLED_Clear                      
00004ff1  __cmpdf2                        
00004ff1  __eqdf2                         
00004ff1  __ledf2                         
00004ff1  __ltdf2                         
00004ff1  __nedf2                         
000050bf  dmp_set_tap_axes                
00005125  __aeabi_dcmpeq                  
00005139  __aeabi_dcmplt                  
0000514d  __aeabi_dcmple                  
00005161  __aeabi_dcmpge                  
00005175  __aeabi_dcmpgt                  
00005189  dmp_enable_gyro_cal             
000051e9  mpu_get_gyro_fsr                
00005249  DL_I2C_fillControllerTXFIFO     
000052a9  frexp                           
000052a9  frexpl                          
00005305  SYSCFG_DL_I2C_MPU6050_init      
0000535d  __TI_ltoa                       
0000540d  __aeabi_idiv                    
0000540d  __aeabi_idivmod                 
00005555  OLED_WR_Byte                    
000055f1  __aeabi_d2iz                    
000055f1  __fixdfsi                       
0000563d  DL_UART_init                    
00005685  SYSCFG_DL_UART_0_init           
000056cd  dmp_enable_6x_lp_quat           
00005715  dmp_enable_lp_quat              
0000575d  KeyScan                         
000057a1  dmp_set_shake_reject_thresh     
000057e5  dmp_set_tap_count               
00005829  SYSCFG_DL_init                  
00005869  __aeabi_uidiv                   
00005869  __aeabi_uidivmod                
000058a9  __aeabi_f2d                     
000058a9  __extendsfdf2                   
000058e9  atoi                            
000059a5  DL_I2C_flushControllerTXFIFO    
00005a1d  OLED_Set_Pos                    
00005a59  UART0_SendString                
00005a95  __aeabi_i2f                     
00005a95  __floatsisf                     
00005ad1  __TI_auto_init_nobinit_nopinit  
00005b0d  __muldsi3                       
00005b49  I2C_Start                       
00005b81  __aeabi_f2iz                    
00005b81  __fixsfsi                       
00005bb9  sprintf                         
00005bf1  All_Interrupt                   
00005c59  SYSCFG_DL_TIMER_0_init          
00005c8d  SYSCFG_DL_TIMER_HSR04_init      
00005cc1  mpu_get_sample_rate             
00005cf5  dmp_set_shake_reject_time       
00005d27  dmp_set_shake_reject_timeout    
00005d89  I2C_Stop                        
00005db9  I2C_WaitAck                     
00005de9  UART0_GetFlag                   
00005e49  dmp_set_tap_time                
00005e79  dmp_set_tap_time_multi          
00005ea9  mspm0_delay_ms                  
00005ed9  LED_TIG                         
00005f05  UART0_SendByte                  
00005f89  __aeabi_i2d                     
00005f89  __floatsidf                     
00005fb5  mspm0_get_clock_ms              
00006081  Trig_HL                         
000060a9  __aeabi_ui2f                    
000060a9  __floatunsisf                   
000060d1  _c_int00_noargs                 
0000611f  DL_I2C_setClockConfig           
00006145  __aeabi_lmul                    
00006145  __muldi3                        
00006169  Delay_ms                        
0000618b  delay_ms                        
000061ad  memccpy                         
000061f1  Delay_us                        
00006211  TIMA0_IRQHandler                
00006231  memcmp                          
0000626f  SYSCFG_DL_SYSCTL_init           
0000628d  __aeabi_llsl                    
0000628d  __ashldi3                       
000063a9  DL_Timer_setCaptCompUpdateMethod
000063c5  DL_Timer_setClockConfig         
000063fd  dmp_load_motion_driver_firmware 
00006629  DL_Timer_setCaptureCompareOutCtl
0000676f  __TI_zero_init_nomemset         
00006861  __aeabi_uldivmod                
00006875  dmp_register_android_orient_cb  
00006889  dmp_register_tap_cb             
000068d5  DL_UART_setClockConfig          
000068e7  TI_memcpy_small                 
000068f9  __TI_decompress_none            
0000692d  DL_Timer_setCaptureCompareValue 
0000693d  SysTick_Handler                 
0000694d  wcslen                          
0000695d  __aeabi_memset                  
0000695d  __aeabi_memset4                 
0000695d  __aeabi_memset8                 
00006987  TI_memset_small                 
00006995  Get_Juli                        
000069a1  SYSCFG_DL_SYSTICK_init          
000069ad  DL_Common_delayCycles           
00006a41  __aeabi_errno_addr              
00006a49  __aeabi_memcpy                  
00006a49  __aeabi_memcpy4                 
00006a49  __aeabi_memcpy8                 
00006a6f  abort                           
00006a75  ADC0_IRQHandler                 
00006a75  ADC1_IRQHandler                 
00006a75  AES_IRQHandler                  
00006a75  CANFD0_IRQHandler               
00006a75  DAC0_IRQHandler                 
00006a75  DMA_IRQHandler                  
00006a75  Default_Handler                 
00006a75  GROUP0_IRQHandler               
00006a75  HardFault_Handler               
00006a75  I2C0_IRQHandler                 
00006a75  I2C1_IRQHandler                 
00006a75  NMI_Handler                     
00006a75  PendSV_Handler                  
00006a75  RTC_IRQHandler                  
00006a75  SPI0_IRQHandler                 
00006a75  SPI1_IRQHandler                 
00006a75  SVC_Handler                     
00006a75  TIMA1_IRQHandler                
00006a75  TIMG12_IRQHandler               
00006a75  TIMG6_IRQHandler                
00006a75  TIMG7_IRQHandler                
00006a75  TIMG8_IRQHandler                
00006a75  UART1_IRQHandler                
00006a75  UART2_IRQHandler                
00006a75  UART3_IRQHandler                
00006a78  C$$EXIT                         
00006a79  HOSTexit                        
00006a81  Reset_Handler                   
00006a95  _system_pre_init                
00007696  asc2_1608                       
00007c86  asc2_0806                       
00007eb0  __aeabi_ctype_table_            
00007eb0  __aeabi_ctype_table_C           
00007ff8  test                            
00008020  reg                             
0000809a  hw                              
0000810c  __TI_Handler_Table_Base         
00008118  __TI_Handler_Table_Limit        
00008120  __TI_CINIT_Base                 
00008130  __TI_CINIT_Limit                
00008130  __TI_CINIT_Warm                 
20200000  __start___llvm_prf_bits         
20200000  __start___llvm_prf_cnts         
20200000  __stop___llvm_prf_bits          
20200000  __stop___llvm_prf_cnts          
20200000  gTIMER_HSR04Backup              
202000bc  gPWM_0Backup                    
2020015c  UART0_RxPacket                  
202001c0  oled_buffer                     
202001d0  quat                            
202001e0  accel                           
202001e6  gyro                            
202001ec  pitch                           
202001f0  roll                            
202001f4  sensor_timestamp                
202001f8  start_time                      
202001fc  tick_ms                         
20200200  yaw                             
20200204  sensors                         
20200206  UART0_RxFlag                    
20200207  more                            
2020025c  Encoder_V                       
20200260  Encoder_count                   
20200264  __aeabi_errno                   
20200268  cnt                             
2020026c  dist                            
20200270  overflowFlag                    
20200274  timer_flag                      
20200279  mpu6050_int_flag                
20207e00  __stack                         
20208000  __STACK_END                     
ffffffff  __TI_pprof_out_hndl             
ffffffff  __TI_prof_data_size             
ffffffff  __TI_prof_data_start            
ffffffff  __binit__                       
ffffffff  binit                           
UNDEFED   __mpu_init                      
UNDEFED   _system_post_cinit              

[273 symbols]
