******************************************************************************
            TI ARM Clang Linker PC v4.0.2                      
******************************************************************************
>> Linked Sat May 24 20:31:44 2025

OUTPUT FILE NAME:   <Action.out>
ENTRY POINT SYMBOL: "_c_int00_noargs"  address: 000008cd


MEMORY CONFIGURATION

         name            origin    length      used     unused   attr    fill
----------------------  --------  ---------  --------  --------  ----  --------
  FLASH                 00000000   00020000  00000a30  0001f5d0  R  X
  SRAM                  20200000   00008000  000002a0  00007d60  RW X
  BCR_CONFIG            41c00000   000000ff  00000000  000000ff  R   
  BSL_CONFIG            41c00100   00000080  00000000  00000080  R   


SEGMENT ALLOCATION MAP

run origin  load origin   length   init length attrs members
----------  ----------- ---------- ----------- ----- -------
00000000    00000000    00000a30   00000a30    r-x
  00000000    00000000    000000c0   000000c0    r-- .intvecs
  000000c0    000000c0    00000930   00000930    r-x .text
  000009f0    000009f0    00000028   00000028    r-- .rodata
  00000a18    00000a18    00000018   00000018    r-- .cinit
20200000    20200000    000000a0   00000000    rw-
  20200000    20200000    000000a0   00000000    rw- .bss
20207e00    20207e00    00000200   00000000    rw-
  20207e00    20207e00    00000200   00000000    rw- .stack


SECTION ALLOCATION MAP

 output                                  attributes/
section   page    origin      length       input sections
--------  ----  ----------  ----------   ----------------
.intvecs   0    00000000    000000c0     
                  00000000    000000c0     startup_mspm0g350x_ticlang.o (.intvecs)

.text      0    000000c0    00000930     
                  000000c0    00000240     PWM.o (.text.PWM_Test)
                  00000300    00000158     Delay.o (.text.Delay_ms)
                  00000458    00000104     driverlib.a : dl_timer.o (.text.DL_Timer_initFourCCPWMMode)
                  0000055c    000000e8                 : dl_timer.o (.text.DL_Timer_initTimerMode)
                  00000644    00000090     ti_msp_dl_config.o (.text.SYSCFG_DL_PWM_0_init)
                  000006d4    00000048     main.o (.text.main)
                  0000071c    00000044     ti_msp_dl_config.o (.text.SYSCFG_DL_GPIO_init)
                  00000760    00000040     ti_msp_dl_config.o (.text.SYSCFG_DL_initPower)
                  000007a0    0000003c     libc.a : autoinit.c.obj (.text:__TI_auto_init_nobinit_nopinit)
                  000007dc    00000038     ti_msp_dl_config.o (.text.SYSCFG_DL_TIMER_0_init)
                  00000814    00000034     Key.o (.text.KeyScan)
                  00000848    00000030     ti_msp_dl_config.o (.text.SYSCFG_DL_SYSCTL_init)
                  00000878    0000002c     ti_msp_dl_config.o (.text.SYSCFG_DL_SYSTICK_init)
                  000008a4    00000028     ti_msp_dl_config.o (.text.SYSCFG_DL_init)
                  000008cc    00000028     libc.a : boot_cortex_m.c.obj (.text:_c_int00_noargs)
                  000008f4    0000001c     function.o (.text.All_Interrupt)
                  00000910    0000001c     driverlib.a : dl_timer.o (.text.DL_Timer_setCaptCompUpdateMethod)
                  0000092c    0000001c                 : dl_timer.o (.text.DL_Timer_setClockConfig)
                  00000948    0000001c     Key.o (.text.LED_TIG)
                  00000964    0000001c     Timer.o (.text.TIMG0_IRQHandler)
                  00000980    00000018     driverlib.a : dl_timer.o (.text.DL_Timer_setCaptureCompareOutCtl)
                  00000998    00000016     libc.a : copy_zero_init.c.obj (.text:decompress:ZI:__TI_zero_init_nomemset)
                  000009ae    00000002     startup_mspm0g350x_ticlang.o (.text.Default_Handler)
                  000009b0    00000014     PWM.o (.text.PWM_Duty)
                  000009c4    00000010     driverlib.a : dl_timer.o (.text.DL_Timer_setCaptureCompareValue)
                  000009d4    0000000a                 : dl_common.o (.text.DL_Common_delayCycles)
                  000009de    00000006     libc.a : exit.c.obj (.text:abort)
                  000009e4    00000004     libsysbm.a : hostexit.c.obj (.text.HOSTexit)
                  000009e8    00000004     startup_mspm0g350x_ticlang.o (.text.Reset_Handler)
                  000009ec    00000004     libc.a : pre_init.c.obj (.text._system_pre_init)

.cinit     0    00000a18    00000018     
                  00000a18    00000008     (.cinit..bss.load) [load image, compression = zero_init]
                  00000a20    00000004     (__TI_handler_table)
                  00000a24    00000008     (__TI_cinit_table)
                  00000a2c    00000004     --HOLE-- [fill = 0]

.rodata    0    000009f0    00000028     
                  000009f0    00000014     ti_msp_dl_config.o (.rodata.gTIMER_0TimerConfig)
                  00000a04    00000008     ti_msp_dl_config.o (.rodata.gPWM_0Config)
                  00000a0c    00000003     ti_msp_dl_config.o (.rodata.gPWM_0ClockConfig)
                  00000a0f    00000003     ti_msp_dl_config.o (.rodata.gTIMER_0ClockConfig)
                  00000a12    00000006     --HOLE-- [fill = 0]

.init_array 
*          0    00000000    00000000     UNINITIALIZED

.binit     0    00000000    00000000     

.bss       0    20200000    000000a0     UNINITIALIZED
                  20200000    000000a0     (.common:gPWM_0Backup)

.stack     0    20207e00    00000200     UNINITIALIZED
                  20207e00    00000004     libc.a : boot_cortex_m.c.obj (.stack)
                  20207e04    000001fc     --HOLE--

__llvm_prf_cnts 
*          0    20200000    00000000     UNINITIALIZED

__llvm_prf_bits 
*          0    20200000    00000000     UNINITIALIZED

MODULE SUMMARY

       Module                         code   ro data   rw data
       ------                         ----   -------   -------
    .\
       ti_msp_dl_config.o             464    34        160    
       startup_mspm0g350x_ticlang.o   6      192       0      
       main.o                         72     0         0      
       function.o                     28     0         0      
    +--+------------------------------+------+---------+---------+
       Total:                         570    226       160    
                                                              
    .\Hardware\Key\
       Key.o                          80     0         0      
    +--+------------------------------+------+---------+---------+
       Total:                         80     0         0      
                                                              
    .\Hardware\PWM\
       PWM.o                          596    0         0      
    +--+------------------------------+------+---------+---------+
       Total:                         596    0         0      
                                                              
    .\Hardware\Timer\
       Timer.o                        28     0         0      
    +--+------------------------------+------+---------+---------+
       Total:                         28     0         0      
                                                              
    .\System\
       Delay.o                        344    0         0      
    +--+------------------------------+------+---------+---------+
       Total:                         344    0         0      
                                                              
    C:/TI/mspm0_sdk_2_04_00_06/source/ti/driverlib/lib/ticlang/m0p/mspm0g1x0x_g3x0x/driverlib.a
       dl_timer.o                     588    0         0      
       dl_common.o                    10     0         0      
    +--+------------------------------+------+---------+---------+
       Total:                         598    0         0      
                                                              
    D:\install\ccs_install\ccs\tools\compiler\ti-cgt-armllvm_4.0.2.LTS\lib\armv6m-ti-none-eabi/c/libc.a
       autoinit.c.obj                 60     0         0      
       boot_cortex_m.c.obj            40     0         0      
       copy_zero_init.c.obj           22     0         0      
       exit.c.obj                     6      0         0      
       pre_init.c.obj                 4      0         0      
    +--+------------------------------+------+---------+---------+
       Total:                         132    0         0      
                                                              
    D:\install\ccs_install\ccs\tools\compiler\ti-cgt-armllvm_4.0.2.LTS\lib\armv6m-ti-none-eabi/c/libsysbm.a
       hostexit.c.obj                 4      0         0      
    +--+------------------------------+------+---------+---------+
       Total:                         4      0         0      
                                                              
       Stack:                         0      0         512    
       Linker Generated:              0      20        0      
    +--+------------------------------+------+---------+---------+
       Grand Total:                   2352   246       672    


LINKER GENERATED COPY TABLES

__TI_cinit_table @ 00000a24 records: 1, size/record: 8, table size: 8
	.bss: load addr=00000a18, load size=00000008 bytes, run addr=20200000, run size=000000a0 bytes, compression=zero_init


LINKER GENERATED HANDLER TABLE

__TI_handler_table @ 00000a20 records: 1, size/record: 4, table size: 4
	index: 0, handler: __TI_zero_init


GLOBAL SYMBOLS: SORTED ALPHABETICALLY BY Name 

address   name                            
-------   ----                            
000009af  ADC0_IRQHandler                 
000009af  ADC1_IRQHandler                 
000009af  AES_IRQHandler                  
000008f5  All_Interrupt                   
000009e4  C$$EXIT                         
000009af  CANFD0_IRQHandler               
000009af  DAC0_IRQHandler                 
000009d5  DL_Common_delayCycles           
00000459  DL_Timer_initFourCCPWMMode      
0000055d  DL_Timer_initTimerMode          
00000911  DL_Timer_setCaptCompUpdateMethod
00000981  DL_Timer_setCaptureCompareOutCtl
000009c5  DL_Timer_setCaptureCompareValue 
0000092d  DL_Timer_setClockConfig         
000009af  DMA_IRQHandler                  
000009af  Default_Handler                 
00000301  Delay_ms                        
000009af  GROUP0_IRQHandler               
000009af  GROUP1_IRQHandler               
000009e5  HOSTexit                        
000009af  HardFault_Handler               
000009af  I2C0_IRQHandler                 
000009af  I2C1_IRQHandler                 
00000815  KeyScan                         
00000949  LED_TIG                         
000009af  NMI_Handler                     
000009b1  PWM_Duty                        
000000c1  PWM_Test                        
000009af  PendSV_Handler                  
000009af  RTC_IRQHandler                  
000009e9  Reset_Handler                   
000009af  SPI0_IRQHandler                 
000009af  SPI1_IRQHandler                 
000009af  SVC_Handler                     
0000071d  SYSCFG_DL_GPIO_init             
00000645  SYSCFG_DL_PWM_0_init            
00000849  SYSCFG_DL_SYSCTL_init           
00000879  SYSCFG_DL_SYSTICK_init          
000007dd  SYSCFG_DL_TIMER_0_init          
000008a5  SYSCFG_DL_init                  
00000761  SYSCFG_DL_initPower             
000009af  SysTick_Handler                 
000009af  TIMA0_IRQHandler                
000009af  TIMA1_IRQHandler                
00000965  TIMG0_IRQHandler                
000009af  TIMG12_IRQHandler               
000009af  TIMG6_IRQHandler                
000009af  TIMG7_IRQHandler                
000009af  TIMG8_IRQHandler                
000009af  UART0_IRQHandler                
000009af  UART1_IRQHandler                
000009af  UART2_IRQHandler                
000009af  UART3_IRQHandler                
20208000  __STACK_END                     
00000200  __STACK_SIZE                    
00000000  __TI_ATRegion0_region_sz        
00000000  __TI_ATRegion0_src_addr         
00000000  __TI_ATRegion0_trg_addr         
00000000  __TI_ATRegion1_region_sz        
00000000  __TI_ATRegion1_src_addr         
00000000  __TI_ATRegion1_trg_addr         
00000000  __TI_ATRegion2_region_sz        
00000000  __TI_ATRegion2_src_addr         
00000000  __TI_ATRegion2_trg_addr         
00000a24  __TI_CINIT_Base                 
00000a2c  __TI_CINIT_Limit                
00000a2c  __TI_CINIT_Warm                 
00000a20  __TI_Handler_Table_Base         
00000a24  __TI_Handler_Table_Limit        
000007a1  __TI_auto_init_nobinit_nopinit  
ffffffff  __TI_pprof_out_hndl             
ffffffff  __TI_prof_data_size             
ffffffff  __TI_prof_data_start            
00000000  __TI_static_base__              
00000999  __TI_zero_init_nomemset         
ffffffff  __binit__                       
UNDEFED   __mpu_init                      
20207e00  __stack                         
20200000  __start___llvm_prf_bits         
20200000  __start___llvm_prf_cnts         
20200000  __stop___llvm_prf_bits          
20200000  __stop___llvm_prf_cnts          
000008cd  _c_int00_noargs                 
UNDEFED   _system_post_cinit              
000009ed  _system_pre_init                
000009df  abort                           
ffffffff  binit                           
20200000  gPWM_0Backup                    
00000000  interruptVectors                
000006d5  main                            


GLOBAL SYMBOLS: SORTED BY Symbol Address 

address   name                            
-------   ----                            
00000000  __TI_ATRegion0_region_sz        
00000000  __TI_ATRegion0_src_addr         
00000000  __TI_ATRegion0_trg_addr         
00000000  __TI_ATRegion1_region_sz        
00000000  __TI_ATRegion1_src_addr         
00000000  __TI_ATRegion1_trg_addr         
00000000  __TI_ATRegion2_region_sz        
00000000  __TI_ATRegion2_src_addr         
00000000  __TI_ATRegion2_trg_addr         
00000000  __TI_static_base__              
00000000  interruptVectors                
000000c1  PWM_Test                        
00000200  __STACK_SIZE                    
00000301  Delay_ms                        
00000459  DL_Timer_initFourCCPWMMode      
0000055d  DL_Timer_initTimerMode          
00000645  SYSCFG_DL_PWM_0_init            
000006d5  main                            
0000071d  SYSCFG_DL_GPIO_init             
00000761  SYSCFG_DL_initPower             
000007a1  __TI_auto_init_nobinit_nopinit  
000007dd  SYSCFG_DL_TIMER_0_init          
00000815  KeyScan                         
00000849  SYSCFG_DL_SYSCTL_init           
00000879  SYSCFG_DL_SYSTICK_init          
000008a5  SYSCFG_DL_init                  
000008cd  _c_int00_noargs                 
000008f5  All_Interrupt                   
00000911  DL_Timer_setCaptCompUpdateMethod
0000092d  DL_Timer_setClockConfig         
00000949  LED_TIG                         
00000965  TIMG0_IRQHandler                
00000981  DL_Timer_setCaptureCompareOutCtl
00000999  __TI_zero_init_nomemset         
000009af  ADC0_IRQHandler                 
000009af  ADC1_IRQHandler                 
000009af  AES_IRQHandler                  
000009af  CANFD0_IRQHandler               
000009af  DAC0_IRQHandler                 
000009af  DMA_IRQHandler                  
000009af  Default_Handler                 
000009af  GROUP0_IRQHandler               
000009af  GROUP1_IRQHandler               
000009af  HardFault_Handler               
000009af  I2C0_IRQHandler                 
000009af  I2C1_IRQHandler                 
000009af  NMI_Handler                     
000009af  PendSV_Handler                  
000009af  RTC_IRQHandler                  
000009af  SPI0_IRQHandler                 
000009af  SPI1_IRQHandler                 
000009af  SVC_Handler                     
000009af  SysTick_Handler                 
000009af  TIMA0_IRQHandler                
000009af  TIMA1_IRQHandler                
000009af  TIMG12_IRQHandler               
000009af  TIMG6_IRQHandler                
000009af  TIMG7_IRQHandler                
000009af  TIMG8_IRQHandler                
000009af  UART0_IRQHandler                
000009af  UART1_IRQHandler                
000009af  UART2_IRQHandler                
000009af  UART3_IRQHandler                
000009b1  PWM_Duty                        
000009c5  DL_Timer_setCaptureCompareValue 
000009d5  DL_Common_delayCycles           
000009df  abort                           
000009e4  C$$EXIT                         
000009e5  HOSTexit                        
000009e9  Reset_Handler                   
000009ed  _system_pre_init                
00000a20  __TI_Handler_Table_Base         
00000a24  __TI_CINIT_Base                 
00000a24  __TI_Handler_Table_Limit        
00000a2c  __TI_CINIT_Limit                
00000a2c  __TI_CINIT_Warm                 
20200000  __start___llvm_prf_bits         
20200000  __start___llvm_prf_cnts         
20200000  __stop___llvm_prf_bits          
20200000  __stop___llvm_prf_cnts          
20200000  gPWM_0Backup                    
20207e00  __stack                         
20208000  __STACK_END                     
ffffffff  __TI_pprof_out_hndl             
ffffffff  __TI_prof_data_size             
ffffffff  __TI_prof_data_start            
ffffffff  __binit__                       
ffffffff  binit                           
UNDEFED   __mpu_init                      
UNDEFED   _system_post_cinit              

[90 symbols]
