******************************************************************************
            TI ARM Clang Linker PC v4.0.2                      
******************************************************************************
>> Linked Wed Jun 11 14:56:04 2025

OUTPUT FILE NAME:   <01_LED.out>
ENTRY POINT SYMBOL: "_c_int00_noinit_noargs"  address: 00000329


MEMORY CONFIGURATION

         name            origin    length      used     unused   attr    fill
----------------------  --------  ---------  --------  --------  ----  --------
  FLASH                 00000000   00020000  00000398  0001fc68  R  X
  SRAM                  20200000   00008000  00000200  00007e00  RW X
  BCR_CONFIG            41c00000   000000ff  00000000  000000ff  R   
  BSL_CONFIG            41c00100   00000080  00000000  00000080  R   


SEGMENT ALLOCATION MAP

run origin  load origin   length   init length attrs members
----------  ----------- ---------- ----------- ----- -------
00000000    00000000    00000398   00000398    r-x
  00000000    00000000    000000c0   000000c0    r-- .intvecs
  000000c0    000000c0    000002d8   000002d8    r-x .text
20207e00    20207e00    00000200   00000000    rw-
  20207e00    20207e00    00000200   00000000    rw- .stack


SECTION ALLOCATION MAP

 output                                  attributes/
section   page    origin      length       input sections
--------  ----  ----------  ----------   ----------------
.intvecs   0    00000000    000000c0     
                  00000000    000000c0     startup_mspm0g350x_ticlang.o (.intvecs)

.text      0    000000c0    000002d8     
                  000000c0    00000154     Delay.o (.text.Delay_ms)
                  00000214    00000034     Key.o (.text.KeyScan)
                  00000248    00000030     ti_msp_dl_config.o (.text.SYSCFG_DL_SYSCTL_init)
                  00000278    0000002e     main.o (.text.main)
                  000002a6    00000002     function.o (.text.All_Interrupt)
                  000002a8    0000002c     ti_msp_dl_config.o (.text.SYSCFG_DL_SYSTICK_init)
                  000002d4    0000002c     ti_msp_dl_config.o (.text.SYSCFG_DL_initPower)
                  00000300    00000028     ti_msp_dl_config.o (.text.SYSCFG_DL_GPIO_init)
                  00000328    00000020     libc.a : boot_cortex_m.c.obj (.text:_c_int00_noinit_noargs)
                  00000348    0000001c     Key.o (.text.LED_TIG)
                  00000364    00000014     ti_msp_dl_config.o (.text.SYSCFG_DL_init)
                  00000378    0000000a     driverlib.a : dl_common.o (.text.DL_Common_delayCycles)
                  00000382    00000006     libc.a : exit.c.obj (.text:abort)
                  00000388    00000004     libsysbm.a : hostexit.c.obj (.text.HOSTexit)
                  0000038c    00000004     startup_mspm0g350x_ticlang.o (.text.Reset_Handler)
                  00000390    00000004     libc.a : pre_init.c.obj (.text._system_pre_init)
                  00000394    00000002     startup_mspm0g350x_ticlang.o (.text.Default_Handler)
                  00000396    00000002     --HOLE-- [fill = 0]

.cinit     0    00000000    00000000     

.init_array 
*          0    00000000    00000000     UNINITIALIZED

.binit     0    00000000    00000000     

.stack     0    20207e00    00000200     UNINITIALIZED
                  20207e00    00000004     libc.a : boot_cortex_m.c.obj (.stack)
                  20207e04    000001fc     --HOLE--

__llvm_prf_cnts 
*          0    20200000    00000000     UNINITIALIZED

__llvm_prf_bits 
*          0    20200000    00000000     UNINITIALIZED

MODULE SUMMARY

       Module                         code   ro data   rw data
       ------                         ----   -------   -------
    .\
       startup_mspm0g350x_ticlang.o   6      192       0      
       ti_msp_dl_config.o             196    0         0      
       main.o                         46     0         0      
       function.o                     2      0         0      
    +--+------------------------------+------+---------+---------+
       Total:                         250    192       0      
                                                              
    .\Hardware\Key\
       Key.o                          80     0         0      
    +--+------------------------------+------+---------+---------+
       Total:                         80     0         0      
                                                              
    .\System\
       Delay.o                        340    0         0      
    +--+------------------------------+------+---------+---------+
       Total:                         340    0         0      
                                                              
    C:/TI/mspm0_sdk_2_04_00_06/source/ti/driverlib/lib/ticlang/m0p/mspm0g1x0x_g3x0x/driverlib.a
       dl_common.o                    10     0         0      
    +--+------------------------------+------+---------+---------+
       Total:                         10     0         0      
                                                              
    D:\install\ccs_install\ccs\tools\compiler\ti-cgt-armllvm_4.0.2.LTS\lib\armv6m-ti-none-eabi/c/libc.a
       boot_cortex_m.c.obj            32     0         0      
       exit.c.obj                     6      0         0      
       pre_init.c.obj                 4      0         0      
    +--+------------------------------+------+---------+---------+
       Total:                         42     0         0      
                                                              
    D:\install\ccs_install\ccs\tools\compiler\ti-cgt-armllvm_4.0.2.LTS\lib\armv6m-ti-none-eabi/c/libsysbm.a
       hostexit.c.obj                 4      0         0      
    +--+------------------------------+------+---------+---------+
       Total:                         4      0         0      
                                                              
       Stack:                         0      0         512    
    +--+------------------------------+------+---------+---------+
       Grand Total:                   726    192       512    


GLOBAL SYMBOLS: SORTED ALPHABETICALLY BY Name 

address   name                    
-------   ----                    
00000395  ADC0_IRQHandler         
00000395  ADC1_IRQHandler         
00000395  AES_IRQHandler          
000002a7  All_Interrupt           
00000388  C$$EXIT                 
00000395  CANFD0_IRQHandler       
00000395  DAC0_IRQHandler         
00000379  DL_Common_delayCycles   
00000395  DMA_IRQHandler          
00000395  Default_Handler         
000000c1  Delay_ms                
00000395  GROUP0_IRQHandler       
00000395  GROUP1_IRQHandler       
00000389  HOSTexit                
00000395  HardFault_Handler       
00000395  I2C0_IRQHandler         
00000395  I2C1_IRQHandler         
00000215  KeyScan                 
00000349  LED_TIG                 
00000395  NMI_Handler             
00000395  PendSV_Handler          
00000395  RTC_IRQHandler          
0000038d  Reset_Handler           
00000395  SPI0_IRQHandler         
00000395  SPI1_IRQHandler         
00000395  SVC_Handler             
00000301  SYSCFG_DL_GPIO_init     
00000249  SYSCFG_DL_SYSCTL_init   
000002a9  SYSCFG_DL_SYSTICK_init  
00000365  SYSCFG_DL_init          
000002d5  SYSCFG_DL_initPower     
00000395  SysTick_Handler         
00000395  TIMA0_IRQHandler        
00000395  TIMA1_IRQHandler        
00000395  TIMG0_IRQHandler        
00000395  TIMG12_IRQHandler       
00000395  TIMG6_IRQHandler        
00000395  TIMG7_IRQHandler        
00000395  TIMG8_IRQHandler        
00000395  UART0_IRQHandler        
00000395  UART1_IRQHandler        
00000395  UART2_IRQHandler        
00000395  UART3_IRQHandler        
20208000  __STACK_END             
00000200  __STACK_SIZE            
00000000  __TI_ATRegion0_region_sz
00000000  __TI_ATRegion0_src_addr 
00000000  __TI_ATRegion0_trg_addr 
00000000  __TI_ATRegion1_region_sz
00000000  __TI_ATRegion1_src_addr 
00000000  __TI_ATRegion1_trg_addr 
00000000  __TI_ATRegion2_region_sz
00000000  __TI_ATRegion2_src_addr 
00000000  __TI_ATRegion2_trg_addr 
00000000  __TI_CINIT_Base         
00000000  __TI_CINIT_Limit        
00000000  __TI_CINIT_Warm         
ffffffff  __TI_pprof_out_hndl     
ffffffff  __TI_prof_data_size     
ffffffff  __TI_prof_data_start    
00000000  __TI_static_base__      
ffffffff  __binit__               
UNDEFED   __mpu_init              
20207e00  __stack                 
20200000  __start___llvm_prf_bits 
20200000  __start___llvm_prf_cnts 
20200000  __stop___llvm_prf_bits  
20200000  __stop___llvm_prf_cnts  
00000329  _c_int00_noinit_noargs  
00000391  _system_pre_init        
00000383  abort                   
ffffffff  binit                   
00000000  interruptVectors        
00000279  main                    


GLOBAL SYMBOLS: SORTED BY Symbol Address 

address   name                    
-------   ----                    
00000000  __TI_ATRegion0_region_sz
00000000  __TI_ATRegion0_src_addr 
00000000  __TI_ATRegion0_trg_addr 
00000000  __TI_ATRegion1_region_sz
00000000  __TI_ATRegion1_src_addr 
00000000  __TI_ATRegion1_trg_addr 
00000000  __TI_ATRegion2_region_sz
00000000  __TI_ATRegion2_src_addr 
00000000  __TI_ATRegion2_trg_addr 
00000000  __TI_CINIT_Base         
00000000  __TI_CINIT_Limit        
00000000  __TI_CINIT_Warm         
00000000  __TI_static_base__      
00000000  interruptVectors        
000000c1  Delay_ms                
00000200  __STACK_SIZE            
00000215  KeyScan                 
00000249  SYSCFG_DL_SYSCTL_init   
00000279  main                    
000002a7  All_Interrupt           
000002a9  SYSCFG_DL_SYSTICK_init  
000002d5  SYSCFG_DL_initPower     
00000301  SYSCFG_DL_GPIO_init     
00000329  _c_int00_noinit_noargs  
00000349  LED_TIG                 
00000365  SYSCFG_DL_init          
00000379  DL_Common_delayCycles   
00000383  abort                   
00000388  C$$EXIT                 
00000389  HOSTexit                
0000038d  Reset_Handler           
00000391  _system_pre_init        
00000395  ADC0_IRQHandler         
00000395  ADC1_IRQHandler         
00000395  AES_IRQHandler          
00000395  CANFD0_IRQHandler       
00000395  DAC0_IRQHandler         
00000395  DMA_IRQHandler          
00000395  Default_Handler         
00000395  GROUP0_IRQHandler       
00000395  GROUP1_IRQHandler       
00000395  HardFault_Handler       
00000395  I2C0_IRQHandler         
00000395  I2C1_IRQHandler         
00000395  NMI_Handler             
00000395  PendSV_Handler          
00000395  RTC_IRQHandler          
00000395  SPI0_IRQHandler         
00000395  SPI1_IRQHandler         
00000395  SVC_Handler             
00000395  SysTick_Handler         
00000395  TIMA0_IRQHandler        
00000395  TIMA1_IRQHandler        
00000395  TIMG0_IRQHandler        
00000395  TIMG12_IRQHandler       
00000395  TIMG6_IRQHandler        
00000395  TIMG7_IRQHandler        
00000395  TIMG8_IRQHandler        
00000395  UART0_IRQHandler        
00000395  UART1_IRQHandler        
00000395  UART2_IRQHandler        
00000395  UART3_IRQHandler        
20200000  __start___llvm_prf_bits 
20200000  __start___llvm_prf_cnts 
20200000  __stop___llvm_prf_bits  
20200000  __stop___llvm_prf_cnts  
20207e00  __stack                 
20208000  __STACK_END             
ffffffff  __TI_pprof_out_hndl     
ffffffff  __TI_prof_data_size     
ffffffff  __TI_prof_data_start    
ffffffff  __binit__               
ffffffff  binit                   
UNDEFED   __mpu_init              

[74 symbols]
