******************************************************************************
            TI ARM Clang Linker PC v4.0.2                      
******************************************************************************
>> Linked Thu Jun 12 15:57:19 2025

OUTPUT FILE NAME:   <M0_TestPCB1.out>
ENTRY POINT SYMBOL: "_c_int00_noargs"  address: 0000654d


MEMORY CONFIGURATION

         name            origin    length      used     unused   attr    fill
----------------------  --------  ---------  --------  --------  ----  --------
  FLASH                 00000000   00020000  00008700  00017900  R  X
  SRAM                  20200000   00008000  000004a5  00007b5b  RW X
  BCR_CONFIG            41c00000   000000ff  00000000  000000ff  R   
  BSL_CONFIG            41c00100   00000080  00000000  00000080  R   


SEGMENT ALLOCATION MAP

run origin  load origin   length   init length attrs members
----------  ----------- ---------- ----------- ----- -------
00000000    00000000    00008700   00008700    r-x
  00000000    00000000    000000c0   000000c0    r-- .intvecs
  000000c0    000000c0    00006fb0   00006fb0    r-x .text
  00007070    00007070    00001650   00001650    r-- .rodata
  000086c0    000086c0    00000040   00000040    r-- .cinit
20200000    20200000    000002a5   00000000    rw-
  20200000    20200000    00000238   00000000    rw- .bss
  20200238    20200238    0000006d   00000000    rw- .data
20207e00    20207e00    00000200   00000000    rw-
  20207e00    20207e00    00000200   00000000    rw- .stack


SECTION ALLOCATION MAP

 output                                  attributes/
section   page    origin      length       input sections
--------  ----  ----------  ----------   ----------------
.intvecs   0    00000000    000000c0     
                  00000000    000000c0     startup_mspm0g350x_ticlang.o (.intvecs)

.text      0    000000c0    00006fb0     
                  000000c0    000009d0     libc.a : _printfi.c.obj (.text:__TI_printfi)
                  00000a90    00000364            : e_asin.c.obj (.text.asin)
                  00000df4    000002f8            : s_atan.c.obj (.text.atan)
                  000010ec    000002e0     EXTI.o (.text.GROUP1_IRQHandler)
                  000013cc    00000278     inv_mpu_dmp_motion_driver.o (.text.dmp_enable_feature)
                  00001644    00000238     mpu6050.o (.text.Read_Quad)
                  0000187c    00000238     inv_mpu_dmp_motion_driver.o (.text.dmp_set_tap_thresh)
                  00001ab4    0000022c     inv_mpu.o (.text.mpu_reset_fifo)
                  00001ce0    00000220     libc.a : _printfi.c.obj (.text._pconv_a)
                  00001f00    00000200     inv_mpu.o (.text.mpu_init)
                  00002100    000001f4     inv_mpu_dmp_motion_driver.o (.text.dmp_read_fifo)
                  000022f4    000001dc     libc.a : _printfi.c.obj (.text._pconv_g)
                  000024d0    000001cc     ti_msp_dl_config.o (.text.SYSCFG_DL_GPIO_init)
                  0000269c    000001a0     inv_mpu.o (.text.mpu_set_bypass)
                  0000283c    00000192     libclang_rt.builtins.a : adddf3.S.obj (.text.adddf3_subdf3)
                  000029ce    00000002                            : aeabi_div0.c.obj (.text.__aeabi_idiv0)
                  000029d0    00000188     libc.a : e_atan2.c.obj (.text.atan2)
                  00002b58    00000178     inv_mpu_dmp_motion_driver.o (.text.dmp_set_orientation)
                  00002cd0    00000178     main.o (.text.main)
                  00002e48    00000170     libc.a : e_sqrt.c.obj (.text.sqrt)
                  00002fb8    0000013c            : _printfi.c.obj (.text.fcvt)
                  000030f4    00000130     inv_mpu.o (.text.mpu_set_sensors)
                  00003224    00000130     mspm0_i2c.o (.text.mspm0_i2c_read)
                  00003354    00000124     inv_mpu.o (.text.mpu_load_firmware)
                  00003478    00000120     libc.a : _printfi.c.obj (.text._pconv_e)
                  00003598    00000118     oled.o (.text.OLED_ShowChar)
                  000036b0    00000110     inv_mpu.o (.text.mpu_lp_accel_mode)
                  000037c0    0000010c     Key.o (.text.KeyScan)
                  000038cc    0000010c     libclang_rt.builtins.a : divdf3.S.obj (.text.__divdf3)
                  000039d8    00000108     inv_mpu.o (.text.mpu_read_fifo_stream)
                  00003ae0    00000104     driverlib.a : dl_timer.o (.text.DL_Timer_initFourCCPWMMode)
                  00003be4    000000fa     oled.o (.text.OLED_Init)
                  00003cde    00000002     libclang_rt.builtins.a : aeabi_div0.c.obj (.text.__aeabi_ldiv0)
                  00003ce0    000000ec     inv_mpu.o (.text.mpu_set_sample_rate)
                  00003dcc    000000e8     driverlib.a : dl_timer.o (.text.DL_Timer_initTimerMode)
                  00003eb4    000000e4     libclang_rt.builtins.a : muldf3.S.obj (.text.__muldf3)
                  00003f98    000000e4     inv_mpu.o (.text.mpu_set_accel_fsr)
                  0000407c    000000d8     libc.a : s_scalbn.c.obj (.text.scalbn)
                  00004154    000000d8     libclang_rt.builtins.a : addsf3.S.obj (.text)
                  0000422c    000000d4     PWM.o (.text.PWM_Duty)
                  00004300    000000d4     inv_mpu.o (.text.set_int_enable)
                  000043d4    000000d0     inv_mpu.o (.text.mpu_set_lpf)
                  000044a4    000000c4     inv_mpu.o (.text.mpu_set_gyro_fsr)
                  00004568    000000c0     mspm0_i2c.o (.text.mspm0_i2c_write)
                  00004628    000000bc     inv_mpu.o (.text.mpu_configure_fifo)
                  000046e4    000000b8     inv_mpu.o (.text.mpu_set_dmp_state)
                  0000479c    000000ac     mpu6050.o (.text.mpu6050_init)
                  00004848    000000ac     inv_mpu.o (.text.mpu_read_mem)
                  000048f4    000000ac     inv_mpu.o (.text.mpu_write_mem)
                  000049a0    000000a4     UART.o (.text.UART0_IRQHandler)
                  00004a44    000000a2     libclang_rt.builtins.a : udivmoddi4.S.obj (.text)
                  00004ae6    00000002     --HOLE-- [fill = 0]
                  00004ae8    0000009c     ti_msp_dl_config.o (.text.SYSCFG_DL_initPower)
                  00004b84    0000009c     inv_mpu.o (.text.mpu_set_int_latched)
                  00004c20    00000098     inv_mpu_dmp_motion_driver.o (.text.dmp_set_fifo_rate)
                  00004cb8    00000096     mpu6050.o (.text.inv_row_2_scale)
                  00004d4e    00000002     --HOLE-- [fill = 0]
                  00004d50    00000090     ti_msp_dl_config.o (.text.SYSCFG_DL_TimerA1_PWM_init)
                  00004de0    0000008c     libclang_rt.builtins.a : mulsf3.S.obj (.text.__mulsf3)
                  00004e6c    0000008c     inv_mpu_dmp_motion_driver.o (.text.decode_gesture)
                  00004ef8    00000084     ti_msp_dl_config.o (.text.__NVIC_SetPriority)
                  00004f7c    00000082     libclang_rt.builtins.a : divsf3.S.obj (.text.__divsf3)
                  00004ffe    00000002     --HOLE-- [fill = 0]
                  00005000    0000007c     oled.o (.text.Send_Byte)
                  0000507c    0000007c     libc.a : copy_decompress_lzss.c.obj (.text:decompress:lzss)
                  000050f8    00000074     libclang_rt.builtins.a : comparedf2.c.obj (.text.__gedf2)
                  0000516c    00000004     startup_mspm0g350x_ticlang.o (.text.Default_Handler)
                  00005170    00000074     libclang_rt.builtins.a : truncdfsf2.S.obj (.text.__truncdfsf2)
                  000051e4    00000074     inv_mpu.o (.text.mpu_get_accel_fsr)
                  00005258    00000070     oled.o (.text.OLED_ShowString)
                  000052c8    0000006a     oled.o (.text.OLED_Clear)
                  00005332    00000002     --HOLE-- [fill = 0]
                  00005334    00000068     libclang_rt.builtins.a : comparedf2.c.obj (.text.__ledf2)
                  0000539c    00000066     libc.a : _printfi.c.obj (.text._mcpy)
                  00005402    00000066     inv_mpu_dmp_motion_driver.o (.text.dmp_set_tap_axes)
                  00005468    00000062     libclang_rt.builtins.a : aeabi_dcmp.S.obj (.text.__aeabi_dcmp)
                  000054ca    00000002     --HOLE-- [fill = 0]
                  000054cc    00000060     ti_msp_dl_config.o (.text.SYSCFG_DL_ADC12_0_init)
                  0000552c    00000060     inv_mpu_dmp_motion_driver.o (.text.dmp_enable_gyro_cal)
                  0000558c    00000060     inv_mpu.o (.text.mpu_get_gyro_fsr)
                  000055ec    0000005e     driverlib.a : dl_i2c.o (.text.DL_I2C_fillControllerTXFIFO)
                  0000564a    00000002     --HOLE-- [fill = 0]
                  0000564c    0000005c     libc.a : s_frexp.c.obj (.text.frexp)
                  000056a8    00000058     ti_msp_dl_config.o (.text.SYSCFG_DL_I2C_MPU6050_init)
                  00005700    00000058     libc.a : _ltoa.c.obj (.text.__TI_ltoa)
                  00005758    00000058            : _printfi.c.obj (.text._pconv_f)
                  000057b0    00000056     libclang_rt.builtins.a : aeabi_idivmod.S.obj (.text.__aeabi_idivmod)
                  00005806    00000052     libc.a : _printfi.c.obj (.text._ecpy)
                  00005858    00000050     mspm0_i2c.o (.text.DL_I2C_startControllerTransfer)
                  000058a8    00000050     ti_msp_dl_config.o (.text.SysTick_Config)
                  000058f8    0000004e     oled.o (.text.OLED_WR_Byte)
                  00005946    00000002     --HOLE-- [fill = 0]
                  00005948    0000004c     ti_msp_dl_config.o (.text.DL_UART_setBaudRateDivisor)
                  00005994    0000004a     ti_msp_dl_config.o (.text.DL_ADC12_configConversionMem)
                  000059de    00000002     --HOLE-- [fill = 0]
                  000059e0    0000004a     libclang_rt.builtins.a : fixdfsi.S.obj (.text.__fixdfsi)
                  00005a2a    00000002     --HOLE-- [fill = 0]
                  00005a2c    00000048     driverlib.a : dl_uart.o (.text.DL_UART_init)
                  00005a74    00000048     ti_msp_dl_config.o (.text.SYSCFG_DL_UART_0_init)
                  00005abc    00000048     inv_mpu_dmp_motion_driver.o (.text.dmp_enable_6x_lp_quat)
                  00005b04    00000048     inv_mpu_dmp_motion_driver.o (.text.dmp_enable_lp_quat)
                  00005b4c    00000044     inv_mpu_dmp_motion_driver.o (.text.dmp_set_shake_reject_thresh)
                  00005b90    00000044     inv_mpu_dmp_motion_driver.o (.text.dmp_set_tap_count)
                  00005bd4    00000040     function.o (.text.All_Interrupt)
                  00005c14    00000040     driverlib.a : dl_adc12.o (.text.DL_ADC12_setClockConfig)
                  00005c54    00000040     ti_msp_dl_config.o (.text.SYSCFG_DL_init)
                  00005c94    00000040     libclang_rt.builtins.a : aeabi_uidivmod.S.obj (.text.__aeabi_uidivmod)
                  00005cd4    00000040                            : extendsfdf2.S.obj (.text.__extendsfdf2)
                  00005d14    00000040     libc.a : atoi.c.obj (.text.atoi)
                  00005d54    0000003e     mpu6050.o (.text.inv_orientation_matrix_to_scalar)
                  00005d92    00000002     --HOLE-- [fill = 0]
                  00005d94    0000003c     ti_msp_dl_config.o (.text.DL_GPIO_initPeripheralInputFunctionFeatures)
                  00005dd0    0000003c     driverlib.a : dl_i2c.o (.text.DL_I2C_flushControllerTXFIFO)
                  00005e0c    0000003c     ti_msp_dl_config.o (.text.DL_Timer_setCounterControl)
                  00005e48    0000003c     oled.o (.text.OLED_Set_Pos)
                  00005e84    0000003c     UART.o (.text.UART0_SendString)
                  00005ec0    0000003c     libclang_rt.builtins.a : floatsisf.S.obj (.text.__floatsisf)
                  00005efc    0000003c     libc.a : autoinit.c.obj (.text:__TI_auto_init_nobinit_nopinit)
                  00005f38    0000003a     libclang_rt.builtins.a : muldsi3.S.obj (.text.__muldsi3)
                  00005f72    00000002     --HOLE-- [fill = 0]
                  00005f74    00000038     oled.o (.text.I2C_Start)
                  00005fac    00000038     libclang_rt.builtins.a : fixsfsi.S.obj (.text.__fixsfsi)
                  00005fe4    00000038     libc.a : sprintf.c.obj (.text.sprintf)
                  0000601c    00000034     main.o (.text.ADC0_IRQHandler)
                  00006050    00000034     ti_msp_dl_config.o (.text.DL_GPIO_initDigitalInputFeatures)
                  00006084    00000034     ti_msp_dl_config.o (.text.SYSCFG_DL_TIMER_0_init)
                  000060b8    00000034     ti_msp_dl_config.o (.text.SYSCFG_DL_TIMER_HSR04_init)
                  000060ec    00000034     inv_mpu.o (.text.mpu_get_sample_rate)
                  00006120    00000032     inv_mpu_dmp_motion_driver.o (.text.dmp_set_shake_reject_time)
                  00006152    00000032     inv_mpu_dmp_motion_driver.o (.text.dmp_set_shake_reject_timeout)
                  00006184    00000030     main.o (.text.DL_ADC12_getMemResult)
                  000061b4    00000030     oled.o (.text.I2C_Stop)
                  000061e4    00000030     oled.o (.text.I2C_WaitAck)
                  00006214    00000030     UART.o (.text.UART0_GetFlag)
                  00006244    00000030     libc.a : _printfi.c.obj (.text._fcpy)
                  00006274    00000030     inv_mpu_dmp_motion_driver.o (.text.dmp_set_tap_time)
                  000062a4    00000030     inv_mpu_dmp_motion_driver.o (.text.dmp_set_tap_time_multi)
                  000062d4    00000030     mspm0_clock.o (.text.mspm0_delay_ms)
                  00006304    0000002c     Key.o (.text.LED_TIG)
                  00006330    0000002c     UART.o (.text.UART0_SendByte)
                  0000635c    0000002c     function.o (.text.__NVIC_ClearPendingIRQ)
                  00006388    0000002c     function.o (.text.__NVIC_EnableIRQ)
                  000063b4    0000002c     libclang_rt.builtins.a : floatsidf.S.obj (.text.__floatsidf)
                  000063e0    0000002c     mspm0_clock.o (.text.mspm0_get_clock_ms)
                  0000640c    00000028     Key.o (.text.BUZZ_TIG)
                  00006434    00000028     mspm0_i2c.o (.text.DL_Common_updateReg)
                  0000645c    00000028     ti_msp_dl_config.o (.text.DL_Common_updateReg)
                  00006484    00000028     ti_msp_dl_config.o (.text.DL_I2C_setControllerRXFIFOThreshold)
                  000064ac    00000028     ti_msp_dl_config.o (.text.DL_I2C_setControllerTXFIFOThreshold)
                  000064d4    00000028     Timer.o (.text.TIMG0_IRQHandler)
                  000064fc    00000028     HSR04.o (.text.Trig_HL)
                  00006524    00000028     libclang_rt.builtins.a : floatunsisf.S.obj (.text.__floatunsisf)
                  0000654c    00000028     libc.a : boot_cortex_m.c.obj (.text:_c_int00_noargs)
                  00006574    00000026     ti_msp_dl_config.o (.text.DL_I2C_setAnalogGlitchFilterPulseWidth)
                  0000659a    00000026     driverlib.a : dl_i2c.o (.text.DL_I2C_setClockConfig)
                  000065c0    00000024     libclang_rt.builtins.a : muldi3.S.obj (.text.__muldi3)
                  000065e4    00000022     Delay.o (.text.Delay_ms)
                  00006606    00000022     oled.o (.text.delay_ms)
                  00006628    00000022     libc.a : memccpy.c.obj (.text.memccpy)
                  0000664a    00000002     --HOLE-- [fill = 0]
                  0000664c    00000020     ti_msp_dl_config.o (.text.DL_GPIO_initPeripheralInputFunction)
                  0000666c    00000020     Delay.o (.text.Delay_us)
                  0000668c    00000020     EXTI.o (.text.TIMA0_IRQHandler)
                  000066ac    00000020     libc.a : memcmp.c.obj (.text.memcmp)
                  000066cc    0000001e     ti_msp_dl_config.o (.text.DL_ADC12_setPowerDownMode)
                  000066ea    0000001e     ti_msp_dl_config.o (.text.DL_UART_setOversampling)
                  00006708    0000001e     ti_msp_dl_config.o (.text.SYSCFG_DL_SYSCTL_init)
                  00006726    00000002     --HOLE-- [fill = 0]
                  00006728    0000001e     libclang_rt.builtins.a : ashldi3.S.obj (.text.__ashldi3)
                  00006746    00000002     --HOLE-- [fill = 0]
                  00006748    0000001c     ti_msp_dl_config.o (.text.DL_ADC12_clearInterruptStatus)
                  00006764    0000001c     ti_msp_dl_config.o (.text.DL_ADC12_enableInterrupt)
                  00006780    0000001c     main.o (.text.DL_ADC12_startConversion)
                  0000679c    0000001c     EXTI.o (.text.DL_GPIO_clearInterruptStatus)
                  000067b8    0000001c     ti_msp_dl_config.o (.text.DL_GPIO_clearInterruptStatus)
                  000067d4    0000001c     ti_msp_dl_config.o (.text.DL_GPIO_enableHiZ)
                  000067f0    0000001c     ti_msp_dl_config.o (.text.DL_GPIO_enableInterrupt)
                  0000680c    0000001c     ti_msp_dl_config.o (.text.DL_GPIO_initDigitalInput)
                  00006828    0000001c     ti_msp_dl_config.o (.text.DL_GPIO_initPeripheralOutputFunction)
                  00006844    0000001c     ti_msp_dl_config.o (.text.DL_GPIO_setLowerPinsPolarity)
                  00006860    0000001c     mspm0_i2c.o (.text.DL_I2C_isControllerRXFIFOEmpty)
                  0000687c    0000001c     ti_msp_dl_config.o (.text.DL_SYSCTL_setSYSOSCFreq)
                  00006898    0000001c     ti_msp_dl_config.o (.text.DL_Timer_enableInterrupt)
                  000068b4    0000001c     driverlib.a : dl_timer.o (.text.DL_Timer_setCaptCompUpdateMethod)
                  000068d0    0000001c                 : dl_timer.o (.text.DL_Timer_setClockConfig)
                  000068ec    0000001c     ti_msp_dl_config.o (.text.DL_UART_enableInterrupt)
                  00006908    0000001c     inv_mpu_dmp_motion_driver.o (.text.dmp_load_motion_driver_firmware)
                  00006924    00000018     ti_msp_dl_config.o (.text.DL_ADC12_enablePower)
                  0000693c    00000018     ti_msp_dl_config.o (.text.DL_ADC12_reset)
                  00006954    00000018     ti_msp_dl_config.o (.text.DL_ADC12_setSampleTime0)
                  0000696c    00000018     ti_msp_dl_config.o (.text.DL_GPIO_enableOutput)
                  00006984    00000018     ti_msp_dl_config.o (.text.DL_GPIO_enablePower)
                  0000699c    00000018     EXTI.o (.text.DL_GPIO_getEnabledInterruptStatus)
                  000069b4    00000018     ti_msp_dl_config.o (.text.DL_GPIO_initDigitalOutput)
                  000069cc    00000018     ti_msp_dl_config.o (.text.DL_GPIO_reset)
                  000069e4    00000018     HSR04.o (.text.DL_GPIO_setPins)
                  000069fc    00000018     Key.o (.text.DL_GPIO_setPins)
                  00006a14    00000018     PWM.o (.text.DL_GPIO_setPins)
                  00006a2c    00000018     oled.o (.text.DL_GPIO_setPins)
                  00006a44    00000018     ti_msp_dl_config.o (.text.DL_GPIO_setPins)
                  00006a5c    00000018     mspm0_i2c.o (.text.DL_I2C_clearInterruptStatus)
                  00006a74    00000018     ti_msp_dl_config.o (.text.DL_I2C_enableAnalogGlitchFilter)
                  00006a8c    00000018     ti_msp_dl_config.o (.text.DL_I2C_enableController)
                  00006aa4    00000018     ti_msp_dl_config.o (.text.DL_I2C_enableControllerClockStretching)
                  00006abc    00000018     mspm0_i2c.o (.text.DL_I2C_enablePower)
                  00006ad4    00000018     ti_msp_dl_config.o (.text.DL_I2C_enablePower)
                  00006aec    00000018     mspm0_i2c.o (.text.DL_I2C_getRawInterruptStatus)
                  00006b04    00000018     mspm0_i2c.o (.text.DL_I2C_reset)
                  00006b1c    00000018     ti_msp_dl_config.o (.text.DL_I2C_reset)
                  00006b34    00000018     ti_msp_dl_config.o (.text.DL_I2C_setTimerPeriod)
                  00006b4c    00000018     ti_msp_dl_config.o (.text.DL_SYSCTL_setBORThreshold)
                  00006b64    00000018     ti_msp_dl_config.o (.text.DL_Timer_enablePower)
                  00006b7c    00000018     ti_msp_dl_config.o (.text.DL_Timer_reset)
                  00006b94    00000018     driverlib.a : dl_timer.o (.text.DL_Timer_setCaptureCompareOutCtl)
                  00006bac    00000018     EXTI.o (.text.DL_Timer_startCounter)
                  00006bc4    00000018     function.o (.text.DL_Timer_startCounter)
                  00006bdc    00000018     EXTI.o (.text.DL_Timer_stopCounter)
                  00006bf4    00000018     UART.o (.text.DL_UART_clearInterruptStatus)
                  00006c0c    00000018     ti_msp_dl_config.o (.text.DL_UART_enablePower)
                  00006c24    00000018     UART.o (.text.DL_UART_isBusy)
                  00006c3c    00000018     ti_msp_dl_config.o (.text.DL_UART_reset)
                  00006c54    00000018     libc.a : sprintf.c.obj (.text._outs)
                  00006c6c    00000016     main.o (.text.DL_ADC12_enableConversions)
                  00006c82    00000016     ti_msp_dl_config.o (.text.DL_ADC12_enableConversions)
                  00006c98    00000016     EXTI.o (.text.DL_GPIO_readPins)
                  00006cae    00000016     Key.o (.text.DL_GPIO_readPins)
                  00006cc4    00000016     mspm0_i2c.o (.text.DL_I2C_transmitControllerData)
                  00006cda    00000016     ti_msp_dl_config.o (.text.DL_UART_enable)
                  00006cf0    00000016     UART.o (.text.DL_UART_transmitData)
                  00006d06    00000016     libc.a : copy_zero_init.c.obj (.text:decompress:ZI:__TI_zero_init_nomemset)
                  00006d1c    00000014     HSR04.o (.text.DL_GPIO_clearPins)
                  00006d30    00000014     Key.o (.text.DL_GPIO_clearPins)
                  00006d44    00000014     PWM.o (.text.DL_GPIO_clearPins)
                  00006d58    00000014     oled.o (.text.DL_GPIO_clearPins)
                  00006d6c    00000014     ti_msp_dl_config.o (.text.DL_GPIO_clearPins)
                  00006d80    00000014     mspm0_i2c.o (.text.DL_I2C_receiveControllerData)
                  00006d94    00000014     ti_msp_dl_config.o (.text.DL_I2C_resetControllerTransfer)
                  00006da8    00000014     ti_msp_dl_config.o (.text.DL_SYSCTL_disableSYSPLL)
                  00006dbc    00000014     ti_msp_dl_config.o (.text.DL_Timer_enableClock)
                  00006dd0    00000014     ti_msp_dl_config.o (.text.DL_Timer_setCCPDirection)
                  00006de4    00000014     EXTI.o (.text.DL_Timer_setTimerCount)
                  00006df8    00000014     UART.o (.text.DL_UART_receiveData)
                  00006e0c    00000014     libclang_rt.builtins.a : aeabi_uldivmod.S.obj (.text.__aeabi_uldivmod)
                  00006e20    00000014     inv_mpu_dmp_motion_driver.o (.text.dmp_register_android_orient_cb)
                  00006e34    00000014     inv_mpu_dmp_motion_driver.o (.text.dmp_register_tap_cb)
                  00006e48    00000014     libc.a : _printfi.c.obj (.text.strchr)
                  00006e5c    00000012     main.o (.text.DL_ADC12_getPendingInterrupt)
                  00006e6e    00000012     EXTI.o (.text.DL_Timer_getPendingInterrupt)
                  00006e80    00000012     Timer.o (.text.DL_Timer_getPendingInterrupt)
                  00006e92    00000012     UART.o (.text.DL_UART_getPendingInterrupt)
                  00006ea4    00000012     driverlib.a : dl_uart.o (.text.DL_UART_setClockConfig)
                  00006eb6    00000012     libc.a : memcpy16.S.obj (.text:TI_memcpy_small)
                  00006ec8    00000012            : copy_decompress_none.c.obj (.text:decompress:none)
                  00006eda    00000002     --HOLE-- [fill = 0]
                  00006edc    00000010     ti_msp_dl_config.o (.text.DL_SYSCTL_disableHFXT)
                  00006eec    00000010     EXTI.o (.text.DL_Timer_getTimerCount)
                  00006efc    00000010     driverlib.a : dl_timer.o (.text.DL_Timer_setCaptureCompareValue)
                  00006f0c    00000010     mspm0_clock.o (.text.SysTick_Handler)
                  00006f1c    00000010     libc.a : wcslen.c.obj (.text.wcslen)
                  00006f2c    0000000e     libclang_rt.builtins.a : aeabi_memset.S.obj (.text.__aeabi_memset)
                  00006f3a    0000000e     libc.a : _printfi.c.obj (.text.strlen)
                  00006f48    0000000e     mpu6050.o (.text.tap_cb)
                  00006f56    0000000e     libc.a : memset16.S.obj (.text:TI_memset_small)
                  00006f64    0000000c     EXTI.o (.text.Get_Juli)
                  00006f70    0000000c     ti_msp_dl_config.o (.text.SYSCFG_DL_SYSTICK_init)
                  00006f7c    0000000a     driverlib.a : dl_common.o (.text.DL_Common_delayCycles)
                  00006f86    0000000a     libc.a : _printfi.c.obj (.text.OUTLINED_FUNCTION_0)
                  00006f90    00000010     libclang_rt.builtins.a : adddf3.S.obj (.tramp.__aeabi_dsub.1)
                  00006fa0    0000000a     libc.a : e_asin.c.obj (.text.OUTLINED_FUNCTION_0)
                  00006faa    00000002     --HOLE-- [fill = 0]
                  00006fac    00000010     libclang_rt.builtins.a : muldf3.S.obj (.tramp.__aeabi_dmul.1)
                  00006fbc    0000000a     libc.a : s_atan.c.obj (.text.OUTLINED_FUNCTION_0)
                  00006fc6    0000000a            : _printfi.c.obj (.text.OUTLINED_FUNCTION_1)
                  00006fd0    0000000a            : e_asin.c.obj (.text.OUTLINED_FUNCTION_1)
                  00006fda    0000000a            : e_asin.c.obj (.text.OUTLINED_FUNCTION_3)
                  00006fe4    00000010     libclang_rt.builtins.a : divdf3.S.obj (.tramp.__aeabi_ddiv.1)
                  00006ff4    0000000a     libc.a : sprintf.c.obj (.text._outc)
                  00006ffe    0000000a     mpu6050.o (.text.android_orient_cb)
                  00007008    00000008     libc.a : s_atan.c.obj (.text.OUTLINED_FUNCTION_2)
                  00007010    00000008            : aeabi_portable.c.obj (.text.__aeabi_errno_addr)
                  00007018    00000008     libclang_rt.builtins.a : aeabi_memcpy.S.obj (.text.__aeabi_memcpy)
                  00007020    00000006     libc.a : s_atan.c.obj (.text.OUTLINED_FUNCTION_1)
                  00007026    00000002     --HOLE-- [fill = 0]
                  00007028    00000010     libclang_rt.builtins.a : adddf3.S.obj (.tramp.__aeabi_dadd.1)
                  00007038    00000006     libc.a : e_asin.c.obj (.text.OUTLINED_FUNCTION_2)
                  0000703e    00000006            : exit.c.obj (.text:abort)
                  00007044    00000004     libsysbm.a : hostexit.c.obj (.text.HOSTexit)
                  00007048    00000004     libc.a : e_asin.c.obj (.text.OUTLINED_FUNCTION_4)
                  0000704c    00000004     startup_mspm0g350x_ticlang.o (.text.Reset_Handler)
                  00007050    00000010     libc.a : boot_cortex_m.c.obj (.tramp._c_int00_noargs.1)
                  00007060    00000004            : pre_init.c.obj (.text._system_pre_init)
                  00007064    0000000c     --HOLE-- [fill = 0]

.cinit     0    000086c0    00000040     
                  000086c0    0000001c     (.cinit..data.load) [load image, compression = lzss]
                  000086dc    0000000c     (__TI_handler_table)
                  000086e8    00000008     (.cinit..bss.load) [load image, compression = zero_init]
                  000086f0    00000010     (__TI_cinit_table)

.rodata    0    00007070    00001650     
                  00007070    00000bf6     inv_mpu_dmp_motion_driver.o (.rodata.dmp_memory)
                  00007c66    000005f0     oled.o (.rodata.asc2_1608)
                  00008256    00000228     oled.o (.rodata.asc2_0806)
                  0000847e    00000002     ti_msp_dl_config.o (.rodata.gI2C_MPU6050ClockConfig)
                  00008480    00000101     libc.a : aeabi_ctype.S.obj (.rodata:__aeabi_ctype_table_)
                  00008581    00000007     main.o (.rodata.str1.15159059442110792349.1)
                  00008588    00000040     libc.a : s_atan.c.obj (.rodata.cst32)
                  000085c8    00000028     inv_mpu.o (.rodata.test)
                  000085f0    0000001e     inv_mpu.o (.rodata.reg)
                  0000860e    00000002     ti_msp_dl_config.o (.rodata.gUART_0ClockConfig)
                  00008610    00000014     ti_msp_dl_config.o (.rodata.gTIMER_0TimerConfig)
                  00008624    00000014     ti_msp_dl_config.o (.rodata.gTIMER_HSR04TimerConfig)
                  00008638    00000011     libc.a : _printfi.c.obj (.rodata.str1.10348868589481759720.1)
                  00008649    00000011            : _printfi.c.obj (.rodata.str1.15363888844622738466.1)
                  0000865a    00000010     main.o (.rodata.str1.18227636981041470289.1)
                  0000866a    0000000c     inv_mpu.o (.rodata.hw)
                  00008676    0000000a     ti_msp_dl_config.o (.rodata.gUART_0Config)
                  00008680    0000000a     main.o (.rodata.str1.12180500075719773345.1)
                  0000868a    00000002     --HOLE-- [fill = 0]
                  0000868c    00000008     ti_msp_dl_config.o (.rodata.gADC12_0ClockConfig)
                  00008694    00000008     ti_msp_dl_config.o (.rodata.gTimerA1_PWMConfig)
                  0000869c    00000007     main.o (.rodata.str1.17100691992556644108.1)
                  000086a3    00000007     main.o (.rodata.str1.8154729771448623357.1)
                  000086aa    00000006     main.o (.rodata.str1.2846389346932560359.1)
                  000086b0    00000003     ti_msp_dl_config.o (.rodata.gTIMER_0ClockConfig)
                  000086b3    00000003     ti_msp_dl_config.o (.rodata.gTIMER_HSR04ClockConfig)
                  000086b6    00000003     ti_msp_dl_config.o (.rodata.gTimerA1_PWMClockConfig)
                  000086b9    00000007     --HOLE-- [fill = 0]

.init_array 
*          0    00000000    00000000     UNINITIALIZED

.binit     0    00000000    00000000     

.bss       0    20200000    00000238     UNINITIALIZED
                  20200000    000000bc     (.common:gTIMER_HSR04Backup)
                  202000bc    000000bc     (.common:gTimerA1_PWMBackup)
                  20200178    00000064     (.common:UART0_RxPacket)
                  202001dc    00000020     (.common:oled_buffer)
                  202001fc    00000010     (.common:quat)
                  2020020c    00000006     (.common:accel)
                  20200212    00000006     (.common:gyro)
                  20200218    00000004     (.common:ADC_Val)
                  2020021c    00000004     (.common:pitch)
                  20200220    00000004     (.common:roll)
                  20200224    00000004     (.common:sensor_timestamp)
                  20200228    00000004     (.common:start_time)
                  2020022c    00000004     (.common:tick_ms)
                  20200230    00000004     (.common:yaw)
                  20200234    00000002     (.common:sensors)
                  20200236    00000001     (.common:UART0_RxFlag)
                  20200237    00000001     (.common:more)

.data      0    20200238    0000006d     UNINITIALIZED
                  20200238    0000002c     inv_mpu.o (.data.st)
                  20200264    00000010     inv_mpu_dmp_motion_driver.o (.data.dmp)
                  20200274    0000000e     mpu6050.o (.data.hal)
                  20200282    00000009     mpu6050.o (.data.gyro_orientation)
                  2020028b    00000001     UART.o (.data.UART0_IRQHandler.RxState)
                  2020028c    00000004     main.o (.data.Encoder_L_Data)
                  20200290    00000004     main.o (.data.Encoder_R_Data)
                  20200294    00000004     libc.a : aeabi_portable.c.obj (.data.__aeabi_errno)
                  20200298    00000004     EXTI.o (.data.cnt)
                  2020029c    00000004     EXTI.o (.data.dist)
                  202002a0    00000004     EXTI.o (.data.overflowFlag)
                  202002a4    00000001     UART.o (.data.UART0_IRQHandler.pRxPacket)

.stack     0    20207e00    00000200     UNINITIALIZED
                  20207e00    00000004     libc.a : boot_cortex_m.c.obj (.stack)
                  20207e04    000001fc     --HOLE--

__llvm_prf_cnts 
*          0    20200000    00000000     UNINITIALIZED

__llvm_prf_bits 
*          0    20200000    00000000     UNINITIALIZED

MODULE SUMMARY

       Module                         code    ro data   rw data
       ------                         ----    -------   -------
    .\
       ti_msp_dl_config.o             2934    79        376    
       main.o                         544     53        44     
       startup_mspm0g350x_ticlang.o   8       192       0      
       function.o                     176     0         0      
    +--+------------------------------+-------+---------+---------+
       Total:                         3662    324       420    
                                                               
    .\Hardware\EXTI\
       EXTI.o                         956     0         12     
    +--+------------------------------+-------+---------+---------+
       Total:                         956     0         12     
                                                               
    .\Hardware\HSR04\
       HSR04.o                        84      0         0      
    +--+------------------------------+-------+---------+---------+
       Total:                         84      0         0      
                                                               
    .\Hardware\Key\
       Key.o                          418     0         0      
    +--+------------------------------+-------+---------+---------+
       Total:                         418     0         0      
                                                               
    .\Hardware\MPU6050\
       inv_mpu_dmp_motion_driver.o    3110    3062      16     
       inv_mpu.o                      4832    82        44     
       mpu6050.o                      976     0         70     
       mspm0_i2c.o                    782     0         0      
       mspm0_clock.o                  108     0         8      
    +--+------------------------------+-------+---------+---------+
       Total:                         9808    3144      138    
                                                               
    .\Hardware\OLED\
       oled.o                         1240    2072      0      
    +--+------------------------------+-------+---------+---------+
       Total:                         1240    2072      0      
                                                               
    .\Hardware\PWM\
       PWM.o                          256     0         0      
    +--+------------------------------+-------+---------+---------+
       Total:                         256     0         0      
                                                               
    .\Hardware\Timer\
       Timer.o                        58      0         0      
    +--+------------------------------+-------+---------+---------+
       Total:                         58      0         0      
                                                               
    .\Hardware\UART\
       UART.o                         424     0         103    
    +--+------------------------------+-------+---------+---------+
       Total:                         424     0         103    
                                                               
    .\System\
       Delay.o                        66      0         0      
    +--+------------------------------+-------+---------+---------+
       Total:                         66      0         0      
                                                               
    C:/TI/mspm0_sdk_2_04_00_06/source/ti/driverlib/lib/ticlang/m0p/mspm0g1x0x_g3x0x/driverlib.a
       dl_timer.o                     588     0         0      
       dl_i2c.o                       192     0         0      
       dl_uart.o                      90      0         0      
       dl_adc12.o                     64      0         0      
       dl_common.o                    10      0         0      
    +--+------------------------------+-------+---------+---------+
       Total:                         944     0         0      
                                                               
    D:\install\ccs_install\ccs\tools\compiler\ti-cgt-armllvm_4.0.2.LTS\lib\armv6m-ti-none-eabi/c/libc.a
       _printfi.c.obj                 4510    34        0      
       e_asin.c.obj                   908     0         0      
       s_atan.c.obj                   784     64        0      
       e_atan2.c.obj                  392     0         0      
       e_sqrt.c.obj                   368     0         0      
       aeabi_ctype.S.obj              0       257       0      
       s_scalbn.c.obj                 216     0         0      
       copy_decompress_lzss.c.obj     124     0         0      
       s_frexp.c.obj                  92      0         0      
       sprintf.c.obj                  90      0         0      
       _ltoa.c.obj                    88      0         0      
       atoi.c.obj                     64      0         0      
       autoinit.c.obj                 60      0         0      
       boot_cortex_m.c.obj            56      0         0      
       memccpy.c.obj                  34      0         0      
       memcmp.c.obj                   32      0         0      
       copy_zero_init.c.obj           22      0         0      
       copy_decompress_none.c.obj     18      0         0      
       memcpy16.S.obj                 18      0         0      
       wcslen.c.obj                   16      0         0      
       memset16.S.obj                 14      0         0      
       aeabi_portable.c.obj           8       0         4      
       exit.c.obj                     6       0         0      
       pre_init.c.obj                 4       0         0      
    +--+------------------------------+-------+---------+---------+
       Total:                         7924    355       4      
                                                               
    D:\install\ccs_install\ccs\tools\compiler\ti-cgt-armllvm_4.0.2.LTS\lib\armv6m-ti-none-eabi/c/libsysbm.a
       hostexit.c.obj                 4       0         0      
    +--+------------------------------+-------+---------+---------+
       Total:                         4       0         0      
                                                               
    D:\install\ccs_install\ccs\tools\compiler\ti-cgt-armllvm_4.0.2.LTS\lib\armv6m-ti-none-eabi/libclang_rt.builtins.a
       adddf3.S.obj                   434     0         0      
       divdf3.S.obj                   284     0         0      
       muldf3.S.obj                   244     0         0      
       comparedf2.c.obj               220     0         0      
       addsf3.S.obj                   216     0         0      
       udivmoddi4.S.obj               162     0         0      
       mulsf3.S.obj                   140     0         0      
       divsf3.S.obj                   130     0         0      
       truncdfsf2.S.obj               116     0         0      
       aeabi_dcmp.S.obj               98      0         0      
       aeabi_idivmod.S.obj            86      0         0      
       fixdfsi.S.obj                  74      0         0      
       aeabi_uidivmod.S.obj           64      0         0      
       extendsfdf2.S.obj              64      0         0      
       floatsisf.S.obj                60      0         0      
       muldsi3.S.obj                  58      0         0      
       fixsfsi.S.obj                  56      0         0      
       floatsidf.S.obj                44      0         0      
       floatunsisf.S.obj              40      0         0      
       muldi3.S.obj                   36      0         0      
       ashldi3.S.obj                  30      0         0      
       aeabi_uldivmod.S.obj           20      0         0      
       aeabi_memset.S.obj             14      0         0      
       aeabi_memcpy.S.obj             8       0         0      
       aeabi_div0.c.obj               4       0         0      
    +--+------------------------------+-------+---------+---------+
       Total:                         2702    0         0      
                                                               
       Stack:                         0       0         512    
       Linker Generated:              0       64        0      
    +--+------------------------------+-------+---------+---------+
       Grand Total:                   28546   5959      1189   


LINKER GENERATED COPY TABLES

__TI_cinit_table @ 000086f0 records: 2, size/record: 8, table size: 16
	.data: load addr=000086c0, load size=0000001c bytes, run addr=20200238, run size=0000006d bytes, compression=lzss
	.bss: load addr=000086e8, load size=00000008 bytes, run addr=20200000, run size=00000238 bytes, compression=zero_init


LINKER GENERATED HANDLER TABLE

__TI_handler_table @ 000086dc records: 3, size/record: 4, table size: 12
	index: 0, handler: __TI_decompress_lzss
	index: 1, handler: __TI_decompress_none
	index: 2, handler: __TI_zero_init


FAR CALL TRAMPOLINES

callee name               trampoline name
   callee addr  tramp addr   call addr  call info
--------------  -----------  ---------  ----------------
__aeabi_dsub              $Tramp$TT$L$PI$$__aeabi_dsub
   0000283d     00006f90     00006f8e   libc.a : _printfi.c.obj (.text.OUTLINED_FUNCTION_0)
__aeabi_dmul              $Tramp$TT$L$PI$$__aeabi_dmul
   00003eb5     00006fac     00006fa8   libc.a : e_asin.c.obj (.text.OUTLINED_FUNCTION_0)
                             00006fc4          : s_atan.c.obj (.text.OUTLINED_FUNCTION_0)
                             00006fd8          : e_asin.c.obj (.text.OUTLINED_FUNCTION_1)
                             0000700e          : s_atan.c.obj (.text.OUTLINED_FUNCTION_2)
                             0000703c          : e_asin.c.obj (.text.OUTLINED_FUNCTION_2)
__aeabi_ddiv              $Tramp$TT$L$PI$$__aeabi_ddiv
   000038cd     00006fe4     00006fe2   libc.a : e_asin.c.obj (.text.OUTLINED_FUNCTION_3)
__aeabi_dadd              $Tramp$TT$L$PI$$__aeabi_dadd
   00002847     00007028     00007024   libc.a : s_atan.c.obj (.text.OUTLINED_FUNCTION_1)
                             0000704a          : e_asin.c.obj (.text.OUTLINED_FUNCTION_4)
_c_int00_noargs           $Tramp$TT$L$PI$$_c_int00_noargs
   0000654d     00007050     0000704c   startup_mspm0g350x_ticlang.o (.text.Reset_Handler)

[5 trampolines]
[10 trampoline calls]


GLOBAL SYMBOLS: SORTED ALPHABETICALLY BY Name 

address   name                            
-------   ----                            
0000601d  ADC0_IRQHandler                 
0000516d  ADC1_IRQHandler                 
20200218  ADC_Val                         
0000516d  AES_IRQHandler                  
00005bd5  All_Interrupt                   
0000640d  BUZZ_TIG                        
00007044  C$$EXIT                         
0000516d  CANFD0_IRQHandler               
0000516d  DAC0_IRQHandler                 
00005c15  DL_ADC12_setClockConfig         
00006f7d  DL_Common_delayCycles           
000055ed  DL_I2C_fillControllerTXFIFO     
00005dd1  DL_I2C_flushControllerTXFIFO    
0000659b  DL_I2C_setClockConfig           
00003ae1  DL_Timer_initFourCCPWMMode      
00003dcd  DL_Timer_initTimerMode          
000068b5  DL_Timer_setCaptCompUpdateMethod
00006b95  DL_Timer_setCaptureCompareOutCtl
00006efd  DL_Timer_setCaptureCompareValue 
000068d1  DL_Timer_setClockConfig         
00005a2d  DL_UART_init                    
00006ea5  DL_UART_setClockConfig          
0000516d  DMA_IRQHandler                  
0000516d  Default_Handler                 
000065e5  Delay_ms                        
0000666d  Delay_us                        
2020028c  Encoder_L_Data                  
20200290  Encoder_R_Data                  
0000516d  GROUP0_IRQHandler               
000010ed  GROUP1_IRQHandler               
00006f65  Get_Juli                        
00007045  HOSTexit                        
0000516d  HardFault_Handler               
0000516d  I2C0_IRQHandler                 
0000516d  I2C1_IRQHandler                 
00005f75  I2C_Start                       
000061b5  I2C_Stop                        
000061e5  I2C_WaitAck                     
000037c1  KeyScan                         
00006305  LED_TIG                         
0000516d  NMI_Handler                     
000052c9  OLED_Clear                      
00003be5  OLED_Init                       
00005e49  OLED_Set_Pos                    
00003599  OLED_ShowChar                   
00005259  OLED_ShowString                 
000058f9  OLED_WR_Byte                    
0000422d  PWM_Duty                        
0000516d  PendSV_Handler                  
0000516d  RTC_IRQHandler                  
00001645  Read_Quad                       
0000704d  Reset_Handler                   
0000516d  SPI0_IRQHandler                 
0000516d  SPI1_IRQHandler                 
0000516d  SVC_Handler                     
000054cd  SYSCFG_DL_ADC12_0_init          
000024d1  SYSCFG_DL_GPIO_init             
000056a9  SYSCFG_DL_I2C_MPU6050_init      
00006709  SYSCFG_DL_SYSCTL_init           
00006f71  SYSCFG_DL_SYSTICK_init          
00006085  SYSCFG_DL_TIMER_0_init          
000060b9  SYSCFG_DL_TIMER_HSR04_init      
00004d51  SYSCFG_DL_TimerA1_PWM_init      
00005a75  SYSCFG_DL_UART_0_init           
00005c55  SYSCFG_DL_init                  
00004ae9  SYSCFG_DL_initPower             
00005001  Send_Byte                       
00006f0d  SysTick_Handler                 
0000668d  TIMA0_IRQHandler                
0000516d  TIMA1_IRQHandler                
000064d5  TIMG0_IRQHandler                
0000516d  TIMG12_IRQHandler               
0000516d  TIMG6_IRQHandler                
0000516d  TIMG7_IRQHandler                
0000516d  TIMG8_IRQHandler                
00006eb7  TI_memcpy_small                 
00006f57  TI_memset_small                 
000064fd  Trig_HL                         
00006215  UART0_GetFlag                   
000049a1  UART0_IRQHandler                
20200236  UART0_RxFlag                    
20200178  UART0_RxPacket                  
00006331  UART0_SendByte                  
00005e85  UART0_SendString                
0000516d  UART1_IRQHandler                
0000516d  UART2_IRQHandler                
0000516d  UART3_IRQHandler                
20208000  __STACK_END                     
00000200  __STACK_SIZE                    
00000000  __TI_ATRegion0_region_sz        
00000000  __TI_ATRegion0_src_addr         
00000000  __TI_ATRegion0_trg_addr         
00000000  __TI_ATRegion1_region_sz        
00000000  __TI_ATRegion1_src_addr         
00000000  __TI_ATRegion1_trg_addr         
00000000  __TI_ATRegion2_region_sz        
00000000  __TI_ATRegion2_src_addr         
00000000  __TI_ATRegion2_trg_addr         
000086f0  __TI_CINIT_Base                 
00008700  __TI_CINIT_Limit                
00008700  __TI_CINIT_Warm                 
000086dc  __TI_Handler_Table_Base         
000086e8  __TI_Handler_Table_Limit        
00005efd  __TI_auto_init_nobinit_nopinit  
0000507d  __TI_decompress_lzss            
00006ec9  __TI_decompress_none            
00005701  __TI_ltoa                       
ffffffff  __TI_pprof_out_hndl             
000000c1  __TI_printfi                    
ffffffff  __TI_prof_data_size             
ffffffff  __TI_prof_data_start            
00000000  __TI_static_base__              
00006d07  __TI_zero_init_nomemset         
00002847  __adddf3                        
0000415f  __addsf3                        
00008480  __aeabi_ctype_table_            
00008480  __aeabi_ctype_table_C           
00005171  __aeabi_d2f                     
000059e1  __aeabi_d2iz                    
00002847  __aeabi_dadd                    
00005469  __aeabi_dcmpeq                  
000054a5  __aeabi_dcmpge                  
000054b9  __aeabi_dcmpgt                  
00005491  __aeabi_dcmple                  
0000547d  __aeabi_dcmplt                  
000038cd  __aeabi_ddiv                    
00003eb5  __aeabi_dmul                    
0000283d  __aeabi_dsub                    
20200294  __aeabi_errno                   
00007011  __aeabi_errno_addr              
00005cd5  __aeabi_f2d                     
00005fad  __aeabi_f2iz                    
0000415f  __aeabi_fadd                    
00004f7d  __aeabi_fdiv                    
00004de1  __aeabi_fmul                    
00004155  __aeabi_fsub                    
000063b5  __aeabi_i2d                     
00005ec1  __aeabi_i2f                     
000057b1  __aeabi_idiv                    
000029cf  __aeabi_idiv0                   
000057b1  __aeabi_idivmod                 
00003cdf  __aeabi_ldiv0                   
00006729  __aeabi_llsl                    
000065c1  __aeabi_lmul                    
00007019  __aeabi_memcpy                  
00007019  __aeabi_memcpy4                 
00007019  __aeabi_memcpy8                 
00006f2d  __aeabi_memset                  
00006f2d  __aeabi_memset4                 
00006f2d  __aeabi_memset8                 
00006525  __aeabi_ui2f                    
00005c95  __aeabi_uidiv                   
00005c95  __aeabi_uidivmod                
00006e0d  __aeabi_uldivmod                
00006729  __ashldi3                       
ffffffff  __binit__                       
00005335  __cmpdf2                        
000038cd  __divdf3                        
00004f7d  __divsf3                        
00005335  __eqdf2                         
00005cd5  __extendsfdf2                   
000059e1  __fixdfsi                       
00005fad  __fixsfsi                       
000063b5  __floatsidf                     
00005ec1  __floatsisf                     
00006525  __floatunsisf                   
000050f9  __gedf2                         
000050f9  __gtdf2                         
00005335  __ledf2                         
00005335  __ltdf2                         
UNDEFED   __mpu_init                      
00003eb5  __muldf3                        
000065c1  __muldi3                        
00005f39  __muldsi3                       
00004de1  __mulsf3                        
00005335  __nedf2                         
20207e00  __stack                         
20200000  __start___llvm_prf_bits         
20200000  __start___llvm_prf_cnts         
20200000  __stop___llvm_prf_bits          
20200000  __stop___llvm_prf_cnts          
0000283d  __subdf3                        
00004155  __subsf3                        
00005171  __truncdfsf2                    
00004a45  __udivmoddi4                    
0000654d  _c_int00_noargs                 
UNDEFED   _system_post_cinit              
00007061  _system_pre_init                
0000703f  abort                           
2020020c  accel                           
00008256  asc2_0806                       
00007c66  asc2_1608                       
00000a91  asin                            
00000a91  asinl                           
00000df5  atan                            
000029d1  atan2                           
000029d1  atan2l                          
00000df5  atanl                           
00005d15  atoi                            
ffffffff  binit                           
20200298  cnt                             
00006607  delay_ms                        
2020029c  dist                            
00005abd  dmp_enable_6x_lp_quat           
000013cd  dmp_enable_feature              
0000552d  dmp_enable_gyro_cal             
00005b05  dmp_enable_lp_quat              
00006909  dmp_load_motion_driver_firmware 
00002101  dmp_read_fifo                   
00006e21  dmp_register_android_orient_cb  
00006e35  dmp_register_tap_cb             
00004c21  dmp_set_fifo_rate               
00002b59  dmp_set_orientation             
00005b4d  dmp_set_shake_reject_thresh     
00006121  dmp_set_shake_reject_time       
00006153  dmp_set_shake_reject_timeout    
00005403  dmp_set_tap_axes                
00005b91  dmp_set_tap_count               
0000187d  dmp_set_tap_thresh              
00006275  dmp_set_tap_time                
000062a5  dmp_set_tap_time_multi          
0000564d  frexp                           
0000564d  frexpl                          
20200000  gTIMER_HSR04Backup              
202000bc  gTimerA1_PWMBackup              
20200212  gyro                            
0000866a  hw                              
00000000  interruptVectors                
0000407d  ldexp                           
0000407d  ldexpl                          
00002cd1  main                            
00006629  memccpy                         
000066ad  memcmp                          
20200237  more                            
0000479d  mpu6050_init                    
00004629  mpu_configure_fifo              
000051e5  mpu_get_accel_fsr               
0000558d  mpu_get_gyro_fsr                
000060ed  mpu_get_sample_rate             
00001f01  mpu_init                        
00003355  mpu_load_firmware               
000036b1  mpu_lp_accel_mode               
000039d9  mpu_read_fifo_stream            
00004849  mpu_read_mem                    
00001ab5  mpu_reset_fifo                  
00003f99  mpu_set_accel_fsr               
0000269d  mpu_set_bypass                  
000046e5  mpu_set_dmp_state               
000044a5  mpu_set_gyro_fsr                
00004b85  mpu_set_int_latched             
000043d5  mpu_set_lpf                     
00003ce1  mpu_set_sample_rate             
000030f5  mpu_set_sensors                 
000048f5  mpu_write_mem                   
000062d5  mspm0_delay_ms                  
000063e1  mspm0_get_clock_ms              
00003225  mspm0_i2c_read                  
00004569  mspm0_i2c_write                 
202001dc  oled_buffer                     
202002a0  overflowFlag                    
2020021c  pitch                           
202001fc  quat                            
000085f0  reg                             
20200220  roll                            
0000407d  scalbn                          
0000407d  scalbnl                         
20200224  sensor_timestamp                
20200234  sensors                         
00005fe5  sprintf                         
00002e49  sqrt                            
00002e49  sqrtl                           
20200228  start_time                      
000085c8  test                            
2020022c  tick_ms                         
00006f1d  wcslen                          
20200230  yaw                             


GLOBAL SYMBOLS: SORTED BY Symbol Address 

address   name                            
-------   ----                            
00000000  __TI_ATRegion0_region_sz        
00000000  __TI_ATRegion0_src_addr         
00000000  __TI_ATRegion0_trg_addr         
00000000  __TI_ATRegion1_region_sz        
00000000  __TI_ATRegion1_src_addr         
00000000  __TI_ATRegion1_trg_addr         
00000000  __TI_ATRegion2_region_sz        
00000000  __TI_ATRegion2_src_addr         
00000000  __TI_ATRegion2_trg_addr         
00000000  __TI_static_base__              
00000000  interruptVectors                
000000c1  __TI_printfi                    
00000200  __STACK_SIZE                    
00000a91  asin                            
00000a91  asinl                           
00000df5  atan                            
00000df5  atanl                           
000010ed  GROUP1_IRQHandler               
000013cd  dmp_enable_feature              
00001645  Read_Quad                       
0000187d  dmp_set_tap_thresh              
00001ab5  mpu_reset_fifo                  
00001f01  mpu_init                        
00002101  dmp_read_fifo                   
000024d1  SYSCFG_DL_GPIO_init             
0000269d  mpu_set_bypass                  
0000283d  __aeabi_dsub                    
0000283d  __subdf3                        
00002847  __adddf3                        
00002847  __aeabi_dadd                    
000029cf  __aeabi_idiv0                   
000029d1  atan2                           
000029d1  atan2l                          
00002b59  dmp_set_orientation             
00002cd1  main                            
00002e49  sqrt                            
00002e49  sqrtl                           
000030f5  mpu_set_sensors                 
00003225  mspm0_i2c_read                  
00003355  mpu_load_firmware               
00003599  OLED_ShowChar                   
000036b1  mpu_lp_accel_mode               
000037c1  KeyScan                         
000038cd  __aeabi_ddiv                    
000038cd  __divdf3                        
000039d9  mpu_read_fifo_stream            
00003ae1  DL_Timer_initFourCCPWMMode      
00003be5  OLED_Init                       
00003cdf  __aeabi_ldiv0                   
00003ce1  mpu_set_sample_rate             
00003dcd  DL_Timer_initTimerMode          
00003eb5  __aeabi_dmul                    
00003eb5  __muldf3                        
00003f99  mpu_set_accel_fsr               
0000407d  ldexp                           
0000407d  ldexpl                          
0000407d  scalbn                          
0000407d  scalbnl                         
00004155  __aeabi_fsub                    
00004155  __subsf3                        
0000415f  __addsf3                        
0000415f  __aeabi_fadd                    
0000422d  PWM_Duty                        
000043d5  mpu_set_lpf                     
000044a5  mpu_set_gyro_fsr                
00004569  mspm0_i2c_write                 
00004629  mpu_configure_fifo              
000046e5  mpu_set_dmp_state               
0000479d  mpu6050_init                    
00004849  mpu_read_mem                    
000048f5  mpu_write_mem                   
000049a1  UART0_IRQHandler                
00004a45  __udivmoddi4                    
00004ae9  SYSCFG_DL_initPower             
00004b85  mpu_set_int_latched             
00004c21  dmp_set_fifo_rate               
00004d51  SYSCFG_DL_TimerA1_PWM_init      
00004de1  __aeabi_fmul                    
00004de1  __mulsf3                        
00004f7d  __aeabi_fdiv                    
00004f7d  __divsf3                        
00005001  Send_Byte                       
0000507d  __TI_decompress_lzss            
000050f9  __gedf2                         
000050f9  __gtdf2                         
0000516d  ADC1_IRQHandler                 
0000516d  AES_IRQHandler                  
0000516d  CANFD0_IRQHandler               
0000516d  DAC0_IRQHandler                 
0000516d  DMA_IRQHandler                  
0000516d  Default_Handler                 
0000516d  GROUP0_IRQHandler               
0000516d  HardFault_Handler               
0000516d  I2C0_IRQHandler                 
0000516d  I2C1_IRQHandler                 
0000516d  NMI_Handler                     
0000516d  PendSV_Handler                  
0000516d  RTC_IRQHandler                  
0000516d  SPI0_IRQHandler                 
0000516d  SPI1_IRQHandler                 
0000516d  SVC_Handler                     
0000516d  TIMA1_IRQHandler                
0000516d  TIMG12_IRQHandler               
0000516d  TIMG6_IRQHandler                
0000516d  TIMG7_IRQHandler                
0000516d  TIMG8_IRQHandler                
0000516d  UART1_IRQHandler                
0000516d  UART2_IRQHandler                
0000516d  UART3_IRQHandler                
00005171  __aeabi_d2f                     
00005171  __truncdfsf2                    
000051e5  mpu_get_accel_fsr               
00005259  OLED_ShowString                 
000052c9  OLED_Clear                      
00005335  __cmpdf2                        
00005335  __eqdf2                         
00005335  __ledf2                         
00005335  __ltdf2                         
00005335  __nedf2                         
00005403  dmp_set_tap_axes                
00005469  __aeabi_dcmpeq                  
0000547d  __aeabi_dcmplt                  
00005491  __aeabi_dcmple                  
000054a5  __aeabi_dcmpge                  
000054b9  __aeabi_dcmpgt                  
000054cd  SYSCFG_DL_ADC12_0_init          
0000552d  dmp_enable_gyro_cal             
0000558d  mpu_get_gyro_fsr                
000055ed  DL_I2C_fillControllerTXFIFO     
0000564d  frexp                           
0000564d  frexpl                          
000056a9  SYSCFG_DL_I2C_MPU6050_init      
00005701  __TI_ltoa                       
000057b1  __aeabi_idiv                    
000057b1  __aeabi_idivmod                 
000058f9  OLED_WR_Byte                    
000059e1  __aeabi_d2iz                    
000059e1  __fixdfsi                       
00005a2d  DL_UART_init                    
00005a75  SYSCFG_DL_UART_0_init           
00005abd  dmp_enable_6x_lp_quat           
00005b05  dmp_enable_lp_quat              
00005b4d  dmp_set_shake_reject_thresh     
00005b91  dmp_set_tap_count               
00005bd5  All_Interrupt                   
00005c15  DL_ADC12_setClockConfig         
00005c55  SYSCFG_DL_init                  
00005c95  __aeabi_uidiv                   
00005c95  __aeabi_uidivmod                
00005cd5  __aeabi_f2d                     
00005cd5  __extendsfdf2                   
00005d15  atoi                            
00005dd1  DL_I2C_flushControllerTXFIFO    
00005e49  OLED_Set_Pos                    
00005e85  UART0_SendString                
00005ec1  __aeabi_i2f                     
00005ec1  __floatsisf                     
00005efd  __TI_auto_init_nobinit_nopinit  
00005f39  __muldsi3                       
00005f75  I2C_Start                       
00005fad  __aeabi_f2iz                    
00005fad  __fixsfsi                       
00005fe5  sprintf                         
0000601d  ADC0_IRQHandler                 
00006085  SYSCFG_DL_TIMER_0_init          
000060b9  SYSCFG_DL_TIMER_HSR04_init      
000060ed  mpu_get_sample_rate             
00006121  dmp_set_shake_reject_time       
00006153  dmp_set_shake_reject_timeout    
000061b5  I2C_Stop                        
000061e5  I2C_WaitAck                     
00006215  UART0_GetFlag                   
00006275  dmp_set_tap_time                
000062a5  dmp_set_tap_time_multi          
000062d5  mspm0_delay_ms                  
00006305  LED_TIG                         
00006331  UART0_SendByte                  
000063b5  __aeabi_i2d                     
000063b5  __floatsidf                     
000063e1  mspm0_get_clock_ms              
0000640d  BUZZ_TIG                        
000064d5  TIMG0_IRQHandler                
000064fd  Trig_HL                         
00006525  __aeabi_ui2f                    
00006525  __floatunsisf                   
0000654d  _c_int00_noargs                 
0000659b  DL_I2C_setClockConfig           
000065c1  __aeabi_lmul                    
000065c1  __muldi3                        
000065e5  Delay_ms                        
00006607  delay_ms                        
00006629  memccpy                         
0000666d  Delay_us                        
0000668d  TIMA0_IRQHandler                
000066ad  memcmp                          
00006709  SYSCFG_DL_SYSCTL_init           
00006729  __aeabi_llsl                    
00006729  __ashldi3                       
000068b5  DL_Timer_setCaptCompUpdateMethod
000068d1  DL_Timer_setClockConfig         
00006909  dmp_load_motion_driver_firmware 
00006b95  DL_Timer_setCaptureCompareOutCtl
00006d07  __TI_zero_init_nomemset         
00006e0d  __aeabi_uldivmod                
00006e21  dmp_register_android_orient_cb  
00006e35  dmp_register_tap_cb             
00006ea5  DL_UART_setClockConfig          
00006eb7  TI_memcpy_small                 
00006ec9  __TI_decompress_none            
00006efd  DL_Timer_setCaptureCompareValue 
00006f0d  SysTick_Handler                 
00006f1d  wcslen                          
00006f2d  __aeabi_memset                  
00006f2d  __aeabi_memset4                 
00006f2d  __aeabi_memset8                 
00006f57  TI_memset_small                 
00006f65  Get_Juli                        
00006f71  SYSCFG_DL_SYSTICK_init          
00006f7d  DL_Common_delayCycles           
00007011  __aeabi_errno_addr              
00007019  __aeabi_memcpy                  
00007019  __aeabi_memcpy4                 
00007019  __aeabi_memcpy8                 
0000703f  abort                           
00007044  C$$EXIT                         
00007045  HOSTexit                        
0000704d  Reset_Handler                   
00007061  _system_pre_init                
00007c66  asc2_1608                       
00008256  asc2_0806                       
00008480  __aeabi_ctype_table_            
00008480  __aeabi_ctype_table_C           
000085c8  test                            
000085f0  reg                             
0000866a  hw                              
000086dc  __TI_Handler_Table_Base         
000086e8  __TI_Handler_Table_Limit        
000086f0  __TI_CINIT_Base                 
00008700  __TI_CINIT_Limit                
00008700  __TI_CINIT_Warm                 
20200000  __start___llvm_prf_bits         
20200000  __start___llvm_prf_cnts         
20200000  __stop___llvm_prf_bits          
20200000  __stop___llvm_prf_cnts          
20200000  gTIMER_HSR04Backup              
202000bc  gTimerA1_PWMBackup              
20200178  UART0_RxPacket                  
202001dc  oled_buffer                     
202001fc  quat                            
2020020c  accel                           
20200212  gyro                            
20200218  ADC_Val                         
2020021c  pitch                           
20200220  roll                            
20200224  sensor_timestamp                
20200228  start_time                      
2020022c  tick_ms                         
20200230  yaw                             
20200234  sensors                         
20200236  UART0_RxFlag                    
20200237  more                            
2020028c  Encoder_L_Data                  
20200290  Encoder_R_Data                  
20200294  __aeabi_errno                   
20200298  cnt                             
2020029c  dist                            
202002a0  overflowFlag                    
20207e00  __stack                         
20208000  __STACK_END                     
ffffffff  __TI_pprof_out_hndl             
ffffffff  __TI_prof_data_size             
ffffffff  __TI_prof_data_start            
ffffffff  __binit__                       
ffffffff  binit                           
UNDEFED   __mpu_init                      
UNDEFED   _system_post_cinit              

[276 symbols]
