******************************************************************************
            TI ARM Clang Linker PC v4.0.2                      
******************************************************************************
>> Linked Wed Jun  4 14:54:16 2025

OUTPUT FILE NAME:   <05_OLED_soft.out>
ENTRY POINT SYMBOL: "_c_int00_noargs"  address: 000014b5


MEMORY CONFIGURATION

         name            origin    length      used     unused   attr    fill
----------------------  --------  ---------  --------  --------  ----  --------
  FLASH                 00000000   00020000  00002360  0001dca0  R  X
  SRAM                  20200000   00008000  00000307  00007cf9  RW X
  BCR_CONFIG            41c00000   000000ff  00000000  000000ff  R   
  BSL_CONFIG            41c00100   00000080  00000000  00000080  R   


SEGMENT ALLOCATION MAP

run origin  load origin   length   init length attrs members
----------  ----------- ---------- ----------- ----- -------
00000000    00000000    00002360   00002360    r-x
  00000000    00000000    000000c0   000000c0    r-- .intvecs
  000000c0    000000c0    00001908   00001908    r-x .text
  000019c8    000019c8    00000968   00000968    r-- .rodata
  00002330    00002330    00000030   00000030    r-- .cinit
20200000    20200000    00000107   00000000    rw-
  20200000    20200000    00000105   00000000    rw- .bss
  20200105    20200105    00000002   00000000    rw- .data
20207e00    20207e00    00000200   00000000    rw-
  20207e00    20207e00    00000200   00000000    rw- .stack


SECTION ALLOCATION MAP

 output                                  attributes/
section   page    origin      length       input sections
--------  ----  ----------  ----------   ----------------
.intvecs   0    00000000    000000c0     
                  00000000    000000c0     startup_mspm0g350x_ticlang.o (.intvecs)

.text      0    000000c0    00001908     
                  000000c0    00000284     libc.a : _printfi.c.obj (.text:__TI_printfi_minimal)
                  00000344    00000134     main.o (.text.main)
                  00000478    00000118     oled.o (.text.OLED_ShowChar)
                  00000590    00000104     driverlib.a : dl_timer.o (.text.DL_Timer_initFourCCPWMMode)
                  00000694    000000fa     oled.o (.text.OLED_Init)
                  0000078e    000000f6     oled.o (.text.OLED_ShowNum)
                  00000884    000000e8     driverlib.a : dl_timer.o (.text.DL_Timer_initTimerMode)
                  0000096c    000000a8     oled.o (.text.OLED_ShowChinese)
                  00000a14    000000a4     UART.o (.text.UART0_IRQHandler)
                  00000ab8    000000a0     ti_msp_dl_config.o (.text.SYSCFG_DL_GPIO_init)
                  00000b58    00000090     ti_msp_dl_config.o (.text.SYSCFG_DL_PWM_0_init)
                  00000be8    00000084     ti_msp_dl_config.o (.text.__NVIC_SetPriority)
                  00000c6c    0000007c     oled.o (.text.Send_Byte)
                  00000ce8    0000007c     libc.a : copy_decompress_lzss.c.obj (.text:decompress:lzss)
                  00000d64    00000070     oled.o (.text.OLED_ShowString)
                  00000dd4    0000006a     oled.o (.text.OLED_Clear)
                  00000e3e    00000002     libclang_rt.builtins.a : aeabi_div0.c.obj (.text.__aeabi_idiv0)
                  00000e40    00000068     ti_msp_dl_config.o (.text.SYSCFG_DL_initPower)
                  00000ea8    00000050     ti_msp_dl_config.o (.text.SysTick_Config)
                  00000ef8    0000004e     oled.o (.text.OLED_WR_Byte)
                  00000f46    00000002     --HOLE-- [fill = 0]
                  00000f48    0000004c     ti_msp_dl_config.o (.text.DL_UART_setBaudRateDivisor)
                  00000f94    00000048     driverlib.a : dl_uart.o (.text.DL_UART_init)
                  00000fdc    00000048     ti_msp_dl_config.o (.text.SYSCFG_DL_UART_0_init)
                  00001024    00000044     Key.o (.text.KeyScan)
                  00001068    00000040     libclang_rt.builtins.a : aeabi_uidivmod.S.obj (.text.__aeabi_uidivmod)
                  000010a8    0000003c     ti_msp_dl_config.o (.text.DL_Timer_setCounterControl)
                  000010e4    0000003c     oled.o (.text.OLED_Set_Pos)
                  00001120    0000003c     UART.o (.text.UART0_SendString)
                  0000115c    0000003c     libc.a : autoinit.c.obj (.text:__TI_auto_init_nobinit_nopinit)
                  00001198    00000038     oled.o (.text.I2C_Start)
                  000011d0    00000038     libc.a : sprintf.c.obj (.text.sprintf)
                  00001208    00000034     ti_msp_dl_config.o (.text.DL_GPIO_initDigitalInputFeatures)
                  0000123c    00000034     ti_msp_dl_config.o (.text.SYSCFG_DL_TIMER_0_init)
                  00001270    00000030     ti_msp_dl_config.o (.text.DL_GPIO_initDigitalOutputFeatures)
                  000012a0    00000030     oled.o (.text.I2C_Stop)
                  000012d0    00000030     oled.o (.text.I2C_WaitAck)
                  00001300    00000030     UART.o (.text.UART0_GetFlag)
                  00001330    00000030     oled.o (.text.oled_pow)
                  00001360    0000002c     Key.o (.text.LED_TIG)
                  0000138c    0000002c     ti_msp_dl_config.o (.text.SYSCFG_DL_init)
                  000013b8    0000002c     UART.o (.text.UART0_SendByte)
                  000013e4    0000002c     function.o (.text.__NVIC_ClearPendingIRQ)
                  00001410    0000002c     function.o (.text.__NVIC_EnableIRQ)
                  0000143c    00000028     function.o (.text.All_Interrupt)
                  00001464    00000028     ti_msp_dl_config.o (.text.DL_Common_updateReg)
                  0000148c    00000028     Timer.o (.text.TIMG0_IRQHandler)
                  000014b4    00000028     libc.a : boot_cortex_m.c.obj (.text:_c_int00_noargs)
                  000014dc    00000022     Delay.o (.text.Delay_ms)
                  000014fe    00000022     oled.o (.text.delay_ms)
                  00001520    00000022     libc.a : memccpy.c.obj (.text.memccpy)
                  00001542    00000002     --HOLE-- [fill = 0]
                  00001544    00000020     ti_msp_dl_config.o (.text.DL_GPIO_initPeripheralInputFunction)
                  00001564    00000020     Delay.o (.text.Delay_us)
                  00001584    0000001e     ti_msp_dl_config.o (.text.DL_UART_setOversampling)
                  000015a2    0000001e     ti_msp_dl_config.o (.text.SYSCFG_DL_SYSCTL_init)
                  000015c0    0000001c     ti_msp_dl_config.o (.text.DL_GPIO_initPeripheralOutputFunction)
                  000015dc    0000001c     ti_msp_dl_config.o (.text.DL_SYSCTL_setSYSOSCFreq)
                  000015f8    0000001c     ti_msp_dl_config.o (.text.DL_Timer_enableInterrupt)
                  00001614    0000001c     driverlib.a : dl_timer.o (.text.DL_Timer_setCaptCompUpdateMethod)
                  00001630    0000001c                 : dl_timer.o (.text.DL_Timer_setClockConfig)
                  0000164c    0000001c     ti_msp_dl_config.o (.text.DL_UART_enableInterrupt)
                  00001668    00000018     ti_msp_dl_config.o (.text.DL_GPIO_enableOutput)
                  00001680    00000018     ti_msp_dl_config.o (.text.DL_GPIO_enablePower)
                  00001698    00000018     ti_msp_dl_config.o (.text.DL_GPIO_initDigitalOutput)
                  000016b0    00000018     ti_msp_dl_config.o (.text.DL_GPIO_reset)
                  000016c8    00000018     Key.o (.text.DL_GPIO_setPins)
                  000016e0    00000018     oled.o (.text.DL_GPIO_setPins)
                  000016f8    00000018     Timer.o (.text.DL_GPIO_togglePins)
                  00001710    00000018     ti_msp_dl_config.o (.text.DL_SYSCTL_setBORThreshold)
                  00001728    00000018     ti_msp_dl_config.o (.text.DL_Timer_enablePower)
                  00001740    00000018     ti_msp_dl_config.o (.text.DL_Timer_reset)
                  00001758    00000018     driverlib.a : dl_timer.o (.text.DL_Timer_setCaptureCompareOutCtl)
                  00001770    00000018     function.o (.text.DL_Timer_startCounter)
                  00001788    00000018     UART.o (.text.DL_UART_clearInterruptStatus)
                  000017a0    00000018     ti_msp_dl_config.o (.text.DL_UART_enablePower)
                  000017b8    00000018     UART.o (.text.DL_UART_isBusy)
                  000017d0    00000018     ti_msp_dl_config.o (.text.DL_UART_reset)
                  000017e8    00000018     libc.a : sprintf.c.obj (.text._outs)
                  00001800    00000016     Key.o (.text.DL_GPIO_readPins)
                  00001816    00000016     ti_msp_dl_config.o (.text.DL_UART_enable)
                  0000182c    00000016     UART.o (.text.DL_UART_transmitData)
                  00001842    00000016     libc.a : copy_zero_init.c.obj (.text:decompress:ZI:__TI_zero_init_nomemset)
                  00001858    00000014     Key.o (.text.DL_GPIO_clearPins)
                  0000186c    00000014     oled.o (.text.DL_GPIO_clearPins)
                  00001880    00000014     ti_msp_dl_config.o (.text.DL_GPIO_clearPins)
                  00001894    00000014     ti_msp_dl_config.o (.text.DL_SYSCTL_disableSYSPLL)
                  000018a8    00000014     ti_msp_dl_config.o (.text.DL_Timer_enableClock)
                  000018bc    00000014     ti_msp_dl_config.o (.text.DL_Timer_setCCPDirection)
                  000018d0    00000014     UART.o (.text.DL_UART_receiveData)
                  000018e4    00000012     Timer.o (.text.DL_Timer_getPendingInterrupt)
                  000018f6    00000012     UART.o (.text.DL_UART_getPendingInterrupt)
                  00001908    00000012     driverlib.a : dl_uart.o (.text.DL_UART_setClockConfig)
                  0000191a    00000012     libc.a : memcpy16.S.obj (.text:TI_memcpy_small)
                  0000192c    00000012            : copy_decompress_none.c.obj (.text:decompress:none)
                  0000193e    00000002     --HOLE-- [fill = 0]
                  00001940    00000010     ti_msp_dl_config.o (.text.DL_SYSCTL_disableHFXT)
                  00001950    00000010     driverlib.a : dl_timer.o (.text.DL_Timer_setCaptureCompareValue)
                  00001960    0000000e     libclang_rt.builtins.a : aeabi_memset.S.obj (.text.__aeabi_memset)
                  0000196e    0000000e     libc.a : _printfi.c.obj (.text.strlen)
                  0000197c    0000000e            : memset16.S.obj (.text:TI_memset_small)
                  0000198a    0000000a     driverlib.a : dl_common.o (.text.DL_Common_delayCycles)
                  00001994    0000000a     ti_msp_dl_config.o (.text.SYSCFG_DL_SYSTICK_init)
                  0000199e    0000000a     libc.a : sprintf.c.obj (.text._outc)
                  000019a8    00000008     libclang_rt.builtins.a : aeabi_memcpy.S.obj (.text.__aeabi_memcpy)
                  000019b0    00000006     libc.a : exit.c.obj (.text:abort)
                  000019b6    00000004     startup_mspm0g350x_ticlang.o (.text.Default_Handler)
                  000019ba    00000004     libsysbm.a : hostexit.c.obj (.text.HOSTexit)
                  000019be    00000004     startup_mspm0g350x_ticlang.o (.text.Reset_Handler)
                  000019c2    00000004     libc.a : pre_init.c.obj (.text._system_pre_init)
                  000019c6    00000002     --HOLE-- [fill = 0]

.cinit     0    00002330    00000030     
                  00002330    0000000c     (__TI_handler_table)
                  0000233c    00000008     (.cinit..bss.load) [load image, compression = zero_init]
                  00002344    00000006     (.cinit..data.load) [load image, compression = lzss]
                  0000234a    00000002     --HOLE-- [fill = 0]
                  0000234c    00000010     (__TI_cinit_table)
                  0000235c    00000004     --HOLE-- [fill = 0]

.rodata    0    000019c8    00000968     
                  000019c8    000005f0     oled.o (.rodata.asc2_1608)
                  00001fb8    00000228     oled.o (.rodata.asc2_0806)
                  000021e0    000000e0     oled.o (.rodata.Hzk)
                  000022c0    00000014     ti_msp_dl_config.o (.rodata.gTIMER_0TimerConfig)
                  000022d4    00000011     libc.a : _printfi.c.obj (.rodata.str1.15363888844622738466.1)
                  000022e5    0000000e     main.o (.rodata.str1.15159059442110792349.1)
                  000022f3    0000000b     main.o (.rodata.str1.8154729771448623357.1)
                  000022fe    0000000a     ti_msp_dl_config.o (.rodata.gUART_0Config)
                  00002308    0000000a     main.o (.rodata.str1.2846389346932560359.1)
                  00002312    00000002     ti_msp_dl_config.o (.rodata.gUART_0ClockConfig)
                  00002314    00000008     ti_msp_dl_config.o (.rodata.gPWM_0Config)
                  0000231c    00000007     main.o (.rodata.str1.17100691992556644108.1)
                  00002323    00000006     main.o (.rodata.str1.18227636981041470289.1)
                  00002329    00000003     ti_msp_dl_config.o (.rodata.gPWM_0ClockConfig)
                  0000232c    00000003     ti_msp_dl_config.o (.rodata.gTIMER_0ClockConfig)
                  0000232f    00000001     --HOLE-- [fill = 0]

.init_array 
*          0    00000000    00000000     UNINITIALIZED

.binit     0    00000000    00000000     

.bss       0    20200000    00000105     UNINITIALIZED
                  20200000    000000a0     (.common:gPWM_0Backup)
                  202000a0    00000064     (.common:UART0_RxPacket)
                  20200104    00000001     (.common:UART0_RxFlag)

.data      0    20200105    00000002     UNINITIALIZED
                  20200105    00000001     UART.o (.data.UART0_IRQHandler.RxState)
                  20200106    00000001     UART.o (.data.UART0_IRQHandler.pRxPacket)

.stack     0    20207e00    00000200     UNINITIALIZED
                  20207e00    00000004     libc.a : boot_cortex_m.c.obj (.stack)
                  20207e04    000001fc     --HOLE--

__llvm_prf_cnts 
*          0    20200000    00000000     UNINITIALIZED

__llvm_prf_bits 
*          0    20200000    00000000     UNINITIALIZED

MODULE SUMMARY

       Module                         code   ro data   rw data
       ------                         ----   -------   -------
    .\
       ti_msp_dl_config.o             1612   46        160    
       main.o                         308    48        0      
       startup_mspm0g350x_ticlang.o   8      192       0      
       function.o                     152    0         0      
    +--+------------------------------+------+---------+---------+
       Total:                         2080   286       160    
                                                              
    .\Hardware\Key\
       Key.o                          178    0         0      
    +--+------------------------------+------+---------+---------+
       Total:                         178    0         0      
                                                              
    .\Hardware\OLED\
       oled.o                         1702   2296      0      
    +--+------------------------------+------+---------+---------+
       Total:                         1702   2296      0      
                                                              
    .\Hardware\Timer\
       Timer.o                        82     0         0      
    +--+------------------------------+------+---------+---------+
       Total:                         82     0         0      
                                                              
    .\Hardware\UART\
       UART.o                         424    0         103    
    +--+------------------------------+------+---------+---------+
       Total:                         424    0         103    
                                                              
    .\System\
       Delay.o                        66     0         0      
    +--+------------------------------+------+---------+---------+
       Total:                         66     0         0      
                                                              
    C:/TI/mspm0_sdk_2_04_00_06/source/ti/driverlib/lib/ticlang/m0p/mspm0g1x0x_g3x0x/driverlib.a
       dl_timer.o                     588    0         0      
       dl_uart.o                      90     0         0      
       dl_common.o                    10     0         0      
    +--+------------------------------+------+---------+---------+
       Total:                         688    0         0      
                                                              
    D:\install\ccs_install\ccs\tools\compiler\ti-cgt-armllvm_4.0.2.LTS\lib\armv6m-ti-none-eabi/c/libc.a
       _printfi.c.obj                 658    17        0      
       copy_decompress_lzss.c.obj     124    0         0      
       sprintf.c.obj                  90     0         0      
       autoinit.c.obj                 60     0         0      
       boot_cortex_m.c.obj            40     0         0      
       memccpy.c.obj                  34     0         0      
       copy_zero_init.c.obj           22     0         0      
       copy_decompress_none.c.obj     18     0         0      
       memcpy16.S.obj                 18     0         0      
       memset16.S.obj                 14     0         0      
       exit.c.obj                     6      0         0      
       pre_init.c.obj                 4      0         0      
    +--+------------------------------+------+---------+---------+
       Total:                         1088   17        0      
                                                              
    D:\install\ccs_install\ccs\tools\compiler\ti-cgt-armllvm_4.0.2.LTS\lib\armv6m-ti-none-eabi/c/libsysbm.a
       hostexit.c.obj                 4      0         0      
    +--+------------------------------+------+---------+---------+
       Total:                         4      0         0      
                                                              
    D:\install\ccs_install\ccs\tools\compiler\ti-cgt-armllvm_4.0.2.LTS\lib\armv6m-ti-none-eabi/libclang_rt.builtins.a
       aeabi_uidivmod.S.obj           64     0         0      
       aeabi_memset.S.obj             14     0         0      
       aeabi_memcpy.S.obj             8      0         0      
       aeabi_div0.c.obj               2      0         0      
    +--+------------------------------+------+---------+---------+
       Total:                         88     0         0      
                                                              
       Stack:                         0      0         512    
       Linker Generated:              0      42        0      
    +--+------------------------------+------+---------+---------+
       Grand Total:                   6400   2641      775    


LINKER GENERATED COPY TABLES

__TI_cinit_table @ 0000234c records: 2, size/record: 8, table size: 16
	.bss: load addr=0000233c, load size=00000008 bytes, run addr=20200000, run size=00000105 bytes, compression=zero_init
	.data: load addr=00002344, load size=00000006 bytes, run addr=20200105, run size=00000002 bytes, compression=lzss


LINKER GENERATED HANDLER TABLE

__TI_handler_table @ 00002330 records: 3, size/record: 4, table size: 12
	index: 0, handler: __TI_decompress_lzss
	index: 1, handler: __TI_decompress_none
	index: 2, handler: __TI_zero_init


GLOBAL SYMBOLS: SORTED ALPHABETICALLY BY Name 

address   name                            
-------   ----                            
000019b7  ADC0_IRQHandler                 
000019b7  ADC1_IRQHandler                 
000019b7  AES_IRQHandler                  
0000143d  All_Interrupt                   
000019ba  C$$EXIT                         
000019b7  CANFD0_IRQHandler               
000019b7  DAC0_IRQHandler                 
0000198b  DL_Common_delayCycles           
00000591  DL_Timer_initFourCCPWMMode      
00000885  DL_Timer_initTimerMode          
00001615  DL_Timer_setCaptCompUpdateMethod
00001759  DL_Timer_setCaptureCompareOutCtl
00001951  DL_Timer_setCaptureCompareValue 
00001631  DL_Timer_setClockConfig         
00000f95  DL_UART_init                    
00001909  DL_UART_setClockConfig          
000019b7  DMA_IRQHandler                  
000019b7  Default_Handler                 
000014dd  Delay_ms                        
00001565  Delay_us                        
000019b7  GROUP0_IRQHandler               
000019b7  GROUP1_IRQHandler               
000019bb  HOSTexit                        
000019b7  HardFault_Handler               
000021e0  Hzk                             
000019b7  I2C0_IRQHandler                 
000019b7  I2C1_IRQHandler                 
00001199  I2C_Start                       
000012a1  I2C_Stop                        
000012d1  I2C_WaitAck                     
00001025  KeyScan                         
00001361  LED_TIG                         
000019b7  NMI_Handler                     
00000dd5  OLED_Clear                      
00000695  OLED_Init                       
000010e5  OLED_Set_Pos                    
00000479  OLED_ShowChar                   
0000096d  OLED_ShowChinese                
0000078f  OLED_ShowNum                    
00000d65  OLED_ShowString                 
00000ef9  OLED_WR_Byte                    
000019b7  PendSV_Handler                  
000019b7  RTC_IRQHandler                  
000019bf  Reset_Handler                   
000019b7  SPI0_IRQHandler                 
000019b7  SPI1_IRQHandler                 
000019b7  SVC_Handler                     
00000ab9  SYSCFG_DL_GPIO_init             
00000b59  SYSCFG_DL_PWM_0_init            
000015a3  SYSCFG_DL_SYSCTL_init           
00001995  SYSCFG_DL_SYSTICK_init          
0000123d  SYSCFG_DL_TIMER_0_init          
00000fdd  SYSCFG_DL_UART_0_init           
0000138d  SYSCFG_DL_init                  
00000e41  SYSCFG_DL_initPower             
00000c6d  Send_Byte                       
000019b7  SysTick_Handler                 
000019b7  TIMA0_IRQHandler                
000019b7  TIMA1_IRQHandler                
0000148d  TIMG0_IRQHandler                
000019b7  TIMG12_IRQHandler               
000019b7  TIMG6_IRQHandler                
000019b7  TIMG7_IRQHandler                
000019b7  TIMG8_IRQHandler                
0000191b  TI_memcpy_small                 
0000197d  TI_memset_small                 
00001301  UART0_GetFlag                   
00000a15  UART0_IRQHandler                
20200104  UART0_RxFlag                    
202000a0  UART0_RxPacket                  
000013b9  UART0_SendByte                  
00001121  UART0_SendString                
000019b7  UART1_IRQHandler                
000019b7  UART2_IRQHandler                
000019b7  UART3_IRQHandler                
20208000  __STACK_END                     
00000200  __STACK_SIZE                    
00000000  __TI_ATRegion0_region_sz        
00000000  __TI_ATRegion0_src_addr         
00000000  __TI_ATRegion0_trg_addr         
00000000  __TI_ATRegion1_region_sz        
00000000  __TI_ATRegion1_src_addr         
00000000  __TI_ATRegion1_trg_addr         
00000000  __TI_ATRegion2_region_sz        
00000000  __TI_ATRegion2_src_addr         
00000000  __TI_ATRegion2_trg_addr         
0000234c  __TI_CINIT_Base                 
0000235c  __TI_CINIT_Limit                
0000235c  __TI_CINIT_Warm                 
00002330  __TI_Handler_Table_Base         
0000233c  __TI_Handler_Table_Limit        
0000115d  __TI_auto_init_nobinit_nopinit  
00000ce9  __TI_decompress_lzss            
0000192d  __TI_decompress_none            
ffffffff  __TI_pprof_out_hndl             
000000c1  __TI_printfi_minimal            
ffffffff  __TI_prof_data_size             
ffffffff  __TI_prof_data_start            
00000000  __TI_static_base__              
00001843  __TI_zero_init_nomemset         
00000e3f  __aeabi_idiv0                   
000019a9  __aeabi_memcpy                  
000019a9  __aeabi_memcpy4                 
000019a9  __aeabi_memcpy8                 
00001961  __aeabi_memset                  
00001961  __aeabi_memset4                 
00001961  __aeabi_memset8                 
00001069  __aeabi_uidiv                   
00001069  __aeabi_uidivmod                
ffffffff  __binit__                       
UNDEFED   __mpu_init                      
20207e00  __stack                         
20200000  __start___llvm_prf_bits         
20200000  __start___llvm_prf_cnts         
20200000  __stop___llvm_prf_bits          
20200000  __stop___llvm_prf_cnts          
000014b5  _c_int00_noargs                 
UNDEFED   _system_post_cinit              
000019c3  _system_pre_init                
000019b1  abort                           
00001fb8  asc2_0806                       
000019c8  asc2_1608                       
ffffffff  binit                           
000014ff  delay_ms                        
20200000  gPWM_0Backup                    
00000000  interruptVectors                
00000345  main                            
00001521  memccpy                         
00001331  oled_pow                        
000011d1  sprintf                         


GLOBAL SYMBOLS: SORTED BY Symbol Address 

address   name                            
-------   ----                            
00000000  __TI_ATRegion0_region_sz        
00000000  __TI_ATRegion0_src_addr         
00000000  __TI_ATRegion0_trg_addr         
00000000  __TI_ATRegion1_region_sz        
00000000  __TI_ATRegion1_src_addr         
00000000  __TI_ATRegion1_trg_addr         
00000000  __TI_ATRegion2_region_sz        
00000000  __TI_ATRegion2_src_addr         
00000000  __TI_ATRegion2_trg_addr         
00000000  __TI_static_base__              
00000000  interruptVectors                
000000c1  __TI_printfi_minimal            
00000200  __STACK_SIZE                    
00000345  main                            
00000479  OLED_ShowChar                   
00000591  DL_Timer_initFourCCPWMMode      
00000695  OLED_Init                       
0000078f  OLED_ShowNum                    
00000885  DL_Timer_initTimerMode          
0000096d  OLED_ShowChinese                
00000a15  UART0_IRQHandler                
00000ab9  SYSCFG_DL_GPIO_init             
00000b59  SYSCFG_DL_PWM_0_init            
00000c6d  Send_Byte                       
00000ce9  __TI_decompress_lzss            
00000d65  OLED_ShowString                 
00000dd5  OLED_Clear                      
00000e3f  __aeabi_idiv0                   
00000e41  SYSCFG_DL_initPower             
00000ef9  OLED_WR_Byte                    
00000f95  DL_UART_init                    
00000fdd  SYSCFG_DL_UART_0_init           
00001025  KeyScan                         
00001069  __aeabi_uidiv                   
00001069  __aeabi_uidivmod                
000010e5  OLED_Set_Pos                    
00001121  UART0_SendString                
0000115d  __TI_auto_init_nobinit_nopinit  
00001199  I2C_Start                       
000011d1  sprintf                         
0000123d  SYSCFG_DL_TIMER_0_init          
000012a1  I2C_Stop                        
000012d1  I2C_WaitAck                     
00001301  UART0_GetFlag                   
00001331  oled_pow                        
00001361  LED_TIG                         
0000138d  SYSCFG_DL_init                  
000013b9  UART0_SendByte                  
0000143d  All_Interrupt                   
0000148d  TIMG0_IRQHandler                
000014b5  _c_int00_noargs                 
000014dd  Delay_ms                        
000014ff  delay_ms                        
00001521  memccpy                         
00001565  Delay_us                        
000015a3  SYSCFG_DL_SYSCTL_init           
00001615  DL_Timer_setCaptCompUpdateMethod
00001631  DL_Timer_setClockConfig         
00001759  DL_Timer_setCaptureCompareOutCtl
00001843  __TI_zero_init_nomemset         
00001909  DL_UART_setClockConfig          
0000191b  TI_memcpy_small                 
0000192d  __TI_decompress_none            
00001951  DL_Timer_setCaptureCompareValue 
00001961  __aeabi_memset                  
00001961  __aeabi_memset4                 
00001961  __aeabi_memset8                 
0000197d  TI_memset_small                 
0000198b  DL_Common_delayCycles           
00001995  SYSCFG_DL_SYSTICK_init          
000019a9  __aeabi_memcpy                  
000019a9  __aeabi_memcpy4                 
000019a9  __aeabi_memcpy8                 
000019b1  abort                           
000019b7  ADC0_IRQHandler                 
000019b7  ADC1_IRQHandler                 
000019b7  AES_IRQHandler                  
000019b7  CANFD0_IRQHandler               
000019b7  DAC0_IRQHandler                 
000019b7  DMA_IRQHandler                  
000019b7  Default_Handler                 
000019b7  GROUP0_IRQHandler               
000019b7  GROUP1_IRQHandler               
000019b7  HardFault_Handler               
000019b7  I2C0_IRQHandler                 
000019b7  I2C1_IRQHandler                 
000019b7  NMI_Handler                     
000019b7  PendSV_Handler                  
000019b7  RTC_IRQHandler                  
000019b7  SPI0_IRQHandler                 
000019b7  SPI1_IRQHandler                 
000019b7  SVC_Handler                     
000019b7  SysTick_Handler                 
000019b7  TIMA0_IRQHandler                
000019b7  TIMA1_IRQHandler                
000019b7  TIMG12_IRQHandler               
000019b7  TIMG6_IRQHandler                
000019b7  TIMG7_IRQHandler                
000019b7  TIMG8_IRQHandler                
000019b7  UART1_IRQHandler                
000019b7  UART2_IRQHandler                
000019b7  UART3_IRQHandler                
000019ba  C$$EXIT                         
000019bb  HOSTexit                        
000019bf  Reset_Handler                   
000019c3  _system_pre_init                
000019c8  asc2_1608                       
00001fb8  asc2_0806                       
000021e0  Hzk                             
00002330  __TI_Handler_Table_Base         
0000233c  __TI_Handler_Table_Limit        
0000234c  __TI_CINIT_Base                 
0000235c  __TI_CINIT_Limit                
0000235c  __TI_CINIT_Warm                 
20200000  __start___llvm_prf_bits         
20200000  __start___llvm_prf_cnts         
20200000  __stop___llvm_prf_bits          
20200000  __stop___llvm_prf_cnts          
20200000  gPWM_0Backup                    
202000a0  UART0_RxPacket                  
20200104  UART0_RxFlag                    
20207e00  __stack                         
20208000  __STACK_END                     
ffffffff  __TI_pprof_out_hndl             
ffffffff  __TI_prof_data_size             
ffffffff  __TI_prof_data_start            
ffffffff  __binit__                       
ffffffff  binit                           
UNDEFED   __mpu_init                      
UNDEFED   _system_post_cinit              

[130 symbols]
