******************************************************************************
            TI ARM Clang Linker PC v4.0.2                      
******************************************************************************
>> Linked Sat May 24 21:56:41 2025

OUTPUT FILE NAME:   <Action.out>
ENTRY POINT SYMBOL: "_c_int00_noargs"  address: 00001509


MEMORY CONFIGURATION

         name            origin    length      used     unused   attr    fill
----------------------  --------  ---------  --------  --------  ----  --------
  FLASH                 00000000   00020000  00002398  0001dc68  R  X
  SRAM                  20200000   00008000  00000307  00007cf9  RW X
  BCR_CONFIG            41c00000   000000ff  00000000  000000ff  R   
  BSL_CONFIG            41c00100   00000080  00000000  00000080  R   


SEGMENT ALLOCATION MAP

run origin  load origin   length   init length attrs members
----------  ----------- ---------- ----------- ----- -------
00000000    00000000    00002398   00002398    r-x
  00000000    00000000    000000c0   000000c0    r-- .intvecs
  000000c0    000000c0    00001940   00001940    r-x .text
  00001a00    00001a00    00000968   00000968    r-- .rodata
  00002368    00002368    00000030   00000030    r-- .cinit
20200000    20200000    00000107   00000000    rw-
  20200000    20200000    00000105   00000000    rw- .bss
  20200105    20200105    00000002   00000000    rw- .data
20207e00    20207e00    00000200   00000000    rw-
  20207e00    20207e00    00000200   00000000    rw- .stack


SECTION ALLOCATION MAP

 output                                  attributes/
section   page    origin      length       input sections
--------  ----  ----------  ----------   ----------------
.intvecs   0    00000000    000000c0     
                  00000000    000000c0     startup_mspm0g350x_ticlang.o (.intvecs)

.text      0    000000c0    00001940     
                  000000c0    00000284     libc.a : _printfi.c.obj (.text:__TI_printfi_minimal)
                  00000344    00000148     main.o (.text.main)
                  0000048c    00000118     oled.o (.text.OLED_ShowChar)
                  000005a4    00000104     driverlib.a : dl_timer.o (.text.DL_Timer_initFourCCPWMMode)
                  000006a8    000000fa     oled.o (.text.OLED_Init)
                  000007a2    000000f6     oled.o (.text.OLED_ShowNum)
                  00000898    000000e8     driverlib.a : dl_timer.o (.text.DL_Timer_initTimerMode)
                  00000980    000000a8     oled.o (.text.OLED_ShowChinese)
                  00000a28    000000a4     UART.o (.text.UART0_IRQHandler)
                  00000acc    000000a0     ti_msp_dl_config.o (.text.SYSCFG_DL_GPIO_init)
                  00000b6c    00000090     ti_msp_dl_config.o (.text.SYSCFG_DL_PWM_0_init)
                  00000bfc    00000084     ti_msp_dl_config.o (.text.__NVIC_SetPriority)
                  00000c80    0000007c     oled.o (.text.Send_Byte)
                  00000cfc    0000007c     libc.a : copy_decompress_lzss.c.obj (.text:decompress:lzss)
                  00000d78    00000070     oled.o (.text.OLED_ShowString)
                  00000de8    0000006a     oled.o (.text.OLED_Clear)
                  00000e52    00000002     libclang_rt.builtins.a : aeabi_div0.c.obj (.text.__aeabi_idiv0)
                  00000e54    00000068     ti_msp_dl_config.o (.text.SYSCFG_DL_initPower)
                  00000ebc    00000050     ti_msp_dl_config.o (.text.SysTick_Config)
                  00000f0c    0000004e     oled.o (.text.OLED_WR_Byte)
                  00000f5a    00000002     --HOLE-- [fill = 0]
                  00000f5c    0000004c     ti_msp_dl_config.o (.text.DL_UART_setBaudRateDivisor)
                  00000fa8    00000048     driverlib.a : dl_uart.o (.text.DL_UART_init)
                  00000ff0    00000048     ti_msp_dl_config.o (.text.SYSCFG_DL_UART_0_init)
                  00001038    00000044     Key.o (.text.KeyScan)
                  0000107c    00000040     Delay.o (.text.Delay_us)
                  000010bc    00000040     libclang_rt.builtins.a : aeabi_uidivmod.S.obj (.text.__aeabi_uidivmod)
                  000010fc    0000003c     ti_msp_dl_config.o (.text.DL_Timer_setCounterControl)
                  00001138    0000003c     oled.o (.text.OLED_Set_Pos)
                  00001174    0000003c     UART.o (.text.UART0_SendString)
                  000011b0    0000003c     libc.a : autoinit.c.obj (.text:__TI_auto_init_nobinit_nopinit)
                  000011ec    00000038     oled.o (.text.I2C_Start)
                  00001224    00000038     libc.a : sprintf.c.obj (.text.sprintf)
                  0000125c    00000034     ti_msp_dl_config.o (.text.DL_GPIO_initDigitalInputFeatures)
                  00001290    00000034     ti_msp_dl_config.o (.text.SYSCFG_DL_TIMER_0_init)
                  000012c4    00000030     ti_msp_dl_config.o (.text.DL_GPIO_initDigitalOutputFeatures)
                  000012f4    00000030     oled.o (.text.I2C_Stop)
                  00001324    00000030     oled.o (.text.I2C_WaitAck)
                  00001354    00000030     UART.o (.text.UART0_GetFlag)
                  00001384    00000030     oled.o (.text.oled_pow)
                  000013b4    0000002c     Key.o (.text.LED_TIG)
                  000013e0    0000002c     ti_msp_dl_config.o (.text.SYSCFG_DL_init)
                  0000140c    0000002c     UART.o (.text.UART0_SendByte)
                  00001438    0000002c     function.o (.text.__NVIC_ClearPendingIRQ)
                  00001464    0000002c     function.o (.text.__NVIC_EnableIRQ)
                  00001490    00000028     function.o (.text.All_Interrupt)
                  000014b8    00000028     ti_msp_dl_config.o (.text.DL_Common_updateReg)
                  000014e0    00000028     Timer.o (.text.TIMG0_IRQHandler)
                  00001508    00000028     libc.a : boot_cortex_m.c.obj (.text:_c_int00_noargs)
                  00001530    00000022     Delay.o (.text.Delay_ms)
                  00001552    00000022     oled.o (.text.delay_ms)
                  00001574    00000022     libc.a : memccpy.c.obj (.text.memccpy)
                  00001596    00000002     --HOLE-- [fill = 0]
                  00001598    00000020     ti_msp_dl_config.o (.text.DL_GPIO_initPeripheralInputFunction)
                  000015b8    0000001e     ti_msp_dl_config.o (.text.DL_UART_setOversampling)
                  000015d6    0000001e     ti_msp_dl_config.o (.text.SYSCFG_DL_SYSCTL_init)
                  000015f4    0000001c     ti_msp_dl_config.o (.text.DL_GPIO_initPeripheralOutputFunction)
                  00001610    0000001c     ti_msp_dl_config.o (.text.DL_SYSCTL_setSYSOSCFreq)
                  0000162c    0000001c     ti_msp_dl_config.o (.text.DL_Timer_enableInterrupt)
                  00001648    0000001c     driverlib.a : dl_timer.o (.text.DL_Timer_setCaptCompUpdateMethod)
                  00001664    0000001c                 : dl_timer.o (.text.DL_Timer_setClockConfig)
                  00001680    0000001c     ti_msp_dl_config.o (.text.DL_UART_enableInterrupt)
                  0000169c    00000018     ti_msp_dl_config.o (.text.DL_GPIO_enableOutput)
                  000016b4    00000018     ti_msp_dl_config.o (.text.DL_GPIO_enablePower)
                  000016cc    00000018     ti_msp_dl_config.o (.text.DL_GPIO_initDigitalOutput)
                  000016e4    00000018     ti_msp_dl_config.o (.text.DL_GPIO_reset)
                  000016fc    00000018     Key.o (.text.DL_GPIO_setPins)
                  00001714    00000018     oled.o (.text.DL_GPIO_setPins)
                  0000172c    00000018     Timer.o (.text.DL_GPIO_togglePins)
                  00001744    00000018     ti_msp_dl_config.o (.text.DL_SYSCTL_setBORThreshold)
                  0000175c    00000018     ti_msp_dl_config.o (.text.DL_Timer_enablePower)
                  00001774    00000018     ti_msp_dl_config.o (.text.DL_Timer_reset)
                  0000178c    00000018     driverlib.a : dl_timer.o (.text.DL_Timer_setCaptureCompareOutCtl)
                  000017a4    00000018     function.o (.text.DL_Timer_startCounter)
                  000017bc    00000018     UART.o (.text.DL_UART_clearInterruptStatus)
                  000017d4    00000018     ti_msp_dl_config.o (.text.DL_UART_enablePower)
                  000017ec    00000018     UART.o (.text.DL_UART_isBusy)
                  00001804    00000018     ti_msp_dl_config.o (.text.DL_UART_reset)
                  0000181c    00000018     libc.a : sprintf.c.obj (.text._outs)
                  00001834    00000016     Key.o (.text.DL_GPIO_readPins)
                  0000184a    00000016     ti_msp_dl_config.o (.text.DL_UART_enable)
                  00001860    00000016     UART.o (.text.DL_UART_transmitData)
                  00001876    00000016     libc.a : copy_zero_init.c.obj (.text:decompress:ZI:__TI_zero_init_nomemset)
                  0000188c    00000014     Key.o (.text.DL_GPIO_clearPins)
                  000018a0    00000014     oled.o (.text.DL_GPIO_clearPins)
                  000018b4    00000014     ti_msp_dl_config.o (.text.DL_GPIO_clearPins)
                  000018c8    00000014     ti_msp_dl_config.o (.text.DL_SYSCTL_disableSYSPLL)
                  000018dc    00000014     ti_msp_dl_config.o (.text.DL_Timer_enableClock)
                  000018f0    00000014     ti_msp_dl_config.o (.text.DL_Timer_setCCPDirection)
                  00001904    00000014     UART.o (.text.DL_UART_receiveData)
                  00001918    00000012     Timer.o (.text.DL_Timer_getPendingInterrupt)
                  0000192a    00000012     UART.o (.text.DL_UART_getPendingInterrupt)
                  0000193c    00000012     driverlib.a : dl_uart.o (.text.DL_UART_setClockConfig)
                  0000194e    00000012     libc.a : memcpy16.S.obj (.text:TI_memcpy_small)
                  00001960    00000012            : copy_decompress_none.c.obj (.text:decompress:none)
                  00001972    00000002     --HOLE-- [fill = 0]
                  00001974    00000010     ti_msp_dl_config.o (.text.DL_SYSCTL_disableHFXT)
                  00001984    00000010     driverlib.a : dl_timer.o (.text.DL_Timer_setCaptureCompareValue)
                  00001994    0000000e     libclang_rt.builtins.a : aeabi_memset.S.obj (.text.__aeabi_memset)
                  000019a2    0000000e     libc.a : _printfi.c.obj (.text.strlen)
                  000019b0    0000000e            : memset16.S.obj (.text:TI_memset_small)
                  000019be    0000000a     driverlib.a : dl_common.o (.text.DL_Common_delayCycles)
                  000019c8    0000000a     ti_msp_dl_config.o (.text.SYSCFG_DL_SYSTICK_init)
                  000019d2    0000000a     libc.a : sprintf.c.obj (.text._outc)
                  000019dc    00000008     libclang_rt.builtins.a : aeabi_memcpy.S.obj (.text.__aeabi_memcpy)
                  000019e4    00000006     libc.a : exit.c.obj (.text:abort)
                  000019ea    00000004     startup_mspm0g350x_ticlang.o (.text.Default_Handler)
                  000019ee    00000004     libsysbm.a : hostexit.c.obj (.text.HOSTexit)
                  000019f2    00000004     startup_mspm0g350x_ticlang.o (.text.Reset_Handler)
                  000019f6    00000004     libc.a : pre_init.c.obj (.text._system_pre_init)
                  000019fa    00000006     --HOLE-- [fill = 0]

.cinit     0    00002368    00000030     
                  00002368    0000000c     (__TI_handler_table)
                  00002374    00000008     (.cinit..bss.load) [load image, compression = zero_init]
                  0000237c    00000006     (.cinit..data.load) [load image, compression = lzss]
                  00002382    00000002     --HOLE-- [fill = 0]
                  00002384    00000010     (__TI_cinit_table)
                  00002394    00000004     --HOLE-- [fill = 0]

.rodata    0    00001a00    00000968     
                  00001a00    000005f0     oled.o (.rodata.asc2_1608)
                  00001ff0    00000228     oled.o (.rodata.asc2_0806)
                  00002218    000000e0     oled.o (.rodata.Hzk)
                  000022f8    00000014     ti_msp_dl_config.o (.rodata.gTIMER_0TimerConfig)
                  0000230c    00000011     libc.a : _printfi.c.obj (.rodata.str1.15363888844622738466.1)
                  0000231d    0000000e     main.o (.rodata.str1.15159059442110792349.1)
                  0000232b    0000000b     main.o (.rodata.str1.8154729771448623357.1)
                  00002336    0000000a     ti_msp_dl_config.o (.rodata.gUART_0Config)
                  00002340    0000000a     main.o (.rodata.str1.2846389346932560359.1)
                  0000234a    00000002     ti_msp_dl_config.o (.rodata.gUART_0ClockConfig)
                  0000234c    00000008     ti_msp_dl_config.o (.rodata.gPWM_0Config)
                  00002354    00000007     main.o (.rodata.str1.17100691992556644108.1)
                  0000235b    00000006     main.o (.rodata.str1.18227636981041470289.1)
                  00002361    00000003     ti_msp_dl_config.o (.rodata.gPWM_0ClockConfig)
                  00002364    00000003     ti_msp_dl_config.o (.rodata.gTIMER_0ClockConfig)
                  00002367    00000001     --HOLE-- [fill = 0]

.init_array 
*          0    00000000    00000000     UNINITIALIZED

.binit     0    00000000    00000000     

.bss       0    20200000    00000105     UNINITIALIZED
                  20200000    000000a0     (.common:gPWM_0Backup)
                  202000a0    00000064     (.common:UART0_RxPacket)
                  20200104    00000001     (.common:UART0_RxFlag)

.data      0    20200105    00000002     UNINITIALIZED
                  20200105    00000001     UART.o (.data.UART0_IRQHandler.RxState)
                  20200106    00000001     UART.o (.data.UART0_IRQHandler.pRxPacket)

.stack     0    20207e00    00000200     UNINITIALIZED
                  20207e00    00000004     libc.a : boot_cortex_m.c.obj (.stack)
                  20207e04    000001fc     --HOLE--

__llvm_prf_cnts 
*          0    20200000    00000000     UNINITIALIZED

__llvm_prf_bits 
*          0    20200000    00000000     UNINITIALIZED

MODULE SUMMARY

       Module                         code   ro data   rw data
       ------                         ----   -------   -------
    .\
       ti_msp_dl_config.o             1612   46        160    
       main.o                         328    48        0      
       startup_mspm0g350x_ticlang.o   8      192       0      
       function.o                     152    0         0      
    +--+------------------------------+------+---------+---------+
       Total:                         2100   286       160    
                                                              
    .\Hardware\Key\
       Key.o                          178    0         0      
    +--+------------------------------+------+---------+---------+
       Total:                         178    0         0      
                                                              
    .\Hardware\OLED\
       oled.o                         1702   2296      0      
    +--+------------------------------+------+---------+---------+
       Total:                         1702   2296      0      
                                                              
    .\Hardware\Timer\
       Timer.o                        82     0         0      
    +--+------------------------------+------+---------+---------+
       Total:                         82     0         0      
                                                              
    .\Hardware\UART\
       UART.o                         424    0         103    
    +--+------------------------------+------+---------+---------+
       Total:                         424    0         103    
                                                              
    .\System\
       Delay.o                        98     0         0      
    +--+------------------------------+------+---------+---------+
       Total:                         98     0         0      
                                                              
    C:/TI/mspm0_sdk_2_04_00_06/source/ti/driverlib/lib/ticlang/m0p/mspm0g1x0x_g3x0x/driverlib.a
       dl_timer.o                     588    0         0      
       dl_uart.o                      90     0         0      
       dl_common.o                    10     0         0      
    +--+------------------------------+------+---------+---------+
       Total:                         688    0         0      
                                                              
    D:\install\ccs_install\ccs\tools\compiler\ti-cgt-armllvm_4.0.2.LTS\lib\armv6m-ti-none-eabi/c/libc.a
       _printfi.c.obj                 658    17        0      
       copy_decompress_lzss.c.obj     124    0         0      
       sprintf.c.obj                  90     0         0      
       autoinit.c.obj                 60     0         0      
       boot_cortex_m.c.obj            40     0         0      
       memccpy.c.obj                  34     0         0      
       copy_zero_init.c.obj           22     0         0      
       copy_decompress_none.c.obj     18     0         0      
       memcpy16.S.obj                 18     0         0      
       memset16.S.obj                 14     0         0      
       exit.c.obj                     6      0         0      
       pre_init.c.obj                 4      0         0      
    +--+------------------------------+------+---------+---------+
       Total:                         1088   17        0      
                                                              
    D:\install\ccs_install\ccs\tools\compiler\ti-cgt-armllvm_4.0.2.LTS\lib\armv6m-ti-none-eabi/c/libsysbm.a
       hostexit.c.obj                 4      0         0      
    +--+------------------------------+------+---------+---------+
       Total:                         4      0         0      
                                                              
    D:\install\ccs_install\ccs\tools\compiler\ti-cgt-armllvm_4.0.2.LTS\lib\armv6m-ti-none-eabi/libclang_rt.builtins.a
       aeabi_uidivmod.S.obj           64     0         0      
       aeabi_memset.S.obj             14     0         0      
       aeabi_memcpy.S.obj             8      0         0      
       aeabi_div0.c.obj               2      0         0      
    +--+------------------------------+------+---------+---------+
       Total:                         88     0         0      
                                                              
       Stack:                         0      0         512    
       Linker Generated:              0      42        0      
    +--+------------------------------+------+---------+---------+
       Grand Total:                   6452   2641      775    


LINKER GENERATED COPY TABLES

__TI_cinit_table @ 00002384 records: 2, size/record: 8, table size: 16
	.bss: load addr=00002374, load size=00000008 bytes, run addr=20200000, run size=00000105 bytes, compression=zero_init
	.data: load addr=0000237c, load size=00000006 bytes, run addr=20200105, run size=00000002 bytes, compression=lzss


LINKER GENERATED HANDLER TABLE

__TI_handler_table @ 00002368 records: 3, size/record: 4, table size: 12
	index: 0, handler: __TI_decompress_lzss
	index: 1, handler: __TI_decompress_none
	index: 2, handler: __TI_zero_init


GLOBAL SYMBOLS: SORTED ALPHABETICALLY BY Name 

address   name                            
-------   ----                            
000019eb  ADC0_IRQHandler                 
000019eb  ADC1_IRQHandler                 
000019eb  AES_IRQHandler                  
00001491  All_Interrupt                   
000019ee  C$$EXIT                         
000019eb  CANFD0_IRQHandler               
000019eb  DAC0_IRQHandler                 
000019bf  DL_Common_delayCycles           
000005a5  DL_Timer_initFourCCPWMMode      
00000899  DL_Timer_initTimerMode          
00001649  DL_Timer_setCaptCompUpdateMethod
0000178d  DL_Timer_setCaptureCompareOutCtl
00001985  DL_Timer_setCaptureCompareValue 
00001665  DL_Timer_setClockConfig         
00000fa9  DL_UART_init                    
0000193d  DL_UART_setClockConfig          
000019eb  DMA_IRQHandler                  
000019eb  Default_Handler                 
00001531  Delay_ms                        
0000107d  Delay_us                        
000019eb  GROUP0_IRQHandler               
000019eb  GROUP1_IRQHandler               
000019ef  HOSTexit                        
000019eb  HardFault_Handler               
00002218  Hzk                             
000019eb  I2C0_IRQHandler                 
000019eb  I2C1_IRQHandler                 
000011ed  I2C_Start                       
000012f5  I2C_Stop                        
00001325  I2C_WaitAck                     
00001039  KeyScan                         
000013b5  LED_TIG                         
000019eb  NMI_Handler                     
00000de9  OLED_Clear                      
000006a9  OLED_Init                       
00001139  OLED_Set_Pos                    
0000048d  OLED_ShowChar                   
00000981  OLED_ShowChinese                
000007a3  OLED_ShowNum                    
00000d79  OLED_ShowString                 
00000f0d  OLED_WR_Byte                    
000019eb  PendSV_Handler                  
000019eb  RTC_IRQHandler                  
000019f3  Reset_Handler                   
000019eb  SPI0_IRQHandler                 
000019eb  SPI1_IRQHandler                 
000019eb  SVC_Handler                     
00000acd  SYSCFG_DL_GPIO_init             
00000b6d  SYSCFG_DL_PWM_0_init            
000015d7  SYSCFG_DL_SYSCTL_init           
000019c9  SYSCFG_DL_SYSTICK_init          
00001291  SYSCFG_DL_TIMER_0_init          
00000ff1  SYSCFG_DL_UART_0_init           
000013e1  SYSCFG_DL_init                  
00000e55  SYSCFG_DL_initPower             
00000c81  Send_Byte                       
000019eb  SysTick_Handler                 
000019eb  TIMA0_IRQHandler                
000019eb  TIMA1_IRQHandler                
000014e1  TIMG0_IRQHandler                
000019eb  TIMG12_IRQHandler               
000019eb  TIMG6_IRQHandler                
000019eb  TIMG7_IRQHandler                
000019eb  TIMG8_IRQHandler                
0000194f  TI_memcpy_small                 
000019b1  TI_memset_small                 
00001355  UART0_GetFlag                   
00000a29  UART0_IRQHandler                
20200104  UART0_RxFlag                    
202000a0  UART0_RxPacket                  
0000140d  UART0_SendByte                  
00001175  UART0_SendString                
000019eb  UART1_IRQHandler                
000019eb  UART2_IRQHandler                
000019eb  UART3_IRQHandler                
20208000  __STACK_END                     
00000200  __STACK_SIZE                    
00000000  __TI_ATRegion0_region_sz        
00000000  __TI_ATRegion0_src_addr         
00000000  __TI_ATRegion0_trg_addr         
00000000  __TI_ATRegion1_region_sz        
00000000  __TI_ATRegion1_src_addr         
00000000  __TI_ATRegion1_trg_addr         
00000000  __TI_ATRegion2_region_sz        
00000000  __TI_ATRegion2_src_addr         
00000000  __TI_ATRegion2_trg_addr         
00002384  __TI_CINIT_Base                 
00002394  __TI_CINIT_Limit                
00002394  __TI_CINIT_Warm                 
00002368  __TI_Handler_Table_Base         
00002374  __TI_Handler_Table_Limit        
000011b1  __TI_auto_init_nobinit_nopinit  
00000cfd  __TI_decompress_lzss            
00001961  __TI_decompress_none            
ffffffff  __TI_pprof_out_hndl             
000000c1  __TI_printfi_minimal            
ffffffff  __TI_prof_data_size             
ffffffff  __TI_prof_data_start            
00000000  __TI_static_base__              
00001877  __TI_zero_init_nomemset         
00000e53  __aeabi_idiv0                   
000019dd  __aeabi_memcpy                  
000019dd  __aeabi_memcpy4                 
000019dd  __aeabi_memcpy8                 
00001995  __aeabi_memset                  
00001995  __aeabi_memset4                 
00001995  __aeabi_memset8                 
000010bd  __aeabi_uidiv                   
000010bd  __aeabi_uidivmod                
ffffffff  __binit__                       
UNDEFED   __mpu_init                      
20207e00  __stack                         
20200000  __start___llvm_prf_bits         
20200000  __start___llvm_prf_cnts         
20200000  __stop___llvm_prf_bits          
20200000  __stop___llvm_prf_cnts          
00001509  _c_int00_noargs                 
UNDEFED   _system_post_cinit              
000019f7  _system_pre_init                
000019e5  abort                           
00001ff0  asc2_0806                       
00001a00  asc2_1608                       
ffffffff  binit                           
00001553  delay_ms                        
20200000  gPWM_0Backup                    
00000000  interruptVectors                
00000345  main                            
00001575  memccpy                         
00001385  oled_pow                        
00001225  sprintf                         


GLOBAL SYMBOLS: SORTED BY Symbol Address 

address   name                            
-------   ----                            
00000000  __TI_ATRegion0_region_sz        
00000000  __TI_ATRegion0_src_addr         
00000000  __TI_ATRegion0_trg_addr         
00000000  __TI_ATRegion1_region_sz        
00000000  __TI_ATRegion1_src_addr         
00000000  __TI_ATRegion1_trg_addr         
00000000  __TI_ATRegion2_region_sz        
00000000  __TI_ATRegion2_src_addr         
00000000  __TI_ATRegion2_trg_addr         
00000000  __TI_static_base__              
00000000  interruptVectors                
000000c1  __TI_printfi_minimal            
00000200  __STACK_SIZE                    
00000345  main                            
0000048d  OLED_ShowChar                   
000005a5  DL_Timer_initFourCCPWMMode      
000006a9  OLED_Init                       
000007a3  OLED_ShowNum                    
00000899  DL_Timer_initTimerMode          
00000981  OLED_ShowChinese                
00000a29  UART0_IRQHandler                
00000acd  SYSCFG_DL_GPIO_init             
00000b6d  SYSCFG_DL_PWM_0_init            
00000c81  Send_Byte                       
00000cfd  __TI_decompress_lzss            
00000d79  OLED_ShowString                 
00000de9  OLED_Clear                      
00000e53  __aeabi_idiv0                   
00000e55  SYSCFG_DL_initPower             
00000f0d  OLED_WR_Byte                    
00000fa9  DL_UART_init                    
00000ff1  SYSCFG_DL_UART_0_init           
00001039  KeyScan                         
0000107d  Delay_us                        
000010bd  __aeabi_uidiv                   
000010bd  __aeabi_uidivmod                
00001139  OLED_Set_Pos                    
00001175  UART0_SendString                
000011b1  __TI_auto_init_nobinit_nopinit  
000011ed  I2C_Start                       
00001225  sprintf                         
00001291  SYSCFG_DL_TIMER_0_init          
000012f5  I2C_Stop                        
00001325  I2C_WaitAck                     
00001355  UART0_GetFlag                   
00001385  oled_pow                        
000013b5  LED_TIG                         
000013e1  SYSCFG_DL_init                  
0000140d  UART0_SendByte                  
00001491  All_Interrupt                   
000014e1  TIMG0_IRQHandler                
00001509  _c_int00_noargs                 
00001531  Delay_ms                        
00001553  delay_ms                        
00001575  memccpy                         
000015d7  SYSCFG_DL_SYSCTL_init           
00001649  DL_Timer_setCaptCompUpdateMethod
00001665  DL_Timer_setClockConfig         
0000178d  DL_Timer_setCaptureCompareOutCtl
00001877  __TI_zero_init_nomemset         
0000193d  DL_UART_setClockConfig          
0000194f  TI_memcpy_small                 
00001961  __TI_decompress_none            
00001985  DL_Timer_setCaptureCompareValue 
00001995  __aeabi_memset                  
00001995  __aeabi_memset4                 
00001995  __aeabi_memset8                 
000019b1  TI_memset_small                 
000019bf  DL_Common_delayCycles           
000019c9  SYSCFG_DL_SYSTICK_init          
000019dd  __aeabi_memcpy                  
000019dd  __aeabi_memcpy4                 
000019dd  __aeabi_memcpy8                 
000019e5  abort                           
000019eb  ADC0_IRQHandler                 
000019eb  ADC1_IRQHandler                 
000019eb  AES_IRQHandler                  
000019eb  CANFD0_IRQHandler               
000019eb  DAC0_IRQHandler                 
000019eb  DMA_IRQHandler                  
000019eb  Default_Handler                 
000019eb  GROUP0_IRQHandler               
000019eb  GROUP1_IRQHandler               
000019eb  HardFault_Handler               
000019eb  I2C0_IRQHandler                 
000019eb  I2C1_IRQHandler                 
000019eb  NMI_Handler                     
000019eb  PendSV_Handler                  
000019eb  RTC_IRQHandler                  
000019eb  SPI0_IRQHandler                 
000019eb  SPI1_IRQHandler                 
000019eb  SVC_Handler                     
000019eb  SysTick_Handler                 
000019eb  TIMA0_IRQHandler                
000019eb  TIMA1_IRQHandler                
000019eb  TIMG12_IRQHandler               
000019eb  TIMG6_IRQHandler                
000019eb  TIMG7_IRQHandler                
000019eb  TIMG8_IRQHandler                
000019eb  UART1_IRQHandler                
000019eb  UART2_IRQHandler                
000019eb  UART3_IRQHandler                
000019ee  C$$EXIT                         
000019ef  HOSTexit                        
000019f3  Reset_Handler                   
000019f7  _system_pre_init                
00001a00  asc2_1608                       
00001ff0  asc2_0806                       
00002218  Hzk                             
00002368  __TI_Handler_Table_Base         
00002374  __TI_Handler_Table_Limit        
00002384  __TI_CINIT_Base                 
00002394  __TI_CINIT_Limit                
00002394  __TI_CINIT_Warm                 
20200000  __start___llvm_prf_bits         
20200000  __start___llvm_prf_cnts         
20200000  __stop___llvm_prf_bits          
20200000  __stop___llvm_prf_cnts          
20200000  gPWM_0Backup                    
202000a0  UART0_RxPacket                  
20200104  UART0_RxFlag                    
20207e00  __stack                         
20208000  __STACK_END                     
ffffffff  __TI_pprof_out_hndl             
ffffffff  __TI_prof_data_size             
ffffffff  __TI_prof_data_start            
ffffffff  __binit__                       
ffffffff  binit                           
UNDEFED   __mpu_init                      
UNDEFED   _system_post_cinit              

[130 symbols]
