******************************************************************************
            TI ARM Clang Linker PC v4.0.2                      
******************************************************************************
>> Linked Sat Jun 28 09:04:24 2025

OUTPUT FILE NAME:   <M0_TestPCB1.out>
ENTRY POINT SYMBOL: "_c_int00_noargs"  address: 00007f45


MEMORY CONFIGURATION

         name            origin    length      used     unused   attr    fill
----------------------  --------  ---------  --------  --------  ----  --------
  FLASH                 00000000   00020000  0000a260  00015da0  R  X
  SRAM                  20200000   00008000  00000599  00007a67  RW X
  BCR_CONFIG            41c00000   000000ff  00000000  000000ff  R   
  BSL_CONFIG            41c00100   00000080  00000000  00000080  R   


SEGMENT ALLOCATION MAP

run origin  load origin   length   init length attrs members
----------  ----------- ---------- ----------- ----- -------
00000000    00000000    0000a260   0000a260    r-x
  00000000    00000000    000000c0   000000c0    r-- .intvecs
  000000c0    000000c0    00008a10   00008a10    r-x .text
  00008ad0    00008ad0    00001750   00001750    r-- .rodata
  0000a220    0000a220    00000040   00000040    r-- .cinit
20200000    20200000    00000399   00000000    rw-
  20200000    20200000    00000328   00000000    rw- .bss
  20200328    20200328    00000071   00000000    rw- .data
20207e00    20207e00    00000200   00000000    rw-
  20207e00    20207e00    00000200   00000000    rw- .stack


SECTION ALLOCATION MAP

 output                                  attributes/
section   page    origin      length       input sections
--------  ----  ----------  ----------   ----------------
.intvecs   0    00000000    000000c0     
                  00000000    000000c0     startup_mspm0g350x_ticlang.o (.intvecs)

.text      0    000000c0    00008a10     
                  000000c0    00000bdc     libc.a : _scanfi.c.obj (.text.__TI_scanfi)
                  00000c9c    000009d0            : _printfi.c.obj (.text:__TI_printfi)
                  0000166c    000003b8            : strtod.c.obj (.text.strtod)
                  00001a24    00000364            : e_asin.c.obj (.text.asin)
                  00001d88    000002f8            : s_atan.c.obj (.text.atan)
                  00002080    000002e0     EXTI.o (.text.GROUP1_IRQHandler)
                  00002360    00000278     inv_mpu_dmp_motion_driver.o (.text.dmp_enable_feature)
                  000025d8    00000238     mpu6050.o (.text.Read_Quad)
                  00002810    00000238     inv_mpu_dmp_motion_driver.o (.text.dmp_set_tap_thresh)
                  00002a48    0000022c     inv_mpu.o (.text.mpu_reset_fifo)
                  00002c74    00000228     main.o (.text.main)
                  00002e9c    00000220     libc.a : _printfi.c.obj (.text._pconv_a)
                  000030bc    00000200     inv_mpu.o (.text.mpu_init)
                  000032bc    000001f4     inv_mpu_dmp_motion_driver.o (.text.dmp_read_fifo)
                  000034b0    000001e0     ti_msp_dl_config.o (.text.SYSCFG_DL_GPIO_init)
                  00003690    000001e0     libc.a : strtoll.c.obj (.text.strtoll)
                  00003870    000001dc            : _printfi.c.obj (.text._pconv_g)
                  00003a4c    000001a0     inv_mpu.o (.text.mpu_set_bypass)
                  00003bec    00000192     libclang_rt.builtins.a : adddf3.S.obj (.text.adddf3_subdf3)
                  00003d7e    00000002                            : aeabi_div0.c.obj (.text.__aeabi_idiv0)
                  00003d80    00000188     libc.a : e_atan2.c.obj (.text.atan2)
                  00003f08    00000178     inv_mpu_dmp_motion_driver.o (.text.dmp_set_orientation)
                  00004080    00000170     libc.a : e_sqrt.c.obj (.text.sqrt)
                  000041f0    0000016c            : strtoull.c.obj (.text.strtoull)
                  0000435c    0000015c     UART.o (.text.VOFA_Jiexi)
                  000044b8    00000144     libc.a : strtol.c.obj (.text.strtol)
                  000045fc    0000013c            : _printfi.c.obj (.text.fcvt)
                  00004738    00000130     inv_mpu.o (.text.mpu_set_sensors)
                  00004868    00000130     mspm0_i2c.o (.text.mspm0_i2c_read)
                  00004998    0000012c     libc.a : strtoul.c.obj (.text.strtoul)
                  00004ac4    00000124     inv_mpu.o (.text.mpu_load_firmware)
                  00004be8    00000120     libc.a : _printfi.c.obj (.text._pconv_e)
                  00004d08    00000118     oled.o (.text.OLED_ShowChar)
                  00004e20    00000110     inv_mpu.o (.text.mpu_lp_accel_mode)
                  00004f30    0000010c     Key.o (.text.KeyScan)
                  0000503c    0000010c     libclang_rt.builtins.a : divdf3.S.obj (.text.__divdf3)
                  00005148    00000108     inv_mpu.o (.text.mpu_read_fifo_stream)
                  00005250    00000104     driverlib.a : dl_timer.o (.text.DL_Timer_initFourCCPWMMode)
                  00005354    000000fa     oled.o (.text.OLED_Init)
                  0000544e    00000002     libclang_rt.builtins.a : aeabi_div0.c.obj (.text.__aeabi_ldiv0)
                  00005450    000000f4     PWM.o (.text.PWM_Duty)
                  00005544    000000f0     PID.o (.text.PID_Positional)
                  00005634    000000ec     inv_mpu.o (.text.mpu_set_sample_rate)
                  00005720    000000e8     driverlib.a : dl_timer.o (.text.DL_Timer_initTimerMode)
                  00005808    000000e4     libclang_rt.builtins.a : muldf3.S.obj (.text.__muldf3)
                  000058ec    000000e4     inv_mpu.o (.text.mpu_set_accel_fsr)
                  000059d0    000000d8     libc.a : s_scalbn.c.obj (.text.scalbn)
                  00005aa8    000000d8     libclang_rt.builtins.a : addsf3.S.obj (.text)
                  00005b80    000000d4     inv_mpu.o (.text.set_int_enable)
                  00005c54    000000d0     inv_mpu.o (.text.mpu_set_lpf)
                  00005d24    000000c4     inv_mpu.o (.text.mpu_set_gyro_fsr)
                  00005de8    000000c0     mspm0_i2c.o (.text.mspm0_i2c_write)
                  00005ea8    000000bc     inv_mpu.o (.text.mpu_configure_fifo)
                  00005f64    000000b8     inv_mpu.o (.text.mpu_set_dmp_state)
                  0000601c    000000ac     mpu6050.o (.text.mpu6050_init)
                  000060c8    000000ac     inv_mpu.o (.text.mpu_read_mem)
                  00006174    000000ac     inv_mpu.o (.text.mpu_write_mem)
                  00006220    000000a8     UART.o (.text.UART0_IRQHandler)
                  000062c8    000000a2     libclang_rt.builtins.a : udivmoddi4.S.obj (.text)
                  0000636a    00000002     --HOLE-- [fill = 0]
                  0000636c    0000009c     ti_msp_dl_config.o (.text.SYSCFG_DL_initPower)
                  00006408    0000009c     inv_mpu.o (.text.mpu_set_int_latched)
                  000064a4    00000098     inv_mpu_dmp_motion_driver.o (.text.dmp_set_fifo_rate)
                  0000653c    00000096     mpu6050.o (.text.inv_row_2_scale)
                  000065d2    00000002     --HOLE-- [fill = 0]
                  000065d4    00000090     ti_msp_dl_config.o (.text.SYSCFG_DL_TimerA1_PWM_init)
                  00006664    0000008c     libclang_rt.builtins.a : mulsf3.S.obj (.text.__mulsf3)
                  000066f0    0000008c     inv_mpu_dmp_motion_driver.o (.text.decode_gesture)
                  0000677c    00000084     ti_msp_dl_config.o (.text.__NVIC_SetPriority)
                  00006800    00000082     libclang_rt.builtins.a : divsf3.S.obj (.text.__divsf3)
                  00006882    00000002     --HOLE-- [fill = 0]
                  00006884    0000007c     oled.o (.text.Send_Byte)
                  00006900    0000007c     libc.a : copy_decompress_lzss.c.obj (.text:decompress:lzss)
                  0000697c    00000074     libclang_rt.builtins.a : comparedf2.c.obj (.text.__gedf2)
                  000069f0    00000074                            : truncdfsf2.S.obj (.text.__truncdfsf2)
                  00006a64    00000074     libc.a : sscanf.c.obj (.text._chkmbc)
                  00006ad8    00000074     inv_mpu.o (.text.mpu_get_accel_fsr)
                  00006b4c    00000070     oled.o (.text.OLED_ShowString)
                  00006bbc    0000006a     oled.o (.text.OLED_Clear)
                  00006c26    00000002     --HOLE-- [fill = 0]
                  00006c28    00000068     libclang_rt.builtins.a : comparedf2.c.obj (.text.__ledf2)
                  00006c90    00000066     libc.a : _printfi.c.obj (.text._mcpy)
                  00006cf6    00000066     inv_mpu_dmp_motion_driver.o (.text.dmp_set_tap_axes)
                  00006d5c    00000062     libclang_rt.builtins.a : aeabi_dcmp.S.obj (.text.__aeabi_dcmp)
                  00006dbe    00000002     --HOLE-- [fill = 0]
                  00006dc0    00000062                            : aeabi_fcmp.S.obj (.text.__aeabi_fcmp)
                  00006e22    00000002     --HOLE-- [fill = 0]
                  00006e24    00000060     ADC.o (.text.ADC0_IRQHandler)
                  00006e84    00000060     ti_msp_dl_config.o (.text.SYSCFG_DL_ADC12_0_init)
                  00006ee4    00000060     inv_mpu_dmp_motion_driver.o (.text.dmp_enable_gyro_cal)
                  00006f44    00000060     inv_mpu.o (.text.mpu_get_gyro_fsr)
                  00006fa4    0000005e     driverlib.a : dl_i2c.o (.text.DL_I2C_fillControllerTXFIFO)
                  00007002    00000002     --HOLE-- [fill = 0]
                  00007004    0000005c     libc.a : s_frexp.c.obj (.text.frexp)
                  00007060    00000058     ti_msp_dl_config.o (.text.SYSCFG_DL_I2C_MPU6050_init)
                  000070b8    00000058     libc.a : _ltoa.c.obj (.text.__TI_ltoa)
                  00007110    00000058            : _printfi.c.obj (.text._pconv_f)
                  00007168    00000056     libclang_rt.builtins.a : aeabi_idivmod.S.obj (.text.__aeabi_idivmod)
                  000071be    00000052     libc.a : _printfi.c.obj (.text._ecpy)
                  00007210    00000050     mspm0_i2c.o (.text.DL_I2C_startControllerTransfer)
                  00007260    00000050     ti_msp_dl_config.o (.text.SysTick_Config)
                  000072b0    0000004e     oled.o (.text.OLED_WR_Byte)
                  000072fe    00000002     --HOLE-- [fill = 0]
                  00007300    0000004c     ti_msp_dl_config.o (.text.DL_UART_setBaudRateDivisor)
                  0000734c    0000004a     ti_msp_dl_config.o (.text.DL_ADC12_configConversionMem)
                  00007396    00000002     --HOLE-- [fill = 0]
                  00007398    0000004a     libclang_rt.builtins.a : fixdfsi.S.obj (.text.__fixdfsi)
                  000073e2    00000002     --HOLE-- [fill = 0]
                  000073e4    00000048     driverlib.a : dl_uart.o (.text.DL_UART_init)
                  0000742c    00000048     ti_msp_dl_config.o (.text.SYSCFG_DL_UART_0_init)
                  00007474    00000048     inv_mpu_dmp_motion_driver.o (.text.dmp_enable_6x_lp_quat)
                  000074bc    00000048     inv_mpu_dmp_motion_driver.o (.text.dmp_enable_lp_quat)
                  00007504    00000044     inv_mpu_dmp_motion_driver.o (.text.dmp_set_shake_reject_thresh)
                  00007548    00000044     inv_mpu_dmp_motion_driver.o (.text.dmp_set_tap_count)
                  0000758c    00000040     function.o (.text.All_Interrupt)
                  000075cc    00000040     driverlib.a : dl_adc12.o (.text.DL_ADC12_setClockConfig)
                  0000760c    00000040     ti_msp_dl_config.o (.text.SYSCFG_DL_init)
                  0000764c    00000040     libclang_rt.builtins.a : aeabi_uidivmod.S.obj (.text.__aeabi_uidivmod)
                  0000768c    00000040                            : extendsfdf2.S.obj (.text.__extendsfdf2)
                  000076cc    00000040     libc.a : atoi.c.obj (.text.atoi)
                  0000770c    0000003e     PID.o (.text.Limit_float)
                  0000774a    0000003e     mpu6050.o (.text.inv_orientation_matrix_to_scalar)
                  00007788    0000003c     ti_msp_dl_config.o (.text.DL_GPIO_initPeripheralInputFunctionFeatures)
                  000077c4    0000003c     driverlib.a : dl_i2c.o (.text.DL_I2C_flushControllerTXFIFO)
                  00007800    0000003c     ti_msp_dl_config.o (.text.DL_Timer_setCounterControl)
                  0000783c    0000003c     oled.o (.text.OLED_Set_Pos)
                  00007878    0000003c     UART.o (.text.UART0_SendString)
                  000078b4    0000003c     libclang_rt.builtins.a : floatsisf.S.obj (.text.__floatsisf)
                  000078f0    0000003c                            : comparesf2.S.obj (.text.__gtsf2)
                  0000792c    0000003c     libc.a : autoinit.c.obj (.text:__TI_auto_init_nobinit_nopinit)
                  00007968    0000003a     libclang_rt.builtins.a : comparesf2.S.obj (.text.__eqsf2)
                  000079a2    00000002     --HOLE-- [fill = 0]
                  000079a4    0000003a                            : muldsi3.S.obj (.text.__muldsi3)
                  000079de    00000002     --HOLE-- [fill = 0]
                  000079e0    00000038     oled.o (.text.I2C_Start)
                  00007a18    00000038     Timer.o (.text.TIMG0_IRQHandler)
                  00007a50    00000038     libclang_rt.builtins.a : fixsfsi.S.obj (.text.__fixsfsi)
                  00007a88    00000038     libc.a : sprintf.c.obj (.text.sprintf)
                  00007ac0    00000034     ti_msp_dl_config.o (.text.DL_GPIO_initDigitalInputFeatures)
                  00007af4    00000034     ti_msp_dl_config.o (.text.SYSCFG_DL_TIMER_0_init)
                  00007b28    00000034     ti_msp_dl_config.o (.text.SYSCFG_DL_TIMER_HSR04_init)
                  00007b5c    00000034     inv_mpu.o (.text.mpu_get_sample_rate)
                  00007b90    00000032     inv_mpu_dmp_motion_driver.o (.text.dmp_set_shake_reject_time)
                  00007bc2    00000032     inv_mpu_dmp_motion_driver.o (.text.dmp_set_shake_reject_timeout)
                  00007bf4    00000030     ADC.o (.text.DL_ADC12_getMemResult)
                  00007c24    00000030     oled.o (.text.I2C_Stop)
                  00007c54    00000030     oled.o (.text.I2C_WaitAck)
                  00007c84    00000030     libc.a : _printfi.c.obj (.text._fcpy)
                  00007cb4    00000030     inv_mpu_dmp_motion_driver.o (.text.dmp_set_tap_time)
                  00007ce4    00000030     inv_mpu_dmp_motion_driver.o (.text.dmp_set_tap_time_multi)
                  00007d14    00000030     mspm0_clock.o (.text.mspm0_delay_ms)
                  00007d44    00000030     libc.a : sscanf.c.obj (.text.sscanf)
                  00007d74    0000002c     function.o (.text.PID_Num_Init)
                  00007da0    0000002c     UART.o (.text.UART0_SendByte)
                  00007dcc    0000002c     function.o (.text.__NVIC_ClearPendingIRQ)
                  00007df8    0000002c     function.o (.text.__NVIC_EnableIRQ)
                  00007e24    0000002c     libclang_rt.builtins.a : floatsidf.S.obj (.text.__floatsidf)
                  00007e50    0000002c     mspm0_clock.o (.text.mspm0_get_clock_ms)
                  00007e7c    00000028     mspm0_i2c.o (.text.DL_Common_updateReg)
                  00007ea4    00000028     ti_msp_dl_config.o (.text.DL_Common_updateReg)
                  00007ecc    00000028     ti_msp_dl_config.o (.text.DL_I2C_setControllerRXFIFOThreshold)
                  00007ef4    00000028     ti_msp_dl_config.o (.text.DL_I2C_setControllerTXFIFOThreshold)
                  00007f1c    00000028     libclang_rt.builtins.a : floatunsisf.S.obj (.text.__floatunsisf)
                  00007f44    00000028     libc.a : boot_cortex_m.c.obj (.text:_c_int00_noargs)
                  00007f6c    00000026     ti_msp_dl_config.o (.text.DL_I2C_setAnalogGlitchFilterPulseWidth)
                  00007f92    00000026     driverlib.a : dl_i2c.o (.text.DL_I2C_setClockConfig)
                  00007fb8    00000024     libclang_rt.builtins.a : muldi3.S.obj (.text.__muldi3)
                  00007fdc    00000022     Delay.o (.text.Delay_ms)
                  00007ffe    00000022     PID.o (.text.PID_Init)
                  00008020    00000022     oled.o (.text.delay_ms)
                  00008042    00000022     libc.a : memccpy.c.obj (.text.memccpy)
                  00008064    00000020     ti_msp_dl_config.o (.text.DL_GPIO_initPeripheralInputFunction)
                  00008084    00000020     Delay.o (.text.Delay_us)
                  000080a4    00000020     EXTI.o (.text.TIMA0_IRQHandler)
                  000080c4    00000020     libc.a : memcmp.c.obj (.text.memcmp)
                  000080e4    0000001e     ti_msp_dl_config.o (.text.DL_ADC12_setPowerDownMode)
                  00008102    0000001e     ti_msp_dl_config.o (.text.DL_UART_setOversampling)
                  00008120    0000001e     ti_msp_dl_config.o (.text.SYSCFG_DL_SYSCTL_init)
                  0000813e    00000002     --HOLE-- [fill = 0]
                  00008140    0000001e     libclang_rt.builtins.a : ashldi3.S.obj (.text.__ashldi3)
                  0000815e    00000002     --HOLE-- [fill = 0]
                  00008160    0000001c     ti_msp_dl_config.o (.text.DL_ADC12_clearInterruptStatus)
                  0000817c    0000001c     ti_msp_dl_config.o (.text.DL_ADC12_enableInterrupt)
                  00008198    0000001c     EXTI.o (.text.DL_GPIO_clearInterruptStatus)
                  000081b4    0000001c     ti_msp_dl_config.o (.text.DL_GPIO_clearInterruptStatus)
                  000081d0    0000001c     ti_msp_dl_config.o (.text.DL_GPIO_enableHiZ)
                  000081ec    0000001c     ti_msp_dl_config.o (.text.DL_GPIO_enableInterrupt)
                  00008208    0000001c     ti_msp_dl_config.o (.text.DL_GPIO_initDigitalInput)
                  00008224    0000001c     ti_msp_dl_config.o (.text.DL_GPIO_initPeripheralOutputFunction)
                  00008240    0000001c     ti_msp_dl_config.o (.text.DL_GPIO_setLowerPinsPolarity)
                  0000825c    0000001c     mspm0_i2c.o (.text.DL_I2C_isControllerRXFIFOEmpty)
                  00008278    0000001c     ti_msp_dl_config.o (.text.DL_SYSCTL_setSYSOSCFreq)
                  00008294    0000001c     ti_msp_dl_config.o (.text.DL_Timer_enableInterrupt)
                  000082b0    0000001c     driverlib.a : dl_timer.o (.text.DL_Timer_setCaptCompUpdateMethod)
                  000082cc    0000001c                 : dl_timer.o (.text.DL_Timer_setClockConfig)
                  000082e8    0000001c     ti_msp_dl_config.o (.text.DL_UART_enableInterrupt)
                  00008304    0000001c     inv_mpu_dmp_motion_driver.o (.text.dmp_load_motion_driver_firmware)
                  00008320    0000001a     PID.o (.text.myabs)
                  0000833a    00000002     --HOLE-- [fill = 0]
                  0000833c    00000018     ti_msp_dl_config.o (.text.DL_ADC12_enablePower)
                  00008354    00000018     ti_msp_dl_config.o (.text.DL_ADC12_reset)
                  0000836c    00000018     ti_msp_dl_config.o (.text.DL_ADC12_setSampleTime0)
                  00008384    00000018     ti_msp_dl_config.o (.text.DL_GPIO_enableOutput)
                  0000839c    00000018     ti_msp_dl_config.o (.text.DL_GPIO_enablePower)
                  000083b4    00000018     EXTI.o (.text.DL_GPIO_getEnabledInterruptStatus)
                  000083cc    00000018     ti_msp_dl_config.o (.text.DL_GPIO_initDigitalOutput)
                  000083e4    00000018     ti_msp_dl_config.o (.text.DL_GPIO_reset)
                  000083fc    00000018     PWM.o (.text.DL_GPIO_setPins)
                  00008414    00000018     main.o (.text.DL_GPIO_setPins)
                  0000842c    00000018     oled.o (.text.DL_GPIO_setPins)
                  00008444    00000018     ti_msp_dl_config.o (.text.DL_GPIO_setPins)
                  0000845c    00000018     mspm0_i2c.o (.text.DL_I2C_clearInterruptStatus)
                  00008474    00000018     ti_msp_dl_config.o (.text.DL_I2C_enableAnalogGlitchFilter)
                  0000848c    00000018     ti_msp_dl_config.o (.text.DL_I2C_enableController)
                  000084a4    00000018     ti_msp_dl_config.o (.text.DL_I2C_enableControllerClockStretching)
                  000084bc    00000018     mspm0_i2c.o (.text.DL_I2C_enablePower)
                  000084d4    00000018     ti_msp_dl_config.o (.text.DL_I2C_enablePower)
                  000084ec    00000018     mspm0_i2c.o (.text.DL_I2C_getRawInterruptStatus)
                  00008504    00000018     mspm0_i2c.o (.text.DL_I2C_reset)
                  0000851c    00000018     ti_msp_dl_config.o (.text.DL_I2C_reset)
                  00008534    00000018     ti_msp_dl_config.o (.text.DL_I2C_setTimerPeriod)
                  0000854c    00000018     ti_msp_dl_config.o (.text.DL_SYSCTL_setBORThreshold)
                  00008564    00000018     ti_msp_dl_config.o (.text.DL_Timer_enablePower)
                  0000857c    00000018     ti_msp_dl_config.o (.text.DL_Timer_reset)
                  00008594    00000018     driverlib.a : dl_timer.o (.text.DL_Timer_setCaptureCompareOutCtl)
                  000085ac    00000018     EXTI.o (.text.DL_Timer_startCounter)
                  000085c4    00000018     function.o (.text.DL_Timer_startCounter)
                  000085dc    00000018     EXTI.o (.text.DL_Timer_stopCounter)
                  000085f4    00000018     UART.o (.text.DL_UART_clearInterruptStatus)
                  0000860c    00000018     ti_msp_dl_config.o (.text.DL_UART_enablePower)
                  00008624    00000018     UART.o (.text.DL_UART_isBusy)
                  0000863c    00000018     ti_msp_dl_config.o (.text.DL_UART_reset)
                  00008654    00000018     libc.a : sprintf.c.obj (.text._outs)
                  0000866c    00000016     ADC.o (.text.DL_ADC12_enableConversions)
                  00008682    00000016     ti_msp_dl_config.o (.text.DL_ADC12_enableConversions)
                  00008698    00000016     EXTI.o (.text.DL_GPIO_readPins)
                  000086ae    00000016     Key.o (.text.DL_GPIO_readPins)
                  000086c4    00000016     mspm0_i2c.o (.text.DL_I2C_transmitControllerData)
                  000086da    00000016     ti_msp_dl_config.o (.text.DL_UART_enable)
                  000086f0    00000016     UART.o (.text.DL_UART_transmitData)
                  00008706    00000016     libc.a : copy_zero_init.c.obj (.text:decompress:ZI:__TI_zero_init_nomemset)
                  0000871c    00000014     PWM.o (.text.DL_GPIO_clearPins)
                  00008730    00000014     main.o (.text.DL_GPIO_clearPins)
                  00008744    00000014     oled.o (.text.DL_GPIO_clearPins)
                  00008758    00000014     ti_msp_dl_config.o (.text.DL_GPIO_clearPins)
                  0000876c    00000014     mspm0_i2c.o (.text.DL_I2C_receiveControllerData)
                  00008780    00000014     ti_msp_dl_config.o (.text.DL_I2C_resetControllerTransfer)
                  00008794    00000014     ti_msp_dl_config.o (.text.DL_SYSCTL_disableSYSPLL)
                  000087a8    00000014     ti_msp_dl_config.o (.text.DL_Timer_enableClock)
                  000087bc    00000014     ti_msp_dl_config.o (.text.DL_Timer_setCCPDirection)
                  000087d0    00000014     EXTI.o (.text.DL_Timer_setTimerCount)
                  000087e4    00000014     UART.o (.text.DL_UART_receiveData)
                  000087f8    00000014     libclang_rt.builtins.a : aeabi_uldivmod.S.obj (.text.__aeabi_uldivmod)
                  0000880c    00000014     libc.a : sscanf.c.obj (.text._inpchar)
                  00008820    00000014     inv_mpu_dmp_motion_driver.o (.text.dmp_register_android_orient_cb)
                  00008834    00000014     inv_mpu_dmp_motion_driver.o (.text.dmp_register_tap_cb)
                  00008848    00000014     libc.a : _printfi.c.obj (.text.strchr)
                  0000885c    00000012     ADC.o (.text.DL_ADC12_getPendingInterrupt)
                  0000886e    00000012     EXTI.o (.text.DL_Timer_getPendingInterrupt)
                  00008880    00000012     Timer.o (.text.DL_Timer_getPendingInterrupt)
                  00008892    00000012     UART.o (.text.DL_UART_getPendingInterrupt)
                  000088a4    00000012     driverlib.a : dl_uart.o (.text.DL_UART_setClockConfig)
                  000088b6    00000012     libc.a : memcpy16.S.obj (.text:TI_memcpy_small)
                  000088c8    00000012            : copy_decompress_none.c.obj (.text:decompress:none)
                  000088da    00000002     --HOLE-- [fill = 0]
                  000088dc    00000010     ti_msp_dl_config.o (.text.DL_SYSCTL_disableHFXT)
                  000088ec    00000010     EXTI.o (.text.DL_Timer_getTimerCount)
                  000088fc    00000010     driverlib.a : dl_timer.o (.text.DL_Timer_setCaptureCompareValue)
                  0000890c    00000010     mspm0_clock.o (.text.SysTick_Handler)
                  0000891c    00000010     libc.a : wcslen.c.obj (.text.wcslen)
                  0000892c    0000000e            : _scanfi.c.obj (.text.OUTLINED_FUNCTION_1)
                  0000893a    0000000e            : _scanfi.c.obj (.text.OUTLINED_FUNCTION_2)
                  00008948    0000000e            : _scanfi.c.obj (.text.OUTLINED_FUNCTION_4)
                  00008956    00000002     --HOLE-- [fill = 0]
                  00008958    0000000e     libclang_rt.builtins.a : aeabi_memset.S.obj (.text.__aeabi_memset)
                  00008966    0000000e     libc.a : _printfi.c.obj (.text.strlen)
                  00008974    0000000e     mpu6050.o (.text.tap_cb)
                  00008982    0000000e     libc.a : memset16.S.obj (.text:TI_memset_small)
                  00008990    0000000c     ti_msp_dl_config.o (.text.SYSCFG_DL_SYSTICK_init)
                  0000899c    0000000c     libclang_rt.builtins.a : aeabi_memset.S.obj (.text.__aeabi_memclr)
                  000089a8    0000000a     driverlib.a : dl_common.o (.text.DL_Common_delayCycles)
                  000089b2    0000000a     libc.a : _printfi.c.obj (.text.OUTLINED_FUNCTION_0)
                  000089bc    00000010     libclang_rt.builtins.a : adddf3.S.obj (.tramp.__aeabi_dsub.1)
                  000089cc    0000000a     libc.a : e_asin.c.obj (.text.OUTLINED_FUNCTION_0)
                  000089d6    00000002     --HOLE-- [fill = 0]
                  000089d8    00000010     libclang_rt.builtins.a : muldf3.S.obj (.tramp.__aeabi_dmul.1)
                  000089e8    0000000a     libc.a : s_atan.c.obj (.text.OUTLINED_FUNCTION_0)
                  000089f2    0000000a            : _printfi.c.obj (.text.OUTLINED_FUNCTION_1)
                  000089fc    0000000a            : e_asin.c.obj (.text.OUTLINED_FUNCTION_1)
                  00008a06    0000000a            : e_asin.c.obj (.text.OUTLINED_FUNCTION_3)
                  00008a10    00000010     libclang_rt.builtins.a : divdf3.S.obj (.tramp.__aeabi_ddiv.1)
                  00008a20    0000000a     libc.a : sprintf.c.obj (.text._outc)
                  00008a2a    0000000a     mpu6050.o (.text.android_orient_cb)
                  00008a34    00000008     libc.a : _scanfi.c.obj (.text.OUTLINED_FUNCTION_0)
                  00008a3c    00000008            : strtod.c.obj (.text.OUTLINED_FUNCTION_0)
                  00008a44    00000008            : strtod.c.obj (.text.OUTLINED_FUNCTION_1)
                  00008a4c    00000010     libclang_rt.builtins.a : aeabi_dcmp.S.obj (.tramp.__aeabi_dcmpeq.1)
                  00008a5c    00000008     libc.a : s_atan.c.obj (.text.OUTLINED_FUNCTION_2)
                  00008a64    00000008            : aeabi_portable.c.obj (.text.__aeabi_errno_addr)
                  00008a6c    00000008     libclang_rt.builtins.a : aeabi_memcpy.S.obj (.text.__aeabi_memcpy)
                  00008a74    00000008     libc.a : sscanf.c.obj (.text._uninpchar)
                  00008a7c    00000006            : s_atan.c.obj (.text.OUTLINED_FUNCTION_1)
                  00008a82    00000002     --HOLE-- [fill = 0]
                  00008a84    00000010     libclang_rt.builtins.a : adddf3.S.obj (.tramp.__aeabi_dadd.1)
                  00008a94    00000006     libc.a : e_asin.c.obj (.text.OUTLINED_FUNCTION_2)
                  00008a9a    00000006            : _scanfi.c.obj (.text.OUTLINED_FUNCTION_3)
                  00008aa0    00000006            : exit.c.obj (.text:abort)
                  00008aa6    00000004     startup_mspm0g350x_ticlang.o (.text.Default_Handler)
                  00008aaa    00000004     libsysbm.a : hostexit.c.obj (.text.HOSTexit)
                  00008aae    00000004     libc.a : e_asin.c.obj (.text.OUTLINED_FUNCTION_4)
                  00008ab2    00000004     startup_mspm0g350x_ticlang.o (.text.Reset_Handler)
                  00008ab6    00000002     --HOLE-- [fill = 0]
                  00008ab8    00000010     libc.a : boot_cortex_m.c.obj (.tramp._c_int00_noargs.1)
                  00008ac8    00000004            : pre_init.c.obj (.text._system_pre_init)
                  00008acc    00000004     --HOLE-- [fill = 0]

.cinit     0    0000a220    00000040     
                  0000a220    0000001b     (.cinit..data.load) [load image, compression = lzss]
                  0000a23b    00000001     --HOLE-- [fill = 0]
                  0000a23c    0000000c     (__TI_handler_table)
                  0000a248    00000008     (.cinit..bss.load) [load image, compression = zero_init]
                  0000a250    00000010     (__TI_cinit_table)

.rodata    0    00008ad0    00001750     
                  00008ad0    00000bf6     inv_mpu_dmp_motion_driver.o (.rodata.dmp_memory)
                  000096c6    000005f0     oled.o (.rodata.asc2_1608)
                  00009cb6    00000228     oled.o (.rodata.asc2_0806)
                  00009ede    00000002     ti_msp_dl_config.o (.rodata.gI2C_MPU6050ClockConfig)
                  00009ee0    00000101     libc.a : aeabi_ctype.S.obj (.rodata:__aeabi_ctype_table_)
                  00009fe1    00000007            : _scanfi.c.obj (.rodata._sproc_int.flit)
                  00009fe8    00000080            : strtod.c.obj (.rodata.digits)
                  0000a068    00000048            : strtod.c.obj (.rodata.powerof10)
                  0000a0b0    00000040            : s_atan.c.obj (.rodata.cst32)
                  0000a0f0    00000028     inv_mpu.o (.rodata.test)
                  0000a118    0000001e     inv_mpu.o (.rodata.reg)
                  0000a136    00000002     ti_msp_dl_config.o (.rodata.gUART_0ClockConfig)
                  0000a138    00000014     ti_msp_dl_config.o (.rodata.gTIMER_0TimerConfig)
                  0000a14c    00000014     ti_msp_dl_config.o (.rodata.gTIMER_HSR04TimerConfig)
                  0000a160    00000012     main.o (.rodata.str1.3398908245807867753.1)
                  0000a172    00000011     libc.a : _printfi.c.obj (.rodata.str1.10348868589481759720.1)
                  0000a183    00000011            : _printfi.c.obj (.rodata.str1.15363888844622738466.1)
                  0000a194    0000000d     main.o (.rodata.str1.12180500075719773345.1)
                  0000a1a1    00000001     --HOLE-- [fill = 0]
                  0000a1a2    0000000c     inv_mpu.o (.rodata.hw)
                  0000a1ae    0000000a     ti_msp_dl_config.o (.rodata.gUART_0Config)
                  0000a1b8    00000009     libc.a : _scanfi.c.obj (.rodata.str1.12964984209033246150.1)
                  0000a1c1    00000009     main.o (.rodata.str1.2846389346932560359.1)
                  0000a1ca    00000002     --HOLE-- [fill = 0]
                  0000a1cc    00000008     libc.a : _scanfi.c.obj (.rodata..L__const._sproc_float.special)
                  0000a1d4    00000008     ti_msp_dl_config.o (.rodata.gADC12_0ClockConfig)
                  0000a1dc    00000008     ti_msp_dl_config.o (.rodata.gTimerA1_PWMConfig)
                  0000a1e4    00000007     main.o (.rodata.str1.15159059442110792349.1)
                  0000a1eb    00000007     main.o (.rodata.str1.17100691992556644108.1)
                  0000a1f2    00000007     main.o (.rodata.str1.8154729771448623357.1)
                  0000a1f9    00000006     libc.a : _scanfi.c.obj (.rodata._sproc_int.barr)
                  0000a1ff    00000006     main.o (.rodata.str1.18227636981041470289.1)
                  0000a205    00000005     main.o (.rodata.str1.288608917962107522.1)
                  0000a20a    00000004     libc.a : _scanfi.c.obj (.rodata.str1.3403580589742030990.1)
                  0000a20e    00000003     ti_msp_dl_config.o (.rodata.gTIMER_0ClockConfig)
                  0000a211    00000003     ti_msp_dl_config.o (.rodata.gTIMER_HSR04ClockConfig)
                  0000a214    00000003     ti_msp_dl_config.o (.rodata.gTimerA1_PWMClockConfig)
                  0000a217    00000009     --HOLE-- [fill = 0]

.init_array 
*          0    00000000    00000000     UNINITIALIZED

.binit     0    00000000    00000000     

.bss       0    20200000    00000328     UNINITIALIZED
                  20200000    000000bc     (.common:gTIMER_HSR04Backup)
                  202000bc    000000bc     (.common:gTimerA1_PWMBackup)
                  20200178    00000064     (.common:UART0_RxPacket)
                  202001dc    00000048     (.common:oled_buffer)
                  20200224    00000048     (.common:uart_buffer)
                  2020026c    00000020     (.common:PID_L)
                  2020028c    00000020     (.common:PID_R)
                  202002ac    00000018     (.common:PIDOUT_L)
                  202002c4    00000018     (.common:VOFA)
                  202002dc    00000010     (.common:quat)
                  202002ec    0000000c     (.common:MOTOR)
                  202002f8    00000006     (.common:accel)
                  202002fe    00000006     (.common:gyro)
                  20200304    00000004     (.common:ADC_Val)
                  20200308    00000004     (.common:pitch)
                  2020030c    00000004     (.common:real_val)
                  20200310    00000004     (.common:roll)
                  20200314    00000004     (.common:sensor_timestamp)
                  20200318    00000004     (.common:start_time)
                  2020031c    00000004     (.common:tick_ms)
                  20200320    00000004     (.common:yaw)
                  20200324    00000002     (.common:sensors)
                  20200326    00000001     (.common:UART0_RxFlag)
                  20200327    00000001     (.common:more)

.data      0    20200328    00000071     UNINITIALIZED
                  20200328    0000002c     inv_mpu.o (.data.st)
                  20200354    00000010     inv_mpu_dmp_motion_driver.o (.data.dmp)
                  20200364    0000000e     mpu6050.o (.data.hal)
                  20200372    00000009     mpu6050.o (.data.gyro_orientation)
                  2020037b    00000001     UART.o (.data.UART0_IRQHandler.RxState)
                  2020037c    00000004     main.o (.data.DATA_L)
                  20200380    00000004     main.o (.data.Encoder_L_Data)
                  20200384    00000004     main.o (.data.Encoder_R_Data)
                  20200388    00000004     libc.a : aeabi_portable.c.obj (.data.__aeabi_errno)
                  2020038c    00000004     EXTI.o (.data.cnt)
                  20200390    00000004     EXTI.o (.data.dist)
                  20200394    00000004     EXTI.o (.data.overflowFlag)
                  20200398    00000001     UART.o (.data.UART0_IRQHandler.pRxPacket)

.stack     0    20207e00    00000200     UNINITIALIZED
                  20207e00    00000004     libc.a : boot_cortex_m.c.obj (.stack)
                  20207e04    000001fc     --HOLE--

__llvm_prf_cnts 
*          0    20200000    00000000     UNINITIALIZED

__llvm_prf_bits 
*          0    20200000    00000000     UNINITIALIZED

MODULE SUMMARY

       Module                         code    ro data   rw data
       ------                         ----    -------   -------
    .\
       ti_msp_dl_config.o             2954    79        376    
       main.o                         596     72        280    
       function.o                     220     0         0      
       startup_mspm0g350x_ticlang.o   8       192       0      
    +--+------------------------------+-------+---------+---------+
       Total:                         3778    343       656    
                                                               
    .\Hardware\ADC\
       ADC.o                          184     0         8      
    +--+------------------------------+-------+---------+---------+
       Total:                         184     0         8      
                                                               
    .\Hardware\EXTI\
       EXTI.o                         944     0         12     
    +--+------------------------------+-------+---------+---------+
       Total:                         944     0         12     
                                                               
    .\Hardware\Key\
       Key.o                          290     0         0      
    +--+------------------------------+-------+---------+---------+
       Total:                         290     0         0      
                                                               
    .\Hardware\MPU6050\
       inv_mpu_dmp_motion_driver.o    3110    3062      16     
       inv_mpu.o                      4832    82        44     
       mpu6050.o                      976     0         70     
       mspm0_i2c.o                    782     0         0      
       mspm0_clock.o                  108     0         8      
    +--+------------------------------+-------+---------+---------+
       Total:                         9808    3144      138    
                                                               
    .\Hardware\OLED\
       oled.o                         1240    2072      0      
    +--+------------------------------+-------+---------+---------+
       Total:                         1240    2072      0      
                                                               
    .\Hardware\PID\
       PID.o                          362     0         0      
    +--+------------------------------+-------+---------+---------+
       Total:                         362     0         0      
                                                               
    .\Hardware\PWM\
       PWM.o                          288     0         0      
    +--+------------------------------+-------+---------+---------+
       Total:                         288     0         0      
                                                               
    .\Hardware\Timer\
       Timer.o                        74      0         0      
    +--+------------------------------+-------+---------+---------+
       Total:                         74      0         0      
                                                               
    .\Hardware\UART\
       UART.o                         728     0         103    
    +--+------------------------------+-------+---------+---------+
       Total:                         728     0         103    
                                                               
    .\System\
       Delay.o                        66      0         0      
    +--+------------------------------+-------+---------+---------+
       Total:                         66      0         0      
                                                               
    C:/TI/mspm0_sdk_2_04_00_06/source/ti/driverlib/lib/ticlang/m0p/mspm0g1x0x_g3x0x/driverlib.a
       dl_timer.o                     588     0         0      
       dl_i2c.o                       192     0         0      
       dl_uart.o                      90      0         0      
       dl_adc12.o                     64      0         0      
       dl_common.o                    10      0         0      
    +--+------------------------------+-------+---------+---------+
       Total:                         944     0         0      
                                                               
    D:\install\ccs_install\ccs\tools\compiler\ti-cgt-armllvm_4.0.2.LTS\lib\armv6m-ti-none-eabi/c/libc.a
       _printfi.c.obj                 4510    34        0      
       _scanfi.c.obj                  3092    34        0      
       strtod.c.obj                   968     200       0      
       e_asin.c.obj                   908     0         0      
       s_atan.c.obj                   784     64        0      
       strtoll.c.obj                  480     0         0      
       e_atan2.c.obj                  392     0         0      
       e_sqrt.c.obj                   368     0         0      
       strtoull.c.obj                 364     0         0      
       strtol.c.obj                   324     0         0      
       strtoul.c.obj                  300     0         0      
       aeabi_ctype.S.obj              0       257       0      
       s_scalbn.c.obj                 216     0         0      
       sscanf.c.obj                   192     0         0      
       copy_decompress_lzss.c.obj     124     0         0      
       s_frexp.c.obj                  92      0         0      
       sprintf.c.obj                  90      0         0      
       _ltoa.c.obj                    88      0         0      
       atoi.c.obj                     64      0         0      
       autoinit.c.obj                 60      0         0      
       boot_cortex_m.c.obj            56      0         0      
       memccpy.c.obj                  34      0         0      
       memcmp.c.obj                   32      0         0      
       copy_zero_init.c.obj           22      0         0      
       copy_decompress_none.c.obj     18      0         0      
       memcpy16.S.obj                 18      0         0      
       wcslen.c.obj                   16      0         0      
       memset16.S.obj                 14      0         0      
       aeabi_portable.c.obj           8       0         4      
       exit.c.obj                     6       0         0      
       pre_init.c.obj                 4       0         0      
    +--+------------------------------+-------+---------+---------+
       Total:                         13644   589       4      
                                                               
    D:\install\ccs_install\ccs\tools\compiler\ti-cgt-armllvm_4.0.2.LTS\lib\armv6m-ti-none-eabi/c/libsysbm.a
       hostexit.c.obj                 4       0         0      
    +--+------------------------------+-------+---------+---------+
       Total:                         4       0         0      
                                                               
    D:\install\ccs_install\ccs\tools\compiler\ti-cgt-armllvm_4.0.2.LTS\lib\armv6m-ti-none-eabi/libclang_rt.builtins.a
       adddf3.S.obj                   434     0         0      
       divdf3.S.obj                   284     0         0      
       muldf3.S.obj                   244     0         0      
       comparedf2.c.obj               220     0         0      
       addsf3.S.obj                   216     0         0      
       udivmoddi4.S.obj               162     0         0      
       mulsf3.S.obj                   140     0         0      
       divsf3.S.obj                   130     0         0      
       comparesf2.S.obj               118     0         0      
       truncdfsf2.S.obj               116     0         0      
       aeabi_dcmp.S.obj               114     0         0      
       aeabi_fcmp.S.obj               98      0         0      
       aeabi_idivmod.S.obj            86      0         0      
       fixdfsi.S.obj                  74      0         0      
       aeabi_uidivmod.S.obj           64      0         0      
       extendsfdf2.S.obj              64      0         0      
       floatsisf.S.obj                60      0         0      
       muldsi3.S.obj                  58      0         0      
       fixsfsi.S.obj                  56      0         0      
       floatsidf.S.obj                44      0         0      
       floatunsisf.S.obj              40      0         0      
       muldi3.S.obj                   36      0         0      
       ashldi3.S.obj                  30      0         0      
       aeabi_memset.S.obj             26      0         0      
       aeabi_uldivmod.S.obj           20      0         0      
       aeabi_memcpy.S.obj             8       0         0      
       aeabi_div0.c.obj               4       0         0      
    +--+------------------------------+-------+---------+---------+
       Total:                         2946    0         0      
                                                               
       Stack:                         0       0         512    
       Linker Generated:              0       63        0      
    +--+------------------------------+-------+---------+---------+
       Grand Total:                   35300   6211      1433   


LINKER GENERATED COPY TABLES

__TI_cinit_table @ 0000a250 records: 2, size/record: 8, table size: 16
	.data: load addr=0000a220, load size=0000001b bytes, run addr=20200328, run size=00000071 bytes, compression=lzss
	.bss: load addr=0000a248, load size=00000008 bytes, run addr=20200000, run size=00000328 bytes, compression=zero_init


LINKER GENERATED HANDLER TABLE

__TI_handler_table @ 0000a23c records: 3, size/record: 4, table size: 12
	index: 0, handler: __TI_decompress_lzss
	index: 1, handler: __TI_decompress_none
	index: 2, handler: __TI_zero_init


FAR CALL TRAMPOLINES

callee name               trampoline name
   callee addr  tramp addr   call addr  call info
--------------  -----------  ---------  ----------------
__aeabi_dsub              $Tramp$TT$L$PI$$__aeabi_dsub
   00003bed     000089bc     000089ba   libc.a : _printfi.c.obj (.text.OUTLINED_FUNCTION_0)
__aeabi_dmul              $Tramp$TT$L$PI$$__aeabi_dmul
   00005809     000089d8     000089d4   libc.a : e_asin.c.obj (.text.OUTLINED_FUNCTION_0)
                             000089f0          : s_atan.c.obj (.text.OUTLINED_FUNCTION_0)
                             00008a04          : e_asin.c.obj (.text.OUTLINED_FUNCTION_1)
                             00008a62          : s_atan.c.obj (.text.OUTLINED_FUNCTION_2)
                             00008a98          : e_asin.c.obj (.text.OUTLINED_FUNCTION_2)
__aeabi_ddiv              $Tramp$TT$L$PI$$__aeabi_ddiv
   0000503d     00008a10     00008a0e   libc.a : e_asin.c.obj (.text.OUTLINED_FUNCTION_3)
__aeabi_dcmpeq            $Tramp$TT$L$PI$$__aeabi_dcmpeq
   00006d5d     00008a4c     00008a4a   libc.a : strtod.c.obj (.text.OUTLINED_FUNCTION_1)
__aeabi_dadd              $Tramp$TT$L$PI$$__aeabi_dadd
   00003bf7     00008a84     00008a80   libc.a : s_atan.c.obj (.text.OUTLINED_FUNCTION_1)
                             00008ab0          : e_asin.c.obj (.text.OUTLINED_FUNCTION_4)
_c_int00_noargs           $Tramp$TT$L$PI$$_c_int00_noargs
   00007f45     00008ab8     00008ab2   startup_mspm0g350x_ticlang.o (.text.Reset_Handler)

[6 trampolines]
[11 trampoline calls]


GLOBAL SYMBOLS: SORTED ALPHABETICALLY BY Name 

address   name                            
-------   ----                            
00006e25  ADC0_IRQHandler                 
00008aa7  ADC1_IRQHandler                 
20200304  ADC_Val                         
00008aa7  AES_IRQHandler                  
0000758d  All_Interrupt                   
00008aaa  C$$EXIT                         
00008aa7  CANFD0_IRQHandler               
00008aa7  DAC0_IRQHandler                 
2020037c  DATA_L                          
000075cd  DL_ADC12_setClockConfig         
000089a9  DL_Common_delayCycles           
00006fa5  DL_I2C_fillControllerTXFIFO     
000077c5  DL_I2C_flushControllerTXFIFO    
00007f93  DL_I2C_setClockConfig           
00005251  DL_Timer_initFourCCPWMMode      
00005721  DL_Timer_initTimerMode          
000082b1  DL_Timer_setCaptCompUpdateMethod
00008595  DL_Timer_setCaptureCompareOutCtl
000088fd  DL_Timer_setCaptureCompareValue 
000082cd  DL_Timer_setClockConfig         
000073e5  DL_UART_init                    
000088a5  DL_UART_setClockConfig          
00008aa7  DMA_IRQHandler                  
00008aa7  Default_Handler                 
00007fdd  Delay_ms                        
00008085  Delay_us                        
20200380  Encoder_L_Data                  
20200384  Encoder_R_Data                  
00008aa7  GROUP0_IRQHandler               
00002081  GROUP1_IRQHandler               
00008aab  HOSTexit                        
00008aa7  HardFault_Handler               
00008aa7  I2C0_IRQHandler                 
00008aa7  I2C1_IRQHandler                 
000079e1  I2C_Start                       
00007c25  I2C_Stop                        
00007c55  I2C_WaitAck                     
00004f31  KeyScan                         
0000770d  Limit_float                     
202002ec  MOTOR                           
00008aa7  NMI_Handler                     
00006bbd  OLED_Clear                      
00005355  OLED_Init                       
0000783d  OLED_Set_Pos                    
00004d09  OLED_ShowChar                   
00006b4d  OLED_ShowString                 
000072b1  OLED_WR_Byte                    
202002ac  PIDOUT_L                        
00007fff  PID_Init                        
2020026c  PID_L                           
00007d75  PID_Num_Init                    
00005545  PID_Positional                  
2020028c  PID_R                           
00005451  PWM_Duty                        
00008aa7  PendSV_Handler                  
00008aa7  RTC_IRQHandler                  
000025d9  Read_Quad                       
00008ab3  Reset_Handler                   
00008aa7  SPI0_IRQHandler                 
00008aa7  SPI1_IRQHandler                 
00008aa7  SVC_Handler                     
00006e85  SYSCFG_DL_ADC12_0_init          
000034b1  SYSCFG_DL_GPIO_init             
00007061  SYSCFG_DL_I2C_MPU6050_init      
00008121  SYSCFG_DL_SYSCTL_init           
00008991  SYSCFG_DL_SYSTICK_init          
00007af5  SYSCFG_DL_TIMER_0_init          
00007b29  SYSCFG_DL_TIMER_HSR04_init      
000065d5  SYSCFG_DL_TimerA1_PWM_init      
0000742d  SYSCFG_DL_UART_0_init           
0000760d  SYSCFG_DL_init                  
0000636d  SYSCFG_DL_initPower             
00006885  Send_Byte                       
0000890d  SysTick_Handler                 
000080a5  TIMA0_IRQHandler                
00008aa7  TIMA1_IRQHandler                
00007a19  TIMG0_IRQHandler                
00008aa7  TIMG12_IRQHandler               
00008aa7  TIMG6_IRQHandler                
00008aa7  TIMG7_IRQHandler                
00008aa7  TIMG8_IRQHandler                
000088b7  TI_memcpy_small                 
00008983  TI_memset_small                 
00006221  UART0_IRQHandler                
20200326  UART0_RxFlag                    
20200178  UART0_RxPacket                  
00007da1  UART0_SendByte                  
00007879  UART0_SendString                
00008aa7  UART1_IRQHandler                
00008aa7  UART2_IRQHandler                
00008aa7  UART3_IRQHandler                
202002c4  VOFA                            
0000435d  VOFA_Jiexi                      
20208000  __STACK_END                     
00000200  __STACK_SIZE                    
00000000  __TI_ATRegion0_region_sz        
00000000  __TI_ATRegion0_src_addr         
00000000  __TI_ATRegion0_trg_addr         
00000000  __TI_ATRegion1_region_sz        
00000000  __TI_ATRegion1_src_addr         
00000000  __TI_ATRegion1_trg_addr         
00000000  __TI_ATRegion2_region_sz        
00000000  __TI_ATRegion2_src_addr         
00000000  __TI_ATRegion2_trg_addr         
0000a250  __TI_CINIT_Base                 
0000a260  __TI_CINIT_Limit                
0000a260  __TI_CINIT_Warm                 
0000a23c  __TI_Handler_Table_Base         
0000a248  __TI_Handler_Table_Limit        
0000792d  __TI_auto_init_nobinit_nopinit  
00006901  __TI_decompress_lzss            
000088c9  __TI_decompress_none            
000070b9  __TI_ltoa                       
ffffffff  __TI_pprof_out_hndl             
00000c9d  __TI_printfi                    
ffffffff  __TI_prof_data_size             
ffffffff  __TI_prof_data_start            
000000c1  __TI_scanfi                     
00000000  __TI_static_base__              
00008707  __TI_zero_init_nomemset         
00003bf7  __adddf3                        
00005ab3  __addsf3                        
00009ee0  __aeabi_ctype_table_            
00009ee0  __aeabi_ctype_table_C           
000069f1  __aeabi_d2f                     
00007399  __aeabi_d2iz                    
00003bf7  __aeabi_dadd                    
00006d5d  __aeabi_dcmpeq                  
00006d99  __aeabi_dcmpge                  
00006dad  __aeabi_dcmpgt                  
00006d85  __aeabi_dcmple                  
00006d71  __aeabi_dcmplt                  
0000503d  __aeabi_ddiv                    
00005809  __aeabi_dmul                    
00003bed  __aeabi_dsub                    
20200388  __aeabi_errno                   
00008a65  __aeabi_errno_addr              
0000768d  __aeabi_f2d                     
00007a51  __aeabi_f2iz                    
00005ab3  __aeabi_fadd                    
00006dc1  __aeabi_fcmpeq                  
00006dfd  __aeabi_fcmpge                  
00006e11  __aeabi_fcmpgt                  
00006de9  __aeabi_fcmple                  
00006dd5  __aeabi_fcmplt                  
00006801  __aeabi_fdiv                    
00006665  __aeabi_fmul                    
00005aa9  __aeabi_fsub                    
00007e25  __aeabi_i2d                     
000078b5  __aeabi_i2f                     
00007169  __aeabi_idiv                    
00003d7f  __aeabi_idiv0                   
00007169  __aeabi_idivmod                 
0000544f  __aeabi_ldiv0                   
00008141  __aeabi_llsl                    
00007fb9  __aeabi_lmul                    
0000899d  __aeabi_memclr                  
0000899d  __aeabi_memclr4                 
0000899d  __aeabi_memclr8                 
00008a6d  __aeabi_memcpy                  
00008a6d  __aeabi_memcpy4                 
00008a6d  __aeabi_memcpy8                 
00008959  __aeabi_memset                  
00008959  __aeabi_memset4                 
00008959  __aeabi_memset8                 
00007f1d  __aeabi_ui2f                    
0000764d  __aeabi_uidiv                   
0000764d  __aeabi_uidivmod                
000087f9  __aeabi_uldivmod                
00008141  __ashldi3                       
ffffffff  __binit__                       
00006c29  __cmpdf2                        
00007969  __cmpsf2                        
0000503d  __divdf3                        
00006801  __divsf3                        
00006c29  __eqdf2                         
00007969  __eqsf2                         
0000768d  __extendsfdf2                   
00007399  __fixdfsi                       
00007a51  __fixsfsi                       
00007e25  __floatsidf                     
000078b5  __floatsisf                     
00007f1d  __floatunsisf                   
0000697d  __gedf2                         
000078f1  __gesf2                         
0000697d  __gtdf2                         
000078f1  __gtsf2                         
00006c29  __ledf2                         
00007969  __lesf2                         
00006c29  __ltdf2                         
00007969  __ltsf2                         
UNDEFED   __mpu_init                      
00005809  __muldf3                        
00007fb9  __muldi3                        
000079a5  __muldsi3                       
00006665  __mulsf3                        
00006c29  __nedf2                         
00007969  __nesf2                         
20207e00  __stack                         
20200000  __start___llvm_prf_bits         
20200000  __start___llvm_prf_cnts         
20200000  __stop___llvm_prf_bits          
20200000  __stop___llvm_prf_cnts          
00003bed  __subdf3                        
00005aa9  __subsf3                        
000069f1  __truncdfsf2                    
000062c9  __udivmoddi4                    
00007f45  _c_int00_noargs                 
UNDEFED   _system_post_cinit              
00008ac9  _system_pre_init                
00008aa1  abort                           
202002f8  accel                           
00009cb6  asc2_0806                       
000096c6  asc2_1608                       
00001a25  asin                            
00001a25  asinl                           
00001d89  atan                            
00003d81  atan2                           
00003d81  atan2l                          
00001d89  atanl                           
000076cd  atoi                            
ffffffff  binit                           
2020038c  cnt                             
00008021  delay_ms                        
20200390  dist                            
00007475  dmp_enable_6x_lp_quat           
00002361  dmp_enable_feature              
00006ee5  dmp_enable_gyro_cal             
000074bd  dmp_enable_lp_quat              
00008305  dmp_load_motion_driver_firmware 
000032bd  dmp_read_fifo                   
00008821  dmp_register_android_orient_cb  
00008835  dmp_register_tap_cb             
000064a5  dmp_set_fifo_rate               
00003f09  dmp_set_orientation             
00007505  dmp_set_shake_reject_thresh     
00007b91  dmp_set_shake_reject_time       
00007bc3  dmp_set_shake_reject_timeout    
00006cf7  dmp_set_tap_axes                
00007549  dmp_set_tap_count               
00002811  dmp_set_tap_thresh              
00007cb5  dmp_set_tap_time                
00007ce5  dmp_set_tap_time_multi          
00007005  frexp                           
00007005  frexpl                          
20200000  gTIMER_HSR04Backup              
202000bc  gTimerA1_PWMBackup              
202002fe  gyro                            
0000a1a2  hw                              
00000000  interruptVectors                
000059d1  ldexp                           
000059d1  ldexpl                          
00002c75  main                            
00008043  memccpy                         
000080c5  memcmp                          
20200327  more                            
0000601d  mpu6050_init                    
00005ea9  mpu_configure_fifo              
00006ad9  mpu_get_accel_fsr               
00006f45  mpu_get_gyro_fsr                
00007b5d  mpu_get_sample_rate             
000030bd  mpu_init                        
00004ac5  mpu_load_firmware               
00004e21  mpu_lp_accel_mode               
00005149  mpu_read_fifo_stream            
000060c9  mpu_read_mem                    
00002a49  mpu_reset_fifo                  
000058ed  mpu_set_accel_fsr               
00003a4d  mpu_set_bypass                  
00005f65  mpu_set_dmp_state               
00005d25  mpu_set_gyro_fsr                
00006409  mpu_set_int_latched             
00005c55  mpu_set_lpf                     
00005635  mpu_set_sample_rate             
00004739  mpu_set_sensors                 
00006175  mpu_write_mem                   
00007d15  mspm0_delay_ms                  
00007e51  mspm0_get_clock_ms              
00004869  mspm0_i2c_read                  
00005de9  mspm0_i2c_write                 
00008321  myabs                           
202001dc  oled_buffer                     
20200394  overflowFlag                    
20200308  pitch                           
202002dc  quat                            
2020030c  real_val                        
0000a118  reg                             
20200310  roll                            
000059d1  scalbn                          
000059d1  scalbnl                         
20200314  sensor_timestamp                
20200324  sensors                         
00007a89  sprintf                         
00004081  sqrt                            
00004081  sqrtl                           
00007d45  sscanf                          
20200318  start_time                      
0000166d  strtod                          
000044b9  strtol                          
0000166d  strtold                         
00003691  strtoll                         
00004999  strtoul                         
000041f1  strtoull                        
0000a0f0  test                            
2020031c  tick_ms                         
20200224  uart_buffer                     
0000891d  wcslen                          
20200320  yaw                             


GLOBAL SYMBOLS: SORTED BY Symbol Address 

address   name                            
-------   ----                            
00000000  __TI_ATRegion0_region_sz        
00000000  __TI_ATRegion0_src_addr         
00000000  __TI_ATRegion0_trg_addr         
00000000  __TI_ATRegion1_region_sz        
00000000  __TI_ATRegion1_src_addr         
00000000  __TI_ATRegion1_trg_addr         
00000000  __TI_ATRegion2_region_sz        
00000000  __TI_ATRegion2_src_addr         
00000000  __TI_ATRegion2_trg_addr         
00000000  __TI_static_base__              
00000000  interruptVectors                
000000c1  __TI_scanfi                     
00000200  __STACK_SIZE                    
00000c9d  __TI_printfi                    
0000166d  strtod                          
0000166d  strtold                         
00001a25  asin                            
00001a25  asinl                           
00001d89  atan                            
00001d89  atanl                           
00002081  GROUP1_IRQHandler               
00002361  dmp_enable_feature              
000025d9  Read_Quad                       
00002811  dmp_set_tap_thresh              
00002a49  mpu_reset_fifo                  
00002c75  main                            
000030bd  mpu_init                        
000032bd  dmp_read_fifo                   
000034b1  SYSCFG_DL_GPIO_init             
00003691  strtoll                         
00003a4d  mpu_set_bypass                  
00003bed  __aeabi_dsub                    
00003bed  __subdf3                        
00003bf7  __adddf3                        
00003bf7  __aeabi_dadd                    
00003d7f  __aeabi_idiv0                   
00003d81  atan2                           
00003d81  atan2l                          
00003f09  dmp_set_orientation             
00004081  sqrt                            
00004081  sqrtl                           
000041f1  strtoull                        
0000435d  VOFA_Jiexi                      
000044b9  strtol                          
00004739  mpu_set_sensors                 
00004869  mspm0_i2c_read                  
00004999  strtoul                         
00004ac5  mpu_load_firmware               
00004d09  OLED_ShowChar                   
00004e21  mpu_lp_accel_mode               
00004f31  KeyScan                         
0000503d  __aeabi_ddiv                    
0000503d  __divdf3                        
00005149  mpu_read_fifo_stream            
00005251  DL_Timer_initFourCCPWMMode      
00005355  OLED_Init                       
0000544f  __aeabi_ldiv0                   
00005451  PWM_Duty                        
00005545  PID_Positional                  
00005635  mpu_set_sample_rate             
00005721  DL_Timer_initTimerMode          
00005809  __aeabi_dmul                    
00005809  __muldf3                        
000058ed  mpu_set_accel_fsr               
000059d1  ldexp                           
000059d1  ldexpl                          
000059d1  scalbn                          
000059d1  scalbnl                         
00005aa9  __aeabi_fsub                    
00005aa9  __subsf3                        
00005ab3  __addsf3                        
00005ab3  __aeabi_fadd                    
00005c55  mpu_set_lpf                     
00005d25  mpu_set_gyro_fsr                
00005de9  mspm0_i2c_write                 
00005ea9  mpu_configure_fifo              
00005f65  mpu_set_dmp_state               
0000601d  mpu6050_init                    
000060c9  mpu_read_mem                    
00006175  mpu_write_mem                   
00006221  UART0_IRQHandler                
000062c9  __udivmoddi4                    
0000636d  SYSCFG_DL_initPower             
00006409  mpu_set_int_latched             
000064a5  dmp_set_fifo_rate               
000065d5  SYSCFG_DL_TimerA1_PWM_init      
00006665  __aeabi_fmul                    
00006665  __mulsf3                        
00006801  __aeabi_fdiv                    
00006801  __divsf3                        
00006885  Send_Byte                       
00006901  __TI_decompress_lzss            
0000697d  __gedf2                         
0000697d  __gtdf2                         
000069f1  __aeabi_d2f                     
000069f1  __truncdfsf2                    
00006ad9  mpu_get_accel_fsr               
00006b4d  OLED_ShowString                 
00006bbd  OLED_Clear                      
00006c29  __cmpdf2                        
00006c29  __eqdf2                         
00006c29  __ledf2                         
00006c29  __ltdf2                         
00006c29  __nedf2                         
00006cf7  dmp_set_tap_axes                
00006d5d  __aeabi_dcmpeq                  
00006d71  __aeabi_dcmplt                  
00006d85  __aeabi_dcmple                  
00006d99  __aeabi_dcmpge                  
00006dad  __aeabi_dcmpgt                  
00006dc1  __aeabi_fcmpeq                  
00006dd5  __aeabi_fcmplt                  
00006de9  __aeabi_fcmple                  
00006dfd  __aeabi_fcmpge                  
00006e11  __aeabi_fcmpgt                  
00006e25  ADC0_IRQHandler                 
00006e85  SYSCFG_DL_ADC12_0_init          
00006ee5  dmp_enable_gyro_cal             
00006f45  mpu_get_gyro_fsr                
00006fa5  DL_I2C_fillControllerTXFIFO     
00007005  frexp                           
00007005  frexpl                          
00007061  SYSCFG_DL_I2C_MPU6050_init      
000070b9  __TI_ltoa                       
00007169  __aeabi_idiv                    
00007169  __aeabi_idivmod                 
000072b1  OLED_WR_Byte                    
00007399  __aeabi_d2iz                    
00007399  __fixdfsi                       
000073e5  DL_UART_init                    
0000742d  SYSCFG_DL_UART_0_init           
00007475  dmp_enable_6x_lp_quat           
000074bd  dmp_enable_lp_quat              
00007505  dmp_set_shake_reject_thresh     
00007549  dmp_set_tap_count               
0000758d  All_Interrupt                   
000075cd  DL_ADC12_setClockConfig         
0000760d  SYSCFG_DL_init                  
0000764d  __aeabi_uidiv                   
0000764d  __aeabi_uidivmod                
0000768d  __aeabi_f2d                     
0000768d  __extendsfdf2                   
000076cd  atoi                            
0000770d  Limit_float                     
000077c5  DL_I2C_flushControllerTXFIFO    
0000783d  OLED_Set_Pos                    
00007879  UART0_SendString                
000078b5  __aeabi_i2f                     
000078b5  __floatsisf                     
000078f1  __gesf2                         
000078f1  __gtsf2                         
0000792d  __TI_auto_init_nobinit_nopinit  
00007969  __cmpsf2                        
00007969  __eqsf2                         
00007969  __lesf2                         
00007969  __ltsf2                         
00007969  __nesf2                         
000079a5  __muldsi3                       
000079e1  I2C_Start                       
00007a19  TIMG0_IRQHandler                
00007a51  __aeabi_f2iz                    
00007a51  __fixsfsi                       
00007a89  sprintf                         
00007af5  SYSCFG_DL_TIMER_0_init          
00007b29  SYSCFG_DL_TIMER_HSR04_init      
00007b5d  mpu_get_sample_rate             
00007b91  dmp_set_shake_reject_time       
00007bc3  dmp_set_shake_reject_timeout    
00007c25  I2C_Stop                        
00007c55  I2C_WaitAck                     
00007cb5  dmp_set_tap_time                
00007ce5  dmp_set_tap_time_multi          
00007d15  mspm0_delay_ms                  
00007d45  sscanf                          
00007d75  PID_Num_Init                    
00007da1  UART0_SendByte                  
00007e25  __aeabi_i2d                     
00007e25  __floatsidf                     
00007e51  mspm0_get_clock_ms              
00007f1d  __aeabi_ui2f                    
00007f1d  __floatunsisf                   
00007f45  _c_int00_noargs                 
00007f93  DL_I2C_setClockConfig           
00007fb9  __aeabi_lmul                    
00007fb9  __muldi3                        
00007fdd  Delay_ms                        
00007fff  PID_Init                        
00008021  delay_ms                        
00008043  memccpy                         
00008085  Delay_us                        
000080a5  TIMA0_IRQHandler                
000080c5  memcmp                          
00008121  SYSCFG_DL_SYSCTL_init           
00008141  __aeabi_llsl                    
00008141  __ashldi3                       
000082b1  DL_Timer_setCaptCompUpdateMethod
000082cd  DL_Timer_setClockConfig         
00008305  dmp_load_motion_driver_firmware 
00008321  myabs                           
00008595  DL_Timer_setCaptureCompareOutCtl
00008707  __TI_zero_init_nomemset         
000087f9  __aeabi_uldivmod                
00008821  dmp_register_android_orient_cb  
00008835  dmp_register_tap_cb             
000088a5  DL_UART_setClockConfig          
000088b7  TI_memcpy_small                 
000088c9  __TI_decompress_none            
000088fd  DL_Timer_setCaptureCompareValue 
0000890d  SysTick_Handler                 
0000891d  wcslen                          
00008959  __aeabi_memset                  
00008959  __aeabi_memset4                 
00008959  __aeabi_memset8                 
00008983  TI_memset_small                 
00008991  SYSCFG_DL_SYSTICK_init          
0000899d  __aeabi_memclr                  
0000899d  __aeabi_memclr4                 
0000899d  __aeabi_memclr8                 
000089a9  DL_Common_delayCycles           
00008a65  __aeabi_errno_addr              
00008a6d  __aeabi_memcpy                  
00008a6d  __aeabi_memcpy4                 
00008a6d  __aeabi_memcpy8                 
00008aa1  abort                           
00008aa7  ADC1_IRQHandler                 
00008aa7  AES_IRQHandler                  
00008aa7  CANFD0_IRQHandler               
00008aa7  DAC0_IRQHandler                 
00008aa7  DMA_IRQHandler                  
00008aa7  Default_Handler                 
00008aa7  GROUP0_IRQHandler               
00008aa7  HardFault_Handler               
00008aa7  I2C0_IRQHandler                 
00008aa7  I2C1_IRQHandler                 
00008aa7  NMI_Handler                     
00008aa7  PendSV_Handler                  
00008aa7  RTC_IRQHandler                  
00008aa7  SPI0_IRQHandler                 
00008aa7  SPI1_IRQHandler                 
00008aa7  SVC_Handler                     
00008aa7  TIMA1_IRQHandler                
00008aa7  TIMG12_IRQHandler               
00008aa7  TIMG6_IRQHandler                
00008aa7  TIMG7_IRQHandler                
00008aa7  TIMG8_IRQHandler                
00008aa7  UART1_IRQHandler                
00008aa7  UART2_IRQHandler                
00008aa7  UART3_IRQHandler                
00008aaa  C$$EXIT                         
00008aab  HOSTexit                        
00008ab3  Reset_Handler                   
00008ac9  _system_pre_init                
000096c6  asc2_1608                       
00009cb6  asc2_0806                       
00009ee0  __aeabi_ctype_table_            
00009ee0  __aeabi_ctype_table_C           
0000a0f0  test                            
0000a118  reg                             
0000a1a2  hw                              
0000a23c  __TI_Handler_Table_Base         
0000a248  __TI_Handler_Table_Limit        
0000a250  __TI_CINIT_Base                 
0000a260  __TI_CINIT_Limit                
0000a260  __TI_CINIT_Warm                 
20200000  __start___llvm_prf_bits         
20200000  __start___llvm_prf_cnts         
20200000  __stop___llvm_prf_bits          
20200000  __stop___llvm_prf_cnts          
20200000  gTIMER_HSR04Backup              
202000bc  gTimerA1_PWMBackup              
20200178  UART0_RxPacket                  
202001dc  oled_buffer                     
20200224  uart_buffer                     
2020026c  PID_L                           
2020028c  PID_R                           
202002ac  PIDOUT_L                        
202002c4  VOFA                            
202002dc  quat                            
202002ec  MOTOR                           
202002f8  accel                           
202002fe  gyro                            
20200304  ADC_Val                         
20200308  pitch                           
2020030c  real_val                        
20200310  roll                            
20200314  sensor_timestamp                
20200318  start_time                      
2020031c  tick_ms                         
20200320  yaw                             
20200324  sensors                         
20200326  UART0_RxFlag                    
20200327  more                            
2020037c  DATA_L                          
20200380  Encoder_L_Data                  
20200384  Encoder_R_Data                  
20200388  __aeabi_errno                   
2020038c  cnt                             
20200390  dist                            
20200394  overflowFlag                    
20207e00  __stack                         
20208000  __STACK_END                     
ffffffff  __TI_pprof_out_hndl             
ffffffff  __TI_prof_data_size             
ffffffff  __TI_prof_data_start            
ffffffff  __binit__                       
ffffffff  binit                           
UNDEFED   __mpu_init                      
UNDEFED   _system_post_cinit              

[308 symbols]
