******************************************************************************
            TI ARM Clang Linker PC v4.0.2                      
******************************************************************************
>> Linked Sat Jun 28 15:24:28 2025

OUTPUT FILE NAME:   <M0_TestPCB1.out>
ENTRY POINT SYMBOL: "_c_int00_noargs"  address: 00003b71


MEMORY CONFIGURATION

         name            origin    length      used     unused   attr    fill
----------------------  --------  ---------  --------  --------  ----  --------
  FLASH                 00000000   00020000  000047f8  0001b808  R  X
  SRAM                  20200000   00008000  0000092b  000076d5  RW X
  BCR_CONFIG            41c00000   000000ff  00000000  000000ff  R   
  BSL_CONFIG            41c00100   00000080  00000000  00000080  R   


SEGMENT ALLOCATION MAP

run origin  load origin   length   init length attrs members
----------  ----------- ---------- ----------- ----- -------
00000000    00000000    000047f8   000047f8    r-x
  00000000    00000000    000000c0   000000c0    r-- .intvecs
  000000c0    000000c0    000043f0   000043f0    r-x .text
  000044b0    000044b0    000002e8   000002e8    r-- .rodata
  00004798    00004798    00000060   00000060    r-- .cinit
20200000    20200000    0000072e   00000000    rw-
  20200000    20200000    000006b1   00000000    rw- .bss
  202006b4    202006b4    0000007a   00000000    rw- .data
20207e00    20207e00    00000200   00000000    rw-
  20207e00    20207e00    00000200   00000000    rw- .stack


SECTION ALLOCATION MAP

 output                                  attributes/
section   page    origin      length       input sections
--------  ----  ----------  ----------   ----------------
.intvecs   0    00000000    000000c0     
                  00000000    000000c0     startup_mspm0g350x_ticlang.o (.intvecs)

.text      0    000000c0    000043f0     
                  000000c0    00000398     EXTI.o (.text.GROUP1_IRQHandler)
                  00000458    00000364     libc.a : e_asin.c.obj (.text.asin)
                  000007bc    000002f8            : s_atan.c.obj (.text.atan)
                  00000ab4    00000238     mpu6050.o (.text.Read_Quad)
                  00000cec    0000022c     inv_mpu.o (.text.mpu_reset_fifo)
                  00000f18    000001f4     inv_mpu_dmp_motion_driver.o (.text.dmp_read_fifo)
                  0000110c    000001e0     ti_msp_dl_config.o (.text.SYSCFG_DL_GPIO_init)
                  000012ec    000001b8     EXTI.o (.text.Speed_PI)
                  000014a4    00000192     libclang_rt.builtins.a : adddf3.S.obj (.text.adddf3_subdf3)
                  00001636    00000002                            : aeabi_div0.c.obj (.text.__aeabi_idiv0)
                  00001638    00000188     libc.a : e_atan2.c.obj (.text.atan2)
                  000017c0    00000170            : e_sqrt.c.obj (.text.sqrt)
                  00001930    0000015c     UART.o (.text.VOFA_Jiexi)
                  00001a8c    00000130     mspm0_i2c.o (.text.mspm0_i2c_read)
                  00001bbc    0000010c     Key.o (.text.KeyScan)
                  00001cc8    0000010c     libclang_rt.builtins.a : divdf3.S.obj (.text.__divdf3)
                  00001dd4    00000108     inv_mpu.o (.text.mpu_read_fifo_stream)
                  00001edc    00000104     driverlib.a : dl_timer.o (.text.DL_Timer_initFourCCPWMMode)
                  00001fe0    000000fa     oled.o (.text.OLED_Init)
                  000020da    00000002     --HOLE-- [fill = 0]
                  000020dc    000000f4     PWM.o (.text.PWM_Duty)
                  000021d0    000000e8     driverlib.a : dl_timer.o (.text.DL_Timer_initTimerMode)
                  000022b8    000000e4     libclang_rt.builtins.a : muldf3.S.obj (.text.__muldf3)
                  0000239c    000000d8                            : addsf3.S.obj (.text)
                  00002474    000000cc     oled.o (.text.OLED_ClearArea)
                  00002540    000000c8     EXTI.o (.text.Turn)
                  00002608    000000c0     mspm0_i2c.o (.text.mspm0_i2c_write)
                  000026c8    000000ba     oled.o (.text.OLED_DrawImage)
                  00002782    00000002     --HOLE-- [fill = 0]
                  00002784    000000a8     UART.o (.text.UART0_IRQHandler)
                  0000282c    0000009c     ti_msp_dl_config.o (.text.SYSCFG_DL_initPower)
                  000028c8    00000094     main.o (.text.main)
                  0000295c    00000090     ti_msp_dl_config.o (.text.SYSCFG_DL_TimerA1_PWM_init)
                  000029ec    0000008c     libclang_rt.builtins.a : mulsf3.S.obj (.text.__mulsf3)
                  00002a78    0000008c     inv_mpu_dmp_motion_driver.o (.text.decode_gesture)
                  00002b04    00000084     ti_msp_dl_config.o (.text.__NVIC_SetPriority)
                  00002b88    00000082     libclang_rt.builtins.a : divsf3.S.obj (.text.__divsf3)
                  00002c0a    00000002     --HOLE-- [fill = 0]
                  00002c0c    0000007c     oled.o (.text.Send_Byte)
                  00002c88    0000007c     libc.a : copy_decompress_lzss.c.obj (.text:decompress:lzss)
                  00002d04    00000074     libclang_rt.builtins.a : comparedf2.c.obj (.text.__gedf2)
                  00002d78    00000008     libc.a : aeabi_portable.c.obj (.text.__aeabi_errno_addr)
                  00002d80    00000074     libclang_rt.builtins.a : truncdfsf2.S.obj (.text.__truncdfsf2)
                  00002df4    0000006c     PWM.o (.text.Limit)
                  00002e60    0000006c     PWM.o (.text.Turn_Off)
                  00002ecc    0000006a     oled.o (.text.OLED_Clear)
                  00002f36    00000002     --HOLE-- [fill = 0]
                  00002f38    00000068     libclang_rt.builtins.a : comparedf2.c.obj (.text.__ledf2)
                  00002fa0    00000062                            : aeabi_dcmp.S.obj (.text.__aeabi_dcmp)
                  00003002    00000002     --HOLE-- [fill = 0]
                  00003004    00000062                            : aeabi_fcmp.S.obj (.text.__aeabi_fcmp)
                  00003066    00000002     --HOLE-- [fill = 0]
                  00003068    00000060     ADC.o (.text.ADC0_IRQHandler)
                  000030c8    00000060     ti_msp_dl_config.o (.text.SYSCFG_DL_ADC12_0_init)
                  00003128    0000005e     driverlib.a : dl_i2c.o (.text.DL_I2C_fillControllerTXFIFO)
                  00003186    00000002     --HOLE-- [fill = 0]
                  00003188    00000058     ti_msp_dl_config.o (.text.SYSCFG_DL_I2C_MPU6050_init)
                  000031e0    00000050     mspm0_i2c.o (.text.DL_I2C_startControllerTransfer)
                  00003230    00000050     EXTI.o (.text.Erect_PD)
                  00003280    00000050     ti_msp_dl_config.o (.text.SysTick_Config)
                  000032d0    0000004e     oled.o (.text.OLED_WR_Byte)
                  0000331e    00000002     --HOLE-- [fill = 0]
                  00003320    0000004c     ti_msp_dl_config.o (.text.DL_UART_setBaudRateDivisor)
                  0000336c    0000004a     ti_msp_dl_config.o (.text.DL_ADC12_configConversionMem)
                  000033b6    00000002     --HOLE-- [fill = 0]
                  000033b8    0000004a     libclang_rt.builtins.a : fixdfsi.S.obj (.text.__fixdfsi)
                  00003402    00000002     --HOLE-- [fill = 0]
                  00003404    00000048     driverlib.a : dl_uart.o (.text.DL_UART_init)
                  0000344c    00000048     ti_msp_dl_config.o (.text.SYSCFG_DL_UART_0_init)
                  00003494    00000040     function.o (.text.All_Interrupt)
                  000034d4    00000040     driverlib.a : dl_adc12.o (.text.DL_ADC12_setClockConfig)
                  00003514    00000040     ti_msp_dl_config.o (.text.SYSCFG_DL_init)
                  00003554    00000040     libclang_rt.builtins.a : aeabi_uidivmod.S.obj (.text.__aeabi_uidivmod)
                  00003594    00000040                            : extendsfdf2.S.obj (.text.__extendsfdf2)
                  000035d4    0000003c     ti_msp_dl_config.o (.text.DL_GPIO_initPeripheralInputFunctionFeatures)
                  00003610    0000003c     driverlib.a : dl_i2c.o (.text.DL_I2C_flushControllerTXFIFO)
                  0000364c    0000003c     ti_msp_dl_config.o (.text.DL_Timer_setCounterControl)
                  00003688    0000003c     oled.o (.text.OLED_Set_Pos)
                  000036c4    0000003c     libclang_rt.builtins.a : floatsisf.S.obj (.text.__floatsisf)
                  00003700    0000003c                            : comparesf2.S.obj (.text.__gtsf2)
                  0000373c    0000003c     libc.a : autoinit.c.obj (.text:__TI_auto_init_nobinit_nopinit)
                  00003778    0000003a     libclang_rt.builtins.a : comparesf2.S.obj (.text.__eqsf2)
                  000037b2    00000002     --HOLE-- [fill = 0]
                  000037b4    0000003a                            : muldsi3.S.obj (.text.__muldsi3)
                  000037ee    00000002     --HOLE-- [fill = 0]
                  000037f0    00000038     oled.o (.text.I2C_Start)
                  00003828    00000038     Timer.o (.text.TIMG0_IRQHandler)
                  00003860    00000038     libclang_rt.builtins.a : fixsfsi.S.obj (.text.__fixsfsi)
                  00003898    00000034     ti_msp_dl_config.o (.text.DL_GPIO_initDigitalInputFeatures)
                  000038cc    00000034     ti_msp_dl_config.o (.text.SYSCFG_DL_TIMER_0_init)
                  00003900    00000034     ti_msp_dl_config.o (.text.SYSCFG_DL_TIMER_HSR04_init)
                  00003934    00000030     ADC.o (.text.DL_ADC12_getMemResult)
                  00003964    00000030     oled.o (.text.I2C_Stop)
                  00003994    00000030     oled.o (.text.I2C_WaitAck)
                  000039c4    00000030     mspm0_clock.o (.text.mspm0_delay_ms)
                  000039f4    0000002c     function.o (.text.PID_Num_Init)
                  00003a20    0000002c     function.o (.text.__NVIC_ClearPendingIRQ)
                  00003a4c    0000002c     function.o (.text.__NVIC_EnableIRQ)
                  00003a78    0000002c     libclang_rt.builtins.a : floatsidf.S.obj (.text.__floatsidf)
                  00003aa4    0000002c     mspm0_clock.o (.text.mspm0_get_clock_ms)
                  00003ad0    00000028     mspm0_i2c.o (.text.DL_Common_updateReg)
                  00003af8    00000028     ti_msp_dl_config.o (.text.DL_Common_updateReg)
                  00003b20    00000028     ti_msp_dl_config.o (.text.DL_I2C_setControllerRXFIFOThreshold)
                  00003b48    00000028     ti_msp_dl_config.o (.text.DL_I2C_setControllerTXFIFOThreshold)
                  00003b70    00000028     libc.a : boot_cortex_m.c.obj (.text:_c_int00_noargs)
                  00003b98    00000026     ti_msp_dl_config.o (.text.DL_I2C_setAnalogGlitchFilterPulseWidth)
                  00003bbe    00000026     driverlib.a : dl_i2c.o (.text.DL_I2C_setClockConfig)
                  00003be4    00000022     Delay.o (.text.Delay_ms)
                  00003c06    00000022     PID.o (.text.PID_Init)
                  00003c28    00000022     oled.o (.text.delay_ms)
                  00003c4a    00000002     --HOLE-- [fill = 0]
                  00003c4c    00000020     ti_msp_dl_config.o (.text.DL_GPIO_initPeripheralInputFunction)
                  00003c6c    00000020     Delay.o (.text.Delay_us)
                  00003c8c    00000020     EXTI.o (.text.TIMA0_IRQHandler)
                  00003cac    0000001e     ti_msp_dl_config.o (.text.DL_ADC12_setPowerDownMode)
                  00003cca    0000001e     ti_msp_dl_config.o (.text.DL_UART_setOversampling)
                  00003ce8    0000001e     ti_msp_dl_config.o (.text.SYSCFG_DL_SYSCTL_init)
                  00003d06    00000002     --HOLE-- [fill = 0]
                  00003d08    0000001c     ti_msp_dl_config.o (.text.DL_ADC12_clearInterruptStatus)
                  00003d24    0000001c     ti_msp_dl_config.o (.text.DL_ADC12_enableInterrupt)
                  00003d40    0000001c     EXTI.o (.text.DL_GPIO_clearInterruptStatus)
                  00003d5c    0000001c     ti_msp_dl_config.o (.text.DL_GPIO_clearInterruptStatus)
                  00003d78    0000001c     ti_msp_dl_config.o (.text.DL_GPIO_enableHiZ)
                  00003d94    0000001c     ti_msp_dl_config.o (.text.DL_GPIO_enableInterrupt)
                  00003db0    0000001c     ti_msp_dl_config.o (.text.DL_GPIO_initDigitalInput)
                  00003dcc    0000001c     ti_msp_dl_config.o (.text.DL_GPIO_initPeripheralOutputFunction)
                  00003de8    0000001c     ti_msp_dl_config.o (.text.DL_GPIO_setLowerPinsPolarity)
                  00003e04    0000001c     mspm0_i2c.o (.text.DL_I2C_isControllerRXFIFOEmpty)
                  00003e20    0000001c     ti_msp_dl_config.o (.text.DL_SYSCTL_setSYSOSCFreq)
                  00003e3c    0000001c     ti_msp_dl_config.o (.text.DL_Timer_enableInterrupt)
                  00003e58    0000001c     driverlib.a : dl_timer.o (.text.DL_Timer_setCaptCompUpdateMethod)
                  00003e74    0000001c                 : dl_timer.o (.text.DL_Timer_setClockConfig)
                  00003e90    0000001c     ti_msp_dl_config.o (.text.DL_UART_enableInterrupt)
                  00003eac    00000018     ti_msp_dl_config.o (.text.DL_ADC12_enablePower)
                  00003ec4    00000018     ti_msp_dl_config.o (.text.DL_ADC12_reset)
                  00003edc    00000018     ti_msp_dl_config.o (.text.DL_ADC12_setSampleTime0)
                  00003ef4    00000018     ti_msp_dl_config.o (.text.DL_GPIO_enableOutput)
                  00003f0c    00000018     ti_msp_dl_config.o (.text.DL_GPIO_enablePower)
                  00003f24    00000018     EXTI.o (.text.DL_GPIO_getEnabledInterruptStatus)
                  00003f3c    00000018     ti_msp_dl_config.o (.text.DL_GPIO_initDigitalOutput)
                  00003f54    00000018     ti_msp_dl_config.o (.text.DL_GPIO_reset)
                  00003f6c    00000018     PWM.o (.text.DL_GPIO_setPins)
                  00003f84    00000018     main.o (.text.DL_GPIO_setPins)
                  00003f9c    00000018     oled.o (.text.DL_GPIO_setPins)
                  00003fb4    00000018     ti_msp_dl_config.o (.text.DL_GPIO_setPins)
                  00003fcc    00000018     mspm0_i2c.o (.text.DL_I2C_clearInterruptStatus)
                  00003fe4    00000018     ti_msp_dl_config.o (.text.DL_I2C_enableAnalogGlitchFilter)
                  00003ffc    00000018     ti_msp_dl_config.o (.text.DL_I2C_enableController)
                  00004014    00000018     ti_msp_dl_config.o (.text.DL_I2C_enableControllerClockStretching)
                  0000402c    00000018     mspm0_i2c.o (.text.DL_I2C_enablePower)
                  00004044    00000018     ti_msp_dl_config.o (.text.DL_I2C_enablePower)
                  0000405c    00000018     mspm0_i2c.o (.text.DL_I2C_getRawInterruptStatus)
                  00004074    00000018     mspm0_i2c.o (.text.DL_I2C_reset)
                  0000408c    00000018     ti_msp_dl_config.o (.text.DL_I2C_reset)
                  000040a4    00000018     ti_msp_dl_config.o (.text.DL_I2C_setTimerPeriod)
                  000040bc    00000018     ti_msp_dl_config.o (.text.DL_SYSCTL_setBORThreshold)
                  000040d4    00000018     ti_msp_dl_config.o (.text.DL_Timer_enablePower)
                  000040ec    00000018     ti_msp_dl_config.o (.text.DL_Timer_reset)
                  00004104    00000018     driverlib.a : dl_timer.o (.text.DL_Timer_setCaptureCompareOutCtl)
                  0000411c    00000018     EXTI.o (.text.DL_Timer_startCounter)
                  00004134    00000018     function.o (.text.DL_Timer_startCounter)
                  0000414c    00000018     EXTI.o (.text.DL_Timer_stopCounter)
                  00004164    00000018     UART.o (.text.DL_UART_clearInterruptStatus)
                  0000417c    00000018     ti_msp_dl_config.o (.text.DL_UART_enablePower)
                  00004194    00000018     ti_msp_dl_config.o (.text.DL_UART_reset)
                  000041ac    00000016     ADC.o (.text.DL_ADC12_enableConversions)
                  000041c2    00000016     ti_msp_dl_config.o (.text.DL_ADC12_enableConversions)
                  000041d8    00000016     EXTI.o (.text.DL_GPIO_readPins)
                  000041ee    00000016     Key.o (.text.DL_GPIO_readPins)
                  00004204    00000016     mspm0_i2c.o (.text.DL_I2C_transmitControllerData)
                  0000421a    00000016     ti_msp_dl_config.o (.text.DL_UART_enable)
                  00004230    00000014     PWM.o (.text.DL_GPIO_clearPins)
                  00004244    00000014     main.o (.text.DL_GPIO_clearPins)
                  00004258    00000014     oled.o (.text.DL_GPIO_clearPins)
                  0000426c    00000014     ti_msp_dl_config.o (.text.DL_GPIO_clearPins)
                  00004280    00000014     mspm0_i2c.o (.text.DL_I2C_receiveControllerData)
                  00004294    00000014     ti_msp_dl_config.o (.text.DL_I2C_resetControllerTransfer)
                  000042a8    00000014     ti_msp_dl_config.o (.text.DL_SYSCTL_disableSYSPLL)
                  000042bc    00000014     ti_msp_dl_config.o (.text.DL_Timer_enableClock)
                  000042d0    00000014     ti_msp_dl_config.o (.text.DL_Timer_setCCPDirection)
                  000042e4    00000014     EXTI.o (.text.DL_Timer_setTimerCount)
                  000042f8    00000014     UART.o (.text.DL_UART_receiveData)
                  0000430c    00000012     ADC.o (.text.DL_ADC12_getPendingInterrupt)
                  0000431e    00000012     EXTI.o (.text.DL_Timer_getPendingInterrupt)
                  00004330    00000012     Timer.o (.text.DL_Timer_getPendingInterrupt)
                  00004342    00000012     UART.o (.text.DL_UART_getPendingInterrupt)
                  00004354    00000012     driverlib.a : dl_uart.o (.text.DL_UART_setClockConfig)
                  00004366    00000012     libc.a : memcpy16.S.obj (.text:TI_memcpy_small)
                  00004378    00000012            : copy_decompress_none.c.obj (.text:decompress:none)
                  0000438a    00000002     --HOLE-- [fill = 0]
                  0000438c    00000010     ti_msp_dl_config.o (.text.DL_SYSCTL_disableHFXT)
                  0000439c    00000010     EXTI.o (.text.DL_Timer_getTimerCount)
                  000043ac    00000010     driverlib.a : dl_timer.o (.text.DL_Timer_setCaptureCompareValue)
                  000043bc    00000010     mspm0_clock.o (.text.SysTick_Handler)
                  000043cc    00000010     libc.a : copy_zero_init.c.obj (.text:decompress:ZI)
                  000043dc    0000000e            : memset16.S.obj (.text:TI_memset_small)
                  000043ea    0000000c     ti_msp_dl_config.o (.text.SYSCFG_DL_SYSTICK_init)
                  000043f6    00000002     --HOLE-- [fill = 0]
                  000043f8    0000000c     libclang_rt.builtins.a : aeabi_memset.S.obj (.text.__aeabi_memclr)
                  00004404    0000000a     driverlib.a : dl_common.o (.text.DL_Common_delayCycles)
                  0000440e    0000000a     libc.a : e_asin.c.obj (.text.OUTLINED_FUNCTION_0)
                  00004418    00000010     libclang_rt.builtins.a : muldf3.S.obj (.tramp.__aeabi_dmul.1)
                  00004428    0000000a     libc.a : s_atan.c.obj (.text.OUTLINED_FUNCTION_0)
                  00004432    0000000a            : e_asin.c.obj (.text.OUTLINED_FUNCTION_1)
                  0000443c    0000000a            : e_asin.c.obj (.text.OUTLINED_FUNCTION_3)
                  00004446    00000002     --HOLE-- [fill = 0]
                  00004448    00000010     libclang_rt.builtins.a : divdf3.S.obj (.tramp.__aeabi_ddiv.1)
                  00004458    00000008     libc.a : s_atan.c.obj (.text.OUTLINED_FUNCTION_2)
                  00004460    00000008     libclang_rt.builtins.a : aeabi_memcpy.S.obj (.text.__aeabi_memcpy)
                  00004468    00000006     libc.a : s_atan.c.obj (.text.OUTLINED_FUNCTION_1)
                  0000446e    00000002     --HOLE-- [fill = 0]
                  00004470    00000010     libclang_rt.builtins.a : adddf3.S.obj (.tramp.__aeabi_dadd.1)
                  00004480    00000006     libc.a : e_asin.c.obj (.text.OUTLINED_FUNCTION_2)
                  00004486    00000006            : exit.c.obj (.text:abort)
                  0000448c    00000004     startup_mspm0g350x_ticlang.o (.text.Default_Handler)
                  00004490    00000004     libsysbm.a : hostexit.c.obj (.text.HOSTexit)
                  00004494    00000004     libc.a : e_asin.c.obj (.text.OUTLINED_FUNCTION_4)
                  00004498    00000004     startup_mspm0g350x_ticlang.o (.text.Reset_Handler)
                  0000449c    00000010     libc.a : boot_cortex_m.c.obj (.tramp._c_int00_noargs.1)
                  000044ac    00000004            : pre_init.c.obj (.text._system_pre_init)

.cinit     0    00004798    00000060     
                  00004798    00000039     (.cinit..data.load) [load image, compression = lzss]
                  000047d1    00000003     --HOLE-- [fill = 0]
                  000047d4    0000000c     (__TI_handler_table)
                  000047e0    00000008     (.cinit..bss.load) [load image, compression = zero_init]
                  000047e8    00000010     (__TI_cinit_table)

.rodata    0    000044b0    000002e8     
                  000044b0    00000200     OLED_Data.o (.rodata.ke)
                  000046b0    00000040     libc.a : s_atan.c.obj (.rodata.cst32)
                  000046f0    00000028     inv_mpu.o (.rodata.test)
                  00004718    0000001e     inv_mpu.o (.rodata.reg)
                  00004736    00000002     ti_msp_dl_config.o (.rodata.gI2C_MPU6050ClockConfig)
                  00004738    00000014     ti_msp_dl_config.o (.rodata.gTIMER_0TimerConfig)
                  0000474c    00000014     ti_msp_dl_config.o (.rodata.gTIMER_HSR04TimerConfig)
                  00004760    0000000c     inv_mpu.o (.rodata.hw)
                  0000476c    0000000a     ti_msp_dl_config.o (.rodata.gUART_0Config)
                  00004776    00000002     ti_msp_dl_config.o (.rodata.gUART_0ClockConfig)
                  00004778    00000008     ti_msp_dl_config.o (.rodata.gADC12_0ClockConfig)
                  00004780    00000008     ti_msp_dl_config.o (.rodata.gTimerA1_PWMConfig)
                  00004788    00000003     ti_msp_dl_config.o (.rodata.gTIMER_0ClockConfig)
                  0000478b    00000003     ti_msp_dl_config.o (.rodata.gTIMER_HSR04ClockConfig)
                  0000478e    00000003     ti_msp_dl_config.o (.rodata.gTimerA1_PWMClockConfig)
                  00004791    00000007     --HOLE-- [fill = 0]

.init_array 
*          0    00000000    00000000     UNINITIALIZED

.binit     0    00000000    00000000     

.bss       0    20200000    000006b1     UNINITIALIZED
                  20200000    00000400     (.common:OLED_DisplayBuf)
                  20200400    000000bc     (.common:gTIMER_HSR04Backup)
                  202004bc    000000bc     (.common:gTimerA1_PWMBackup)
                  20200578    00000064     (.common:UART0_RxPacket)
                  202005dc    00000020     (.common:PID_L)
                  202005fc    00000020     (.common:PID_R)
                  2020061c    00000018     (.common:VOFA)
                  20200634    00000010     (.common:quat)
                  20200644    0000000c     (.common:MOTOR)
                  20200650    00000006     (.common:accel)
                  20200656    00000006     (.common:gyro)
                  2020065c    00000004     EXTI.o (.bss.Speed_PI.Encoder_err)
                  20200660    00000004     EXTI.o (.bss.Speed_PI.Encoder_err_low)
                  20200664    00000004     EXTI.o (.bss.Speed_PI.Encoder_err_low_last)
                  20200668    00000004     EXTI.o (.bss.Speed_PI.Encoder_sum)
                  2020066c    00000004     EXTI.o (.bss.Speed_PI.Movement)
                  20200670    00000004     EXTI.o (.bss.Speed_PI.PWM_out)
                  20200674    00000004     EXTI.o (.bss.Turn.Turn_Target)
                  20200678    00000004     (.common:ADC_Val)
                  2020067c    00000004     (.common:Erect_out)
                  20200680    00000004     (.common:Speed_out)
                  20200684    00000004     (.common:Turn_out)
                  20200688    00000004     (.common:motor1)
                  2020068c    00000004     (.common:motor2)
                  20200690    00000004     (.common:pitch)
                  20200694    00000004     (.common:real_val)
                  20200698    00000004     (.common:roll)
                  2020069c    00000004     (.common:sensor_timestamp)
                  202006a0    00000004     (.common:start_time)
                  202006a4    00000004     (.common:tick_ms)
                  202006a8    00000004     (.common:yaw)
                  202006ac    00000002     (.common:sensors)
                  202006ae    00000001     (.common:DIR)
                  202006af    00000001     (.common:UART0_RxFlag)
                  202006b0    00000001     (.common:more)

.data      0    202006b4    0000007a     UNINITIALIZED
                  202006b4    0000002c     inv_mpu.o (.data.st)
                  202006e0    00000010     inv_mpu_dmp_motion_driver.o (.data.dmp)
                  202006f0    00000004     main.o (.data.Encoder_L_Data)
                  202006f4    00000004     main.o (.data.Encoder_R_Data)
                  202006f8    00000004     EXTI.o (.data.Erect_Kd)
                  202006fc    00000004     EXTI.o (.data.Erect_Kp)
                  20200700    00000004     EXTI.o (.data.Med_Angle)
                  20200704    00000004     EXTI.o (.data.Speed_Ki)
                  20200708    00000004     EXTI.o (.data.Speed_Kp)
                  2020070c    00000004     EXTI.o (.data.Speed_PI.Target_Velocity)
                  20200710    00000004     EXTI.o (.data.Turn.Turn_Amplitude)
                  20200714    00000004     EXTI.o (.data.Turn_Kd)
                  20200718    00000004     EXTI.o (.data.Turn_Kp)
                  2020071c    00000004     libc.a : aeabi_portable.c.obj (.data.__aeabi_errno)
                  20200720    00000004     EXTI.o (.data.cnt)
                  20200724    00000004     EXTI.o (.data.dist)
                  20200728    00000004     EXTI.o (.data.overflowFlag)
                  2020072c    00000001     UART.o (.data.UART0_IRQHandler.RxState)
                  2020072d    00000001     UART.o (.data.UART0_IRQHandler.pRxPacket)

.stack     0    20207e00    00000200     UNINITIALIZED
                  20207e00    00000004     libc.a : boot_cortex_m.c.obj (.stack)
                  20207e04    000001fc     --HOLE--

__llvm_prf_cnts 
*          0    20200000    00000000     UNINITIALIZED

__llvm_prf_bits 
*          0    20200000    00000000     UNINITIALIZED

MODULE SUMMARY

       Module                         code    ro data   rw data
       ------                         ----    -------   -------
    .\
       ti_msp_dl_config.o             2954    79        376    
       main.o                         192     0         109    
       function.o                     220     0         0      
       startup_mspm0g350x_ticlang.o   8       192       0      
    +--+------------------------------+-------+---------+---------+
       Total:                         3374    271       485    
                                                               
    .\Hardware\ADC\
       ADC.o                          184     0         8      
    +--+------------------------------+-------+---------+---------+
       Total:                         184     0         8      
                                                               
    .\Hardware\EXTI\
       EXTI.o                         1848    0         96     
    +--+------------------------------+-------+---------+---------+
       Total:                         1848    0         96     
                                                               
    .\Hardware\Key\
       Key.o                          290     0         0      
    +--+------------------------------+-------+---------+---------+
       Total:                         290     0         0      
                                                               
    .\Hardware\MPU6050\
       inv_mpu.o                      820     82        44     
       mspm0_i2c.o                    782     0         0      
       inv_mpu_dmp_motion_driver.o    640     0         16     
       mpu6050.o                      568     0         47     
       mspm0_clock.o                  108     0         8      
    +--+------------------------------+-------+---------+---------+
       Total:                         2918    82        115    
                                                               
    .\Hardware\OLED\
       oled.o                         1238    0         1024   
       OLED_Data.o                    0       512       0      
    +--+------------------------------+-------+---------+---------+
       Total:                         1238    512       1024   
                                                               
    .\Hardware\PID\
       PID.o                          34      0         0      
    +--+------------------------------+-------+---------+---------+
       Total:                         34      0         0      
                                                               
    .\Hardware\PWM\
       PWM.o                          504     0         0      
    +--+------------------------------+-------+---------+---------+
       Total:                         504     0         0      
                                                               
    .\Hardware\Timer\
       Timer.o                        74      0         0      
    +--+------------------------------+-------+---------+---------+
       Total:                         74      0         0      
                                                               
    .\Hardware\UART\
       UART.o                         578     0         103    
    +--+------------------------------+-------+---------+---------+
       Total:                         578     0         103    
                                                               
    .\System\
       Delay.o                        66      0         0      
    +--+------------------------------+-------+---------+---------+
       Total:                         66      0         0      
                                                               
    C:/TI/mspm0_sdk_2_04_00_06/source/ti/driverlib/lib/ticlang/m0p/mspm0g1x0x_g3x0x/driverlib.a
       dl_timer.o                     588     0         0      
       dl_i2c.o                       192     0         0      
       dl_uart.o                      90      0         0      
       dl_adc12.o                     64      0         0      
       dl_common.o                    10      0         0      
    +--+------------------------------+-------+---------+---------+
       Total:                         944     0         0      
                                                               
    D:\install\ccs_install\ccs\tools\compiler\ti-cgt-armllvm_4.0.2.LTS\lib\armv6m-ti-none-eabi/c/libc.a
       e_asin.c.obj                   908     0         0      
       s_atan.c.obj                   784     64        0      
       e_atan2.c.obj                  392     0         0      
       e_sqrt.c.obj                   368     0         0      
       copy_decompress_lzss.c.obj     124     0         0      
       autoinit.c.obj                 60      0         0      
       boot_cortex_m.c.obj            56      0         0      
       copy_decompress_none.c.obj     18      0         0      
       memcpy16.S.obj                 18      0         0      
       copy_zero_init.c.obj           16      0         0      
       memset16.S.obj                 14      0         0      
       aeabi_portable.c.obj           8       0         4      
       exit.c.obj                     6       0         0      
       pre_init.c.obj                 4       0         0      
    +--+------------------------------+-------+---------+---------+
       Total:                         2776    64        4      
                                                               
    D:\install\ccs_install\ccs\tools\compiler\ti-cgt-armllvm_4.0.2.LTS\lib\armv6m-ti-none-eabi/c/libsysbm.a
       hostexit.c.obj                 4       0         0      
    +--+------------------------------+-------+---------+---------+
       Total:                         4       0         0      
                                                               
    D:\install\ccs_install\ccs\tools\compiler\ti-cgt-armllvm_4.0.2.LTS\lib\armv6m-ti-none-eabi/libclang_rt.builtins.a
       adddf3.S.obj                   418     0         0      
       divdf3.S.obj                   284     0         0      
       muldf3.S.obj                   244     0         0      
       comparedf2.c.obj               220     0         0      
       addsf3.S.obj                   216     0         0      
       mulsf3.S.obj                   140     0         0      
       divsf3.S.obj                   130     0         0      
       comparesf2.S.obj               118     0         0      
       truncdfsf2.S.obj               116     0         0      
       aeabi_dcmp.S.obj               98      0         0      
       aeabi_fcmp.S.obj               98      0         0      
       fixdfsi.S.obj                  74      0         0      
       aeabi_uidivmod.S.obj           64      0         0      
       extendsfdf2.S.obj              64      0         0      
       floatsisf.S.obj                60      0         0      
       muldsi3.S.obj                  58      0         0      
       fixsfsi.S.obj                  56      0         0      
       floatsidf.S.obj                44      0         0      
       aeabi_memset.S.obj             12      0         0      
       aeabi_memcpy.S.obj             8       0         0      
       aeabi_div0.c.obj               2       0         0      
    +--+------------------------------+-------+---------+---------+
       Total:                         2524    0         0      
                                                               
       Stack:                         0       0         512    
       Linker Generated:              0       93        0      
    +--+------------------------------+-------+---------+---------+
       Grand Total:                   17356   1022      2347   


LINKER GENERATED COPY TABLES

__TI_cinit_table @ 000047e8 records: 2, size/record: 8, table size: 16
	.data: load addr=00004798, load size=00000039 bytes, run addr=202006b4, run size=0000007a bytes, compression=lzss
	.bss: load addr=000047e0, load size=00000008 bytes, run addr=20200000, run size=000006b1 bytes, compression=zero_init


LINKER GENERATED HANDLER TABLE

__TI_handler_table @ 000047d4 records: 3, size/record: 4, table size: 12
	index: 0, handler: __TI_decompress_lzss
	index: 1, handler: __TI_decompress_none
	index: 2, handler: __TI_zero_init


FAR CALL TRAMPOLINES

callee name               trampoline name
   callee addr  tramp addr   call addr  call info
--------------  -----------  ---------  ----------------
__aeabi_dmul              $Tramp$TT$L$PI$$__aeabi_dmul
   000022b9     00004418     00004416   libc.a : e_asin.c.obj (.text.OUTLINED_FUNCTION_0)
                             00004430          : s_atan.c.obj (.text.OUTLINED_FUNCTION_0)
                             0000443a          : e_asin.c.obj (.text.OUTLINED_FUNCTION_1)
                             0000445e          : s_atan.c.obj (.text.OUTLINED_FUNCTION_2)
                             00004484          : e_asin.c.obj (.text.OUTLINED_FUNCTION_2)
__aeabi_ddiv              $Tramp$TT$L$PI$$__aeabi_ddiv
   00001cc9     00004448     00004444   libc.a : e_asin.c.obj (.text.OUTLINED_FUNCTION_3)
__aeabi_dadd              $Tramp$TT$L$PI$$__aeabi_dadd
   000014af     00004470     0000446c   libc.a : s_atan.c.obj (.text.OUTLINED_FUNCTION_1)
                             00004496          : e_asin.c.obj (.text.OUTLINED_FUNCTION_4)
_c_int00_noargs           $Tramp$TT$L$PI$$_c_int00_noargs
   00003b71     0000449c     00004498   startup_mspm0g350x_ticlang.o (.text.Reset_Handler)

[4 trampolines]
[9 trampoline calls]


GLOBAL SYMBOLS: SORTED ALPHABETICALLY BY Name 

address   name                            
-------   ----                            
00003069  ADC0_IRQHandler                 
0000448d  ADC1_IRQHandler                 
20200678  ADC_Val                         
0000448d  AES_IRQHandler                  
00003495  All_Interrupt                   
00004490  C$$EXIT                         
0000448d  CANFD0_IRQHandler               
0000448d  DAC0_IRQHandler                 
202006ae  DIR                             
000034d5  DL_ADC12_setClockConfig         
00004405  DL_Common_delayCycles           
00003129  DL_I2C_fillControllerTXFIFO     
00003611  DL_I2C_flushControllerTXFIFO    
00003bbf  DL_I2C_setClockConfig           
00001edd  DL_Timer_initFourCCPWMMode      
000021d1  DL_Timer_initTimerMode          
00003e59  DL_Timer_setCaptCompUpdateMethod
00004105  DL_Timer_setCaptureCompareOutCtl
000043ad  DL_Timer_setCaptureCompareValue 
00003e75  DL_Timer_setClockConfig         
00003405  DL_UART_init                    
00004355  DL_UART_setClockConfig          
0000448d  DMA_IRQHandler                  
0000448d  Default_Handler                 
00003be5  Delay_ms                        
00003c6d  Delay_us                        
202006f0  Encoder_L_Data                  
202006f4  Encoder_R_Data                  
202006f8  Erect_Kd                        
202006fc  Erect_Kp                        
00003231  Erect_PD                        
2020067c  Erect_out                       
0000448d  GROUP0_IRQHandler               
000000c1  GROUP1_IRQHandler               
00004491  HOSTexit                        
0000448d  HardFault_Handler               
0000448d  I2C0_IRQHandler                 
0000448d  I2C1_IRQHandler                 
000037f1  I2C_Start                       
00003965  I2C_Stop                        
00003995  I2C_WaitAck                     
00001bbd  KeyScan                         
00002df5  Limit                           
20200644  MOTOR                           
20200700  Med_Angle                       
0000448d  NMI_Handler                     
00002ecd  OLED_Clear                      
00002475  OLED_ClearArea                  
20200000  OLED_DisplayBuf                 
000026c9  OLED_DrawImage                  
00001fe1  OLED_Init                       
00003689  OLED_Set_Pos                    
000032d1  OLED_WR_Byte                    
00003c07  PID_Init                        
202005dc  PID_L                           
000039f5  PID_Num_Init                    
202005fc  PID_R                           
000020dd  PWM_Duty                        
0000448d  PendSV_Handler                  
0000448d  RTC_IRQHandler                  
00000ab5  Read_Quad                       
00004499  Reset_Handler                   
0000448d  SPI0_IRQHandler                 
0000448d  SPI1_IRQHandler                 
0000448d  SVC_Handler                     
000030c9  SYSCFG_DL_ADC12_0_init          
0000110d  SYSCFG_DL_GPIO_init             
00003189  SYSCFG_DL_I2C_MPU6050_init      
00003ce9  SYSCFG_DL_SYSCTL_init           
000043eb  SYSCFG_DL_SYSTICK_init          
000038cd  SYSCFG_DL_TIMER_0_init          
00003901  SYSCFG_DL_TIMER_HSR04_init      
0000295d  SYSCFG_DL_TimerA1_PWM_init      
0000344d  SYSCFG_DL_UART_0_init           
00003515  SYSCFG_DL_init                  
0000282d  SYSCFG_DL_initPower             
00002c0d  Send_Byte                       
20200704  Speed_Ki                        
20200708  Speed_Kp                        
000012ed  Speed_PI                        
20200680  Speed_out                       
000043bd  SysTick_Handler                 
00003c8d  TIMA0_IRQHandler                
0000448d  TIMA1_IRQHandler                
00003829  TIMG0_IRQHandler                
0000448d  TIMG12_IRQHandler               
0000448d  TIMG6_IRQHandler                
0000448d  TIMG7_IRQHandler                
0000448d  TIMG8_IRQHandler                
00004367  TI_memcpy_small                 
000043dd  TI_memset_small                 
00002541  Turn                            
20200714  Turn_Kd                         
20200718  Turn_Kp                         
00002e61  Turn_Off                        
20200684  Turn_out                        
00002785  UART0_IRQHandler                
202006af  UART0_RxFlag                    
20200578  UART0_RxPacket                  
0000448d  UART1_IRQHandler                
0000448d  UART2_IRQHandler                
0000448d  UART3_IRQHandler                
2020061c  VOFA                            
00001931  VOFA_Jiexi                      
20208000  __STACK_END                     
00000200  __STACK_SIZE                    
00000000  __TI_ATRegion0_region_sz        
00000000  __TI_ATRegion0_src_addr         
00000000  __TI_ATRegion0_trg_addr         
00000000  __TI_ATRegion1_region_sz        
00000000  __TI_ATRegion1_src_addr         
00000000  __TI_ATRegion1_trg_addr         
00000000  __TI_ATRegion2_region_sz        
00000000  __TI_ATRegion2_src_addr         
00000000  __TI_ATRegion2_trg_addr         
000047e8  __TI_CINIT_Base                 
000047f8  __TI_CINIT_Limit                
000047f8  __TI_CINIT_Warm                 
000047d4  __TI_Handler_Table_Base         
000047e0  __TI_Handler_Table_Limit        
0000373d  __TI_auto_init_nobinit_nopinit  
00002c89  __TI_decompress_lzss            
00004379  __TI_decompress_none            
ffffffff  __TI_pprof_out_hndl             
ffffffff  __TI_prof_data_size             
ffffffff  __TI_prof_data_start            
00000000  __TI_static_base__              
000043cd  __TI_zero_init                  
000014af  __adddf3                        
000023a7  __addsf3                        
00002d81  __aeabi_d2f                     
000033b9  __aeabi_d2iz                    
000014af  __aeabi_dadd                    
00002fa1  __aeabi_dcmpeq                  
00002fdd  __aeabi_dcmpge                  
00002ff1  __aeabi_dcmpgt                  
00002fc9  __aeabi_dcmple                  
00002fb5  __aeabi_dcmplt                  
00001cc9  __aeabi_ddiv                    
000022b9  __aeabi_dmul                    
000014a5  __aeabi_dsub                    
2020071c  __aeabi_errno                   
00002d79  __aeabi_errno_addr              
00003595  __aeabi_f2d                     
00003861  __aeabi_f2iz                    
000023a7  __aeabi_fadd                    
00003005  __aeabi_fcmpeq                  
00003041  __aeabi_fcmpge                  
00003055  __aeabi_fcmpgt                  
0000302d  __aeabi_fcmple                  
00003019  __aeabi_fcmplt                  
00002b89  __aeabi_fdiv                    
000029ed  __aeabi_fmul                    
0000239d  __aeabi_fsub                    
00003a79  __aeabi_i2d                     
000036c5  __aeabi_i2f                     
00001637  __aeabi_idiv0                   
000043f9  __aeabi_memclr                  
000043f9  __aeabi_memclr4                 
000043f9  __aeabi_memclr8                 
00004461  __aeabi_memcpy                  
00004461  __aeabi_memcpy4                 
00004461  __aeabi_memcpy8                 
00003555  __aeabi_uidiv                   
00003555  __aeabi_uidivmod                
ffffffff  __binit__                       
00002f39  __cmpdf2                        
00003779  __cmpsf2                        
00001cc9  __divdf3                        
00002b89  __divsf3                        
00002f39  __eqdf2                         
00003779  __eqsf2                         
00003595  __extendsfdf2                   
000033b9  __fixdfsi                       
00003861  __fixsfsi                       
00003a79  __floatsidf                     
000036c5  __floatsisf                     
00002d05  __gedf2                         
00003701  __gesf2                         
00002d05  __gtdf2                         
00003701  __gtsf2                         
00002f39  __ledf2                         
00003779  __lesf2                         
00002f39  __ltdf2                         
00003779  __ltsf2                         
UNDEFED   __mpu_init                      
000022b9  __muldf3                        
000037b5  __muldsi3                       
000029ed  __mulsf3                        
00002f39  __nedf2                         
00003779  __nesf2                         
20207e00  __stack                         
20200000  __start___llvm_prf_bits         
20200000  __start___llvm_prf_cnts         
20200000  __stop___llvm_prf_bits          
20200000  __stop___llvm_prf_cnts          
000014a5  __subdf3                        
0000239d  __subsf3                        
00002d81  __truncdfsf2                    
00003b71  _c_int00_noargs                 
UNDEFED   _system_post_cinit              
000044ad  _system_pre_init                
00004487  abort                           
20200650  accel                           
00000459  asin                            
00000459  asinl                           
000007bd  atan                            
00001639  atan2                           
00001639  atan2l                          
000007bd  atanl                           
ffffffff  binit                           
20200720  cnt                             
00003c29  delay_ms                        
20200724  dist                            
00000f19  dmp_read_fifo                   
20200400  gTIMER_HSR04Backup              
202004bc  gTimerA1_PWMBackup              
20200656  gyro                            
00004760  hw                              
00000000  interruptVectors                
000044b0  ke                              
000028c9  main                            
202006b0  more                            
20200688  motor1                          
2020068c  motor2                          
00001dd5  mpu_read_fifo_stream            
00000ced  mpu_reset_fifo                  
000039c5  mspm0_delay_ms                  
00003aa5  mspm0_get_clock_ms              
00001a8d  mspm0_i2c_read                  
00002609  mspm0_i2c_write                 
20200728  overflowFlag                    
20200690  pitch                           
20200634  quat                            
20200694  real_val                        
00004718  reg                             
20200698  roll                            
2020069c  sensor_timestamp                
202006ac  sensors                         
000017c1  sqrt                            
000017c1  sqrtl                           
202006a0  start_time                      
000046f0  test                            
202006a4  tick_ms                         
202006a8  yaw                             


GLOBAL SYMBOLS: SORTED BY Symbol Address 

address   name                            
-------   ----                            
00000000  __TI_ATRegion0_region_sz        
00000000  __TI_ATRegion0_src_addr         
00000000  __TI_ATRegion0_trg_addr         
00000000  __TI_ATRegion1_region_sz        
00000000  __TI_ATRegion1_src_addr         
00000000  __TI_ATRegion1_trg_addr         
00000000  __TI_ATRegion2_region_sz        
00000000  __TI_ATRegion2_src_addr         
00000000  __TI_ATRegion2_trg_addr         
00000000  __TI_static_base__              
00000000  interruptVectors                
000000c1  GROUP1_IRQHandler               
00000200  __STACK_SIZE                    
00000459  asin                            
00000459  asinl                           
000007bd  atan                            
000007bd  atanl                           
00000ab5  Read_Quad                       
00000ced  mpu_reset_fifo                  
00000f19  dmp_read_fifo                   
0000110d  SYSCFG_DL_GPIO_init             
000012ed  Speed_PI                        
000014a5  __aeabi_dsub                    
000014a5  __subdf3                        
000014af  __adddf3                        
000014af  __aeabi_dadd                    
00001637  __aeabi_idiv0                   
00001639  atan2                           
00001639  atan2l                          
000017c1  sqrt                            
000017c1  sqrtl                           
00001931  VOFA_Jiexi                      
00001a8d  mspm0_i2c_read                  
00001bbd  KeyScan                         
00001cc9  __aeabi_ddiv                    
00001cc9  __divdf3                        
00001dd5  mpu_read_fifo_stream            
00001edd  DL_Timer_initFourCCPWMMode      
00001fe1  OLED_Init                       
000020dd  PWM_Duty                        
000021d1  DL_Timer_initTimerMode          
000022b9  __aeabi_dmul                    
000022b9  __muldf3                        
0000239d  __aeabi_fsub                    
0000239d  __subsf3                        
000023a7  __addsf3                        
000023a7  __aeabi_fadd                    
00002475  OLED_ClearArea                  
00002541  Turn                            
00002609  mspm0_i2c_write                 
000026c9  OLED_DrawImage                  
00002785  UART0_IRQHandler                
0000282d  SYSCFG_DL_initPower             
000028c9  main                            
0000295d  SYSCFG_DL_TimerA1_PWM_init      
000029ed  __aeabi_fmul                    
000029ed  __mulsf3                        
00002b89  __aeabi_fdiv                    
00002b89  __divsf3                        
00002c0d  Send_Byte                       
00002c89  __TI_decompress_lzss            
00002d05  __gedf2                         
00002d05  __gtdf2                         
00002d79  __aeabi_errno_addr              
00002d81  __aeabi_d2f                     
00002d81  __truncdfsf2                    
00002df5  Limit                           
00002e61  Turn_Off                        
00002ecd  OLED_Clear                      
00002f39  __cmpdf2                        
00002f39  __eqdf2                         
00002f39  __ledf2                         
00002f39  __ltdf2                         
00002f39  __nedf2                         
00002fa1  __aeabi_dcmpeq                  
00002fb5  __aeabi_dcmplt                  
00002fc9  __aeabi_dcmple                  
00002fdd  __aeabi_dcmpge                  
00002ff1  __aeabi_dcmpgt                  
00003005  __aeabi_fcmpeq                  
00003019  __aeabi_fcmplt                  
0000302d  __aeabi_fcmple                  
00003041  __aeabi_fcmpge                  
00003055  __aeabi_fcmpgt                  
00003069  ADC0_IRQHandler                 
000030c9  SYSCFG_DL_ADC12_0_init          
00003129  DL_I2C_fillControllerTXFIFO     
00003189  SYSCFG_DL_I2C_MPU6050_init      
00003231  Erect_PD                        
000032d1  OLED_WR_Byte                    
000033b9  __aeabi_d2iz                    
000033b9  __fixdfsi                       
00003405  DL_UART_init                    
0000344d  SYSCFG_DL_UART_0_init           
00003495  All_Interrupt                   
000034d5  DL_ADC12_setClockConfig         
00003515  SYSCFG_DL_init                  
00003555  __aeabi_uidiv                   
00003555  __aeabi_uidivmod                
00003595  __aeabi_f2d                     
00003595  __extendsfdf2                   
00003611  DL_I2C_flushControllerTXFIFO    
00003689  OLED_Set_Pos                    
000036c5  __aeabi_i2f                     
000036c5  __floatsisf                     
00003701  __gesf2                         
00003701  __gtsf2                         
0000373d  __TI_auto_init_nobinit_nopinit  
00003779  __cmpsf2                        
00003779  __eqsf2                         
00003779  __lesf2                         
00003779  __ltsf2                         
00003779  __nesf2                         
000037b5  __muldsi3                       
000037f1  I2C_Start                       
00003829  TIMG0_IRQHandler                
00003861  __aeabi_f2iz                    
00003861  __fixsfsi                       
000038cd  SYSCFG_DL_TIMER_0_init          
00003901  SYSCFG_DL_TIMER_HSR04_init      
00003965  I2C_Stop                        
00003995  I2C_WaitAck                     
000039c5  mspm0_delay_ms                  
000039f5  PID_Num_Init                    
00003a79  __aeabi_i2d                     
00003a79  __floatsidf                     
00003aa5  mspm0_get_clock_ms              
00003b71  _c_int00_noargs                 
00003bbf  DL_I2C_setClockConfig           
00003be5  Delay_ms                        
00003c07  PID_Init                        
00003c29  delay_ms                        
00003c6d  Delay_us                        
00003c8d  TIMA0_IRQHandler                
00003ce9  SYSCFG_DL_SYSCTL_init           
00003e59  DL_Timer_setCaptCompUpdateMethod
00003e75  DL_Timer_setClockConfig         
00004105  DL_Timer_setCaptureCompareOutCtl
00004355  DL_UART_setClockConfig          
00004367  TI_memcpy_small                 
00004379  __TI_decompress_none            
000043ad  DL_Timer_setCaptureCompareValue 
000043bd  SysTick_Handler                 
000043cd  __TI_zero_init                  
000043dd  TI_memset_small                 
000043eb  SYSCFG_DL_SYSTICK_init          
000043f9  __aeabi_memclr                  
000043f9  __aeabi_memclr4                 
000043f9  __aeabi_memclr8                 
00004405  DL_Common_delayCycles           
00004461  __aeabi_memcpy                  
00004461  __aeabi_memcpy4                 
00004461  __aeabi_memcpy8                 
00004487  abort                           
0000448d  ADC1_IRQHandler                 
0000448d  AES_IRQHandler                  
0000448d  CANFD0_IRQHandler               
0000448d  DAC0_IRQHandler                 
0000448d  DMA_IRQHandler                  
0000448d  Default_Handler                 
0000448d  GROUP0_IRQHandler               
0000448d  HardFault_Handler               
0000448d  I2C0_IRQHandler                 
0000448d  I2C1_IRQHandler                 
0000448d  NMI_Handler                     
0000448d  PendSV_Handler                  
0000448d  RTC_IRQHandler                  
0000448d  SPI0_IRQHandler                 
0000448d  SPI1_IRQHandler                 
0000448d  SVC_Handler                     
0000448d  TIMA1_IRQHandler                
0000448d  TIMG12_IRQHandler               
0000448d  TIMG6_IRQHandler                
0000448d  TIMG7_IRQHandler                
0000448d  TIMG8_IRQHandler                
0000448d  UART1_IRQHandler                
0000448d  UART2_IRQHandler                
0000448d  UART3_IRQHandler                
00004490  C$$EXIT                         
00004491  HOSTexit                        
00004499  Reset_Handler                   
000044ad  _system_pre_init                
000044b0  ke                              
000046f0  test                            
00004718  reg                             
00004760  hw                              
000047d4  __TI_Handler_Table_Base         
000047e0  __TI_Handler_Table_Limit        
000047e8  __TI_CINIT_Base                 
000047f8  __TI_CINIT_Limit                
000047f8  __TI_CINIT_Warm                 
20200000  OLED_DisplayBuf                 
20200000  __start___llvm_prf_bits         
20200000  __start___llvm_prf_cnts         
20200000  __stop___llvm_prf_bits          
20200000  __stop___llvm_prf_cnts          
20200400  gTIMER_HSR04Backup              
202004bc  gTimerA1_PWMBackup              
20200578  UART0_RxPacket                  
202005dc  PID_L                           
202005fc  PID_R                           
2020061c  VOFA                            
20200634  quat                            
20200644  MOTOR                           
20200650  accel                           
20200656  gyro                            
20200678  ADC_Val                         
2020067c  Erect_out                       
20200680  Speed_out                       
20200684  Turn_out                        
20200688  motor1                          
2020068c  motor2                          
20200690  pitch                           
20200694  real_val                        
20200698  roll                            
2020069c  sensor_timestamp                
202006a0  start_time                      
202006a4  tick_ms                         
202006a8  yaw                             
202006ac  sensors                         
202006ae  DIR                             
202006af  UART0_RxFlag                    
202006b0  more                            
202006f0  Encoder_L_Data                  
202006f4  Encoder_R_Data                  
202006f8  Erect_Kd                        
202006fc  Erect_Kp                        
20200700  Med_Angle                       
20200704  Speed_Ki                        
20200708  Speed_Kp                        
20200714  Turn_Kd                         
20200718  Turn_Kp                         
2020071c  __aeabi_errno                   
20200720  cnt                             
20200724  dist                            
20200728  overflowFlag                    
20207e00  __stack                         
20208000  __STACK_END                     
ffffffff  __TI_pprof_out_hndl             
ffffffff  __TI_prof_data_size             
ffffffff  __TI_prof_data_start            
ffffffff  __binit__                       
ffffffff  binit                           
UNDEFED   __mpu_init                      
UNDEFED   _system_post_cinit              

[245 symbols]
