******************************************************************************
            TI ARM Clang Linker PC v4.0.2                      
******************************************************************************
>> Linked Sun May 25 13:44:55 2025

OUTPUT FILE NAME:   <02_Timer.out>
ENTRY POINT SYMBOL: "_c_int00_noinit_noargs"  address: 00000455


MEMORY CONFIGURATION

         name            origin    length      used     unused   attr    fill
----------------------  --------  ---------  --------  --------  ----  --------
  FLASH                 00000000   00020000  00000530  0001fad0  R  X
  SRAM                  20200000   00008000  00000200  00007e00  RW X
  BCR_CONFIG            41c00000   000000ff  00000000  000000ff  R   
  BSL_CONFIG            41c00100   00000080  00000000  00000080  R   


SEGMENT ALLOCATION MAP

run origin  load origin   length   init length attrs members
----------  ----------- ---------- ----------- ----- -------
00000000    00000000    00000530   00000530    r-x
  00000000    00000000    000000c0   000000c0    r-- .intvecs
  000000c0    000000c0    00000458   00000458    r-x .text
  00000518    00000518    00000018   00000018    r-- .rodata
20207e00    20207e00    00000200   00000000    rw-
  20207e00    20207e00    00000200   00000000    rw- .stack


SECTION ALLOCATION MAP

 output                                  attributes/
section   page    origin      length       input sections
--------  ----  ----------  ----------   ----------------
.intvecs   0    00000000    000000c0     
                  00000000    000000c0     startup_mspm0g350x_ticlang.o (.intvecs)

.text      0    000000c0    00000458     
                  000000c0    00000158     Delay.o (.text.Delay_ms)
                  00000218    000000e8     driverlib.a : dl_timer.o (.text.DL_Timer_initTimerMode)
                  00000300    00000038     ti_msp_dl_config.o (.text.SYSCFG_DL_TIMER_0_init)
                  00000338    00000034     Key.o (.text.KeyScan)
                  0000036c    00000034     ti_msp_dl_config.o (.text.SYSCFG_DL_initPower)
                  000003a0    00000030     ti_msp_dl_config.o (.text.SYSCFG_DL_SYSCTL_init)
                  000003d0    0000002e     main.o (.text.main)
                  000003fe    00000002     startup_mspm0g350x_ticlang.o (.text.Default_Handler)
                  00000400    0000002c     ti_msp_dl_config.o (.text.SYSCFG_DL_SYSTICK_init)
                  0000042c    00000028     ti_msp_dl_config.o (.text.SYSCFG_DL_GPIO_init)
                  00000454    00000020     libc.a : boot_cortex_m.c.obj (.text:_c_int00_noinit_noargs)
                  00000474    0000001c     function.o (.text.All_Interrupt)
                  00000490    0000001c     driverlib.a : dl_timer.o (.text.DL_Timer_setClockConfig)
                  000004ac    0000001c     Key.o (.text.LED_TIG)
                  000004c8    0000001c     Timer.o (.text.TIMG0_IRQHandler)
                  000004e4    00000018     ti_msp_dl_config.o (.text.SYSCFG_DL_init)
                  000004fc    0000000a     driverlib.a : dl_common.o (.text.DL_Common_delayCycles)
                  00000506    00000006     libc.a : exit.c.obj (.text:abort)
                  0000050c    00000004     libsysbm.a : hostexit.c.obj (.text.HOSTexit)
                  00000510    00000004     startup_mspm0g350x_ticlang.o (.text.Reset_Handler)
                  00000514    00000004     libc.a : pre_init.c.obj (.text._system_pre_init)

.cinit     0    00000000    00000000     

.rodata    0    00000518    00000018     
                  00000518    00000014     ti_msp_dl_config.o (.rodata.gTIMER_0TimerConfig)
                  0000052c    00000003     ti_msp_dl_config.o (.rodata.gTIMER_0ClockConfig)
                  0000052f    00000001     --HOLE-- [fill = 0]

.init_array 
*          0    00000000    00000000     UNINITIALIZED

.binit     0    00000000    00000000     

.stack     0    20207e00    00000200     UNINITIALIZED
                  20207e00    00000004     libc.a : boot_cortex_m.c.obj (.stack)
                  20207e04    000001fc     --HOLE--

__llvm_prf_cnts 
*          0    20200000    00000000     UNINITIALIZED

__llvm_prf_bits 
*          0    20200000    00000000     UNINITIALIZED

MODULE SUMMARY

       Module                         code   ro data   rw data
       ------                         ----   -------   -------
    .\
       ti_msp_dl_config.o             264    23        0      
       startup_mspm0g350x_ticlang.o   6      192       0      
       main.o                         46     0         0      
       function.o                     28     0         0      
    +--+------------------------------+------+---------+---------+
       Total:                         344    215       0      
                                                              
    .\Hardware\Key\
       Key.o                          80     0         0      
    +--+------------------------------+------+---------+---------+
       Total:                         80     0         0      
                                                              
    .\Hardware\Timer\
       Timer.o                        28     0         0      
    +--+------------------------------+------+---------+---------+
       Total:                         28     0         0      
                                                              
    .\System\
       Delay.o                        344    0         0      
    +--+------------------------------+------+---------+---------+
       Total:                         344    0         0      
                                                              
    C:/TI/mspm0_sdk_2_04_00_06/source/ti/driverlib/lib/ticlang/m0p/mspm0g1x0x_g3x0x/driverlib.a
       dl_timer.o                     260    0         0      
       dl_common.o                    10     0         0      
    +--+------------------------------+------+---------+---------+
       Total:                         270    0         0      
                                                              
    D:\install\ccs_install\ccs\tools\compiler\ti-cgt-armllvm_4.0.2.LTS\lib\armv6m-ti-none-eabi/c/libc.a
       boot_cortex_m.c.obj            32     0         0      
       exit.c.obj                     6      0         0      
       pre_init.c.obj                 4      0         0      
    +--+------------------------------+------+---------+---------+
       Total:                         42     0         0      
                                                              
    D:\install\ccs_install\ccs\tools\compiler\ti-cgt-armllvm_4.0.2.LTS\lib\armv6m-ti-none-eabi/c/libsysbm.a
       hostexit.c.obj                 4      0         0      
    +--+------------------------------+------+---------+---------+
       Total:                         4      0         0      
                                                              
       Stack:                         0      0         512    
    +--+------------------------------+------+---------+---------+
       Grand Total:                   1112   215       512    


GLOBAL SYMBOLS: SORTED ALPHABETICALLY BY Name 

address   name                    
-------   ----                    
000003ff  ADC0_IRQHandler         
000003ff  ADC1_IRQHandler         
000003ff  AES_IRQHandler          
00000475  All_Interrupt           
0000050c  C$$EXIT                 
000003ff  CANFD0_IRQHandler       
000003ff  DAC0_IRQHandler         
000004fd  DL_Common_delayCycles   
00000219  DL_Timer_initTimerMode  
00000491  DL_Timer_setClockConfig 
000003ff  DMA_IRQHandler          
000003ff  Default_Handler         
000000c1  Delay_ms                
000003ff  GROUP0_IRQHandler       
000003ff  GROUP1_IRQHandler       
0000050d  HOSTexit                
000003ff  HardFault_Handler       
000003ff  I2C0_IRQHandler         
000003ff  I2C1_IRQHandler         
00000339  KeyScan                 
000004ad  LED_TIG                 
000003ff  NMI_Handler             
000003ff  PendSV_Handler          
000003ff  RTC_IRQHandler          
00000511  Reset_Handler           
000003ff  SPI0_IRQHandler         
000003ff  SPI1_IRQHandler         
000003ff  SVC_Handler             
0000042d  SYSCFG_DL_GPIO_init     
000003a1  SYSCFG_DL_SYSCTL_init   
00000401  SYSCFG_DL_SYSTICK_init  
00000301  SYSCFG_DL_TIMER_0_init  
000004e5  SYSCFG_DL_init          
0000036d  SYSCFG_DL_initPower     
000003ff  SysTick_Handler         
000003ff  TIMA0_IRQHandler        
000003ff  TIMA1_IRQHandler        
000004c9  TIMG0_IRQHandler        
000003ff  TIMG12_IRQHandler       
000003ff  TIMG6_IRQHandler        
000003ff  TIMG7_IRQHandler        
000003ff  TIMG8_IRQHandler        
000003ff  UART0_IRQHandler        
000003ff  UART1_IRQHandler        
000003ff  UART2_IRQHandler        
000003ff  UART3_IRQHandler        
20208000  __STACK_END             
00000200  __STACK_SIZE            
00000000  __TI_ATRegion0_region_sz
00000000  __TI_ATRegion0_src_addr 
00000000  __TI_ATRegion0_trg_addr 
00000000  __TI_ATRegion1_region_sz
00000000  __TI_ATRegion1_src_addr 
00000000  __TI_ATRegion1_trg_addr 
00000000  __TI_ATRegion2_region_sz
00000000  __TI_ATRegion2_src_addr 
00000000  __TI_ATRegion2_trg_addr 
00000000  __TI_CINIT_Base         
00000000  __TI_CINIT_Limit        
00000000  __TI_CINIT_Warm         
ffffffff  __TI_pprof_out_hndl     
ffffffff  __TI_prof_data_size     
ffffffff  __TI_prof_data_start    
00000000  __TI_static_base__      
ffffffff  __binit__               
UNDEFED   __mpu_init              
20207e00  __stack                 
20200000  __start___llvm_prf_bits 
20200000  __start___llvm_prf_cnts 
20200000  __stop___llvm_prf_bits  
20200000  __stop___llvm_prf_cnts  
00000455  _c_int00_noinit_noargs  
00000515  _system_pre_init        
00000507  abort                   
ffffffff  binit                   
00000000  interruptVectors        
000003d1  main                    


GLOBAL SYMBOLS: SORTED BY Symbol Address 

address   name                    
-------   ----                    
00000000  __TI_ATRegion0_region_sz
00000000  __TI_ATRegion0_src_addr 
00000000  __TI_ATRegion0_trg_addr 
00000000  __TI_ATRegion1_region_sz
00000000  __TI_ATRegion1_src_addr 
00000000  __TI_ATRegion1_trg_addr 
00000000  __TI_ATRegion2_region_sz
00000000  __TI_ATRegion2_src_addr 
00000000  __TI_ATRegion2_trg_addr 
00000000  __TI_CINIT_Base         
00000000  __TI_CINIT_Limit        
00000000  __TI_CINIT_Warm         
00000000  __TI_static_base__      
00000000  interruptVectors        
000000c1  Delay_ms                
00000200  __STACK_SIZE            
00000219  DL_Timer_initTimerMode  
00000301  SYSCFG_DL_TIMER_0_init  
00000339  KeyScan                 
0000036d  SYSCFG_DL_initPower     
000003a1  SYSCFG_DL_SYSCTL_init   
000003d1  main                    
000003ff  ADC0_IRQHandler         
000003ff  ADC1_IRQHandler         
000003ff  AES_IRQHandler          
000003ff  CANFD0_IRQHandler       
000003ff  DAC0_IRQHandler         
000003ff  DMA_IRQHandler          
000003ff  Default_Handler         
000003ff  GROUP0_IRQHandler       
000003ff  GROUP1_IRQHandler       
000003ff  HardFault_Handler       
000003ff  I2C0_IRQHandler         
000003ff  I2C1_IRQHandler         
000003ff  NMI_Handler             
000003ff  PendSV_Handler          
000003ff  RTC_IRQHandler          
000003ff  SPI0_IRQHandler         
000003ff  SPI1_IRQHandler         
000003ff  SVC_Handler             
000003ff  SysTick_Handler         
000003ff  TIMA0_IRQHandler        
000003ff  TIMA1_IRQHandler        
000003ff  TIMG12_IRQHandler       
000003ff  TIMG6_IRQHandler        
000003ff  TIMG7_IRQHandler        
000003ff  TIMG8_IRQHandler        
000003ff  UART0_IRQHandler        
000003ff  UART1_IRQHandler        
000003ff  UART2_IRQHandler        
000003ff  UART3_IRQHandler        
00000401  SYSCFG_DL_SYSTICK_init  
0000042d  SYSCFG_DL_GPIO_init     
00000455  _c_int00_noinit_noargs  
00000475  All_Interrupt           
00000491  DL_Timer_setClockConfig 
000004ad  LED_TIG                 
000004c9  TIMG0_IRQHandler        
000004e5  SYSCFG_DL_init          
000004fd  DL_Common_delayCycles   
00000507  abort                   
0000050c  C$$EXIT                 
0000050d  HOSTexit                
00000511  Reset_Handler           
00000515  _system_pre_init        
20200000  __start___llvm_prf_bits 
20200000  __start___llvm_prf_cnts 
20200000  __stop___llvm_prf_bits  
20200000  __stop___llvm_prf_cnts  
20207e00  __stack                 
20208000  __STACK_END             
ffffffff  __TI_pprof_out_hndl     
ffffffff  __TI_prof_data_size     
ffffffff  __TI_prof_data_start    
ffffffff  __binit__               
ffffffff  binit                   
UNDEFED   __mpu_init              

[77 symbols]
