******************************************************************************
            TI ARM Clang Linker PC v4.0.2                      
******************************************************************************
>> Linked Sat Jun 28 14:54:10 2025

OUTPUT FILE NAME:   <M0_TestPCB1.out>
ENTRY POINT SYMBOL: "_c_int00_noargs"  address: 00003cf1


MEMORY CONFIGURATION

         name            origin    length      used     unused   attr    fill
----------------------  --------  ---------  --------  --------  ----  --------
  FLASH                 00000000   00020000  00004aa0  0001b560  R  X
  SRAM                  20200000   00008000  00000d2b  000072d5  RW X
  BCR_CONFIG            41c00000   000000ff  00000000  000000ff  R   
  BSL_CONFIG            41c00100   00000080  00000000  00000080  R   


SEGMENT ALLOCATION MAP

run origin  load origin   length   init length attrs members
----------  ----------- ---------- ----------- ----- -------
00000000    00000000    00004aa0   00004aa0    r-x
  00000000    00000000    000000c0   000000c0    r-- .intvecs
  000000c0    000000c0    00004570   00004570    r-x .text
  00004630    00004630    000002c8   000002c8    r-- .rodata
  000048f8    000048f8    000001a8   000001a8    r-- .cinit
20200000    20200000    00000b2e   00000000    rw-
  20200000    20200000    000006b1   00000000    rw- .bss
  202006b4    202006b4    0000047a   00000000    rw- .data
20207e00    20207e00    00000200   00000000    rw-
  20207e00    20207e00    00000200   00000000    rw- .stack


SECTION ALLOCATION MAP

 output                                  attributes/
section   page    origin      length       input sections
--------  ----  ----------  ----------   ----------------
.intvecs   0    00000000    000000c0     
                  00000000    000000c0     startup_mspm0g350x_ticlang.o (.intvecs)

.text      0    000000c0    00004570     
                  000000c0    00000398     EXTI.o (.text.GROUP1_IRQHandler)
                  00000458    00000364     libc.a : e_asin.c.obj (.text.asin)
                  000007bc    000002f8            : s_atan.c.obj (.text.atan)
                  00000ab4    00000238     mpu6050.o (.text.Read_Quad)
                  00000cec    0000022c     inv_mpu.o (.text.mpu_reset_fifo)
                  00000f18    000001f4     inv_mpu_dmp_motion_driver.o (.text.dmp_read_fifo)
                  0000110c    000001e0     ti_msp_dl_config.o (.text.SYSCFG_DL_GPIO_init)
                  000012ec    000001b8     EXTI.o (.text.Speed_PI)
                  000014a4    00000192     libclang_rt.builtins.a : adddf3.S.obj (.text.adddf3_subdf3)
                  00001636    00000002                            : aeabi_div0.c.obj (.text.__aeabi_idiv0)
                  00001638    00000188     libc.a : e_atan2.c.obj (.text.atan2)
                  000017c0    00000170            : e_sqrt.c.obj (.text.sqrt)
                  00001930    0000015c     UART.o (.text.VOFA_Jiexi)
                  00001a8c    00000130     mspm0_i2c.o (.text.mspm0_i2c_read)
                  00001bbc    0000010c     Key.o (.text.KeyScan)
                  00001cc8    0000010c     libclang_rt.builtins.a : divdf3.S.obj (.text.__divdf3)
                  00001dd4    00000108     inv_mpu.o (.text.mpu_read_fifo_stream)
                  00001edc    00000104     driverlib.a : dl_timer.o (.text.DL_Timer_initFourCCPWMMode)
                  00001fe0    000000fa     oled.o (.text.OLED_Init)
                  000020da    00000002     --HOLE-- [fill = 0]
                  000020dc    000000f4     PWM.o (.text.PWM_Duty)
                  000021d0    000000e8     driverlib.a : dl_timer.o (.text.DL_Timer_initTimerMode)
                  000022b8    000000e4     oled.o (.text.OLED_MyChinese)
                  0000239c    000000e4     libclang_rt.builtins.a : muldf3.S.obj (.text.__muldf3)
                  00002480    000000d8                            : addsf3.S.obj (.text)
                  00002558    000000cc     oled.o (.text.OLED_ClearArea)
                  00002624    000000c8     EXTI.o (.text.Turn)
                  000026ec    000000c0     mspm0_i2c.o (.text.mspm0_i2c_write)
                  000027ac    000000ba     oled.o (.text.OLED_DrawImage)
                  00002866    00000002     --HOLE-- [fill = 0]
                  00002868    000000a8     UART.o (.text.UART0_IRQHandler)
                  00002910    000000a0     main.o (.text.main)
                  000029b0    0000009c     ti_msp_dl_config.o (.text.SYSCFG_DL_initPower)
                  00002a4c    00000090     ti_msp_dl_config.o (.text.SYSCFG_DL_TimerA1_PWM_init)
                  00002adc    0000008c     libclang_rt.builtins.a : mulsf3.S.obj (.text.__mulsf3)
                  00002b68    0000008c     inv_mpu_dmp_motion_driver.o (.text.decode_gesture)
                  00002bf4    0000000c     ti_msp_dl_config.o (.text.SYSCFG_DL_SYSTICK_init)
                  00002c00    00000088     libc.a : strcmp-armv6m.S.obj (.text:strcmp)
                  00002c88    00000084     ti_msp_dl_config.o (.text.__NVIC_SetPriority)
                  00002d0c    00000082     libclang_rt.builtins.a : divsf3.S.obj (.text.__divsf3)
                  00002d8e    00000002     --HOLE-- [fill = 0]
                  00002d90    0000007c     oled.o (.text.Send_Byte)
                  00002e0c    0000007c     libc.a : copy_decompress_lzss.c.obj (.text:decompress:lzss)
                  00002e88    00000074     libclang_rt.builtins.a : comparedf2.c.obj (.text.__gedf2)
                  00002efc    00000004     startup_mspm0g350x_ticlang.o (.text.Default_Handler)
                  00002f00    00000074     libclang_rt.builtins.a : truncdfsf2.S.obj (.text.__truncdfsf2)
                  00002f74    0000006c     PWM.o (.text.Limit)
                  00002fe0    0000006c     PWM.o (.text.Turn_Off)
                  0000304c    0000006a     oled.o (.text.OLED_Clear)
                  000030b6    00000002     --HOLE-- [fill = 0]
                  000030b8    00000068     libclang_rt.builtins.a : comparedf2.c.obj (.text.__ledf2)
                  00003120    00000062                            : aeabi_dcmp.S.obj (.text.__aeabi_dcmp)
                  00003182    00000002     --HOLE-- [fill = 0]
                  00003184    00000062                            : aeabi_fcmp.S.obj (.text.__aeabi_fcmp)
                  000031e6    00000002     --HOLE-- [fill = 0]
                  000031e8    00000060     ADC.o (.text.ADC0_IRQHandler)
                  00003248    00000060     ti_msp_dl_config.o (.text.SYSCFG_DL_ADC12_0_init)
                  000032a8    0000005e     driverlib.a : dl_i2c.o (.text.DL_I2C_fillControllerTXFIFO)
                  00003306    00000002     --HOLE-- [fill = 0]
                  00003308    00000058     ti_msp_dl_config.o (.text.SYSCFG_DL_I2C_MPU6050_init)
                  00003360    00000050     mspm0_i2c.o (.text.DL_I2C_startControllerTransfer)
                  000033b0    00000050     EXTI.o (.text.Erect_PD)
                  00003400    00000050     ti_msp_dl_config.o (.text.SysTick_Config)
                  00003450    0000004e     oled.o (.text.OLED_WR_Byte)
                  0000349e    00000002     --HOLE-- [fill = 0]
                  000034a0    0000004c     ti_msp_dl_config.o (.text.DL_UART_setBaudRateDivisor)
                  000034ec    0000004a     ti_msp_dl_config.o (.text.DL_ADC12_configConversionMem)
                  00003536    00000002     --HOLE-- [fill = 0]
                  00003538    0000004a     libclang_rt.builtins.a : fixdfsi.S.obj (.text.__fixdfsi)
                  00003582    00000002     --HOLE-- [fill = 0]
                  00003584    00000048     driverlib.a : dl_uart.o (.text.DL_UART_init)
                  000035cc    00000048     ti_msp_dl_config.o (.text.SYSCFG_DL_UART_0_init)
                  00003614    00000040     function.o (.text.All_Interrupt)
                  00003654    00000040     driverlib.a : dl_adc12.o (.text.DL_ADC12_setClockConfig)
                  00003694    00000040     ti_msp_dl_config.o (.text.SYSCFG_DL_init)
                  000036d4    00000040     libclang_rt.builtins.a : aeabi_uidivmod.S.obj (.text.__aeabi_uidivmod)
                  00003714    00000040                            : extendsfdf2.S.obj (.text.__extendsfdf2)
                  00003754    0000003c     ti_msp_dl_config.o (.text.DL_GPIO_initPeripheralInputFunctionFeatures)
                  00003790    0000003c     driverlib.a : dl_i2c.o (.text.DL_I2C_flushControllerTXFIFO)
                  000037cc    0000003c     ti_msp_dl_config.o (.text.DL_Timer_setCounterControl)
                  00003808    0000003c     oled.o (.text.OLED_Set_Pos)
                  00003844    0000003c     libclang_rt.builtins.a : floatsisf.S.obj (.text.__floatsisf)
                  00003880    0000003c                            : comparesf2.S.obj (.text.__gtsf2)
                  000038bc    0000003c     libc.a : autoinit.c.obj (.text:__TI_auto_init_nobinit_nopinit)
                  000038f8    0000003a     libclang_rt.builtins.a : comparesf2.S.obj (.text.__eqsf2)
                  00003932    00000002     --HOLE-- [fill = 0]
                  00003934    0000003a                            : muldsi3.S.obj (.text.__muldsi3)
                  0000396e    00000002     --HOLE-- [fill = 0]
                  00003970    00000038     oled.o (.text.I2C_Start)
                  000039a8    00000038     Timer.o (.text.TIMG0_IRQHandler)
                  000039e0    00000038     libclang_rt.builtins.a : fixsfsi.S.obj (.text.__fixsfsi)
                  00003a18    00000034     ti_msp_dl_config.o (.text.DL_GPIO_initDigitalInputFeatures)
                  00003a4c    00000034     ti_msp_dl_config.o (.text.SYSCFG_DL_TIMER_0_init)
                  00003a80    00000034     ti_msp_dl_config.o (.text.SYSCFG_DL_TIMER_HSR04_init)
                  00003ab4    00000030     ADC.o (.text.DL_ADC12_getMemResult)
                  00003ae4    00000030     oled.o (.text.I2C_Stop)
                  00003b14    00000030     oled.o (.text.I2C_WaitAck)
                  00003b44    00000030     mspm0_clock.o (.text.mspm0_delay_ms)
                  00003b74    0000002c     function.o (.text.PID_Num_Init)
                  00003ba0    0000002c     function.o (.text.__NVIC_ClearPendingIRQ)
                  00003bcc    0000002c     function.o (.text.__NVIC_EnableIRQ)
                  00003bf8    0000002c     libclang_rt.builtins.a : floatsidf.S.obj (.text.__floatsidf)
                  00003c24    0000002c     mspm0_clock.o (.text.mspm0_get_clock_ms)
                  00003c50    00000028     mspm0_i2c.o (.text.DL_Common_updateReg)
                  00003c78    00000028     ti_msp_dl_config.o (.text.DL_Common_updateReg)
                  00003ca0    00000028     ti_msp_dl_config.o (.text.DL_I2C_setControllerRXFIFOThreshold)
                  00003cc8    00000028     ti_msp_dl_config.o (.text.DL_I2C_setControllerTXFIFOThreshold)
                  00003cf0    00000028     libc.a : boot_cortex_m.c.obj (.text:_c_int00_noargs)
                  00003d18    00000026     ti_msp_dl_config.o (.text.DL_I2C_setAnalogGlitchFilterPulseWidth)
                  00003d3e    00000026     driverlib.a : dl_i2c.o (.text.DL_I2C_setClockConfig)
                  00003d64    00000022     Delay.o (.text.Delay_ms)
                  00003d86    00000022     PID.o (.text.PID_Init)
                  00003da8    00000022     oled.o (.text.delay_ms)
                  00003dca    00000002     --HOLE-- [fill = 0]
                  00003dcc    00000020     ti_msp_dl_config.o (.text.DL_GPIO_initPeripheralInputFunction)
                  00003dec    00000020     Delay.o (.text.Delay_us)
                  00003e0c    00000020     EXTI.o (.text.TIMA0_IRQHandler)
                  00003e2c    0000001e     ti_msp_dl_config.o (.text.DL_ADC12_setPowerDownMode)
                  00003e4a    0000001e     ti_msp_dl_config.o (.text.DL_UART_setOversampling)
                  00003e68    0000001e     ti_msp_dl_config.o (.text.SYSCFG_DL_SYSCTL_init)
                  00003e86    00000002     --HOLE-- [fill = 0]
                  00003e88    0000001c     ti_msp_dl_config.o (.text.DL_ADC12_clearInterruptStatus)
                  00003ea4    0000001c     ti_msp_dl_config.o (.text.DL_ADC12_enableInterrupt)
                  00003ec0    0000001c     EXTI.o (.text.DL_GPIO_clearInterruptStatus)
                  00003edc    0000001c     ti_msp_dl_config.o (.text.DL_GPIO_clearInterruptStatus)
                  00003ef8    0000001c     ti_msp_dl_config.o (.text.DL_GPIO_enableHiZ)
                  00003f14    0000001c     ti_msp_dl_config.o (.text.DL_GPIO_enableInterrupt)
                  00003f30    0000001c     ti_msp_dl_config.o (.text.DL_GPIO_initDigitalInput)
                  00003f4c    0000001c     ti_msp_dl_config.o (.text.DL_GPIO_initPeripheralOutputFunction)
                  00003f68    0000001c     ti_msp_dl_config.o (.text.DL_GPIO_setLowerPinsPolarity)
                  00003f84    0000001c     mspm0_i2c.o (.text.DL_I2C_isControllerRXFIFOEmpty)
                  00003fa0    0000001c     ti_msp_dl_config.o (.text.DL_SYSCTL_setSYSOSCFreq)
                  00003fbc    0000001c     ti_msp_dl_config.o (.text.DL_Timer_enableInterrupt)
                  00003fd8    0000001c     driverlib.a : dl_timer.o (.text.DL_Timer_setCaptCompUpdateMethod)
                  00003ff4    0000001c                 : dl_timer.o (.text.DL_Timer_setClockConfig)
                  00004010    0000001c     ti_msp_dl_config.o (.text.DL_UART_enableInterrupt)
                  0000402c    00000018     ti_msp_dl_config.o (.text.DL_ADC12_enablePower)
                  00004044    00000018     ti_msp_dl_config.o (.text.DL_ADC12_reset)
                  0000405c    00000018     ti_msp_dl_config.o (.text.DL_ADC12_setSampleTime0)
                  00004074    00000018     ti_msp_dl_config.o (.text.DL_GPIO_enableOutput)
                  0000408c    00000018     ti_msp_dl_config.o (.text.DL_GPIO_enablePower)
                  000040a4    00000018     EXTI.o (.text.DL_GPIO_getEnabledInterruptStatus)
                  000040bc    00000018     ti_msp_dl_config.o (.text.DL_GPIO_initDigitalOutput)
                  000040d4    00000018     ti_msp_dl_config.o (.text.DL_GPIO_reset)
                  000040ec    00000018     PWM.o (.text.DL_GPIO_setPins)
                  00004104    00000018     main.o (.text.DL_GPIO_setPins)
                  0000411c    00000018     oled.o (.text.DL_GPIO_setPins)
                  00004134    00000018     ti_msp_dl_config.o (.text.DL_GPIO_setPins)
                  0000414c    00000018     mspm0_i2c.o (.text.DL_I2C_clearInterruptStatus)
                  00004164    00000018     ti_msp_dl_config.o (.text.DL_I2C_enableAnalogGlitchFilter)
                  0000417c    00000018     ti_msp_dl_config.o (.text.DL_I2C_enableController)
                  00004194    00000018     ti_msp_dl_config.o (.text.DL_I2C_enableControllerClockStretching)
                  000041ac    00000018     mspm0_i2c.o (.text.DL_I2C_enablePower)
                  000041c4    00000018     ti_msp_dl_config.o (.text.DL_I2C_enablePower)
                  000041dc    00000018     mspm0_i2c.o (.text.DL_I2C_getRawInterruptStatus)
                  000041f4    00000018     mspm0_i2c.o (.text.DL_I2C_reset)
                  0000420c    00000018     ti_msp_dl_config.o (.text.DL_I2C_reset)
                  00004224    00000018     ti_msp_dl_config.o (.text.DL_I2C_setTimerPeriod)
                  0000423c    00000018     ti_msp_dl_config.o (.text.DL_SYSCTL_setBORThreshold)
                  00004254    00000018     ti_msp_dl_config.o (.text.DL_Timer_enablePower)
                  0000426c    00000018     ti_msp_dl_config.o (.text.DL_Timer_reset)
                  00004284    00000018     driverlib.a : dl_timer.o (.text.DL_Timer_setCaptureCompareOutCtl)
                  0000429c    00000018     EXTI.o (.text.DL_Timer_startCounter)
                  000042b4    00000018     function.o (.text.DL_Timer_startCounter)
                  000042cc    00000018     EXTI.o (.text.DL_Timer_stopCounter)
                  000042e4    00000018     UART.o (.text.DL_UART_clearInterruptStatus)
                  000042fc    00000018     ti_msp_dl_config.o (.text.DL_UART_enablePower)
                  00004314    00000018     ti_msp_dl_config.o (.text.DL_UART_reset)
                  0000432c    00000016     ADC.o (.text.DL_ADC12_enableConversions)
                  00004342    00000016     ti_msp_dl_config.o (.text.DL_ADC12_enableConversions)
                  00004358    00000016     EXTI.o (.text.DL_GPIO_readPins)
                  0000436e    00000016     Key.o (.text.DL_GPIO_readPins)
                  00004384    00000016     mspm0_i2c.o (.text.DL_I2C_transmitControllerData)
                  0000439a    00000016     ti_msp_dl_config.o (.text.DL_UART_enable)
                  000043b0    00000014     PWM.o (.text.DL_GPIO_clearPins)
                  000043c4    00000014     main.o (.text.DL_GPIO_clearPins)
                  000043d8    00000014     oled.o (.text.DL_GPIO_clearPins)
                  000043ec    00000014     ti_msp_dl_config.o (.text.DL_GPIO_clearPins)
                  00004400    00000014     mspm0_i2c.o (.text.DL_I2C_receiveControllerData)
                  00004414    00000014     ti_msp_dl_config.o (.text.DL_I2C_resetControllerTransfer)
                  00004428    00000014     ti_msp_dl_config.o (.text.DL_SYSCTL_disableSYSPLL)
                  0000443c    00000014     ti_msp_dl_config.o (.text.DL_Timer_enableClock)
                  00004450    00000014     ti_msp_dl_config.o (.text.DL_Timer_setCCPDirection)
                  00004464    00000014     EXTI.o (.text.DL_Timer_setTimerCount)
                  00004478    00000014     UART.o (.text.DL_UART_receiveData)
                  0000448c    00000012     ADC.o (.text.DL_ADC12_getPendingInterrupt)
                  0000449e    00000012     EXTI.o (.text.DL_Timer_getPendingInterrupt)
                  000044b0    00000012     Timer.o (.text.DL_Timer_getPendingInterrupt)
                  000044c2    00000012     UART.o (.text.DL_UART_getPendingInterrupt)
                  000044d4    00000012     driverlib.a : dl_uart.o (.text.DL_UART_setClockConfig)
                  000044e6    00000012     libc.a : memcpy16.S.obj (.text:TI_memcpy_small)
                  000044f8    00000012            : copy_decompress_none.c.obj (.text:decompress:none)
                  0000450a    00000002     --HOLE-- [fill = 0]
                  0000450c    00000010     ti_msp_dl_config.o (.text.DL_SYSCTL_disableHFXT)
                  0000451c    00000010     EXTI.o (.text.DL_Timer_getTimerCount)
                  0000452c    00000010     driverlib.a : dl_timer.o (.text.DL_Timer_setCaptureCompareValue)
                  0000453c    00000010     mspm0_clock.o (.text.SysTick_Handler)
                  0000454c    00000010     libc.a : copy_zero_init.c.obj (.text:decompress:ZI)
                  0000455c    0000000e            : memset16.S.obj (.text:TI_memset_small)
                  0000456a    00000002     --HOLE-- [fill = 0]
                  0000456c    0000000c     libclang_rt.builtins.a : aeabi_memset.S.obj (.text.__aeabi_memclr)
                  00004578    0000000a     driverlib.a : dl_common.o (.text.DL_Common_delayCycles)
                  00004582    0000000a     libc.a : e_asin.c.obj (.text.OUTLINED_FUNCTION_0)
                  0000458c    00000010     libclang_rt.builtins.a : muldf3.S.obj (.tramp.__aeabi_dmul.1)
                  0000459c    0000000a     libc.a : s_atan.c.obj (.text.OUTLINED_FUNCTION_0)
                  000045a6    0000000a            : e_asin.c.obj (.text.OUTLINED_FUNCTION_1)
                  000045b0    0000000a            : e_asin.c.obj (.text.OUTLINED_FUNCTION_3)
                  000045ba    00000002     --HOLE-- [fill = 0]
                  000045bc    00000010     libclang_rt.builtins.a : divdf3.S.obj (.tramp.__aeabi_ddiv.1)
                  000045cc    00000008     libc.a : s_atan.c.obj (.text.OUTLINED_FUNCTION_2)
                  000045d4    00000008            : aeabi_portable.c.obj (.text.__aeabi_errno_addr)
                  000045dc    00000008     libclang_rt.builtins.a : aeabi_memcpy.S.obj (.text.__aeabi_memcpy)
                  000045e4    00000006     libc.a : s_atan.c.obj (.text.OUTLINED_FUNCTION_1)
                  000045ea    00000002     --HOLE-- [fill = 0]
                  000045ec    00000010     libclang_rt.builtins.a : adddf3.S.obj (.tramp.__aeabi_dadd.1)
                  000045fc    00000006     libc.a : e_asin.c.obj (.text.OUTLINED_FUNCTION_2)
                  00004602    00000006            : exit.c.obj (.text:abort)
                  00004608    00000004     libsysbm.a : hostexit.c.obj (.text.HOSTexit)
                  0000460c    00000004     libc.a : e_asin.c.obj (.text.OUTLINED_FUNCTION_4)
                  00004610    00000004     startup_mspm0g350x_ticlang.o (.text.Reset_Handler)
                  00004614    00000010     libc.a : boot_cortex_m.c.obj (.tramp._c_int00_noargs.1)
                  00004624    00000004            : pre_init.c.obj (.text._system_pre_init)
                  00004628    00000008     --HOLE-- [fill = 0]

.cinit     0    000048f8    000001a8     
                  000048f8    00000182     (.cinit..data.load) [load image, compression = lzss]
                  00004a7a    00000002     --HOLE-- [fill = 0]
                  00004a7c    0000000c     (__TI_handler_table)
                  00004a88    00000008     (.cinit..bss.load) [load image, compression = zero_init]
                  00004a90    00000010     (__TI_cinit_table)

.rodata    0    00004630    000002c8     
                  00004630    000001d4     OLED_Data.o (.rodata.OLED_16x16)
                  00004804    00000003     ti_msp_dl_config.o (.rodata.gTIMER_0ClockConfig)
                  00004807    00000001     oled.o (.rodata.str1.10612175213412870912.1)
                  00004808    00000040     libc.a : s_atan.c.obj (.rodata.cst32)
                  00004848    00000028     inv_mpu.o (.rodata.test)
                  00004870    0000001e     inv_mpu.o (.rodata.reg)
                  0000488e    00000002     ti_msp_dl_config.o (.rodata.gI2C_MPU6050ClockConfig)
                  00004890    00000014     ti_msp_dl_config.o (.rodata.gTIMER_0TimerConfig)
                  000048a4    00000014     ti_msp_dl_config.o (.rodata.gTIMER_HSR04TimerConfig)
                  000048b8    00000010     main.o (.rodata.str1.15159059442110792349.1)
                  000048c8    0000000c     inv_mpu.o (.rodata.hw)
                  000048d4    0000000a     ti_msp_dl_config.o (.rodata.gUART_0Config)
                  000048de    00000002     ti_msp_dl_config.o (.rodata.gUART_0ClockConfig)
                  000048e0    00000008     ti_msp_dl_config.o (.rodata.gADC12_0ClockConfig)
                  000048e8    00000008     ti_msp_dl_config.o (.rodata.gTimerA1_PWMConfig)
                  000048f0    00000003     ti_msp_dl_config.o (.rodata.gTIMER_HSR04ClockConfig)
                  000048f3    00000003     ti_msp_dl_config.o (.rodata.gTimerA1_PWMClockConfig)
                  000048f6    00000002     --HOLE-- [fill = 0]

.init_array 
*          0    00000000    00000000     UNINITIALIZED

.binit     0    00000000    00000000     

.bss       0    20200000    000006b1     UNINITIALIZED
                  20200000    00000400     (.common:OLED_DisplayBuf)
                  20200400    000000bc     (.common:gTIMER_HSR04Backup)
                  202004bc    000000bc     (.common:gTimerA1_PWMBackup)
                  20200578    00000064     (.common:UART0_RxPacket)
                  202005dc    00000020     (.common:PID_L)
                  202005fc    00000020     (.common:PID_R)
                  2020061c    00000018     (.common:VOFA)
                  20200634    00000010     (.common:quat)
                  20200644    0000000c     (.common:MOTOR)
                  20200650    00000006     (.common:accel)
                  20200656    00000006     (.common:gyro)
                  2020065c    00000004     EXTI.o (.bss.Speed_PI.Encoder_err)
                  20200660    00000004     EXTI.o (.bss.Speed_PI.Encoder_err_low)
                  20200664    00000004     EXTI.o (.bss.Speed_PI.Encoder_err_low_last)
                  20200668    00000004     EXTI.o (.bss.Speed_PI.Encoder_sum)
                  2020066c    00000004     EXTI.o (.bss.Speed_PI.Movement)
                  20200670    00000004     EXTI.o (.bss.Speed_PI.PWM_out)
                  20200674    00000004     EXTI.o (.bss.Turn.Turn_Target)
                  20200678    00000004     (.common:ADC_Val)
                  2020067c    00000004     (.common:Erect_out)
                  20200680    00000004     (.common:Speed_out)
                  20200684    00000004     (.common:Turn_out)
                  20200688    00000004     (.common:motor1)
                  2020068c    00000004     (.common:motor2)
                  20200690    00000004     (.common:pitch)
                  20200694    00000004     (.common:real_val)
                  20200698    00000004     (.common:roll)
                  2020069c    00000004     (.common:sensor_timestamp)
                  202006a0    00000004     (.common:start_time)
                  202006a4    00000004     (.common:tick_ms)
                  202006a8    00000004     (.common:yaw)
                  202006ac    00000002     (.common:sensors)
                  202006ae    00000001     (.common:DIR)
                  202006af    00000001     (.common:UART0_RxFlag)
                  202006b0    00000001     (.common:more)

.data      0    202006b4    0000047a     UNINITIALIZED
                  202006b4    00000400     OLED_Data.o (.data.BMP1)
                  20200ab4    0000002c     inv_mpu.o (.data.st)
                  20200ae0    00000010     inv_mpu_dmp_motion_driver.o (.data.dmp)
                  20200af0    00000004     main.o (.data.Encoder_L_Data)
                  20200af4    00000004     main.o (.data.Encoder_R_Data)
                  20200af8    00000004     EXTI.o (.data.Erect_Kd)
                  20200afc    00000004     EXTI.o (.data.Erect_Kp)
                  20200b00    00000004     EXTI.o (.data.Med_Angle)
                  20200b04    00000004     EXTI.o (.data.Speed_Ki)
                  20200b08    00000004     EXTI.o (.data.Speed_Kp)
                  20200b0c    00000004     EXTI.o (.data.Speed_PI.Target_Velocity)
                  20200b10    00000004     EXTI.o (.data.Turn.Turn_Amplitude)
                  20200b14    00000004     EXTI.o (.data.Turn_Kd)
                  20200b18    00000004     EXTI.o (.data.Turn_Kp)
                  20200b1c    00000004     libc.a : aeabi_portable.c.obj (.data.__aeabi_errno)
                  20200b20    00000004     EXTI.o (.data.cnt)
                  20200b24    00000004     EXTI.o (.data.dist)
                  20200b28    00000004     EXTI.o (.data.overflowFlag)
                  20200b2c    00000001     UART.o (.data.UART0_IRQHandler.RxState)
                  20200b2d    00000001     UART.o (.data.UART0_IRQHandler.pRxPacket)

.stack     0    20207e00    00000200     UNINITIALIZED
                  20207e00    00000004     libc.a : boot_cortex_m.c.obj (.stack)
                  20207e04    000001fc     --HOLE--

__llvm_prf_cnts 
*          0    20200000    00000000     UNINITIALIZED

__llvm_prf_bits 
*          0    20200000    00000000     UNINITIALIZED

MODULE SUMMARY

       Module                         code    ro data   rw data
       ------                         ----    -------   -------
    .\
       ti_msp_dl_config.o             2954    79        376    
       main.o                         204     16        109    
       function.o                     220     0         0      
       startup_mspm0g350x_ticlang.o   8       192       0      
    +--+------------------------------+-------+---------+---------+
       Total:                         3386    287       485    
                                                               
    .\Hardware\ADC\
       ADC.o                          184     0         8      
    +--+------------------------------+-------+---------+---------+
       Total:                         184     0         8      
                                                               
    .\Hardware\EXTI\
       EXTI.o                         1848    0         96     
    +--+------------------------------+-------+---------+---------+
       Total:                         1848    0         96     
                                                               
    .\Hardware\Key\
       Key.o                          290     0         0      
    +--+------------------------------+-------+---------+---------+
       Total:                         290     0         0      
                                                               
    .\Hardware\MPU6050\
       inv_mpu.o                      820     82        44     
       mspm0_i2c.o                    782     0         0      
       inv_mpu_dmp_motion_driver.o    640     0         16     
       mpu6050.o                      568     0         47     
       mspm0_clock.o                  108     0         8      
    +--+------------------------------+-------+---------+---------+
       Total:                         2918    82        115    
                                                               
    .\Hardware\OLED\
       oled.o                         1466    1         1024   
       OLED_Data.o                    0       468       1024   
    +--+------------------------------+-------+---------+---------+
       Total:                         1466    469       2048   
                                                               
    .\Hardware\PID\
       PID.o                          34      0         0      
    +--+------------------------------+-------+---------+---------+
       Total:                         34      0         0      
                                                               
    .\Hardware\PWM\
       PWM.o                          504     0         0      
    +--+------------------------------+-------+---------+---------+
       Total:                         504     0         0      
                                                               
    .\Hardware\Timer\
       Timer.o                        74      0         0      
    +--+------------------------------+-------+---------+---------+
       Total:                         74      0         0      
                                                               
    .\Hardware\UART\
       UART.o                         578     0         103    
    +--+------------------------------+-------+---------+---------+
       Total:                         578     0         103    
                                                               
    .\System\
       Delay.o                        66      0         0      
    +--+------------------------------+-------+---------+---------+
       Total:                         66      0         0      
                                                               
    C:/TI/mspm0_sdk_2_04_00_06/source/ti/driverlib/lib/ticlang/m0p/mspm0g1x0x_g3x0x/driverlib.a
       dl_timer.o                     588     0         0      
       dl_i2c.o                       192     0         0      
       dl_uart.o                      90      0         0      
       dl_adc12.o                     64      0         0      
       dl_common.o                    10      0         0      
    +--+------------------------------+-------+---------+---------+
       Total:                         944     0         0      
                                                               
    D:\install\ccs_install\ccs\tools\compiler\ti-cgt-armllvm_4.0.2.LTS\lib\armv6m-ti-none-eabi/c/libc.a
       e_asin.c.obj                   908     0         0      
       s_atan.c.obj                   784     64        0      
       e_atan2.c.obj                  392     0         0      
       e_sqrt.c.obj                   368     0         0      
       strcmp-armv6m.S.obj            136     0         0      
       copy_decompress_lzss.c.obj     124     0         0      
       autoinit.c.obj                 60      0         0      
       boot_cortex_m.c.obj            56      0         0      
       copy_decompress_none.c.obj     18      0         0      
       memcpy16.S.obj                 18      0         0      
       copy_zero_init.c.obj           16      0         0      
       memset16.S.obj                 14      0         0      
       aeabi_portable.c.obj           8       0         4      
       exit.c.obj                     6       0         0      
       pre_init.c.obj                 4       0         0      
    +--+------------------------------+-------+---------+---------+
       Total:                         2912    64        4      
                                                               
    D:\install\ccs_install\ccs\tools\compiler\ti-cgt-armllvm_4.0.2.LTS\lib\armv6m-ti-none-eabi/c/libsysbm.a
       hostexit.c.obj                 4       0         0      
    +--+------------------------------+-------+---------+---------+
       Total:                         4       0         0      
                                                               
    D:\install\ccs_install\ccs\tools\compiler\ti-cgt-armllvm_4.0.2.LTS\lib\armv6m-ti-none-eabi/libclang_rt.builtins.a
       adddf3.S.obj                   418     0         0      
       divdf3.S.obj                   284     0         0      
       muldf3.S.obj                   244     0         0      
       comparedf2.c.obj               220     0         0      
       addsf3.S.obj                   216     0         0      
       mulsf3.S.obj                   140     0         0      
       divsf3.S.obj                   130     0         0      
       comparesf2.S.obj               118     0         0      
       truncdfsf2.S.obj               116     0         0      
       aeabi_dcmp.S.obj               98      0         0      
       aeabi_fcmp.S.obj               98      0         0      
       fixdfsi.S.obj                  74      0         0      
       aeabi_uidivmod.S.obj           64      0         0      
       extendsfdf2.S.obj              64      0         0      
       floatsisf.S.obj                60      0         0      
       muldsi3.S.obj                  58      0         0      
       fixsfsi.S.obj                  56      0         0      
       floatsidf.S.obj                44      0         0      
       aeabi_memset.S.obj             12      0         0      
       aeabi_memcpy.S.obj             8       0         0      
       aeabi_div0.c.obj               2       0         0      
    +--+------------------------------+-------+---------+---------+
       Total:                         2524    0         0      
                                                               
       Stack:                         0       0         512    
       Linker Generated:              0       422       0      
    +--+------------------------------+-------+---------+---------+
       Grand Total:                   17732   1324      3371   


LINKER GENERATED COPY TABLES

__TI_cinit_table @ 00004a90 records: 2, size/record: 8, table size: 16
	.data: load addr=000048f8, load size=00000182 bytes, run addr=202006b4, run size=0000047a bytes, compression=lzss
	.bss: load addr=00004a88, load size=00000008 bytes, run addr=20200000, run size=000006b1 bytes, compression=zero_init


LINKER GENERATED HANDLER TABLE

__TI_handler_table @ 00004a7c records: 3, size/record: 4, table size: 12
	index: 0, handler: __TI_decompress_lzss
	index: 1, handler: __TI_decompress_none
	index: 2, handler: __TI_zero_init


FAR CALL TRAMPOLINES

callee name               trampoline name
   callee addr  tramp addr   call addr  call info
--------------  -----------  ---------  ----------------
__aeabi_dmul              $Tramp$TT$L$PI$$__aeabi_dmul
   0000239d     0000458c     0000458a   libc.a : e_asin.c.obj (.text.OUTLINED_FUNCTION_0)
                             000045a4          : s_atan.c.obj (.text.OUTLINED_FUNCTION_0)
                             000045ae          : e_asin.c.obj (.text.OUTLINED_FUNCTION_1)
                             000045d2          : s_atan.c.obj (.text.OUTLINED_FUNCTION_2)
                             00004600          : e_asin.c.obj (.text.OUTLINED_FUNCTION_2)
__aeabi_ddiv              $Tramp$TT$L$PI$$__aeabi_ddiv
   00001cc9     000045bc     000045b8   libc.a : e_asin.c.obj (.text.OUTLINED_FUNCTION_3)
__aeabi_dadd              $Tramp$TT$L$PI$$__aeabi_dadd
   000014af     000045ec     000045e8   libc.a : s_atan.c.obj (.text.OUTLINED_FUNCTION_1)
                             0000460e          : e_asin.c.obj (.text.OUTLINED_FUNCTION_4)
_c_int00_noargs           $Tramp$TT$L$PI$$_c_int00_noargs
   00003cf1     00004614     00004610   startup_mspm0g350x_ticlang.o (.text.Reset_Handler)

[4 trampolines]
[9 trampoline calls]


GLOBAL SYMBOLS: SORTED ALPHABETICALLY BY Name 

address   name                            
-------   ----                            
000031e9  ADC0_IRQHandler                 
00002efd  ADC1_IRQHandler                 
20200678  ADC_Val                         
00002efd  AES_IRQHandler                  
00003615  All_Interrupt                   
202006b4  BMP1                            
00004608  C$$EXIT                         
00002efd  CANFD0_IRQHandler               
00002efd  DAC0_IRQHandler                 
202006ae  DIR                             
00003655  DL_ADC12_setClockConfig         
00004579  DL_Common_delayCycles           
000032a9  DL_I2C_fillControllerTXFIFO     
00003791  DL_I2C_flushControllerTXFIFO    
00003d3f  DL_I2C_setClockConfig           
00001edd  DL_Timer_initFourCCPWMMode      
000021d1  DL_Timer_initTimerMode          
00003fd9  DL_Timer_setCaptCompUpdateMethod
00004285  DL_Timer_setCaptureCompareOutCtl
0000452d  DL_Timer_setCaptureCompareValue 
00003ff5  DL_Timer_setClockConfig         
00003585  DL_UART_init                    
000044d5  DL_UART_setClockConfig          
00002efd  DMA_IRQHandler                  
00002efd  Default_Handler                 
00003d65  Delay_ms                        
00003ded  Delay_us                        
20200af0  Encoder_L_Data                  
20200af4  Encoder_R_Data                  
20200af8  Erect_Kd                        
20200afc  Erect_Kp                        
000033b1  Erect_PD                        
2020067c  Erect_out                       
00002efd  GROUP0_IRQHandler               
000000c1  GROUP1_IRQHandler               
00004609  HOSTexit                        
00002efd  HardFault_Handler               
00002efd  I2C0_IRQHandler                 
00002efd  I2C1_IRQHandler                 
00003971  I2C_Start                       
00003ae5  I2C_Stop                        
00003b15  I2C_WaitAck                     
00001bbd  KeyScan                         
00002f75  Limit                           
20200644  MOTOR                           
20200b00  Med_Angle                       
00002efd  NMI_Handler                     
00004630  OLED_16x16                      
0000304d  OLED_Clear                      
00002559  OLED_ClearArea                  
20200000  OLED_DisplayBuf                 
000027ad  OLED_DrawImage                  
00001fe1  OLED_Init                       
000022b9  OLED_MyChinese                  
00003809  OLED_Set_Pos                    
00003451  OLED_WR_Byte                    
00003d87  PID_Init                        
202005dc  PID_L                           
00003b75  PID_Num_Init                    
202005fc  PID_R                           
000020dd  PWM_Duty                        
00002efd  PendSV_Handler                  
00002efd  RTC_IRQHandler                  
00000ab5  Read_Quad                       
00004611  Reset_Handler                   
00002efd  SPI0_IRQHandler                 
00002efd  SPI1_IRQHandler                 
00002efd  SVC_Handler                     
00003249  SYSCFG_DL_ADC12_0_init          
0000110d  SYSCFG_DL_GPIO_init             
00003309  SYSCFG_DL_I2C_MPU6050_init      
00003e69  SYSCFG_DL_SYSCTL_init           
00002bf5  SYSCFG_DL_SYSTICK_init          
00003a4d  SYSCFG_DL_TIMER_0_init          
00003a81  SYSCFG_DL_TIMER_HSR04_init      
00002a4d  SYSCFG_DL_TimerA1_PWM_init      
000035cd  SYSCFG_DL_UART_0_init           
00003695  SYSCFG_DL_init                  
000029b1  SYSCFG_DL_initPower             
00002d91  Send_Byte                       
20200b04  Speed_Ki                        
20200b08  Speed_Kp                        
000012ed  Speed_PI                        
20200680  Speed_out                       
0000453d  SysTick_Handler                 
00003e0d  TIMA0_IRQHandler                
00002efd  TIMA1_IRQHandler                
000039a9  TIMG0_IRQHandler                
00002efd  TIMG12_IRQHandler               
00002efd  TIMG6_IRQHandler                
00002efd  TIMG7_IRQHandler                
00002efd  TIMG8_IRQHandler                
000044e7  TI_memcpy_small                 
0000455d  TI_memset_small                 
00002625  Turn                            
20200b14  Turn_Kd                         
20200b18  Turn_Kp                         
00002fe1  Turn_Off                        
20200684  Turn_out                        
00002869  UART0_IRQHandler                
202006af  UART0_RxFlag                    
20200578  UART0_RxPacket                  
00002efd  UART1_IRQHandler                
00002efd  UART2_IRQHandler                
00002efd  UART3_IRQHandler                
2020061c  VOFA                            
00001931  VOFA_Jiexi                      
20208000  __STACK_END                     
00000200  __STACK_SIZE                    
00000000  __TI_ATRegion0_region_sz        
00000000  __TI_ATRegion0_src_addr         
00000000  __TI_ATRegion0_trg_addr         
00000000  __TI_ATRegion1_region_sz        
00000000  __TI_ATRegion1_src_addr         
00000000  __TI_ATRegion1_trg_addr         
00000000  __TI_ATRegion2_region_sz        
00000000  __TI_ATRegion2_src_addr         
00000000  __TI_ATRegion2_trg_addr         
00004a90  __TI_CINIT_Base                 
00004aa0  __TI_CINIT_Limit                
00004aa0  __TI_CINIT_Warm                 
00004a7c  __TI_Handler_Table_Base         
00004a88  __TI_Handler_Table_Limit        
000038bd  __TI_auto_init_nobinit_nopinit  
00002e0d  __TI_decompress_lzss            
000044f9  __TI_decompress_none            
ffffffff  __TI_pprof_out_hndl             
ffffffff  __TI_prof_data_size             
ffffffff  __TI_prof_data_start            
00000000  __TI_static_base__              
0000454d  __TI_zero_init                  
000014af  __adddf3                        
0000248b  __addsf3                        
00002f01  __aeabi_d2f                     
00003539  __aeabi_d2iz                    
000014af  __aeabi_dadd                    
00003121  __aeabi_dcmpeq                  
0000315d  __aeabi_dcmpge                  
00003171  __aeabi_dcmpgt                  
00003149  __aeabi_dcmple                  
00003135  __aeabi_dcmplt                  
00001cc9  __aeabi_ddiv                    
0000239d  __aeabi_dmul                    
000014a5  __aeabi_dsub                    
20200b1c  __aeabi_errno                   
000045d5  __aeabi_errno_addr              
00003715  __aeabi_f2d                     
000039e1  __aeabi_f2iz                    
0000248b  __aeabi_fadd                    
00003185  __aeabi_fcmpeq                  
000031c1  __aeabi_fcmpge                  
000031d5  __aeabi_fcmpgt                  
000031ad  __aeabi_fcmple                  
00003199  __aeabi_fcmplt                  
00002d0d  __aeabi_fdiv                    
00002add  __aeabi_fmul                    
00002481  __aeabi_fsub                    
00003bf9  __aeabi_i2d                     
00003845  __aeabi_i2f                     
00001637  __aeabi_idiv0                   
0000456d  __aeabi_memclr                  
0000456d  __aeabi_memclr4                 
0000456d  __aeabi_memclr8                 
000045dd  __aeabi_memcpy                  
000045dd  __aeabi_memcpy4                 
000045dd  __aeabi_memcpy8                 
000036d5  __aeabi_uidiv                   
000036d5  __aeabi_uidivmod                
ffffffff  __binit__                       
000030b9  __cmpdf2                        
000038f9  __cmpsf2                        
00001cc9  __divdf3                        
00002d0d  __divsf3                        
000030b9  __eqdf2                         
000038f9  __eqsf2                         
00003715  __extendsfdf2                   
00003539  __fixdfsi                       
000039e1  __fixsfsi                       
00003bf9  __floatsidf                     
00003845  __floatsisf                     
00002e89  __gedf2                         
00003881  __gesf2                         
00002e89  __gtdf2                         
00003881  __gtsf2                         
000030b9  __ledf2                         
000038f9  __lesf2                         
000030b9  __ltdf2                         
000038f9  __ltsf2                         
UNDEFED   __mpu_init                      
0000239d  __muldf3                        
00003935  __muldsi3                       
00002add  __mulsf3                        
000030b9  __nedf2                         
000038f9  __nesf2                         
20207e00  __stack                         
20200000  __start___llvm_prf_bits         
20200000  __start___llvm_prf_cnts         
20200000  __stop___llvm_prf_bits          
20200000  __stop___llvm_prf_cnts          
000014a5  __subdf3                        
00002481  __subsf3                        
00002f01  __truncdfsf2                    
00003cf1  _c_int00_noargs                 
UNDEFED   _system_post_cinit              
00004625  _system_pre_init                
00004603  abort                           
20200650  accel                           
00000459  asin                            
00000459  asinl                           
000007bd  atan                            
00001639  atan2                           
00001639  atan2l                          
000007bd  atanl                           
ffffffff  binit                           
20200b20  cnt                             
00003da9  delay_ms                        
20200b24  dist                            
00000f19  dmp_read_fifo                   
20200400  gTIMER_HSR04Backup              
202004bc  gTimerA1_PWMBackup              
20200656  gyro                            
000048c8  hw                              
00000000  interruptVectors                
00002911  main                            
202006b0  more                            
20200688  motor1                          
2020068c  motor2                          
00001dd5  mpu_read_fifo_stream            
00000ced  mpu_reset_fifo                  
00003b45  mspm0_delay_ms                  
00003c25  mspm0_get_clock_ms              
00001a8d  mspm0_i2c_read                  
000026ed  mspm0_i2c_write                 
20200b28  overflowFlag                    
20200690  pitch                           
20200634  quat                            
20200694  real_val                        
00004870  reg                             
20200698  roll                            
2020069c  sensor_timestamp                
202006ac  sensors                         
000017c1  sqrt                            
000017c1  sqrtl                           
202006a0  start_time                      
00002c01  strcmp                          
00004848  test                            
202006a4  tick_ms                         
202006a8  yaw                             


GLOBAL SYMBOLS: SORTED BY Symbol Address 

address   name                            
-------   ----                            
00000000  __TI_ATRegion0_region_sz        
00000000  __TI_ATRegion0_src_addr         
00000000  __TI_ATRegion0_trg_addr         
00000000  __TI_ATRegion1_region_sz        
00000000  __TI_ATRegion1_src_addr         
00000000  __TI_ATRegion1_trg_addr         
00000000  __TI_ATRegion2_region_sz        
00000000  __TI_ATRegion2_src_addr         
00000000  __TI_ATRegion2_trg_addr         
00000000  __TI_static_base__              
00000000  interruptVectors                
000000c1  GROUP1_IRQHandler               
00000200  __STACK_SIZE                    
00000459  asin                            
00000459  asinl                           
000007bd  atan                            
000007bd  atanl                           
00000ab5  Read_Quad                       
00000ced  mpu_reset_fifo                  
00000f19  dmp_read_fifo                   
0000110d  SYSCFG_DL_GPIO_init             
000012ed  Speed_PI                        
000014a5  __aeabi_dsub                    
000014a5  __subdf3                        
000014af  __adddf3                        
000014af  __aeabi_dadd                    
00001637  __aeabi_idiv0                   
00001639  atan2                           
00001639  atan2l                          
000017c1  sqrt                            
000017c1  sqrtl                           
00001931  VOFA_Jiexi                      
00001a8d  mspm0_i2c_read                  
00001bbd  KeyScan                         
00001cc9  __aeabi_ddiv                    
00001cc9  __divdf3                        
00001dd5  mpu_read_fifo_stream            
00001edd  DL_Timer_initFourCCPWMMode      
00001fe1  OLED_Init                       
000020dd  PWM_Duty                        
000021d1  DL_Timer_initTimerMode          
000022b9  OLED_MyChinese                  
0000239d  __aeabi_dmul                    
0000239d  __muldf3                        
00002481  __aeabi_fsub                    
00002481  __subsf3                        
0000248b  __addsf3                        
0000248b  __aeabi_fadd                    
00002559  OLED_ClearArea                  
00002625  Turn                            
000026ed  mspm0_i2c_write                 
000027ad  OLED_DrawImage                  
00002869  UART0_IRQHandler                
00002911  main                            
000029b1  SYSCFG_DL_initPower             
00002a4d  SYSCFG_DL_TimerA1_PWM_init      
00002add  __aeabi_fmul                    
00002add  __mulsf3                        
00002bf5  SYSCFG_DL_SYSTICK_init          
00002c01  strcmp                          
00002d0d  __aeabi_fdiv                    
00002d0d  __divsf3                        
00002d91  Send_Byte                       
00002e0d  __TI_decompress_lzss            
00002e89  __gedf2                         
00002e89  __gtdf2                         
00002efd  ADC1_IRQHandler                 
00002efd  AES_IRQHandler                  
00002efd  CANFD0_IRQHandler               
00002efd  DAC0_IRQHandler                 
00002efd  DMA_IRQHandler                  
00002efd  Default_Handler                 
00002efd  GROUP0_IRQHandler               
00002efd  HardFault_Handler               
00002efd  I2C0_IRQHandler                 
00002efd  I2C1_IRQHandler                 
00002efd  NMI_Handler                     
00002efd  PendSV_Handler                  
00002efd  RTC_IRQHandler                  
00002efd  SPI0_IRQHandler                 
00002efd  SPI1_IRQHandler                 
00002efd  SVC_Handler                     
00002efd  TIMA1_IRQHandler                
00002efd  TIMG12_IRQHandler               
00002efd  TIMG6_IRQHandler                
00002efd  TIMG7_IRQHandler                
00002efd  TIMG8_IRQHandler                
00002efd  UART1_IRQHandler                
00002efd  UART2_IRQHandler                
00002efd  UART3_IRQHandler                
00002f01  __aeabi_d2f                     
00002f01  __truncdfsf2                    
00002f75  Limit                           
00002fe1  Turn_Off                        
0000304d  OLED_Clear                      
000030b9  __cmpdf2                        
000030b9  __eqdf2                         
000030b9  __ledf2                         
000030b9  __ltdf2                         
000030b9  __nedf2                         
00003121  __aeabi_dcmpeq                  
00003135  __aeabi_dcmplt                  
00003149  __aeabi_dcmple                  
0000315d  __aeabi_dcmpge                  
00003171  __aeabi_dcmpgt                  
00003185  __aeabi_fcmpeq                  
00003199  __aeabi_fcmplt                  
000031ad  __aeabi_fcmple                  
000031c1  __aeabi_fcmpge                  
000031d5  __aeabi_fcmpgt                  
000031e9  ADC0_IRQHandler                 
00003249  SYSCFG_DL_ADC12_0_init          
000032a9  DL_I2C_fillControllerTXFIFO     
00003309  SYSCFG_DL_I2C_MPU6050_init      
000033b1  Erect_PD                        
00003451  OLED_WR_Byte                    
00003539  __aeabi_d2iz                    
00003539  __fixdfsi                       
00003585  DL_UART_init                    
000035cd  SYSCFG_DL_UART_0_init           
00003615  All_Interrupt                   
00003655  DL_ADC12_setClockConfig         
00003695  SYSCFG_DL_init                  
000036d5  __aeabi_uidiv                   
000036d5  __aeabi_uidivmod                
00003715  __aeabi_f2d                     
00003715  __extendsfdf2                   
00003791  DL_I2C_flushControllerTXFIFO    
00003809  OLED_Set_Pos                    
00003845  __aeabi_i2f                     
00003845  __floatsisf                     
00003881  __gesf2                         
00003881  __gtsf2                         
000038bd  __TI_auto_init_nobinit_nopinit  
000038f9  __cmpsf2                        
000038f9  __eqsf2                         
000038f9  __lesf2                         
000038f9  __ltsf2                         
000038f9  __nesf2                         
00003935  __muldsi3                       
00003971  I2C_Start                       
000039a9  TIMG0_IRQHandler                
000039e1  __aeabi_f2iz                    
000039e1  __fixsfsi                       
00003a4d  SYSCFG_DL_TIMER_0_init          
00003a81  SYSCFG_DL_TIMER_HSR04_init      
00003ae5  I2C_Stop                        
00003b15  I2C_WaitAck                     
00003b45  mspm0_delay_ms                  
00003b75  PID_Num_Init                    
00003bf9  __aeabi_i2d                     
00003bf9  __floatsidf                     
00003c25  mspm0_get_clock_ms              
00003cf1  _c_int00_noargs                 
00003d3f  DL_I2C_setClockConfig           
00003d65  Delay_ms                        
00003d87  PID_Init                        
00003da9  delay_ms                        
00003ded  Delay_us                        
00003e0d  TIMA0_IRQHandler                
00003e69  SYSCFG_DL_SYSCTL_init           
00003fd9  DL_Timer_setCaptCompUpdateMethod
00003ff5  DL_Timer_setClockConfig         
00004285  DL_Timer_setCaptureCompareOutCtl
000044d5  DL_UART_setClockConfig          
000044e7  TI_memcpy_small                 
000044f9  __TI_decompress_none            
0000452d  DL_Timer_setCaptureCompareValue 
0000453d  SysTick_Handler                 
0000454d  __TI_zero_init                  
0000455d  TI_memset_small                 
0000456d  __aeabi_memclr                  
0000456d  __aeabi_memclr4                 
0000456d  __aeabi_memclr8                 
00004579  DL_Common_delayCycles           
000045d5  __aeabi_errno_addr              
000045dd  __aeabi_memcpy                  
000045dd  __aeabi_memcpy4                 
000045dd  __aeabi_memcpy8                 
00004603  abort                           
00004608  C$$EXIT                         
00004609  HOSTexit                        
00004611  Reset_Handler                   
00004625  _system_pre_init                
00004630  OLED_16x16                      
00004848  test                            
00004870  reg                             
000048c8  hw                              
00004a7c  __TI_Handler_Table_Base         
00004a88  __TI_Handler_Table_Limit        
00004a90  __TI_CINIT_Base                 
00004aa0  __TI_CINIT_Limit                
00004aa0  __TI_CINIT_Warm                 
20200000  OLED_DisplayBuf                 
20200000  __start___llvm_prf_bits         
20200000  __start___llvm_prf_cnts         
20200000  __stop___llvm_prf_bits          
20200000  __stop___llvm_prf_cnts          
20200400  gTIMER_HSR04Backup              
202004bc  gTimerA1_PWMBackup              
20200578  UART0_RxPacket                  
202005dc  PID_L                           
202005fc  PID_R                           
2020061c  VOFA                            
20200634  quat                            
20200644  MOTOR                           
20200650  accel                           
20200656  gyro                            
20200678  ADC_Val                         
2020067c  Erect_out                       
20200680  Speed_out                       
20200684  Turn_out                        
20200688  motor1                          
2020068c  motor2                          
20200690  pitch                           
20200694  real_val                        
20200698  roll                            
2020069c  sensor_timestamp                
202006a0  start_time                      
202006a4  tick_ms                         
202006a8  yaw                             
202006ac  sensors                         
202006ae  DIR                             
202006af  UART0_RxFlag                    
202006b0  more                            
202006b4  BMP1                            
20200af0  Encoder_L_Data                  
20200af4  Encoder_R_Data                  
20200af8  Erect_Kd                        
20200afc  Erect_Kp                        
20200b00  Med_Angle                       
20200b04  Speed_Ki                        
20200b08  Speed_Kp                        
20200b14  Turn_Kd                         
20200b18  Turn_Kp                         
20200b1c  __aeabi_errno                   
20200b20  cnt                             
20200b24  dist                            
20200b28  overflowFlag                    
20207e00  __stack                         
20208000  __STACK_END                     
ffffffff  __TI_pprof_out_hndl             
ffffffff  __TI_prof_data_size             
ffffffff  __TI_prof_data_start            
ffffffff  __binit__                       
ffffffff  binit                           
UNDEFED   __mpu_init                      
UNDEFED   _system_post_cinit              

[248 symbols]
