******************************************************************************
            TI ARM Clang Linker PC v4.0.2                      
******************************************************************************
>> Linked Tue May 27 18:39:07 2025

OUTPUT FILE NAME:   <06_EXTI.out>
ENTRY POINT SYMBOL: "_c_int00_noargs"  address: 000012bd


MEMORY CONFIGURATION

         name            origin    length      used     unused   attr    fill
----------------------  --------  ---------  --------  --------  ----  --------
  FLASH                 00000000   00020000  00002120  0001dee0  R  X
  SRAM                  20200000   00008000  0000030b  00007cf5  RW X
  BCR_CONFIG            41c00000   000000ff  00000000  000000ff  R   
  BSL_CONFIG            41c00100   00000080  00000000  00000080  R   


SEGMENT ALLOCATION MAP

run origin  load origin   length   init length attrs members
----------  ----------- ---------- ----------- ----- -------
00000000    00000000    00002120   00002120    r-x
  00000000    00000000    000000c0   000000c0    r-- .intvecs
  000000c0    000000c0    000017c0   000017c0    r-x .text
  00001880    00001880    00000870   00000870    r-- .rodata
  000020f0    000020f0    00000030   00000030    r-- .cinit
20200000    20200000    0000010e   00000000    rw-
  20200000    20200000    00000105   00000000    rw- .bss
  20200108    20200108    00000006   00000000    rw- .data
20207e00    20207e00    00000200   00000000    rw-
  20207e00    20207e00    00000200   00000000    rw- .stack


SECTION ALLOCATION MAP

 output                                  attributes/
section   page    origin      length       input sections
--------  ----  ----------  ----------   ----------------
.intvecs   0    00000000    000000c0     
                  00000000    000000c0     startup_mspm0g350x_ticlang.o (.intvecs)

.text      0    000000c0    000017c0     
                  000000c0    00000284     libc.a : _printfi.c.obj (.text:__TI_printfi_minimal)
                  00000344    00000118     oled.o (.text.OLED_ShowChar)
                  0000045c    00000104     driverlib.a : dl_timer.o (.text.DL_Timer_initFourCCPWMMode)
                  00000560    000000fa     oled.o (.text.OLED_Init)
                  0000065a    00000002     libclang_rt.builtins.a : aeabi_div0.c.obj (.text.__aeabi_idiv0)
                  0000065c    000000e8     driverlib.a : dl_timer.o (.text.DL_Timer_initTimerMode)
                  00000744    000000d8     ti_msp_dl_config.o (.text.SYSCFG_DL_GPIO_init)
                  0000081c    000000a4     UART.o (.text.UART0_IRQHandler)
                  000008c0    00000090     ti_msp_dl_config.o (.text.SYSCFG_DL_PWM_0_init)
                  00000950    00000084     ti_msp_dl_config.o (.text.__NVIC_SetPriority)
                  000009d4    0000007c     oled.o (.text.Send_Byte)
                  00000a50    0000007c     libc.a : copy_decompress_lzss.c.obj (.text:decompress:lzss)
                  00000acc    00000078     main.o (.text.main)
                  00000b44    00000070     oled.o (.text.OLED_ShowString)
                  00000bb4    0000006a     oled.o (.text.OLED_Clear)
                  00000c1e    00000002     --HOLE-- [fill = 0]
                  00000c20    00000068     ti_msp_dl_config.o (.text.SYSCFG_DL_initPower)
                  00000c88    00000054     EXTI.o (.text.GROUP1_IRQHandler)
                  00000cdc    00000050     ti_msp_dl_config.o (.text.SysTick_Config)
                  00000d2c    0000004e     oled.o (.text.OLED_WR_Byte)
                  00000d7a    00000002     --HOLE-- [fill = 0]
                  00000d7c    0000004c     ti_msp_dl_config.o (.text.DL_UART_setBaudRateDivisor)
                  00000dc8    00000048     driverlib.a : dl_uart.o (.text.DL_UART_init)
                  00000e10    00000048     ti_msp_dl_config.o (.text.SYSCFG_DL_UART_0_init)
                  00000e58    00000044     Key.o (.text.KeyScan)
                  00000e9c    00000040     libclang_rt.builtins.a : aeabi_uidivmod.S.obj (.text.__aeabi_uidivmod)
                  00000edc    0000003c     ti_msp_dl_config.o (.text.DL_Timer_setCounterControl)
                  00000f18    0000003c     oled.o (.text.OLED_Set_Pos)
                  00000f54    0000003c     UART.o (.text.UART0_SendString)
                  00000f90    0000003c     libc.a : autoinit.c.obj (.text:__TI_auto_init_nobinit_nopinit)
                  00000fcc    00000038     oled.o (.text.I2C_Start)
                  00001004    00000038     libc.a : sprintf.c.obj (.text.sprintf)
                  0000103c    00000034     ti_msp_dl_config.o (.text.DL_GPIO_initDigitalInputFeatures)
                  00001070    00000034     ti_msp_dl_config.o (.text.SYSCFG_DL_TIMER_0_init)
                  000010a4    00000030     ti_msp_dl_config.o (.text.DL_GPIO_initDigitalOutputFeatures)
                  000010d4    00000030     oled.o (.text.I2C_Stop)
                  00001104    00000030     oled.o (.text.I2C_WaitAck)
                  00001134    00000030     UART.o (.text.UART0_GetFlag)
                  00001164    0000002c     function.o (.text.All_Interrupt)
                  00001190    0000002c     Key.o (.text.LED_TIG)
                  000011bc    0000002c     ti_msp_dl_config.o (.text.SYSCFG_DL_init)
                  000011e8    0000002c     UART.o (.text.UART0_SendByte)
                  00001214    0000002c     function.o (.text.__NVIC_ClearPendingIRQ)
                  00001240    0000002c     function.o (.text.__NVIC_EnableIRQ)
                  0000126c    00000028     ti_msp_dl_config.o (.text.DL_Common_updateReg)
                  00001294    00000028     Timer.o (.text.TIMG0_IRQHandler)
                  000012bc    00000028     libc.a : boot_cortex_m.c.obj (.text:_c_int00_noargs)
                  000012e4    00000022     Delay.o (.text.Delay_ms)
                  00001306    00000022     oled.o (.text.delay_ms)
                  00001328    00000022     libc.a : memccpy.c.obj (.text.memccpy)
                  0000134a    00000002     --HOLE-- [fill = 0]
                  0000134c    00000020     ti_msp_dl_config.o (.text.DL_GPIO_initPeripheralInputFunction)
                  0000136c    00000020     Delay.o (.text.Delay_us)
                  0000138c    0000001e     ti_msp_dl_config.o (.text.DL_UART_setOversampling)
                  000013aa    0000001e     ti_msp_dl_config.o (.text.SYSCFG_DL_SYSCTL_init)
                  000013c8    0000001c     ti_msp_dl_config.o (.text.DL_GPIO_clearInterruptStatus)
                  000013e4    0000001c     ti_msp_dl_config.o (.text.DL_GPIO_enableInterrupt)
                  00001400    0000001c     ti_msp_dl_config.o (.text.DL_GPIO_initPeripheralOutputFunction)
                  0000141c    0000001c     EXTI.o (.text.DL_Interrupt_getPendingGroup)
                  00001438    0000001c     ti_msp_dl_config.o (.text.DL_SYSCTL_setSYSOSCFreq)
                  00001454    0000001c     ti_msp_dl_config.o (.text.DL_Timer_enableInterrupt)
                  00001470    0000001c     driverlib.a : dl_timer.o (.text.DL_Timer_setCaptCompUpdateMethod)
                  0000148c    0000001c                 : dl_timer.o (.text.DL_Timer_setClockConfig)
                  000014a8    0000001c     ti_msp_dl_config.o (.text.DL_UART_enableInterrupt)
                  000014c4    00000018     ti_msp_dl_config.o (.text.DL_GPIO_enableOutput)
                  000014dc    00000018     ti_msp_dl_config.o (.text.DL_GPIO_enablePower)
                  000014f4    00000018     ti_msp_dl_config.o (.text.DL_GPIO_initDigitalOutput)
                  0000150c    00000018     ti_msp_dl_config.o (.text.DL_GPIO_reset)
                  00001524    00000018     Key.o (.text.DL_GPIO_setPins)
                  0000153c    00000018     oled.o (.text.DL_GPIO_setPins)
                  00001554    00000018     ti_msp_dl_config.o (.text.DL_GPIO_setUpperPinsPolarity)
                  0000156c    00000018     EXTI.o (.text.DL_GPIO_togglePins)
                  00001584    00000018     Timer.o (.text.DL_GPIO_togglePins)
                  0000159c    00000018     ti_msp_dl_config.o (.text.DL_SYSCTL_setBORThreshold)
                  000015b4    00000018     ti_msp_dl_config.o (.text.DL_Timer_enablePower)
                  000015cc    00000018     ti_msp_dl_config.o (.text.DL_Timer_reset)
                  000015e4    00000018     driverlib.a : dl_timer.o (.text.DL_Timer_setCaptureCompareOutCtl)
                  000015fc    00000018     function.o (.text.DL_Timer_startCounter)
                  00001614    00000018     UART.o (.text.DL_UART_clearInterruptStatus)
                  0000162c    00000018     ti_msp_dl_config.o (.text.DL_UART_enablePower)
                  00001644    00000018     UART.o (.text.DL_UART_isBusy)
                  0000165c    00000018     ti_msp_dl_config.o (.text.DL_UART_reset)
                  00001674    00000018     libc.a : sprintf.c.obj (.text._outs)
                  0000168c    00000016     EXTI.o (.text.DL_GPIO_readPins)
                  000016a2    00000016     Key.o (.text.DL_GPIO_readPins)
                  000016b8    00000016     ti_msp_dl_config.o (.text.DL_UART_enable)
                  000016ce    00000016     UART.o (.text.DL_UART_transmitData)
                  000016e4    00000016     libc.a : copy_zero_init.c.obj (.text:decompress:ZI:__TI_zero_init_nomemset)
                  000016fa    00000014     Key.o (.text.DL_GPIO_clearPins)
                  0000170e    00000014     oled.o (.text.DL_GPIO_clearPins)
                  00001722    00000014     ti_msp_dl_config.o (.text.DL_GPIO_clearPins)
                  00001736    00000002     --HOLE-- [fill = 0]
                  00001738    00000014     ti_msp_dl_config.o (.text.DL_SYSCTL_disableSYSPLL)
                  0000174c    00000014     ti_msp_dl_config.o (.text.DL_Timer_enableClock)
                  00001760    00000014     ti_msp_dl_config.o (.text.DL_Timer_setCCPDirection)
                  00001774    00000014     UART.o (.text.DL_UART_receiveData)
                  00001788    00000012     Timer.o (.text.DL_Timer_getPendingInterrupt)
                  0000179a    00000012     UART.o (.text.DL_UART_getPendingInterrupt)
                  000017ac    00000012     driverlib.a : dl_uart.o (.text.DL_UART_setClockConfig)
                  000017be    00000012     libc.a : memcpy16.S.obj (.text:TI_memcpy_small)
                  000017d0    00000012            : copy_decompress_none.c.obj (.text:decompress:none)
                  000017e2    00000002     --HOLE-- [fill = 0]
                  000017e4    00000010     ti_msp_dl_config.o (.text.DL_SYSCTL_disableHFXT)
                  000017f4    00000010     driverlib.a : dl_timer.o (.text.DL_Timer_setCaptureCompareValue)
                  00001804    0000000e     libclang_rt.builtins.a : aeabi_memset.S.obj (.text.__aeabi_memset)
                  00001812    0000000e     libc.a : _printfi.c.obj (.text.strlen)
                  00001820    0000000e            : memset16.S.obj (.text:TI_memset_small)
                  0000182e    00000002     --HOLE-- [fill = 0]
                  00001830    0000000c     EXTI.o (.text.Get_count)
                  0000183c    0000000a     driverlib.a : dl_common.o (.text.DL_Common_delayCycles)
                  00001846    0000000a     ti_msp_dl_config.o (.text.SYSCFG_DL_SYSTICK_init)
                  00001850    0000000a     libc.a : sprintf.c.obj (.text._outc)
                  0000185a    00000002     --HOLE-- [fill = 0]
                  0000185c    00000008     libclang_rt.builtins.a : aeabi_memcpy.S.obj (.text.__aeabi_memcpy)
                  00001864    00000006     libc.a : exit.c.obj (.text:abort)
                  0000186a    00000004     startup_mspm0g350x_ticlang.o (.text.Default_Handler)
                  0000186e    00000004     libsysbm.a : hostexit.c.obj (.text.HOSTexit)
                  00001872    00000004     startup_mspm0g350x_ticlang.o (.text.Reset_Handler)
                  00001876    00000004     libc.a : pre_init.c.obj (.text._system_pre_init)
                  0000187a    00000006     --HOLE-- [fill = 0]

.cinit     0    000020f0    00000030     
                  000020f0    0000000c     (__TI_handler_table)
                  000020fc    00000008     (.cinit..bss.load) [load image, compression = zero_init]
                  00002104    00000007     (.cinit..data.load) [load image, compression = lzss]
                  0000210b    00000001     --HOLE-- [fill = 0]
                  0000210c    00000010     (__TI_cinit_table)
                  0000211c    00000004     --HOLE-- [fill = 0]

.rodata    0    00001880    00000870     
                  00001880    000005f0     oled.o (.rodata.asc2_1608)
                  00001e70    00000228     oled.o (.rodata.asc2_0806)
                  00002098    00000014     ti_msp_dl_config.o (.rodata.gTIMER_0TimerConfig)
                  000020ac    00000011     libc.a : _printfi.c.obj (.rodata.str1.15363888844622738466.1)
                  000020bd    00000001     --HOLE-- [fill = 0]
                  000020be    0000000a     ti_msp_dl_config.o (.rodata.gUART_0Config)
                  000020c8    0000000a     main.o (.rodata.str1.8154729771448623357.1)
                  000020d2    00000002     ti_msp_dl_config.o (.rodata.gUART_0ClockConfig)
                  000020d4    00000008     ti_msp_dl_config.o (.rodata.gPWM_0Config)
                  000020dc    00000007     main.o (.rodata.str1.15159059442110792349.1)
                  000020e3    00000003     ti_msp_dl_config.o (.rodata.gPWM_0ClockConfig)
                  000020e6    00000003     ti_msp_dl_config.o (.rodata.gTIMER_0ClockConfig)
                  000020e9    00000007     --HOLE-- [fill = 0]

.init_array 
*          0    00000000    00000000     UNINITIALIZED

.binit     0    00000000    00000000     

.bss       0    20200000    00000105     UNINITIALIZED
                  20200000    000000a0     (.common:gPWM_0Backup)
                  202000a0    00000064     (.common:UART0_RxPacket)
                  20200104    00000001     (.common:UART0_RxFlag)

.data      0    20200108    00000006     UNINITIALIZED
                  20200108    00000004     EXTI.o (.data.number)
                  2020010c    00000001     UART.o (.data.UART0_IRQHandler.RxState)
                  2020010d    00000001     UART.o (.data.UART0_IRQHandler.pRxPacket)

.stack     0    20207e00    00000200     UNINITIALIZED
                  20207e00    00000004     libc.a : boot_cortex_m.c.obj (.stack)
                  20207e04    000001fc     --HOLE--

__llvm_prf_cnts 
*          0    20200000    00000000     UNINITIALIZED

__llvm_prf_bits 
*          0    20200000    00000000     UNINITIALIZED

MODULE SUMMARY

       Module                         code   ro data   rw data
       ------                         ----   -------   -------
    .\
       ti_msp_dl_config.o             1748   46        160    
       startup_mspm0g350x_ticlang.o   8      192       0      
       function.o                     156    0         0      
       main.o                         120    17        0      
    +--+------------------------------+------+---------+---------+
       Total:                         2032   255       160    
                                                              
    .\Hardware\EXTI\
       EXTI.o                         170    0         4      
    +--+------------------------------+------+---------+---------+
       Total:                         170    0         4      
                                                              
    .\Hardware\Key\
       Key.o                          178    0         0      
    +--+------------------------------+------+---------+---------+
       Total:                         178    0         0      
                                                              
    .\Hardware\OLED\
       oled.o                         1240   2072      0      
    +--+------------------------------+------+---------+---------+
       Total:                         1240   2072      0      
                                                              
    .\Hardware\Timer\
       Timer.o                        82     0         0      
    +--+------------------------------+------+---------+---------+
       Total:                         82     0         0      
                                                              
    .\Hardware\UART\
       UART.o                         424    0         103    
    +--+------------------------------+------+---------+---------+
       Total:                         424    0         103    
                                                              
    .\System\
       Delay.o                        66     0         0      
    +--+------------------------------+------+---------+---------+
       Total:                         66     0         0      
                                                              
    C:/TI/mspm0_sdk_2_04_00_06/source/ti/driverlib/lib/ticlang/m0p/mspm0g1x0x_g3x0x/driverlib.a
       dl_timer.o                     588    0         0      
       dl_uart.o                      90     0         0      
       dl_common.o                    10     0         0      
    +--+------------------------------+------+---------+---------+
       Total:                         688    0         0      
                                                              
    D:\install\ccs_install\ccs\tools\compiler\ti-cgt-armllvm_4.0.2.LTS\lib\armv6m-ti-none-eabi/c/libc.a
       _printfi.c.obj                 658    17        0      
       copy_decompress_lzss.c.obj     124    0         0      
       sprintf.c.obj                  90     0         0      
       autoinit.c.obj                 60     0         0      
       boot_cortex_m.c.obj            40     0         0      
       memccpy.c.obj                  34     0         0      
       copy_zero_init.c.obj           22     0         0      
       copy_decompress_none.c.obj     18     0         0      
       memcpy16.S.obj                 18     0         0      
       memset16.S.obj                 14     0         0      
       exit.c.obj                     6      0         0      
       pre_init.c.obj                 4      0         0      
    +--+------------------------------+------+---------+---------+
       Total:                         1088   17        0      
                                                              
    D:\install\ccs_install\ccs\tools\compiler\ti-cgt-armllvm_4.0.2.LTS\lib\armv6m-ti-none-eabi/c/libsysbm.a
       hostexit.c.obj                 4      0         0      
    +--+------------------------------+------+---------+---------+
       Total:                         4      0         0      
                                                              
    D:\install\ccs_install\ccs\tools\compiler\ti-cgt-armllvm_4.0.2.LTS\lib\armv6m-ti-none-eabi/libclang_rt.builtins.a
       aeabi_uidivmod.S.obj           64     0         0      
       aeabi_memset.S.obj             14     0         0      
       aeabi_memcpy.S.obj             8      0         0      
       aeabi_div0.c.obj               2      0         0      
    +--+------------------------------+------+---------+---------+
       Total:                         88     0         0      
                                                              
       Stack:                         0      0         512    
       Linker Generated:              0      43        0      
    +--+------------------------------+------+---------+---------+
       Grand Total:                   6060   2387      779    


LINKER GENERATED COPY TABLES

__TI_cinit_table @ 0000210c records: 2, size/record: 8, table size: 16
	.bss: load addr=000020fc, load size=00000008 bytes, run addr=20200000, run size=00000105 bytes, compression=zero_init
	.data: load addr=00002104, load size=00000007 bytes, run addr=20200108, run size=00000006 bytes, compression=lzss


LINKER GENERATED HANDLER TABLE

__TI_handler_table @ 000020f0 records: 3, size/record: 4, table size: 12
	index: 0, handler: __TI_decompress_lzss
	index: 1, handler: __TI_decompress_none
	index: 2, handler: __TI_zero_init


GLOBAL SYMBOLS: SORTED ALPHABETICALLY BY Name 

address   name                            
-------   ----                            
0000186b  ADC0_IRQHandler                 
0000186b  ADC1_IRQHandler                 
0000186b  AES_IRQHandler                  
00001165  All_Interrupt                   
0000186e  C$$EXIT                         
0000186b  CANFD0_IRQHandler               
0000186b  DAC0_IRQHandler                 
0000183d  DL_Common_delayCycles           
0000045d  DL_Timer_initFourCCPWMMode      
0000065d  DL_Timer_initTimerMode          
00001471  DL_Timer_setCaptCompUpdateMethod
000015e5  DL_Timer_setCaptureCompareOutCtl
000017f5  DL_Timer_setCaptureCompareValue 
0000148d  DL_Timer_setClockConfig         
00000dc9  DL_UART_init                    
000017ad  DL_UART_setClockConfig          
0000186b  DMA_IRQHandler                  
0000186b  Default_Handler                 
000012e5  Delay_ms                        
0000136d  Delay_us                        
0000186b  GROUP0_IRQHandler               
00000c89  GROUP1_IRQHandler               
00001831  Get_count                       
0000186f  HOSTexit                        
0000186b  HardFault_Handler               
0000186b  I2C0_IRQHandler                 
0000186b  I2C1_IRQHandler                 
00000fcd  I2C_Start                       
000010d5  I2C_Stop                        
00001105  I2C_WaitAck                     
00000e59  KeyScan                         
00001191  LED_TIG                         
0000186b  NMI_Handler                     
00000bb5  OLED_Clear                      
00000561  OLED_Init                       
00000f19  OLED_Set_Pos                    
00000345  OLED_ShowChar                   
00000b45  OLED_ShowString                 
00000d2d  OLED_WR_Byte                    
0000186b  PendSV_Handler                  
0000186b  RTC_IRQHandler                  
00001873  Reset_Handler                   
0000186b  SPI0_IRQHandler                 
0000186b  SPI1_IRQHandler                 
0000186b  SVC_Handler                     
00000745  SYSCFG_DL_GPIO_init             
000008c1  SYSCFG_DL_PWM_0_init            
000013ab  SYSCFG_DL_SYSCTL_init           
00001847  SYSCFG_DL_SYSTICK_init          
00001071  SYSCFG_DL_TIMER_0_init          
00000e11  SYSCFG_DL_UART_0_init           
000011bd  SYSCFG_DL_init                  
00000c21  SYSCFG_DL_initPower             
000009d5  Send_Byte                       
0000186b  SysTick_Handler                 
0000186b  TIMA0_IRQHandler                
0000186b  TIMA1_IRQHandler                
00001295  TIMG0_IRQHandler                
0000186b  TIMG12_IRQHandler               
0000186b  TIMG6_IRQHandler                
0000186b  TIMG7_IRQHandler                
0000186b  TIMG8_IRQHandler                
000017bf  TI_memcpy_small                 
00001821  TI_memset_small                 
00001135  UART0_GetFlag                   
0000081d  UART0_IRQHandler                
20200104  UART0_RxFlag                    
202000a0  UART0_RxPacket                  
000011e9  UART0_SendByte                  
00000f55  UART0_SendString                
0000186b  UART1_IRQHandler                
0000186b  UART2_IRQHandler                
0000186b  UART3_IRQHandler                
20208000  __STACK_END                     
00000200  __STACK_SIZE                    
00000000  __TI_ATRegion0_region_sz        
00000000  __TI_ATRegion0_src_addr         
00000000  __TI_ATRegion0_trg_addr         
00000000  __TI_ATRegion1_region_sz        
00000000  __TI_ATRegion1_src_addr         
00000000  __TI_ATRegion1_trg_addr         
00000000  __TI_ATRegion2_region_sz        
00000000  __TI_ATRegion2_src_addr         
00000000  __TI_ATRegion2_trg_addr         
0000210c  __TI_CINIT_Base                 
0000211c  __TI_CINIT_Limit                
0000211c  __TI_CINIT_Warm                 
000020f0  __TI_Handler_Table_Base         
000020fc  __TI_Handler_Table_Limit        
00000f91  __TI_auto_init_nobinit_nopinit  
00000a51  __TI_decompress_lzss            
000017d1  __TI_decompress_none            
ffffffff  __TI_pprof_out_hndl             
000000c1  __TI_printfi_minimal            
ffffffff  __TI_prof_data_size             
ffffffff  __TI_prof_data_start            
00000000  __TI_static_base__              
000016e5  __TI_zero_init_nomemset         
0000065b  __aeabi_idiv0                   
0000185d  __aeabi_memcpy                  
0000185d  __aeabi_memcpy4                 
0000185d  __aeabi_memcpy8                 
00001805  __aeabi_memset                  
00001805  __aeabi_memset4                 
00001805  __aeabi_memset8                 
00000e9d  __aeabi_uidiv                   
00000e9d  __aeabi_uidivmod                
ffffffff  __binit__                       
UNDEFED   __mpu_init                      
20207e00  __stack                         
20200000  __start___llvm_prf_bits         
20200000  __start___llvm_prf_cnts         
20200000  __stop___llvm_prf_bits          
20200000  __stop___llvm_prf_cnts          
000012bd  _c_int00_noargs                 
UNDEFED   _system_post_cinit              
00001877  _system_pre_init                
00001865  abort                           
00001e70  asc2_0806                       
00001880  asc2_1608                       
ffffffff  binit                           
00001307  delay_ms                        
20200000  gPWM_0Backup                    
00000000  interruptVectors                
00000acd  main                            
00001329  memccpy                         
20200108  number                          
00001005  sprintf                         


GLOBAL SYMBOLS: SORTED BY Symbol Address 

address   name                            
-------   ----                            
00000000  __TI_ATRegion0_region_sz        
00000000  __TI_ATRegion0_src_addr         
00000000  __TI_ATRegion0_trg_addr         
00000000  __TI_ATRegion1_region_sz        
00000000  __TI_ATRegion1_src_addr         
00000000  __TI_ATRegion1_trg_addr         
00000000  __TI_ATRegion2_region_sz        
00000000  __TI_ATRegion2_src_addr         
00000000  __TI_ATRegion2_trg_addr         
00000000  __TI_static_base__              
00000000  interruptVectors                
000000c1  __TI_printfi_minimal            
00000200  __STACK_SIZE                    
00000345  OLED_ShowChar                   
0000045d  DL_Timer_initFourCCPWMMode      
00000561  OLED_Init                       
0000065b  __aeabi_idiv0                   
0000065d  DL_Timer_initTimerMode          
00000745  SYSCFG_DL_GPIO_init             
0000081d  UART0_IRQHandler                
000008c1  SYSCFG_DL_PWM_0_init            
000009d5  Send_Byte                       
00000a51  __TI_decompress_lzss            
00000acd  main                            
00000b45  OLED_ShowString                 
00000bb5  OLED_Clear                      
00000c21  SYSCFG_DL_initPower             
00000c89  GROUP1_IRQHandler               
00000d2d  OLED_WR_Byte                    
00000dc9  DL_UART_init                    
00000e11  SYSCFG_DL_UART_0_init           
00000e59  KeyScan                         
00000e9d  __aeabi_uidiv                   
00000e9d  __aeabi_uidivmod                
00000f19  OLED_Set_Pos                    
00000f55  UART0_SendString                
00000f91  __TI_auto_init_nobinit_nopinit  
00000fcd  I2C_Start                       
00001005  sprintf                         
00001071  SYSCFG_DL_TIMER_0_init          
000010d5  I2C_Stop                        
00001105  I2C_WaitAck                     
00001135  UART0_GetFlag                   
00001165  All_Interrupt                   
00001191  LED_TIG                         
000011bd  SYSCFG_DL_init                  
000011e9  UART0_SendByte                  
00001295  TIMG0_IRQHandler                
000012bd  _c_int00_noargs                 
000012e5  Delay_ms                        
00001307  delay_ms                        
00001329  memccpy                         
0000136d  Delay_us                        
000013ab  SYSCFG_DL_SYSCTL_init           
00001471  DL_Timer_setCaptCompUpdateMethod
0000148d  DL_Timer_setClockConfig         
000015e5  DL_Timer_setCaptureCompareOutCtl
000016e5  __TI_zero_init_nomemset         
000017ad  DL_UART_setClockConfig          
000017bf  TI_memcpy_small                 
000017d1  __TI_decompress_none            
000017f5  DL_Timer_setCaptureCompareValue 
00001805  __aeabi_memset                  
00001805  __aeabi_memset4                 
00001805  __aeabi_memset8                 
00001821  TI_memset_small                 
00001831  Get_count                       
0000183d  DL_Common_delayCycles           
00001847  SYSCFG_DL_SYSTICK_init          
0000185d  __aeabi_memcpy                  
0000185d  __aeabi_memcpy4                 
0000185d  __aeabi_memcpy8                 
00001865  abort                           
0000186b  ADC0_IRQHandler                 
0000186b  ADC1_IRQHandler                 
0000186b  AES_IRQHandler                  
0000186b  CANFD0_IRQHandler               
0000186b  DAC0_IRQHandler                 
0000186b  DMA_IRQHandler                  
0000186b  Default_Handler                 
0000186b  GROUP0_IRQHandler               
0000186b  HardFault_Handler               
0000186b  I2C0_IRQHandler                 
0000186b  I2C1_IRQHandler                 
0000186b  NMI_Handler                     
0000186b  PendSV_Handler                  
0000186b  RTC_IRQHandler                  
0000186b  SPI0_IRQHandler                 
0000186b  SPI1_IRQHandler                 
0000186b  SVC_Handler                     
0000186b  SysTick_Handler                 
0000186b  TIMA0_IRQHandler                
0000186b  TIMA1_IRQHandler                
0000186b  TIMG12_IRQHandler               
0000186b  TIMG6_IRQHandler                
0000186b  TIMG7_IRQHandler                
0000186b  TIMG8_IRQHandler                
0000186b  UART1_IRQHandler                
0000186b  UART2_IRQHandler                
0000186b  UART3_IRQHandler                
0000186e  C$$EXIT                         
0000186f  HOSTexit                        
00001873  Reset_Handler                   
00001877  _system_pre_init                
00001880  asc2_1608                       
00001e70  asc2_0806                       
000020f0  __TI_Handler_Table_Base         
000020fc  __TI_Handler_Table_Limit        
0000210c  __TI_CINIT_Base                 
0000211c  __TI_CINIT_Limit                
0000211c  __TI_CINIT_Warm                 
20200000  __start___llvm_prf_bits         
20200000  __start___llvm_prf_cnts         
20200000  __stop___llvm_prf_bits          
20200000  __stop___llvm_prf_cnts          
20200000  gPWM_0Backup                    
202000a0  UART0_RxPacket                  
20200104  UART0_RxFlag                    
20200108  number                          
20207e00  __stack                         
20208000  __STACK_END                     
ffffffff  __TI_pprof_out_hndl             
ffffffff  __TI_prof_data_size             
ffffffff  __TI_prof_data_start            
ffffffff  __binit__                       
ffffffff  binit                           
UNDEFED   __mpu_init                      
UNDEFED   _system_post_cinit              

[128 symbols]
